[0.014s][info][gc] Using Serial
[0.205s][info][gc] GC(0) Pause Young (Allocation Failure) 4M->2M(15M) 2.820ms
[50.307s][info][gc] GC(1) Pause Young (Allocation Failure) 6M->4M(15M) 4.565ms
[50.409s][info][gc] GC(2) Pause Young (Allocation Failure) 8M->5M(15M) 2.717ms
[50.446s][info][gc] GC(3) Pause Young (Allocation Failure) 9M->5M(15M) 1.981ms
[53.818s][info][gc] GC(4) Pause Young (Allocation Failure) 10M->6M(15M) 2.992ms
[60.098s][info][gc] GC(5) Pause Young (Allocation Failure) 10M->6M(15M) 3.409ms
[97.107s][info][gc] GC(6) Pause Young (Allocation Failure) 10M->6M(15M) 1.572ms
[135.140s][info][gc] GC(7) Pause Young (Allocation Failure) 10M->6M(15M) 0.531ms
[174.172s][info][gc] GC(8) Pause Young (Allocation Failure) 10M->6M(15M) 0.441ms
[213.203s][info][gc] GC(9) Pause Young (Allocation Failure) 10M->6M(15M) 0.475ms
[252.241s][info][gc] GC(10) Pause Young (Allocation Failure) 10M->6M(15M) 0.451ms
[261.565s][info][gc] GC(11) Pause Young (Allocation Failure) 10M->8M(15M) 3.185ms
[261.582s][info][gc] GC(12) Pause Young (Allocation Failure) 12M->10M(15M) 3.945ms
[261.594s][info][gc] GC(13) Pause Young (Allocation Failure) 15M->15M(15M) 0.046ms
[261.615s][info][gc] GC(14) Pause Full (Allocation Failure) 15M->10M(15M) 20.772ms
[261.625s][info][gc] GC(15) Pause Young (Allocation Failure) 14M->14M(15M) 0.025ms
[261.643s][info][gc] GC(16) Pause Full (Allocation Failure) 14M->9M(15M) 18.309ms
[261.652s][info][gc] GC(17) Pause Young (Allocation Failure) 13M->13M(15M) 0.026ms
[261.667s][info][gc] GC(18) Pause Full (Allocation Failure) 13M->8M(15M) 14.726ms
[261.675s][info][gc] GC(19) Pause Young (Allocation Failure) 13M->13M(15M) 0.026ms
[261.690s][info][gc] GC(20) Pause Full (Allocation Failure) 13M->8M(15M) 15.782ms
[264.249s][info][gc] GC(21) Pause Young (Allocation Failure) 12M->12M(15M) 0.029ms
[264.262s][info][gc] GC(22) Pause Full (Allocation Failure) 12M->8M(15M) 13.455ms
[302.280s][info][gc] GC(23) Pause Young (Allocation Failure) 12M->12M(15M) 0.031ms
[302.292s][info][gc] GC(24) Pause Full (Allocation Failure) 12M->6M(15M) 12.061ms
[340.306s][info][gc] GC(25) Pause Young (Allocation Failure) 10M->6M(15M) 0.362ms
[373.678s][info][gc] GC(26) Pause Young (Allocation Failure) 10M->6M(15M) 0.986ms
[373.689s][info][gc] GC(27) Pause Young (Allocation Failure) 11M->9M(15M) 3.209ms
[373.696s][info][gc] GC(28) Pause Young (Allocation Failure) 13M->13M(15M) 0.025ms
[373.716s][info][gc] GC(29) Pause Full (Allocation Failure) 13M->10M(15M) 19.561ms
[373.723s][info][gc] GC(30) Pause Young (Allocation Failure) 14M->14M(15M) 0.026ms
[373.742s][info][gc] GC(31) Pause Full (Allocation Failure) 14M->8M(15M) 18.737ms
[373.750s][info][gc] GC(32) Pause Young (Allocation Failure) 12M->12M(15M) 0.027ms
[373.764s][info][gc] GC(33) Pause Full (Allocation Failure) 12M->8M(15M) 14.143ms
[373.771s][info][gc] GC(34) Pause Young (Allocation Failure) 13M->13M(15M) 0.027ms
[373.785s][info][gc] GC(35) Pause Full (Allocation Failure) 13M->8M(15M) 14.297ms
[373.793s][info][gc] GC(36) Pause Young (Allocation Failure) 13M->13M(15M) 0.028ms
[373.808s][info][gc] GC(37) Pause Full (Allocation Failure) 13M->8M(15M) 14.948ms
[392.349s][info][gc] GC(38) Pause Young (Allocation Failure) 13M->13M(15M) 0.027ms
[392.364s][info][gc] GC(39) Pause Full (Allocation Failure) 13M->6M(15M) 14.781ms
[431.385s][info][gc] GC(40) Pause Young (Allocation Failure) 11M->6M(15M) 0.554ms
[469.417s][info][gc] GC(41) Pause Young (Allocation Failure) 11M->7M(15M) 0.328ms
[504.028s][info][gc] GC(42) Pause Young (Allocation Failure) 11M->7M(15M) 0.507ms
[504.034s][info][gc] GC(43) Pause Young (Allocation Failure) 11M->9M(15M) 2.621ms
[504.039s][info][gc] GC(44) Pause Young (Allocation Failure) 14M->14M(15M) 0.022ms
[504.057s][info][gc] GC(45) Pause Full (Allocation Failure) 14M->10M(15M) 18.062ms
[504.061s][info][gc] GC(46) Pause Young (Allocation Failure) 14M->14M(15M) 0.025ms
[504.075s][info][gc] GC(47) Pause Full (Allocation Failure) 14M->8M(15M) 13.931ms
[504.080s][info][gc] GC(48) Pause Young (Allocation Failure) 12M->12M(15M) 0.022ms
[504.093s][info][gc] GC(49) Pause Full (Allocation Failure) 12M->9M(15M) 13.367ms
[504.098s][info][gc] GC(50) Pause Young (Allocation Failure) 13M->13M(15M) 0.021ms
[504.112s][info][gc] GC(51) Pause Full (Allocation Failure) 13M->8M(15M) 14.129ms
[504.116s][info][gc] GC(52) Pause Young (Allocation Failure) 12M->12M(15M) 0.024ms
[504.130s][info][gc] GC(53) Pause Full (Allocation Failure) 12M->9M(15M) 13.412ms
[524.459s][info][gc] GC(54) Pause Young (Allocation Failure) 13M->13M(15M) 0.029ms
[524.471s][info][gc] GC(55) Pause Full (Allocation Failure) 13M->7M(15M) 11.760ms
[563.486s][info][gc] GC(56) Pause Young (Allocation Failure) 11M->7M(15M) 0.478ms
