[0.013s][info][gc] Using The Z Garbage Collector
[0.147s][info][gc] GC(0) Garbage Collection (Warmup) 4M(20%)->4M(20%)
[0.243s][info][gc] GC(1) Garbage Collection (Warmup) 10M(50%)->8M(40%)
[0.340s][info][gc] GC(2) Garbage Collection (Warmup) 8M(40%)->8M(40%)
[1.340s][info][gc] GC(3) Garbage Collection (Proactive) 10M(50%)->8M(40%)
[3.544s][info][gc] GC(4) Garbage Collection (Proactive) 10M(50%)->10M(50%)
[3.648s][info][gc] GC(5) Garbage Collection (Allocation Rate) 14M(70%)->12M(60%)
[3.750s][info][gc] Relocation Stall (Attach Listener) 0.486ms
[3.750s][info][gc] Allocation Stall (Attach Listener) 16.942ms
[3.751s][info][gc] GC(6) Garbage Collection (Allocation Rate) 20M(100%)->14M(70%)
[3.851s][info][gc] GC(7) Garbage Collection (Allocation Stall) 14M(70%)->12M(60%)
[3.949s][info][gc] GC(8) Garbage Collection (Allocation Rate) 14M(70%)->12M(60%)
[4.052s][info][gc] GC(9) Garbage Collection (Allocation Rate) 12M(60%)->12M(60%)
[4.149s][info][gc] GC(10) Garbage Collection (Allocation Rate) 14M(70%)->14M(70%)
[4.249s][info][gc] GC(11) Garbage Collection (Allocation Rate) 16M(80%)->14M(70%)
[4.346s][info][gc] GC(12) Garbage Collection (Allocation Rate) 14M(70%)->14M(70%)
[4.446s][info][gc] GC(13) Garbage Collection (Allocation Rate) 14M(70%)->14M(70%)
[4.546s][info][gc] GC(14) Garbage Collection (Allocation Rate) 14M(70%)->14M(70%)
[4.646s][info][gc] GC(15) Garbage Collection (Allocation Rate) 14M(70%)->14M(70%)
[4.746s][info][gc] GC(16) Garbage Collection (Allocation Rate) 14M(70%)->14M(70%)
[4.847s][info][gc] GC(17) Garbage Collection (Allocation Rate) 14M(70%)->14M(70%)
[4.946s][info][gc] GC(18) Garbage Collection (Allocation Rate) 14M(70%)->14M(70%)
[5.047s][info][gc] GC(19) Garbage Collection (Allocation Rate) 14M(70%)->14M(70%)
[5.147s][info][gc] GC(20) Garbage Collection (Allocation Rate) 14M(70%)->14M(70%)
[5.247s][info][gc] GC(21) Garbage Collection (Allocation Rate) 14M(70%)->14M(70%)
[5.346s][info][gc] GC(22) Garbage Collection (Allocation Rate) 14M(70%)->14M(70%)
[5.446s][info][gc] GC(23) Garbage Collection (Allocation Rate) 14M(70%)->14M(70%)
[5.546s][info][gc] GC(24) Garbage Collection (Allocation Rate) 14M(70%)->14M(70%)
[5.647s][info][gc] GC(25) Garbage Collection (Allocation Rate) 14M(70%)->14M(70%)
[6.347s][info][gc] GC(26) Garbage Collection (Allocation Rate) 14M(70%)->14M(70%)
[6.447s][info][gc] GC(27) Garbage Collection (Allocation Rate) 14M(70%)->14M(70%)
[6.546s][info][gc] GC(28) Garbage Collection (Allocation Rate) 14M(70%)->14M(70%)
[6.646s][info][gc] GC(29) Garbage Collection (Allocation Rate) 14M(70%)->14M(70%)
[15.946s][info][gc] GC(30) Garbage Collection (Proactive) 16M(80%)->12M(60%)
[16.747s][info][gc] GC(31) Garbage Collection (Proactive) 14M(70%)->12M(60%)
[17.648s][info][gc] GC(32) Garbage Collection (Proactive) 14M(70%)->12M(60%)
[18.647s][info][gc] GC(33) Garbage Collection (Proactive) 14M(70%)->12M(60%)
[19.548s][info][gc] GC(34) Garbage Collection (Proactive) 14M(70%)->12M(60%)
[20.346s][info][gc] GC(35) Garbage Collection (Proactive) 14M(70%)->12M(60%)
[21.246s][info][gc] GC(36) Garbage Collection (Proactive) 14M(70%)->12M(60%)
[22.248s][info][gc] GC(37) Garbage Collection (Proactive) 14M(70%)->12M(60%)
[23.248s][info][gc] GC(38) Garbage Collection (Proactive) 14M(70%)->12M(60%)
[24.249s][info][gc] GC(39) Garbage Collection (Proactive) 14M(70%)->12M(60%)
[25.248s][info][gc] GC(40) Garbage Collection (Proactive) 14M(70%)->12M(60%)
[26.248s][info][gc] GC(41) Garbage Collection (Proactive) 14M(70%)->12M(60%)
[27.247s][info][gc] GC(42) Garbage Collection (Proactive) 14M(70%)->12M(60%)
[28.247s][info][gc] GC(43) Garbage Collection (Proactive) 14M(70%)->12M(60%)
[29.247s][info][gc] GC(44) Garbage Collection (Proactive) 14M(70%)->12M(60%)
[30.247s][info][gc] GC(45) Garbage Collection (Proactive) 14M(70%)->12M(60%)
[30.747s][info][gc] GC(46) Garbage Collection (Allocation Rate) 16M(80%)->14M(70%)
[31.646s][info][gc] GC(47) Garbage Collection (Proactive) 16M(80%)->14M(70%)
[32.447s][info][gc] GC(48) Garbage Collection (Proactive) 16M(80%)->14M(70%)
[33.346s][info][gc] GC(49) Garbage Collection (Proactive) 16M(80%)->14M(70%)
[34.247s][info][gc] GC(50) Garbage Collection (Proactive) 16M(80%)->14M(70%)
[35.247s][info][gc] GC(51) Garbage Collection (Proactive) 16M(80%)->14M(70%)
[36.248s][info][gc] GC(52) Garbage Collection (Proactive) 16M(80%)->14M(70%)
[37.249s][info][gc] GC(53) Garbage Collection (Proactive) 16M(80%)->14M(70%)
[38.248s][info][gc] GC(54) Garbage Collection (Proactive) 16M(80%)->14M(70%)
[39.247s][info][gc] GC(55) Garbage Collection (Proactive) 16M(80%)->14M(70%)
[40.246s][info][gc] GC(56) Garbage Collection (Proactive) 16M(80%)->14M(70%)
[40.747s][info][gc] GC(57) Garbage Collection (Allocation Rate) 18M(90%)->16M(80%)
[40.945s][info][gc] GC(58) Garbage Collection (Allocation Rate) 16M(80%)->16M(80%)
[41.046s][info][gc] GC(59) Garbage Collection (Allocation Rate) 16M(80%)->16M(80%)
[41.145s][info][gc] GC(60) Garbage Collection (Allocation Rate) 16M(80%)->16M(80%)
[41.246s][info][gc] GC(61) Garbage Collection (Allocation Rate) 18M(90%)->16M(80%)
[41.346s][info][gc] GC(62) Garbage Collection (Allocation Rate) 16M(80%)->16M(80%)
[42.247s][info][gc] GC(63) Garbage Collection (Allocation Rate) 18M(90%)->16M(80%)
[43.246s][info][gc] GC(64) Garbage Collection (Allocation Rate) 18M(90%)->16M(80%)
[44.245s][info][gc] GC(65) Garbage Collection (Allocation Rate) 18M(90%)->16M(80%)
[45.247s][info][gc] GC(66) Garbage Collection (Allocation Rate) 18M(90%)->16M(80%)
[46.245s][info][gc] GC(67) Garbage Collection (Allocation Rate) 18M(90%)->16M(80%)
[47.246s][info][gc] GC(68) Garbage Collection (Allocation Rate) 18M(90%)->16M(80%)
[48.245s][info][gc] GC(69) Garbage Collection (Allocation Rate) 18M(90%)->16M(80%)
[49.245s][info][gc] GC(70) Garbage Collection (Allocation Rate) 18M(90%)->16M(80%)
[50.246s][info][gc] GC(71) Garbage Collection (Allocation Rate) 18M(90%)->16M(80%)
[51.246s][info][gc] GC(72) Garbage Collection (Allocation Rate) 18M(90%)->16M(80%)
[52.245s][info][gc] GC(73) Garbage Collection (Allocation Rate) 18M(90%)->16M(80%)
[53.245s][info][gc] GC(74) Garbage Collection (Allocation Rate) 18M(90%)->16M(80%)
[54.245s][info][gc] GC(75) Garbage Collection (Allocation Rate) 18M(90%)->16M(80%)
[55.245s][info][gc] GC(76) Garbage Collection (Allocation Rate) 18M(90%)->16M(80%)
[56.246s][info][gc] GC(77) Garbage Collection (Allocation Rate) 18M(90%)->16M(80%)
[57.245s][info][gc] GC(78) Garbage Collection (Allocation Rate) 18M(90%)->16M(80%)
[58.245s][info][gc] GC(79) Garbage Collection (Allocation Rate) 18M(90%)->16M(80%)
[59.245s][info][gc] GC(80) Garbage Collection (Allocation Rate) 18M(90%)->16M(80%)
[60.046s][info][gc] GC(81) Garbage Collection (Allocation Rate) 18M(90%)->16M(80%)
[60.245s][info][gc] GC(82) Garbage Collection (Allocation Rate) 18M(90%)->16M(80%)
[61.246s][info][gc] GC(83) Garbage Collection (Allocation Rate) 18M(90%)->16M(80%)
[62.247s][info][gc] GC(84) Garbage Collection (Allocation Rate) 18M(90%)->16M(80%)
[63.246s][info][gc] GC(85) Garbage Collection (Allocation Rate) 18M(90%)->16M(80%)
[64.147s][info][gc] GC(86) Garbage Collection (Allocation Rate) 18M(90%)->16M(80%)
[64.246s][info][gc] GC(87) Garbage Collection (Allocation Rate) 18M(90%)->16M(80%)
[65.246s][info][gc] GC(88) Garbage Collection (Allocation Rate) 18M(90%)->16M(80%)
[66.245s][info][gc] GC(89) Garbage Collection (Allocation Rate) 18M(90%)->16M(80%)
[67.245s][info][gc] GC(90) Garbage Collection (Allocation Rate) 18M(90%)->16M(80%)
[68.246s][info][gc] GC(91) Garbage Collection (Allocation Rate) 18M(90%)->16M(80%)
[69.246s][info][gc] GC(92) Garbage Collection (Allocation Rate) 18M(90%)->16M(80%)
[70.246s][info][gc] GC(93) Garbage Collection (Allocation Rate) 18M(90%)->16M(80%)
[71.245s][info][gc] GC(94) Garbage Collection (Allocation Rate) 18M(90%)->16M(80%)
[72.246s][info][gc] GC(95) Garbage Collection (Allocation Rate) 18M(90%)->16M(80%)
[73.246s][info][gc] GC(96) Garbage Collection (Allocation Rate) 18M(90%)->16M(80%)
[74.245s][info][gc] GC(97) Garbage Collection (Allocation Rate) 18M(90%)->16M(80%)
[75.246s][info][gc] GC(98) Garbage Collection (Allocation Rate) 18M(90%)->16M(80%)
[76.246s][info][gc] GC(99) Garbage Collection (Allocation Rate) 18M(90%)->16M(80%)
[77.245s][info][gc] GC(100) Garbage Collection (Allocation Rate) 18M(90%)->16M(80%)
[78.246s][info][gc] GC(101) Garbage Collection (Allocation Rate) 18M(90%)->16M(80%)
[79.246s][info][gc] GC(102) Garbage Collection (Allocation Rate) 18M(90%)->16M(80%)
[80.246s][info][gc] GC(103) Garbage Collection (Allocation Rate) 18M(90%)->16M(80%)
[81.245s][info][gc] GC(104) Garbage Collection (Allocation Rate) 18M(90%)->16M(80%)
[82.245s][info][gc] GC(105) Garbage Collection (Allocation Rate) 18M(90%)->18M(90%)
[82.346s][info][gc] GC(106) Garbage Collection (Allocation Rate) 18M(90%)->16M(80%)
[83.246s][info][gc] GC(107) Garbage Collection (Allocation Rate) 18M(90%)->18M(90%)
[83.346s][info][gc] GC(108) Garbage Collection (Allocation Rate) 18M(90%)->16M(80%)
[84.247s][info][gc] GC(109) Garbage Collection (Allocation Rate) 18M(90%)->18M(90%)
[84.346s][info][gc] GC(110) Garbage Collection (Allocation Rate) 18M(90%)->16M(80%)
[85.246s][info][gc] GC(111) Garbage Collection (Allocation Rate) 18M(90%)->18M(90%)
[85.346s][info][gc] GC(112) Garbage Collection (Allocation Rate) 18M(90%)->16M(80%)
[86.247s][info][gc] GC(113) Garbage Collection (Allocation Rate) 18M(90%)->18M(90%)
[86.345s][info][gc] GC(114) Garbage Collection (Allocation Rate) 18M(90%)->16M(80%)
[87.246s][info][gc] GC(115) Garbage Collection (Allocation Rate) 18M(90%)->18M(90%)
[87.345s][info][gc] GC(116) Garbage Collection (Allocation Rate) 18M(90%)->16M(80%)
[88.246s][info][gc] GC(117) Garbage Collection (Allocation Rate) 18M(90%)->18M(90%)
[88.345s][info][gc] GC(118) Garbage Collection (Allocation Rate) 18M(90%)->16M(80%)
[89.246s][info][gc] GC(119) Garbage Collection (Allocation Rate) 18M(90%)->18M(90%)
[89.346s][info][gc] GC(120) Garbage Collection (Allocation Rate) 18M(90%)->16M(80%)
[90.248s][info][gc] GC(121) Garbage Collection (Allocation Rate) 18M(90%)->18M(90%)
[90.345s][info][gc] GC(122) Garbage Collection (Allocation Rate) 18M(90%)->16M(80%)
[91.246s][info][gc] GC(123) Garbage Collection (Allocation Rate) 18M(90%)->18M(90%)
[91.346s][info][gc] GC(124) Garbage Collection (Allocation Rate) 18M(90%)->16M(80%)
[92.246s][info][gc] GC(125) Garbage Collection (Allocation Rate) 18M(90%)->18M(90%)
[92.346s][info][gc] GC(126) Garbage Collection (Allocation Rate) 18M(90%)->16M(80%)
[93.246s][info][gc] GC(127) Garbage Collection (Allocation Rate) 18M(90%)->18M(90%)
[93.345s][info][gc] GC(128) Garbage Collection (Allocation Rate) 18M(90%)->16M(80%)
[94.145s][info][gc] GC(129) Garbage Collection (Allocation Rate) 18M(90%)->16M(80%)
[94.247s][info][gc] GC(130) Garbage Collection (Allocation Rate) 18M(90%)->18M(90%)
[94.346s][info][gc] GC(131) Garbage Collection (Allocation Rate) 18M(90%)->16M(80%)
[95.247s][info][gc] GC(132) Garbage Collection (Allocation Rate) 18M(90%)->18M(90%)
[95.346s][info][gc] GC(133) Garbage Collection (Allocation Rate) 18M(90%)->16M(80%)
[96.245s][info][gc] GC(134) Garbage Collection (Allocation Rate) 18M(90%)->18M(90%)
[96.346s][info][gc] GC(135) Garbage Collection (Allocation Rate) 18M(90%)->16M(80%)
[97.247s][info][gc] GC(136) Garbage Collection (Allocation Rate) 18M(90%)->18M(90%)
[97.345s][info][gc] GC(137) Garbage Collection (Allocation Rate) 18M(90%)->16M(80%)
[98.246s][info][gc] GC(138) Garbage Collection (Allocation Rate) 18M(90%)->18M(90%)
[98.347s][info][gc] GC(139) Garbage Collection (Allocation Rate) 18M(90%)->16M(80%)
[99.246s][info][gc] GC(140) Garbage Collection (Allocation Rate) 18M(90%)->18M(90%)
[99.345s][info][gc] GC(141) Garbage Collection (Allocation Rate) 18M(90%)->16M(80%)
[100.247s][info][gc] GC(142) Garbage Collection (Allocation Rate) 18M(90%)->18M(90%)
[100.346s][info][gc] GC(143) Garbage Collection (Allocation Rate) 18M(90%)->16M(80%)
[101.246s][info][gc] GC(144) Garbage Collection (Allocation Rate) 18M(90%)->18M(90%)
[101.345s][info][gc] GC(145) Garbage Collection (Allocation Rate) 18M(90%)->16M(80%)
[102.245s][info][gc] GC(146) Garbage Collection (Allocation Rate) 18M(90%)->18M(90%)
[102.345s][info][gc] GC(147) Garbage Collection (Allocation Rate) 18M(90%)->16M(80%)
[103.246s][info][gc] GC(148) Garbage Collection (Allocation Rate) 18M(90%)->18M(90%)
[103.346s][info][gc] GC(149) Garbage Collection (Allocation Rate) 18M(90%)->16M(80%)
[104.258s][info][gc] GC(150) Garbage Collection (Allocation Rate) 18M(90%)->18M(90%)
[104.347s][info][gc] GC(151) Garbage Collection (Allocation Rate) 18M(90%)->16M(80%)
[105.248s][info][gc] GC(152) Garbage Collection (Allocation Rate) 18M(90%)->18M(90%)
[105.345s][info][gc] GC(153) Garbage Collection (Allocation Rate) 18M(90%)->16M(80%)
[106.255s][info][gc] GC(154) Garbage Collection (Allocation Rate) 18M(90%)->18M(90%)
[106.349s][info][gc] GC(155) Garbage Collection (Allocation Rate) 18M(90%)->16M(80%)
[107.249s][info][gc] GC(156) Garbage Collection (Allocation Rate) 18M(90%)->16M(80%)
[107.348s][info][gc] GC(157) Garbage Collection (Allocation Rate) 18M(90%)->16M(80%)
[108.250s][info][gc] GC(158) Garbage Collection (Allocation Rate) 18M(90%)->18M(90%)
[108.348s][info][gc] GC(159) Garbage Collection (Allocation Rate) 18M(90%)->16M(80%)
[109.249s][info][gc] GC(160) Garbage Collection (Allocation Rate) 18M(90%)->18M(90%)
[109.347s][info][gc] GC(161) Garbage Collection (Allocation Rate) 18M(90%)->16M(80%)
[110.251s][info][gc] GC(162) Garbage Collection (Allocation Rate) 18M(90%)->18M(90%)
[110.348s][info][gc] GC(163) Garbage Collection (Allocation Rate) 18M(90%)->16M(80%)
[111.349s][info][gc] GC(164) Garbage Collection (Allocation Rate) 18M(90%)->16M(80%)
[112.347s][info][gc] GC(165) Garbage Collection (Allocation Rate) 18M(90%)->16M(80%)
[113.348s][info][gc] GC(166) Garbage Collection (Allocation Rate) 18M(90%)->16M(80%)
[114.348s][info][gc] GC(167) Garbage Collection (Allocation Rate) 18M(90%)->16M(80%)
[115.347s][info][gc] GC(168) Garbage Collection (Allocation Rate) 18M(90%)->16M(80%)
[116.348s][info][gc] GC(169) Garbage Collection (Allocation Rate) 18M(90%)->16M(80%)
[117.348s][info][gc] GC(170) Garbage Collection (Allocation Rate) 18M(90%)->16M(80%)
[118.348s][info][gc] GC(171) Garbage Collection (Allocation Rate) 18M(90%)->16M(80%)
[119.348s][info][gc] GC(172) Garbage Collection (Allocation Rate) 18M(90%)->16M(80%)
[120.348s][info][gc] GC(173) Garbage Collection (Allocation Rate) 18M(90%)->16M(80%)
[121.348s][info][gc] GC(174) Garbage Collection (Allocation Rate) 18M(90%)->16M(80%)
[122.349s][info][gc] GC(175) Garbage Collection (Allocation Rate) 18M(90%)->16M(80%)
[123.350s][info][gc] GC(176) Garbage Collection (Allocation Rate) 18M(90%)->16M(80%)
[124.250s][info][gc] GC(177) Garbage Collection (Allocation Rate) 18M(90%)->18M(90%)
[124.347s][info][gc] GC(178) Garbage Collection (Allocation Rate) 18M(90%)->16M(80%)
[125.349s][info][gc] GC(179) Garbage Collection (Allocation Rate) 18M(90%)->16M(80%)
[126.348s][info][gc] GC(180) Garbage Collection (Allocation Rate) 18M(90%)->16M(80%)
[127.348s][info][gc] GC(181) Garbage Collection (Allocation Rate) 18M(90%)->16M(80%)
[128.348s][info][gc] GC(182) Garbage Collection (Allocation Rate) 18M(90%)->16M(80%)
[129.349s][info][gc] GC(183) Garbage Collection (Allocation Rate) 18M(90%)->16M(80%)
[130.347s][info][gc] GC(184) Garbage Collection (Allocation Rate) 18M(90%)->16M(80%)
[131.349s][info][gc] GC(185) Garbage Collection (Allocation Rate) 18M(90%)->16M(80%)
[132.354s][info][gc] GC(186) Garbage Collection (Allocation Rate) 18M(90%)->16M(80%)
[133.348s][info][gc] GC(187) Garbage Collection (Allocation Rate) 18M(90%)->16M(80%)
[134.350s][info][gc] GC(188) Garbage Collection (Allocation Rate) 18M(90%)->16M(80%)
[135.352s][info][gc] GC(189) Garbage Collection (Allocation Rate) 18M(90%)->16M(80%)
[136.348s][info][gc] GC(190) Garbage Collection (Allocation Rate) 18M(90%)->16M(80%)
[137.349s][info][gc] GC(191) Garbage Collection (Allocation Rate) 18M(90%)->16M(80%)
[138.349s][info][gc] GC(192) Garbage Collection (Allocation Rate) 18M(90%)->16M(80%)
[139.348s][info][gc] GC(193) Garbage Collection (Allocation Rate) 18M(90%)->16M(80%)
[140.348s][info][gc] GC(194) Garbage Collection (Allocation Rate) 18M(90%)->16M(80%)
[141.348s][info][gc] GC(195) Garbage Collection (Allocation Rate) 18M(90%)->16M(80%)
[141.548s][info][gc] GC(196) Garbage Collection (Allocation Rate) 18M(90%)->14M(70%)
[142.347s][info][gc] GC(197) Garbage Collection (Proactive) 16M(80%)->14M(70%)
[143.350s][info][gc] GC(198) Garbage Collection (Proactive) 16M(80%)->14M(70%)
[144.450s][info][gc] GC(199) Garbage Collection (Proactive) 16M(80%)->14M(70%)
[145.447s][info][gc] GC(200) Garbage Collection (Proactive) 16M(80%)->14M(70%)
[146.448s][info][gc] GC(201) Garbage Collection (Proactive) 16M(80%)->14M(70%)
[147.347s][info][gc] GC(202) Garbage Collection (Proactive) 16M(80%)->14M(70%)
[148.348s][info][gc] GC(203) Garbage Collection (Proactive) 16M(80%)->14M(70%)
[149.346s][info][gc] GC(204) Garbage Collection (Proactive) 16M(80%)->14M(70%)
[150.348s][info][gc] GC(205) Garbage Collection (Proactive) 16M(80%)->14M(70%)
[151.347s][info][gc] GC(206) Garbage Collection (Proactive) 16M(80%)->14M(70%)
[152.347s][info][gc] GC(207) Garbage Collection (Proactive) 16M(80%)->14M(70%)
[153.347s][info][gc] GC(208) Garbage Collection (Proactive) 16M(80%)->14M(70%)
[154.147s][info][gc] GC(209) Garbage Collection (Proactive) 16M(80%)->14M(70%)
[154.948s][info][gc] GC(210) Garbage Collection (Proactive) 16M(80%)->14M(70%)
[155.747s][info][gc] GC(211) Garbage Collection (Proactive) 16M(80%)->14M(70%)
[156.547s][info][gc] GC(212) Garbage Collection (Proactive) 16M(80%)->14M(70%)
[157.346s][info][gc] GC(213) Garbage Collection (Proactive) 16M(80%)->14M(70%)
[158.348s][info][gc] GC(214) Garbage Collection (Proactive) 16M(80%)->14M(70%)
[159.348s][info][gc] GC(215) Garbage Collection (Proactive) 16M(80%)->14M(70%)
[160.347s][info][gc] GC(216) Garbage Collection (Proactive) 16M(80%)->14M(70%)
[161.346s][info][gc] GC(217) Garbage Collection (Proactive) 16M(80%)->14M(70%)
[162.349s][info][gc] GC(218) Garbage Collection (Proactive) 16M(80%)->14M(70%)
[163.347s][info][gc] GC(219) Garbage Collection (Proactive) 16M(80%)->14M(70%)
[164.348s][info][gc] GC(220) Garbage Collection (Proactive) 16M(80%)->14M(70%)
[165.349s][info][gc] GC(221) Garbage Collection (Proactive) 16M(80%)->14M(70%)
[166.347s][info][gc] GC(222) Garbage Collection (Proactive) 16M(80%)->14M(70%)
[167.346s][info][gc] GC(223) Garbage Collection (Proactive) 16M(80%)->14M(70%)
[168.347s][info][gc] GC(224) Garbage Collection (Proactive) 16M(80%)->14M(70%)
[169.348s][info][gc] GC(225) Garbage Collection (Proactive) 16M(80%)->14M(70%)
[170.347s][info][gc] GC(226) Garbage Collection (Proactive) 16M(80%)->14M(70%)
[171.348s][info][gc] GC(227) Garbage Collection (Proactive) 16M(80%)->14M(70%)
[172.347s][info][gc] GC(228) Garbage Collection (Proactive) 16M(80%)->14M(70%)
[173.348s][info][gc] GC(229) Garbage Collection (Proactive) 16M(80%)->14M(70%)
[174.348s][info][gc] GC(230) Garbage Collection (Proactive) 16M(80%)->14M(70%)
[175.346s][info][gc] GC(231) Garbage Collection (Proactive) 16M(80%)->14M(70%)
[176.347s][info][gc] GC(232) Garbage Collection (Proactive) 16M(80%)->14M(70%)
[177.347s][info][gc] GC(233) Garbage Collection (Proactive) 16M(80%)->14M(70%)
[178.348s][info][gc] GC(234) Garbage Collection (Proactive) 16M(80%)->14M(70%)
[179.348s][info][gc] GC(235) Garbage Collection (Proactive) 16M(80%)->14M(70%)
[180.348s][info][gc] GC(236) Garbage Collection (Proactive) 16M(80%)->14M(70%)
[181.346s][info][gc] GC(237) Garbage Collection (Proactive) 16M(80%)->14M(70%)
[182.348s][info][gc] GC(238) Garbage Collection (Proactive) 16M(80%)->14M(70%)
[183.347s][info][gc] GC(239) Garbage Collection (Proactive) 16M(80%)->14M(70%)
[184.248s][info][gc] GC(240) Garbage Collection (Proactive) 16M(80%)->14M(70%)
[185.147s][info][gc] GC(241) Garbage Collection (Proactive) 16M(80%)->14M(70%)
[185.946s][info][gc] GC(242) Garbage Collection (Proactive) 16M(80%)->14M(70%)
[186.745s][info][gc] GC(243) Garbage Collection (Proactive) 16M(80%)->14M(70%)
[187.545s][info][gc] GC(244) Garbage Collection (Proactive) 16M(80%)->14M(70%)
[188.347s][info][gc] GC(245) Garbage Collection (Proactive) 16M(80%)->14M(70%)
[189.347s][info][gc] GC(246) Garbage Collection (Proactive) 16M(80%)->14M(70%)
[190.349s][info][gc] GC(247) Garbage Collection (Proactive) 16M(80%)->14M(70%)
[191.347s][info][gc] GC(248) Garbage Collection (Proactive) 16M(80%)->14M(70%)
[192.347s][info][gc] GC(249) Garbage Collection (Proactive) 16M(80%)->14M(70%)
[193.346s][info][gc] GC(250) Garbage Collection (Proactive) 16M(80%)->14M(70%)
