[0.013s][info][gc] Using The Z Garbage Collector
[0.141s][info][gc] GC(0) Garbage Collection (Warmup) 4M(33%)->6M(50%)
[0.240s][info][gc] GC(1) Garbage Collection (Warmup) 10M(83%)->8M(67%)
[0.339s][info][gc] GC(2) Garbage Collection (Warmup) 8M(67%)->8M(67%)
[0.437s][info][gc] GC(3) Garbage Collection (Allocation Rate) 8M(67%)->8M(67%)
[0.536s][info][gc] GC(4) Garbage Collection (Allocation Rate) 8M(67%)->8M(67%)
[0.637s][info][gc] GC(5) Garbage Collection (Allocation Rate) 8M(67%)->8M(67%)
[0.734s][info][gc] GC(6) Garbage Collection (Allocation Rate) 8M(67%)->8M(67%)
[0.837s][info][gc] GC(7) Garbage Collection (Allocation Rate) 8M(67%)->8M(67%)
[0.937s][info][gc] GC(8) Garbage Collection (Allocation Rate) 8M(67%)->8M(67%)
[1.038s][info][gc] GC(9) Garbage Collection (Allocation Rate) 8M(67%)->8M(67%)
[1.137s][info][gc] GC(10) Garbage Collection (Allocation Rate) 10M(83%)->8M(67%)
[1.337s][info][gc] GC(11) Garbage Collection (Allocation Rate) 8M(67%)->8M(67%)
[1.438s][info][gc] GC(12) Garbage Collection (Allocation Rate) 8M(67%)->8M(67%)
[1.538s][info][gc] GC(13) Garbage Collection (Allocation Rate) 8M(67%)->8M(67%)
[1.637s][info][gc] GC(14) Garbage Collection (Allocation Rate) 8M(67%)->8M(67%)
[1.738s][info][gc] GC(15) Garbage Collection (Allocation Rate) 8M(67%)->8M(67%)
[1.838s][info][gc] GC(16) Garbage Collection (Allocation Rate) 8M(67%)->8M(67%)
[1.937s][info][gc] GC(17) Garbage Collection (Allocation Rate) 8M(67%)->8M(67%)
[10.640s][info][gc] Relocation Stall (Attach Listener) 0.396ms
[10.640s][info][gc] GC(18) Garbage Collection (Allocation Rate) 10M(83%)->10M(83%)
[10.708s][info][gc] Allocation Stall (Attach Listener) 12.917ms
[10.709s][info][gc] GC(19) Garbage Collection (Allocation Stall) 12M(100%)->10M(83%)
[10.743s][info][gc] GC(20) Garbage Collection (Allocation Rate) 10M(83%)->10M(83%)
[10.806s][info][gc] GC(21) Garbage Collection (Allocation Stall) 12M(100%)->12M(100%)
[10.806s][info][gc] Allocation Stall (Attach Listener) 16.615ms
[10.832s][info][gc] Allocation Stall (Attach Listener) 13.595ms
[10.832s][info][gc] GC(22) Garbage Collection (Allocation Stall) 12M(100%)->12M(100%)
[10.857s][info][gc] Allocation Stall (Attach Listener) 12.259ms
[10.857s][info][gc] GC(23) Garbage Collection (Allocation Stall) 12M(100%)->12M(100%)
[10.893s][info][gc] Allocation Stall (Attach Listener) 11.446ms
[10.893s][info][gc] GC(24) Garbage Collection (Allocation Stall) 12M(100%)->10M(83%)
[10.940s][info][gc] GC(25) Garbage Collection (Allocation Rate) 10M(83%)->12M(100%)
[11.040s][info][gc] GC(26) Garbage Collection (Allocation Stall) 12M(100%)->12M(100%)
[11.040s][info][gc] Allocation Stall (Attach Listener) 13.329ms
[11.049s][info][gc] GC(27) Garbage Collection (Allocation Stall) 12M(100%)->12M(100%)
[11.049s][info][gc] Allocation Stall (JFR Periodic Tasks) 17.892ms
[11.059s][info][gc] Allocation Stall (Attach Listener) 18.017ms
[11.059s][info][gc] GC(28) Garbage Collection (Allocation Stall) 12M(100%)->12M(100%)
[11.135s][info][gc] GC(29) Garbage Collection (Allocation Stall) 12M(100%)->12M(100%)
[11.135s][info][gc] Allocation Stall (Attach Listener) 16.475ms
[11.147s][info][gc] GC(30) Garbage Collection (Allocation Stall) 12M(100%)->12M(100%)
[11.147s][info][gc] Allocation Stall (JFR Periodic Tasks) 24.512ms
[11.159s][info][gc] Allocation Stall (Attach Listener) 24.218ms
[11.160s][info][gc] GC(31) Garbage Collection (Allocation Stall) 12M(100%)->12M(100%)
[11.171s][info][gc] GC(32) Garbage Collection (Allocation Stall) 12M(100%)->12M(100%)
[11.171s][info][gc] Allocation Stall (JFR Periodic Tasks) 14.520ms
[11.181s][info][gc] Allocation Stall (Attach Listener) 21.499ms
[11.182s][info][gc] GC(33) Garbage Collection (Allocation Stall) 12M(100%)->12M(100%)
[11.193s][info][gc] GC(34) Garbage Collection (Allocation Stall) 12M(100%)->12M(100%)
[11.193s][info][gc] Allocation Stall (JFR Periodic Tasks) 11.774ms
[11.205s][info][gc] Allocation Stall (Attach Listener) 22.833ms
[11.206s][info][gc] GC(35) Garbage Collection (Allocation Stall) 12M(100%)->12M(100%)
[11.218s][info][gc] GC(36) Garbage Collection (Allocation Stall) 12M(100%)->12M(100%)
[11.218s][info][gc] Allocation Stall (JFR Periodic Tasks) 14.549ms
[11.229s][info][gc] Allocation Stall (Attach Listener) 23.404ms
[11.230s][info][gc] GC(37) Garbage Collection (Allocation Stall) 12M(100%)->12M(100%)
[11.244s][info][gc] GC(38) Garbage Collection (Allocation Stall) 12M(100%)->12M(100%)
[11.244s][info][gc] Allocation Stall (JFR Periodic Tasks) 15.883ms
[11.256s][info][gc] Allocation Stall (Attach Listener) 25.370ms
[11.256s][info][gc] GC(39) Garbage Collection (Allocation Stall) 12M(100%)->12M(100%)
[11.267s][info][gc] GC(40) Garbage Collection (Allocation Stall) 12M(100%)->12M(100%)
[11.267s][info][gc] Allocation Stall (JFR Periodic Tasks) 12.521ms
[11.278s][info][gc] Allocation Stall (Attach Listener) 21.320ms
[11.278s][info][gc] GC(41) Garbage Collection (Allocation Stall) 12M(100%)->12M(100%)
[11.290s][info][gc] GC(42) Garbage Collection (Allocation Stall) 12M(100%)->12M(100%)
[11.290s][info][gc] Allocation Stall (JFR Periodic Tasks) 12.821ms
[11.300s][info][gc] Allocation Stall (Attach Listener) 22.095ms
[11.301s][info][gc] GC(43) Garbage Collection (Allocation Stall) 12M(100%)->12M(100%)
[11.313s][info][gc] GC(44) Garbage Collection (Allocation Stall) 12M(100%)->12M(100%)
[11.313s][info][gc] Allocation Stall (JFR Periodic Tasks) 12.627ms
[11.324s][info][gc] Allocation Stall (Attach Listener) 22.879ms
[11.325s][info][gc] GC(45) Garbage Collection (Allocation Stall) 12M(100%)->12M(100%)
[11.336s][info][gc] GC(46) Garbage Collection (Allocation Stall) 12M(100%)->12M(100%)
[11.336s][info][gc] Allocation Stall (JFR Periodic Tasks) 12.061ms
[11.346s][info][gc] Allocation Stall (Attach Listener) 21.113ms
[11.346s][info][gc] GC(47) Garbage Collection (Allocation Stall) 12M(100%)->12M(100%)
[11.359s][info][gc] GC(48) Garbage Collection (Allocation Stall) 12M(100%)->12M(100%)
[11.359s][info][gc] Allocation Stall (JFR Periodic Tasks) 13.577ms
[11.370s][info][gc] Allocation Stall (Attach Listener) 22.931ms
[11.370s][info][gc] GC(49) Garbage Collection (Allocation Stall) 12M(100%)->12M(100%)
[11.381s][info][gc] GC(50) Garbage Collection (Allocation Stall) 12M(100%)->12M(100%)
[11.381s][info][gc] Allocation Stall (JFR Periodic Tasks) 12.592ms
[11.393s][info][gc] Allocation Stall (Attach Listener) 22.528ms
[11.393s][info][gc] GC(51) Garbage Collection (Allocation Stall) 12M(100%)->12M(100%)
[11.406s][info][gc] GC(52) Garbage Collection (Allocation Stall) 12M(100%)->12M(100%)
[11.406s][info][gc] Allocation Stall (JFR Periodic Tasks) 13.893ms
[11.417s][info][gc] Allocation Stall (Attach Listener) 23.351ms
[11.417s][info][gc] GC(53) Garbage Collection (Allocation Stall) 12M(100%)->12M(100%)
[11.430s][info][gc] GC(54) Garbage Collection (Allocation Stall) 12M(100%)->12M(100%)
[11.430s][info][gc] Allocation Stall (JFR Periodic Tasks) 13.365ms
[11.443s][info][gc] Allocation Stall (Attach Listener) 25.774ms
[11.444s][info][gc] GC(55) Garbage Collection (Allocation Stall) 12M(100%)->12M(100%)
[11.444s][info][gc] Allocation Stall (C1 CompilerThread0) 26.026ms
[11.456s][info][gc] GC(56) Garbage Collection (Allocation Stall) 12M(100%)->12M(100%)
[11.456s][info][gc] Allocation Stall (JFR Periodic Tasks) 15.409ms
[11.467s][info][gc] Allocation Stall (Attach Listener) 22.916ms
[11.467s][info][gc] GC(57) Garbage Collection (Allocation Stall) 12M(100%)->12M(100%)
[11.479s][info][gc] GC(58) Garbage Collection (Allocation Stall) 12M(100%)->12M(100%)
[11.479s][info][gc] Allocation Stall (JFR Periodic Tasks) 11.788ms
[11.491s][info][gc] Allocation Stall (Attach Listener) 23.651ms
[11.491s][info][gc] GC(59) Garbage Collection (Allocation Stall) 12M(100%)->12M(100%)
[11.502s][info][gc] GC(60) Garbage Collection (Allocation Stall) 12M(100%)->12M(100%)
[11.503s][info][gc] Allocation Stall (JFR Periodic Tasks) 13.519ms
[11.515s][info][gc] Allocation Stall (Attach Listener) 22.980ms
[11.515s][info][gc] GC(61) Garbage Collection (Allocation Stall) 12M(100%)->12M(100%)
[11.528s][info][gc] Allocation Stall (JFR Periodic Tasks) 14.890ms
[11.528s][info][gc] GC(62) Garbage Collection (Allocation Stall) 12M(100%)->12M(100%)
[11.540s][info][gc] Allocation Stall (Attach Listener) 24.354ms
[11.540s][info][gc] GC(63) Garbage Collection (Allocation Stall) 12M(100%)->12M(100%)
[11.550s][info][gc] GC(64) Garbage Collection (Allocation Stall) 12M(100%)->12M(100%)
[11.550s][info][gc] Allocation Stall (JFR Periodic Tasks) 12.133ms
[11.562s][info][gc] Allocation Stall (Attach Listener) 22.090ms
[11.562s][info][gc] GC(65) Garbage Collection (Allocation Stall) 12M(100%)->12M(100%)
[11.573s][info][gc] Allocation Stall (JFR Periodic Tasks) 12.585ms
[11.573s][info][gc] GC(66) Garbage Collection (Allocation Stall) 12M(100%)->12M(100%)
[11.584s][info][gc] Allocation Stall (Attach Listener) 20.817ms
[11.584s][info][gc] GC(67) Garbage Collection (Allocation Stall) 12M(100%)->12M(100%)
[11.595s][info][gc] GC(68) Garbage Collection (Allocation Stall) 12M(100%)->12M(100%)
[11.595s][info][gc] Allocation Stall (JFR Periodic Tasks) 11.953ms
[11.606s][info][gc] Allocation Stall (Attach Listener) 22.309ms
[11.607s][info][gc] GC(69) Garbage Collection (Allocation Stall) 12M(100%)->12M(100%)
[11.617s][info][gc] GC(70) Garbage Collection (Allocation Stall) 12M(100%)->12M(100%)
[11.617s][info][gc] Allocation Stall (JFR Periodic Tasks) 12.034ms
[11.628s][info][gc] Allocation Stall (Attach Listener) 20.967ms
[11.628s][info][gc] GC(71) Garbage Collection (Allocation Stall) 12M(100%)->12M(100%)
[11.641s][info][gc] GC(72) Garbage Collection (Allocation Stall) 12M(100%)->12M(100%)
[11.641s][info][gc] Allocation Stall (JFR Periodic Tasks) 13.663ms
[11.651s][info][gc] Allocation Stall (Attach Listener) 19.755ms
[11.651s][info][gc] GC(73) Garbage Collection (Allocation Stall) 12M(100%)->12M(100%)
[11.662s][info][gc] GC(74) Garbage Collection (Allocation Stall) 12M(100%)->12M(100%)
[11.662s][info][gc] Allocation Stall (JFR Periodic Tasks) 11.561ms
[11.673s][info][gc] Allocation Stall (Attach Listener) 21.456ms
[11.673s][info][gc] GC(75) Garbage Collection (Allocation Stall) 12M(100%)->12M(100%)
[11.684s][info][gc] GC(76) Garbage Collection (Allocation Stall) 12M(100%)->12M(100%)
[11.684s][info][gc] Allocation Stall (JFR Periodic Tasks) 11.446ms
[11.694s][info][gc] Allocation Stall (Attach Listener) 20.790ms
[11.695s][info][gc] GC(77) Garbage Collection (Allocation Stall) 12M(100%)->12M(100%)
[11.706s][info][gc] GC(78) Garbage Collection (Allocation Stall) 12M(100%)->12M(100%)
[11.706s][info][gc] Allocation Stall (JFR Periodic Tasks) 12.496ms
[11.717s][info][gc] Allocation Stall (Attach Listener) 21.901ms
[11.717s][info][gc] GC(79) Garbage Collection (Allocation Stall) 12M(100%)->12M(100%)
[11.728s][info][gc] GC(80) Garbage Collection (Allocation Stall) 12M(100%)->12M(100%)
[11.728s][info][gc] Allocation Stall (JFR Periodic Tasks) 12.067ms
[11.739s][info][gc] Allocation Stall (Attach Listener) 21.471ms
[11.739s][info][gc] GC(81) Garbage Collection (Allocation Stall) 12M(100%)->12M(100%)
[11.750s][info][gc] GC(82) Garbage Collection (Allocation Stall) 12M(100%)->12M(100%)
[11.750s][info][gc] Allocation Stall (JFR Periodic Tasks) 12.049ms
[11.762s][info][gc] Allocation Stall (Attach Listener) 22.365ms
[11.762s][info][gc] GC(83) Garbage Collection (Allocation Stall) 12M(100%)->12M(100%)
[11.773s][info][gc] GC(84) Garbage Collection (Allocation Stall) 12M(100%)->12M(100%)
[11.773s][info][gc] Allocation Stall (JFR Periodic Tasks) 12.860ms
[11.784s][info][gc] Allocation Stall (Attach Listener) 21.033ms
[11.784s][info][gc] GC(85) Garbage Collection (Allocation Stall) 12M(100%)->12M(100%)
[11.795s][info][gc] GC(86) Garbage Collection (Allocation Stall) 12M(100%)->12M(100%)
[11.795s][info][gc] Allocation Stall (JFR Periodic Tasks) 12.707ms
[11.806s][info][gc] Allocation Stall (Attach Listener) 21.684ms
[11.806s][info][gc] GC(87) Garbage Collection (Allocation Stall) 12M(100%)->12M(100%)
[11.817s][info][gc] GC(88) Garbage Collection (Allocation Stall) 12M(100%)->12M(100%)
[11.817s][info][gc] Allocation Stall (JFR Periodic Tasks) 11.764ms
[11.828s][info][gc] Allocation Stall (Attach Listener) 21.152ms
[11.828s][info][gc] GC(89) Garbage Collection (Allocation Stall) 12M(100%)->12M(100%)
[11.840s][info][gc] GC(90) Garbage Collection (Allocation Stall) 12M(100%)->12M(100%)
[11.840s][info][gc] Allocation Stall (JFR Periodic Tasks) 12.955ms
[11.850s][info][gc] Allocation Stall (Attach Listener) 21.681ms
[11.850s][info][gc] GC(91) Garbage Collection (Allocation Stall) 12M(100%)->12M(100%)
[11.862s][info][gc] GC(92) Garbage Collection (Allocation Stall) 12M(100%)->12M(100%)
[11.862s][info][gc] Allocation Stall (JFR Periodic Tasks) 12.083ms
[11.873s][info][gc] Allocation Stall (Attach Listener) 21.952ms
[11.873s][info][gc] GC(93) Garbage Collection (Allocation Stall) 12M(100%)->12M(100%)
[11.884s][info][gc] GC(94) Garbage Collection (Allocation Stall) 12M(100%)->12M(100%)
[11.884s][info][gc] Allocation Stall (JFR Periodic Tasks) 12.290ms
[11.895s][info][gc] Allocation Stall (Attach Listener) 22.110ms
[11.896s][info][gc] GC(95) Garbage Collection (Allocation Stall) 12M(100%)->12M(100%)
[11.907s][info][gc] GC(96) Garbage Collection (Allocation Stall) 12M(100%)->12M(100%)
[11.907s][info][gc] Allocation Stall (JFR Periodic Tasks) 13.643ms
[11.918s][info][gc] Allocation Stall (Attach Listener) 21.893ms
[11.918s][info][gc] GC(97) Garbage Collection (Allocation Stall) 12M(100%)->12M(100%)
[11.929s][info][gc] GC(98) Garbage Collection (Allocation Stall) 12M(100%)->12M(100%)
[11.929s][info][gc] Allocation Stall (JFR Periodic Tasks) 11.481ms
[11.940s][info][gc] Allocation Stall (Attach Listener) 21.390ms
[11.940s][info][gc] GC(99) Garbage Collection (Allocation Stall) 12M(100%)->12M(100%)
[11.950s][info][gc] GC(100) Garbage Collection (Allocation Stall) 12M(100%)->12M(100%)
[11.950s][info][gc] Allocation Stall (JFR Periodic Tasks) 10.921ms
[11.963s][info][gc] Allocation Stall (Attach Listener) 22.516ms
[11.963s][info][gc] GC(101) Garbage Collection (Allocation Stall) 12M(100%)->12M(100%)
[11.974s][info][gc] GC(102) Garbage Collection (Allocation Stall) 12M(100%)->12M(100%)
[11.974s][info][gc] Allocation Stall (JFR Periodic Tasks) 14.227ms
[11.984s][info][gc] Allocation Stall (Attach Listener) 20.957ms
[11.985s][info][gc] GC(103) Garbage Collection (Allocation Stall) 12M(100%)->12M(100%)
[12.042s][info][gc] GC(104) Garbage Collection (Allocation Rate) 12M(100%)->12M(100%)
[12.042s][info][gc] Allocation Stall (Attach Listener) 12.297ms
[12.053s][info][gc] GC(105) Garbage Collection (Allocation Stall) 12M(100%)->12M(100%)
[12.053s][info][gc] Allocation Stall (JFR Periodic Tasks) 16.430ms
[12.064s][info][gc] Allocation Stall (Attach Listener) 22.378ms
[12.065s][info][gc] GC(106) Garbage Collection (Allocation Stall) 12M(100%)->12M(100%)
[12.076s][info][gc] GC(107) Garbage Collection (Allocation Stall) 12M(100%)->12M(100%)
[12.076s][info][gc] Allocation Stall (JFR Periodic Tasks) 13.429ms
[12.088s][info][gc] Allocation Stall (Attach Listener) 22.744ms
[12.088s][info][gc] GC(108) Garbage Collection (Allocation Stall) 12M(100%)->12M(100%)
[12.099s][info][gc] Allocation Stall (JFR Periodic Tasks) 12.725ms
[12.100s][info][gc] GC(109) Garbage Collection (Allocation Stall) 12M(100%)->12M(100%)
[12.110s][info][gc] Allocation Stall (Attach Listener) 21.033ms
[12.110s][info][gc] GC(110) Garbage Collection (Allocation Stall) 12M(100%)->12M(100%)
[12.122s][info][gc] GC(111) Garbage Collection (Allocation Stall) 12M(100%)->12M(100%)
[12.122s][info][gc] Allocation Stall (JFR Periodic Tasks) 13.054ms
[12.132s][info][gc] Allocation Stall (Attach Listener) 21.859ms
[12.133s][info][gc] GC(112) Garbage Collection (Allocation Stall) 12M(100%)->12M(100%)
[12.191s][info][gc] GC(113) Garbage Collection (Allocation Stall) 12M(100%)->12M(100%)
[12.191s][info][gc] Allocation Stall (RMI TCP Connection(1)-192.168.156.17) 12.552ms
[12.202s][info][gc] GC(114) Garbage Collection (Allocation Stall) 12M(100%)->12M(100%)
[12.202s][info][gc] Allocation Stall (JFR Periodic Tasks) 15.446ms
[12.214s][info][gc] Allocation Stall (RMI TCP Connection(1)-192.168.156.17) 23.243ms
[12.215s][info][gc] GC(115) Garbage Collection (Allocation Stall) 12M(100%)->12M(100%)
[12.226s][info][gc] GC(116) Garbage Collection (Allocation Stall) 12M(100%)->12M(100%)
[12.226s][info][gc] Allocation Stall (JFR Periodic Tasks) 13.822ms
[12.237s][info][gc] Allocation Stall (RMI TCP Connection(1)-192.168.156.17) 21.850ms
[12.237s][info][gc] GC(117) Garbage Collection (Allocation Stall) 12M(100%)->12M(100%)
[12.248s][info][gc] GC(118) Garbage Collection (Allocation Stall) 12M(100%)->12M(100%)
[12.248s][info][gc] Allocation Stall (JFR Periodic Tasks) 12.133ms
[12.260s][info][gc] Allocation Stall (RMI TCP Connection(1)-192.168.156.17) 22.224ms
[12.260s][info][gc] GC(119) Garbage Collection (Allocation Stall) 12M(100%)->12M(100%)
[12.271s][info][gc] GC(120) Garbage Collection (Allocation Stall) 12M(100%)->12M(100%)
[12.271s][info][gc] Allocation Stall (JFR Periodic Tasks) 13.252ms
[12.283s][info][gc] Allocation Stall (RMI TCP Connection(1)-192.168.156.17) 22.220ms
[12.283s][info][gc] GC(121) Garbage Collection (Allocation Stall) 12M(100%)->12M(100%)
[12.294s][info][gc] GC(122) Garbage Collection (Allocation Stall) 12M(100%)->12M(100%)
[12.294s][info][gc] Allocation Stall (JFR Periodic Tasks) 13.602ms
[12.306s][info][gc] Allocation Stall (RMI TCP Connection(1)-192.168.156.17) 22.334ms
[12.306s][info][gc] GC(123) Garbage Collection (Allocation Stall) 12M(100%)->12M(100%)
[12.317s][info][gc] GC(124) Garbage Collection (Allocation Stall) 12M(100%)->12M(100%)
[12.317s][info][gc] Allocation Stall (JFR Periodic Tasks) 12.281ms
[12.328s][info][gc] Allocation Stall (RMI TCP Connection(1)-192.168.156.17) 22.063ms
[12.329s][info][gc] GC(125) Garbage Collection (Allocation Stall) 12M(100%)->12M(100%)
[12.340s][info][gc] GC(126) Garbage Collection (Allocation Stall) 12M(100%)->12M(100%)
[12.340s][info][gc] Allocation Stall (JFR Periodic Tasks) 13.215ms
[12.351s][info][gc] Allocation Stall (RMI TCP Connection(1)-192.168.156.17) 21.880ms
[12.351s][info][gc] GC(127) Garbage Collection (Allocation Stall) 12M(100%)->12M(100%)
[12.364s][info][gc] Allocation Stall (JFR Periodic Tasks) 13.488ms
[12.364s][info][gc] GC(128) Garbage Collection (Allocation Stall) 12M(100%)->12M(100%)
[12.374s][info][gc] Allocation Stall (RMI TCP Connection(1)-192.168.156.17) 22.707ms
[12.374s][info][gc] GC(129) Garbage Collection (Allocation Stall) 12M(100%)->12M(100%)
[12.385s][info][gc] GC(130) Garbage Collection (Allocation Stall) 12M(100%)->12M(100%)
[12.385s][info][gc] Allocation Stall (JFR Periodic Tasks) 11.178ms
[12.396s][info][gc] Allocation Stall (RMI TCP Connection(1)-192.168.156.17) 21.403ms
[12.397s][info][gc] GC(131) Garbage Collection (Allocation Stall) 12M(100%)->12M(100%)
[12.409s][info][gc] GC(132) Garbage Collection (Allocation Stall) 12M(100%)->12M(100%)
[12.409s][info][gc] Allocation Stall (JFR Periodic Tasks) 13.628ms
[12.420s][info][gc] Allocation Stall (RMI TCP Connection(1)-192.168.156.17) 22.682ms
[12.420s][info][gc] GC(133) Garbage Collection (Allocation Stall) 12M(100%)->12M(100%)
[12.431s][info][gc] GC(134) Garbage Collection (Allocation Stall) 12M(100%)->12M(100%)
[12.431s][info][gc] Allocation Stall (JFR Periodic Tasks) 12.344ms
[12.443s][info][gc] Allocation Stall (RMI TCP Connection(1)-192.168.156.17) 23.272ms
[12.444s][info][gc] GC(135) Garbage Collection (Allocation Stall) 12M(100%)->12M(100%)
[12.455s][info][gc] GC(136) Garbage Collection (Allocation Stall) 12M(100%)->12M(100%)
[12.455s][info][gc] Allocation Stall (JFR Periodic Tasks) 13.997ms
[12.465s][info][gc] Allocation Stall (RMI TCP Connection(1)-192.168.156.17) 21.095ms
[12.465s][info][gc] GC(137) Garbage Collection (Allocation Stall) 12M(100%)->12M(100%)
[12.527s][info][gc] GC(138) Garbage Collection (Allocation Stall) 12M(100%)->12M(100%)
[12.527s][info][gc] Allocation Stall (RMI TCP Connection(1)-192.168.156.17) 17.194ms
[12.541s][info][gc] GC(139) Garbage Collection (Allocation Stall) 12M(100%)->12M(100%)
[12.541s][info][gc] Allocation Stall (JFR Periodic Tasks) 24.092ms
[12.555s][info][gc] Allocation Stall (RMI TCP Connection(1)-192.168.156.17) 26.915ms
[12.555s][info][gc] GC(140) Garbage Collection (Allocation Stall) 12M(100%)->12M(100%)
[12.567s][info][gc] GC(141) Garbage Collection (Allocation Stall) 12M(100%)->12M(100%)
[12.567s][info][gc] Allocation Stall (JFR Periodic Tasks) 16.006ms
[12.580s][info][gc] Allocation Stall (RMI TCP Connection(1)-192.168.156.17) 24.184ms
[12.580s][info][gc] GC(142) Garbage Collection (Allocation Stall) 12M(100%)->12M(100%)
[12.592s][info][gc] GC(143) Garbage Collection (Allocation Stall) 12M(100%)->12M(100%)
[12.592s][info][gc] Allocation Stall (JFR Periodic Tasks) 13.629ms
[12.604s][info][gc] Allocation Stall (RMI TCP Connection(1)-192.168.156.17) 23.934ms
[12.605s][info][gc] GC(144) Garbage Collection (Allocation Stall) 12M(100%)->12M(100%)
[12.617s][info][gc] GC(145) Garbage Collection (Allocation Stall) 12M(100%)->12M(100%)
[12.617s][info][gc] Allocation Stall (JFR Periodic Tasks) 15.675ms
[12.629s][info][gc] Allocation Stall (RMI TCP Connection(1)-192.168.156.17) 23.764ms
[12.629s][info][gc] GC(146) Garbage Collection (Allocation Stall) 12M(100%)->12M(100%)
[12.643s][info][gc] GC(147) Garbage Collection (Allocation Stall) 12M(100%)->12M(100%)
[12.643s][info][gc] Allocation Stall (JFR Periodic Tasks) 16.676ms
[12.656s][info][gc] Allocation Stall (RMI TCP Connection(1)-192.168.156.17) 26.381ms
[12.656s][info][gc] GC(148) Garbage Collection (Allocation Stall) 12M(100%)->12M(100%)
[12.668s][info][gc] GC(149) Garbage Collection (Allocation Stall) 12M(100%)->12M(100%)
[12.668s][info][gc] Allocation Stall (JFR Periodic Tasks) 14.331ms
[12.681s][info][gc] Allocation Stall (RMI TCP Connection(1)-192.168.156.17) 23.738ms
[12.681s][info][gc] GC(150) Garbage Collection (Allocation Stall) 12M(100%)->12M(100%)
[12.694s][info][gc] GC(151) Garbage Collection (Allocation Stall) 12M(100%)->12M(100%)
[12.694s][info][gc] Allocation Stall (JFR Periodic Tasks) 15.431ms
[12.706s][info][gc] Allocation Stall (RMI TCP Connection(1)-192.168.156.17) 24.945ms
[12.706s][info][gc] GC(152) Garbage Collection (Allocation Stall) 12M(100%)->12M(100%)
[12.718s][info][gc] GC(153) Garbage Collection (Allocation Stall) 12M(100%)->12M(100%)
[12.718s][info][gc] Allocation Stall (JFR Periodic Tasks) 15.347ms
[12.731s][info][gc] Allocation Stall (RMI TCP Connection(1)-192.168.156.17) 24.483ms
[12.731s][info][gc] GC(154) Garbage Collection (Allocation Stall) 12M(100%)->12M(100%)
[12.744s][info][gc] GC(155) Garbage Collection (Allocation Stall) 12M(100%)->12M(100%)
[12.744s][info][gc] Allocation Stall (JFR Periodic Tasks) 15.015ms
[12.757s][info][gc] GC(156) Garbage Collection (Allocation Stall) 12M(100%)->12M(100%)
[12.757s][info][gc] Allocation Stall (RMI TCP Connection(1)-192.168.156.17) 25.471ms
[12.769s][info][gc] GC(157) Garbage Collection (Allocation Stall) 12M(100%)->12M(100%)
[12.769s][info][gc] Allocation Stall (JFR Periodic Tasks) 15.078ms
[12.781s][info][gc] Allocation Stall (RMI TCP Connection(1)-192.168.156.17) 23.165ms
[12.781s][info][gc] GC(158) Garbage Collection (Allocation Stall) 12M(100%)->12M(100%)
[12.793s][info][gc] GC(159) Garbage Collection (Allocation Stall) 12M(100%)->12M(100%)
[12.793s][info][gc] Allocation Stall (JFR Periodic Tasks) 13.436ms
[12.807s][info][gc] Allocation Stall (RMI TCP Connection(1)-192.168.156.17) 25.259ms
[12.807s][info][gc] GC(160) Garbage Collection (Allocation Stall) 12M(100%)->12M(100%)
[12.819s][info][gc] GC(161) Garbage Collection (Allocation Stall) 12M(100%)->12M(100%)
[12.819s][info][gc] Allocation Stall (JFR Periodic Tasks) 16.637ms
[12.831s][info][gc] Allocation Stall (RMI TCP Connection(1)-192.168.156.17) 23.963ms
[12.831s][info][gc] GC(162) Garbage Collection (Allocation Stall) 12M(100%)->12M(100%)
[12.845s][info][gc] GC(163) Garbage Collection (Allocation Stall) 12M(100%)->12M(100%)
[12.845s][info][gc] Allocation Stall (JFR Periodic Tasks) 16.302ms
[12.857s][info][gc] Allocation Stall (RMI TCP Connection(1)-192.168.156.17) 25.433ms
[12.857s][info][gc] GC(164) Garbage Collection (Allocation Stall) 12M(100%)->12M(100%)
[12.870s][info][gc] GC(165) Garbage Collection (Allocation Stall) 12M(100%)->12M(100%)
[12.870s][info][gc] Allocation Stall (JFR Periodic Tasks) 14.691ms
[12.882s][info][gc] Allocation Stall (RMI TCP Connection(1)-192.168.156.17) 24.359ms
[12.882s][info][gc] GC(166) Garbage Collection (Allocation Stall) 12M(100%)->12M(100%)
[12.896s][info][gc] GC(167) Garbage Collection (Allocation Stall) 12M(100%)->12M(100%)
[12.896s][info][gc] Allocation Stall (JFR Periodic Tasks) 15.604ms
[12.908s][info][gc] Allocation Stall (RMI TCP Connection(1)-192.168.156.17) 24.797ms
[12.908s][info][gc] GC(168) Garbage Collection (Allocation Stall) 12M(100%)->12M(100%)
[12.922s][info][gc] GC(169) Garbage Collection (Allocation Stall) 12M(100%)->12M(100%)
[12.923s][info][gc] Allocation Stall (JFR Periodic Tasks) 17.027ms
[12.934s][info][gc] Allocation Stall (RMI TCP Connection(1)-192.168.156.17) 25.969ms
[12.935s][info][gc] GC(170) Garbage Collection (Allocation Stall) 12M(100%)->12M(100%)
[12.947s][info][gc] GC(171) Garbage Collection (Allocation Stall) 12M(100%)->12M(100%)
[12.947s][info][gc] Allocation Stall (JFR Periodic Tasks) 14.009ms
[12.961s][info][gc] Allocation Stall (RMI TCP Connection(1)-192.168.156.17) 26.610ms
[12.962s][info][gc] GC(172) Garbage Collection (Allocation Stall) 12M(100%)->12M(100%)
[12.974s][info][gc] GC(173) Garbage Collection (Allocation Stall) 12M(100%)->12M(100%)
[12.974s][info][gc] Allocation Stall (JFR Periodic Tasks) 16.002ms
[12.986s][info][gc] Allocation Stall (RMI TCP Connection(1)-192.168.156.17) 24.146ms
[12.987s][info][gc] GC(174) Garbage Collection (Allocation Stall) 12M(100%)->12M(100%)
[12.999s][info][gc] Allocation Stall (JFR Periodic Tasks) 14.400ms
[12.999s][info][gc] GC(175) Garbage Collection (Allocation Stall) 12M(100%)->12M(100%)
[13.012s][info][gc] GC(176) Garbage Collection (Allocation Stall) 12M(100%)->12M(100%)
[13.012s][info][gc] Allocation Stall (RMI TCP Connection(1)-192.168.156.17) 24.499ms
[13.025s][info][gc] GC(177) Garbage Collection (Allocation Stall) 12M(100%)->12M(100%)
[13.025s][info][gc] Allocation Stall (JFR Periodic Tasks) 15.399ms
[13.037s][info][gc] Allocation Stall (RMI TCP Connection(1)-192.168.156.17) 24.675ms
[13.037s][info][gc] GC(178) Garbage Collection (Allocation Stall) 12M(100%)->12M(100%)
[13.049s][info][gc] GC(179) Garbage Collection (Allocation Stall) 12M(100%)->12M(100%)
[13.049s][info][gc] Allocation Stall (JFR Periodic Tasks) 15.098ms
[13.062s][info][gc] Allocation Stall (RMI TCP Connection(1)-192.168.156.17) 24.469ms
[13.062s][info][gc] GC(180) Garbage Collection (Allocation Stall) 12M(100%)->12M(100%)
[13.075s][info][gc] GC(181) Garbage Collection (Allocation Stall) 12M(100%)->12M(100%)
[13.075s][info][gc] Allocation Stall (JFR Periodic Tasks) 15.964ms
[13.087s][info][gc] Allocation Stall (RMI TCP Connection(1)-192.168.156.17) 24.465ms
[13.087s][info][gc] GC(182) Garbage Collection (Allocation Stall) 12M(100%)->12M(100%)
[13.100s][info][gc] GC(183) Garbage Collection (Allocation Stall) 12M(100%)->12M(100%)
[13.100s][info][gc] Allocation Stall (JFR Periodic Tasks) 15.129ms
[13.114s][info][gc] Allocation Stall (RMI TCP Connection(1)-192.168.156.17) 25.578ms
[13.114s][info][gc] GC(184) Garbage Collection (Allocation Stall) 12M(100%)->12M(100%)
[13.128s][info][gc] GC(185) Garbage Collection (Allocation Stall) 12M(100%)->12M(100%)
[13.128s][info][gc] Allocation Stall (JFR Periodic Tasks) 17.771ms
[13.140s][info][gc] Allocation Stall (RMI TCP Connection(1)-192.168.156.17) 25.675ms
[13.140s][info][gc] GC(186) Garbage Collection (Allocation Stall) 12M(100%)->12M(100%)
[13.152s][info][gc] GC(187) Garbage Collection (Allocation Stall) 12M(100%)->12M(100%)
[13.152s][info][gc] Allocation Stall (JFR Periodic Tasks) 13.491ms
[13.165s][info][gc] Allocation Stall (RMI TCP Connection(1)-192.168.156.17) 24.835ms
[13.166s][info][gc] GC(188) Garbage Collection (Allocation Stall) 12M(100%)->12M(100%)
[13.178s][info][gc] GC(189) Garbage Collection (Allocation Stall) 12M(100%)->12M(100%)
[13.178s][info][gc] Allocation Stall (JFR Periodic Tasks) 16.788ms
[13.189s][info][gc] Allocation Stall (RMI TCP Connection(1)-192.168.156.17) 23.673ms
[13.190s][info][gc] GC(190) Garbage Collection (Allocation Stall) 12M(100%)->12M(100%)
[13.202s][info][gc] GC(191) Garbage Collection (Allocation Stall) 12M(100%)->12M(100%)
[13.202s][info][gc] Allocation Stall (JFR Periodic Tasks) 14.251ms
[13.215s][info][gc] Allocation Stall (RMI TCP Connection(1)-192.168.156.17) 24.527ms
[13.215s][info][gc] GC(192) Garbage Collection (Allocation Stall) 12M(100%)->12M(100%)
[13.227s][info][gc] GC(193) Garbage Collection (Allocation Stall) 12M(100%)->12M(100%)
[13.227s][info][gc] Allocation Stall (JFR Periodic Tasks) 14.914ms
[13.240s][info][gc] Allocation Stall (RMI TCP Connection(1)-192.168.156.17) 24.898ms
[13.240s][info][gc] GC(194) Garbage Collection (Allocation Stall) 12M(100%)->12M(100%)
[13.252s][info][gc] GC(195) Garbage Collection (Allocation Stall) 12M(100%)->12M(100%)
[13.252s][info][gc] Allocation Stall (JFR Periodic Tasks) 15.199ms
[13.265s][info][gc] Allocation Stall (RMI TCP Connection(1)-192.168.156.17) 24.184ms
[13.265s][info][gc] GC(196) Garbage Collection (Allocation Stall) 12M(100%)->12M(100%)
[13.278s][info][gc] GC(197) Garbage Collection (Allocation Stall) 12M(100%)->12M(100%)
[13.278s][info][gc] Allocation Stall (JFR Periodic Tasks) 15.838ms
[13.291s][info][gc] Allocation Stall (RMI TCP Connection(1)-192.168.156.17) 25.129ms
[13.291s][info][gc] GC(198) Garbage Collection (Allocation Stall) 12M(100%)->12M(100%)
[13.303s][info][gc] Allocation Stall (JFR Periodic Tasks) 14.591ms
[13.303s][info][gc] GC(199) Garbage Collection (Allocation Stall) 12M(100%)->12M(100%)
[13.316s][info][gc] GC(200) Garbage Collection (Allocation Stall) 12M(100%)->12M(100%)
[13.316s][info][gc] Allocation Stall (RMI TCP Connection(1)-192.168.156.17) 24.373ms
[13.328s][info][gc] GC(201) Garbage Collection (Allocation Stall) 12M(100%)->12M(100%)
[13.328s][info][gc] Allocation Stall (JFR Periodic Tasks) 15.097ms
[13.340s][info][gc] Allocation Stall (RMI TCP Connection(1)-192.168.156.17) 24.113ms
[13.340s][info][gc] GC(202) Garbage Collection (Allocation Stall) 12M(100%)->12M(100%)
[13.353s][info][gc] GC(203) Garbage Collection (Allocation Stall) 12M(100%)->12M(100%)
[13.353s][info][gc] Allocation Stall (JFR Periodic Tasks) 13.943ms
[13.366s][info][gc] Allocation Stall (RMI TCP Connection(1)-192.168.156.17) 24.820ms
[13.366s][info][gc] GC(204) Garbage Collection (Allocation Stall) 12M(100%)->12M(100%)
[13.379s][info][gc] GC(205) Garbage Collection (Allocation Stall) 12M(100%)->12M(100%)
[13.379s][info][gc] Allocation Stall (JFR Periodic Tasks) 16.220ms
[13.391s][info][gc] Allocation Stall (RMI TCP Connection(1)-192.168.156.17) 24.473ms
[13.391s][info][gc] GC(206) Garbage Collection (Allocation Stall) 12M(100%)->12M(100%)
[13.402s][info][gc] GC(207) Garbage Collection (Allocation Stall) 12M(100%)->12M(100%)
[13.402s][info][gc] Allocation Stall (JFR Periodic Tasks) 14.010ms
[13.416s][info][gc] Allocation Stall (RMI TCP Connection(1)-192.168.156.17) 24.700ms
[13.416s][info][gc] GC(208) Garbage Collection (Allocation Stall) 12M(100%)->12M(100%)
[13.429s][info][gc] GC(209) Garbage Collection (Allocation Stall) 12M(100%)->12M(100%)
[13.429s][info][gc] Allocation Stall (JFR Periodic Tasks) 15.617ms
[13.442s][info][gc] Allocation Stall (RMI TCP Connection(1)-192.168.156.17) 25.603ms
[13.442s][info][gc] GC(210) Garbage Collection (Allocation Stall) 12M(100%)->12M(100%)
[13.454s][info][gc] GC(211) Garbage Collection (Allocation Stall) 12M(100%)->12M(100%)
[13.454s][info][gc] Allocation Stall (JFR Periodic Tasks) 14.560ms
[13.466s][info][gc] Allocation Stall (RMI TCP Connection(1)-192.168.156.17) 24.049ms
[13.467s][info][gc] GC(212) Garbage Collection (Allocation Stall) 12M(100%)->12M(100%)
[13.479s][info][gc] GC(213) Garbage Collection (Allocation Stall) 12M(100%)->12M(100%)
[13.479s][info][gc] Allocation Stall (JFR Periodic Tasks) 14.131ms
[13.491s][info][gc] Allocation Stall (RMI TCP Connection(1)-192.168.156.17) 23.767ms
[13.491s][info][gc] GC(214) Garbage Collection (Allocation Stall) 12M(100%)->12M(100%)
[13.503s][info][gc] GC(215) Garbage Collection (Allocation Stall) 12M(100%)->12M(100%)
[13.503s][info][gc] Allocation Stall (JFR Periodic Tasks) 14.037ms
[13.516s][info][gc] Allocation Stall (RMI TCP Connection(1)-192.168.156.17) 24.590ms
[13.516s][info][gc] GC(216) Garbage Collection (Allocation Stall) 12M(100%)->12M(100%)
[13.529s][info][gc] GC(217) Garbage Collection (Allocation Stall) 12M(100%)->12M(100%)
[13.529s][info][gc] Allocation Stall (JFR Periodic Tasks) 16.446ms
[13.541s][info][gc] Allocation Stall (RMI TCP Connection(1)-192.168.156.17) 24.684ms
[13.542s][info][gc] GC(218) Garbage Collection (Allocation Stall) 12M(100%)->12M(100%)
[13.555s][info][gc] GC(219) Garbage Collection (Allocation Stall) 12M(100%)->12M(100%)
[13.555s][info][gc] Allocation Stall (JFR Periodic Tasks) 16.054ms
[13.568s][info][gc] Allocation Stall (RMI TCP Connection(1)-192.168.156.17) 26.277ms
[13.568s][info][gc] GC(220) Garbage Collection (Allocation Stall) 12M(100%)->12M(100%)
[13.581s][info][gc] GC(221) Garbage Collection (Allocation Stall) 12M(100%)->12M(100%)
[13.581s][info][gc] Allocation Stall (JFR Periodic Tasks) 15.081ms
[13.593s][info][gc] Allocation Stall (RMI TCP Connection(1)-192.168.156.17) 23.914ms
[13.593s][info][gc] GC(222) Garbage Collection (Allocation Stall) 12M(100%)->12M(100%)
[13.607s][info][gc] GC(223) Garbage Collection (Allocation Stall) 12M(100%)->12M(100%)
[13.607s][info][gc] Allocation Stall (JFR Periodic Tasks) 16.065ms
[13.618s][info][gc] Allocation Stall (RMI TCP Connection(1)-192.168.156.17) 24.851ms
[13.619s][info][gc] GC(224) Garbage Collection (Allocation Stall) 12M(100%)->12M(100%)
[13.631s][info][gc] GC(225) Garbage Collection (Allocation Stall) 12M(100%)->12M(100%)
[13.631s][info][gc] Allocation Stall (JFR Periodic Tasks) 14.128ms
[13.645s][info][gc] Allocation Stall (RMI TCP Connection(1)-192.168.156.17) 25.858ms
[13.645s][info][gc] GC(226) Garbage Collection (Allocation Stall) 12M(100%)->12M(100%)
[13.658s][info][gc] Allocation Stall (JFR Periodic Tasks) 16.900ms
[13.658s][info][gc] GC(227) Garbage Collection (Allocation Stall) 12M(100%)->12M(100%)
[13.670s][info][gc] Allocation Stall (RMI TCP Connection(1)-192.168.156.17) 24.342ms
[13.670s][info][gc] GC(228) Garbage Collection (Allocation Stall) 12M(100%)->12M(100%)
[13.682s][info][gc] Allocation Stall (JFR Periodic Tasks) 14.629ms
[13.682s][info][gc] GC(229) Garbage Collection (Allocation Stall) 12M(100%)->12M(100%)
[13.696s][info][gc] Allocation Stall (RMI TCP Connection(1)-192.168.156.17) 25.511ms
[13.696s][info][gc] GC(230) Garbage Collection (Allocation Stall) 12M(100%)->12M(100%)
[13.710s][info][gc] Allocation Stall (JFR Periodic Tasks) 17.851ms
[13.710s][info][gc] GC(231) Garbage Collection (Allocation Stall) 12M(100%)->12M(100%)
[13.723s][info][gc] Allocation Stall (RMI TCP Connection(1)-192.168.156.17) 26.430ms
[13.723s][info][gc] GC(232) Garbage Collection (Allocation Stall) 12M(100%)->12M(100%)
[13.736s][info][gc] Allocation Stall (JFR Periodic Tasks) 15.371ms
[13.736s][info][gc] GC(233) Garbage Collection (Allocation Stall) 12M(100%)->12M(100%)
[13.749s][info][gc] Allocation Stall (RMI TCP Connection(1)-192.168.156.17) 24.855ms
[13.749s][info][gc] GC(234) Garbage Collection (Allocation Stall) 12M(100%)->12M(100%)
[13.762s][info][gc] Allocation Stall (JFR Periodic Tasks) 16.813ms
[13.762s][info][gc] GC(235) Garbage Collection (Allocation Stall) 12M(100%)->12M(100%)
[13.775s][info][gc] Allocation Stall (RMI TCP Connection(1)-192.168.156.17) 25.881ms
[13.775s][info][gc] GC(236) Garbage Collection (Allocation Stall) 12M(100%)->12M(100%)
[13.788s][info][gc] Allocation Stall (JFR Periodic Tasks) 14.662ms
[13.788s][info][gc] GC(237) Garbage Collection (Allocation Stall) 12M(100%)->12M(100%)
[13.801s][info][gc] Allocation Stall (RMI TCP Connection(1)-192.168.156.17) 24.911ms
[13.801s][info][gc] GC(238) Garbage Collection (Allocation Stall) 12M(100%)->12M(100%)
[13.814s][info][gc] GC(239) Garbage Collection (Allocation Stall) 12M(100%)->12M(100%)
[13.814s][info][gc] Allocation Stall (JFR Periodic Tasks) 16.324ms
[13.826s][info][gc] Allocation Stall (RMI TCP Connection(1)-192.168.156.17) 25.001ms
[13.826s][info][gc] GC(240) Garbage Collection (Allocation Stall) 12M(100%)->12M(100%)
[13.840s][info][gc] GC(241) Garbage Collection (Allocation Stall) 12M(100%)->12M(100%)
[13.840s][info][gc] Allocation Stall (JFR Periodic Tasks) 15.617ms
[13.851s][info][gc] Allocation Stall (RMI TCP Connection(1)-192.168.156.17) 24.886ms
[13.852s][info][gc] GC(242) Garbage Collection (Allocation Stall) 12M(100%)->12M(100%)
[13.865s][info][gc] Allocation Stall (JFR Periodic Tasks) 15.365ms
[13.865s][info][gc] GC(243) Garbage Collection (Allocation Stall) 12M(100%)->12M(100%)
[13.878s][info][gc] Allocation Stall (RMI TCP Connection(1)-192.168.156.17) 26.206ms
[13.878s][info][gc] GC(244) Garbage Collection (Allocation Stall) 12M(100%)->12M(100%)
[13.891s][info][gc] GC(245) Garbage Collection (Allocation Stall) 12M(100%)->12M(100%)
[13.891s][info][gc] Allocation Stall (JFR Periodic Tasks) 16.186ms
[13.903s][info][gc] Allocation Stall (RMI TCP Connection(1)-192.168.156.17) 24.293ms
[13.903s][info][gc] GC(246) Garbage Collection (Allocation Stall) 12M(100%)->12M(100%)
[13.916s][info][gc] GC(247) Garbage Collection (Allocation Stall) 12M(100%)->12M(100%)
[13.916s][info][gc] Allocation Stall (JFR Periodic Tasks) 13.543ms
[13.929s][info][gc] Allocation Stall (RMI TCP Connection(1)-192.168.156.17) 25.635ms
[13.930s][info][gc] GC(248) Garbage Collection (Allocation Stall) 12M(100%)->12M(100%)
[13.942s][info][gc] GC(249) Garbage Collection (Allocation Stall) 12M(100%)->12M(100%)
[13.942s][info][gc] Allocation Stall (JFR Periodic Tasks) 16.451ms
[13.956s][info][gc] Allocation Stall (RMI TCP Connection(1)-192.168.156.17) 25.634ms
[13.956s][info][gc] GC(250) Garbage Collection (Allocation Stall) 12M(100%)->12M(100%)
[13.968s][info][gc] GC(251) Garbage Collection (Allocation Stall) 12M(100%)->12M(100%)
[13.968s][info][gc] Allocation Stall (JFR Periodic Tasks) 15.107ms
[13.981s][info][gc] Allocation Stall (RMI TCP Connection(1)-192.168.156.17) 24.254ms
[13.981s][info][gc] GC(252) Garbage Collection (Allocation Stall) 12M(100%)->12M(100%)
[13.995s][info][gc] GC(253) Garbage Collection (Allocation Stall) 12M(100%)->12M(100%)
[13.995s][info][gc] Allocation Stall (JFR Periodic Tasks) 16.828ms
[14.009s][info][gc] Allocation Stall (RMI TCP Connection(1)-192.168.156.17) 27.349ms
[14.009s][info][gc] GC(254) Garbage Collection (Allocation Stall) 12M(100%)->12M(100%)
[14.022s][info][gc] GC(255) Garbage Collection (Allocation Stall) 12M(100%)->12M(100%)
[14.022s][info][gc] Allocation Stall (JFR Periodic Tasks) 17.012ms
[14.034s][info][gc] Allocation Stall (RMI TCP Connection(1)-192.168.156.17) 24.288ms
[14.034s][info][gc] GC(256) Garbage Collection (Allocation Stall) 12M(100%)->12M(100%)
[14.047s][info][gc] GC(257) Garbage Collection (Allocation Stall) 12M(100%)->12M(100%)
[14.047s][info][gc] Allocation Stall (JFR Periodic Tasks) 14.678ms
[14.059s][info][gc] Allocation Stall (RMI TCP Connection(1)-192.168.156.17) 24.973ms
[14.060s][info][gc] GC(258) Garbage Collection (Allocation Stall) 12M(100%)->12M(100%)
[14.073s][info][gc] Allocation Stall (JFR Periodic Tasks) 16.141ms
[14.073s][info][gc] GC(259) Garbage Collection (Allocation Stall) 12M(100%)->12M(100%)
[14.085s][info][gc] Allocation Stall (RMI TCP Connection(1)-192.168.156.17) 24.723ms
[14.085s][info][gc] GC(260) Garbage Collection (Allocation Stall) 12M(100%)->12M(100%)
[14.098s][info][gc] GC(261) Garbage Collection (Allocation Stall) 12M(100%)->12M(100%)
[14.098s][info][gc] Allocation Stall (JFR Periodic Tasks) 13.853ms
[14.110s][info][gc] Allocation Stall (RMI TCP Connection(1)-192.168.156.17) 25.185ms
[14.111s][info][gc] GC(262) Garbage Collection (Allocation Stall) 12M(100%)->12M(100%)
[14.124s][info][gc] GC(263) Garbage Collection (Allocation Stall) 12M(100%)->12M(100%)
[14.124s][info][gc] Allocation Stall (JFR Periodic Tasks) 15.727ms
[14.135s][info][gc] Allocation Stall (RMI TCP Connection(1)-192.168.156.17) 24.343ms
[14.136s][info][gc] GC(264) Garbage Collection (Allocation Stall) 12M(100%)->12M(100%)
[14.148s][info][gc] GC(265) Garbage Collection (Allocation Stall) 12M(100%)->12M(100%)
[14.148s][info][gc] Allocation Stall (JFR Periodic Tasks) 13.913ms
[14.163s][info][gc] Allocation Stall (RMI TCP Connection(1)-192.168.156.17) 26.592ms
[14.163s][info][gc] GC(266) Garbage Collection (Allocation Stall) 12M(100%)->12M(100%)
[14.175s][info][gc] GC(267) Garbage Collection (Allocation Stall) 12M(100%)->12M(100%)
[14.175s][info][gc] Allocation Stall (JFR Periodic Tasks) 17.767ms
[14.188s][info][gc] Allocation Stall (RMI TCP Connection(1)-192.168.156.17) 24.164ms
[14.188s][info][gc] GC(268) Garbage Collection (Allocation Stall) 12M(100%)->12M(100%)
[14.200s][info][gc] Allocation Stall (JFR Periodic Tasks) 14.097ms
[14.200s][info][gc] GC(269) Garbage Collection (Allocation Stall) 12M(100%)->12M(100%)
[14.213s][info][gc] Allocation Stall (RMI TCP Connection(1)-192.168.156.17) 24.707ms
[14.213s][info][gc] GC(270) Garbage Collection (Allocation Stall) 12M(100%)->12M(100%)
[14.225s][info][gc] GC(271) Garbage Collection (Allocation Stall) 12M(100%)->12M(100%)
[14.225s][info][gc] Allocation Stall (JFR Periodic Tasks) 14.870ms
[14.238s][info][gc] Allocation Stall (RMI TCP Connection(1)-192.168.156.17) 24.540ms
[14.238s][info][gc] GC(272) Garbage Collection (Allocation Stall) 12M(100%)->12M(100%)
[14.251s][info][gc] GC(273) Garbage Collection (Allocation Stall) 12M(100%)->12M(100%)
[14.251s][info][gc] Allocation Stall (JFR Periodic Tasks) 15.424ms
[14.263s][info][gc] Allocation Stall (RMI TCP Connection(1)-192.168.156.17) 24.424ms
[14.264s][info][gc] GC(274) Garbage Collection (Allocation Stall) 12M(100%)->12M(100%)
[14.277s][info][gc] GC(275) Garbage Collection (Allocation Stall) 12M(100%)->12M(100%)
[14.277s][info][gc] Allocation Stall (JFR Periodic Tasks) 16.376ms
[14.291s][info][gc] Allocation Stall (RMI TCP Connection(1)-192.168.156.17) 26.744ms
[14.291s][info][gc] GC(276) Garbage Collection (Allocation Stall) 12M(100%)->12M(100%)
[14.303s][info][gc] Allocation Stall (JFR Periodic Tasks) 14.679ms
[14.303s][info][gc] GC(277) Garbage Collection (Allocation Stall) 12M(100%)->12M(100%)
[14.315s][info][gc] Allocation Stall (RMI TCP Connection(1)-192.168.156.17) 24.176ms
[14.316s][info][gc] GC(278) Garbage Collection (Allocation Stall) 12M(100%)->12M(100%)
[14.316s][info][gc] Allocation Stall (C1 CompilerThread0) 24.472ms
[14.328s][info][gc] GC(279) Garbage Collection (Allocation Stall) 12M(100%)->12M(100%)
[14.328s][info][gc] Allocation Stall (JFR Periodic Tasks) 15.862ms
[14.340s][info][gc] Allocation Stall (RMI TCP Connection(1)-192.168.156.17) 24.546ms
[14.341s][info][gc] GC(280) Garbage Collection (Allocation Stall) 12M(100%)->12M(100%)
[14.353s][info][gc] GC(281) Garbage Collection (Allocation Stall) 12M(100%)->12M(100%)
[14.353s][info][gc] Allocation Stall (JFR Periodic Tasks) 14.606ms
[14.367s][info][gc] Allocation Stall (RMI TCP Connection(1)-192.168.156.17) 25.827ms
[14.367s][info][gc] GC(282) Garbage Collection (Allocation Stall) 12M(100%)->12M(100%)
[14.379s][info][gc] GC(283) Garbage Collection (Allocation Stall) 12M(100%)->12M(100%)
[14.379s][info][gc] Allocation Stall (JFR Periodic Tasks) 15.908ms
[14.392s][info][gc] GC(284) Garbage Collection (Allocation Stall) 12M(100%)->12M(100%)
[14.392s][info][gc] Allocation Stall (RMI TCP Connection(1)-192.168.156.17) 24.589ms
[14.406s][info][gc] Allocation Stall (JFR Periodic Tasks) 17.239ms
[14.406s][info][gc] GC(285) Garbage Collection (Allocation Stall) 12M(100%)->12M(100%)
[14.419s][info][gc] Allocation Stall (RMI TCP Connection(1)-192.168.156.17) 26.440ms
[14.419s][info][gc] GC(286) Garbage Collection (Allocation Stall) 12M(100%)->12M(100%)
[14.432s][info][gc] GC(287) Garbage Collection (Allocation Stall) 12M(100%)->12M(100%)
[14.432s][info][gc] Allocation Stall (JFR Periodic Tasks) 14.619ms
[14.445s][info][gc] Allocation Stall (RMI TCP Connection(1)-192.168.156.17) 25.906ms
[14.446s][info][gc] GC(288) Garbage Collection (Allocation Stall) 12M(100%)->12M(100%)
[14.459s][info][gc] Allocation Stall (JFR Periodic Tasks) 16.483ms
[14.459s][info][gc] GC(289) Garbage Collection (Allocation Stall) 12M(100%)->12M(100%)
[14.471s][info][gc] Allocation Stall (RMI TCP Connection(1)-192.168.156.17) 24.931ms
[14.471s][info][gc] GC(290) Garbage Collection (Allocation Stall) 12M(100%)->12M(100%)
[14.484s][info][gc] GC(291) Garbage Collection (Allocation Stall) 12M(100%)->12M(100%)
[14.484s][info][gc] Allocation Stall (JFR Periodic Tasks) 15.306ms
[14.496s][info][gc] Allocation Stall (RMI TCP Connection(1)-192.168.156.17) 24.683ms
[14.496s][info][gc] GC(292) Garbage Collection (Allocation Stall) 12M(100%)->12M(100%)
[14.509s][info][gc] Allocation Stall (JFR Periodic Tasks) 15.203ms
[14.509s][info][gc] GC(293) Garbage Collection (Allocation Stall) 12M(100%)->12M(100%)
[14.522s][info][gc] Allocation Stall (RMI TCP Connection(1)-192.168.156.17) 25.085ms
[14.522s][info][gc] GC(294) Garbage Collection (Allocation Stall) 12M(100%)->12M(100%)
[14.535s][info][gc] GC(295) Garbage Collection (Allocation Stall) 12M(100%)->12M(100%)
[14.535s][info][gc] Allocation Stall (JFR Periodic Tasks) 16.610ms
[14.548s][info][gc] Allocation Stall (RMI TCP Connection(1)-192.168.156.17) 25.594ms
[14.549s][info][gc] GC(296) Garbage Collection (Allocation Stall) 12M(100%)->12M(100%)
[14.562s][info][gc] Allocation Stall (JFR Periodic Tasks) 17.026ms
[14.562s][info][gc] GC(297) Garbage Collection (Allocation Stall) 12M(100%)->12M(100%)
[14.575s][info][gc] Allocation Stall (RMI TCP Connection(1)-192.168.156.17) 26.138ms
[14.575s][info][gc] GC(298) Garbage Collection (Allocation Stall) 12M(100%)->12M(100%)
[14.588s][info][gc] Allocation Stall (JFR Periodic Tasks) 16.503ms
[14.588s][info][gc] GC(299) Garbage Collection (Allocation Stall) 12M(100%)->12M(100%)
[14.601s][info][gc] Allocation Stall (RMI TCP Connection(1)-192.168.156.17) 25.205ms
[14.601s][info][gc] GC(300) Garbage Collection (Allocation Stall) 12M(100%)->12M(100%)
[14.616s][info][gc] GC(301) Garbage Collection (Allocation Stall) 12M(100%)->12M(100%)
[14.616s][info][gc] Allocation Stall (JFR Periodic Tasks) 17.821ms
[14.628s][info][gc] Allocation Stall (RMI TCP Connection(1)-192.168.156.17) 26.436ms
[14.628s][info][gc] GC(302) Garbage Collection (Allocation Stall) 12M(100%)->12M(100%)
[14.641s][info][gc] GC(303) Garbage Collection (Allocation Stall) 12M(100%)->12M(100%)
[14.641s][info][gc] Allocation Stall (JFR Periodic Tasks) 14.940ms
[14.653s][info][gc] Allocation Stall (RMI TCP Connection(1)-192.168.156.17) 24.930ms
[14.653s][info][gc] GC(304) Garbage Collection (Allocation Stall) 12M(100%)->12M(100%)
[14.666s][info][gc] Allocation Stall (JFR Periodic Tasks) 14.599ms
[14.666s][info][gc] GC(305) Garbage Collection (Allocation Stall) 12M(100%)->12M(100%)
[14.679s][info][gc] Allocation Stall (RMI TCP Connection(1)-192.168.156.17) 25.198ms
[14.679s][info][gc] GC(306) Garbage Collection (Allocation Stall) 12M(100%)->12M(100%)
[14.693s][info][gc] Allocation Stall (JFR Periodic Tasks) 16.572ms
[14.693s][info][gc] GC(307) Garbage Collection (Allocation Stall) 12M(100%)->12M(100%)
[14.706s][info][gc] Allocation Stall (RMI TCP Connection(1)-192.168.156.17) 26.206ms
[14.706s][info][gc] GC(308) Garbage Collection (Allocation Stall) 12M(100%)->12M(100%)
[14.719s][info][gc] Allocation Stall (JFR Periodic Tasks) 16.463ms
[14.719s][info][gc] GC(309) Garbage Collection (Allocation Stall) 12M(100%)->12M(100%)
[14.732s][info][gc] Allocation Stall (RMI TCP Connection(1)-192.168.156.17) 25.328ms
[14.732s][info][gc] GC(310) Garbage Collection (Allocation Stall) 12M(100%)->12M(100%)
[14.745s][info][gc] Allocation Stall (JFR Periodic Tasks) 15.665ms
[14.745s][info][gc] GC(311) Garbage Collection (Allocation Stall) 12M(100%)->12M(100%)
[14.760s][info][gc] Allocation Stall (RMI TCP Connection(1)-192.168.156.17) 27.142ms
[14.760s][info][gc] GC(312) Garbage Collection (Allocation Stall) 12M(100%)->12M(100%)
[14.773s][info][gc] Allocation Stall (JFR Periodic Tasks) 16.773ms
[14.773s][info][gc] GC(313) Garbage Collection (Allocation Stall) 12M(100%)->12M(100%)
[14.786s][info][gc] Allocation Stall (RMI TCP Connection(1)-192.168.156.17) 25.743ms
[14.786s][info][gc] GC(314) Garbage Collection (Allocation Stall) 12M(100%)->12M(100%)
[14.799s][info][gc] Allocation Stall (JFR Periodic Tasks) 15.052ms
[14.799s][info][gc] GC(315) Garbage Collection (Allocation Stall) 12M(100%)->12M(100%)
[14.812s][info][gc] Allocation Stall (RMI TCP Connection(1)-192.168.156.17) 25.859ms
[14.813s][info][gc] GC(316) Garbage Collection (Allocation Stall) 12M(100%)->12M(100%)
[14.826s][info][gc] Allocation Stall (JFR Periodic Tasks) 17.872ms
[14.826s][info][gc] GC(317) Garbage Collection (Allocation Stall) 12M(100%)->12M(100%)
[14.841s][info][gc] Allocation Stall (RMI TCP Connection(1)-192.168.156.17) 27.928ms
[14.841s][info][gc] GC(318) Garbage Collection (Allocation Stall) 12M(100%)->12M(100%)
[14.853s][info][gc] Allocation Stall (JFR Periodic Tasks) 16.574ms
[14.853s][info][gc] GC(319) Garbage Collection (Allocation Stall) 12M(100%)->12M(100%)
[14.867s][info][gc] Allocation Stall (RMI TCP Connection(1)-192.168.156.17) 25.311ms
[14.867s][info][gc] GC(320) Garbage Collection (Allocation Stall) 12M(100%)->12M(100%)
[14.882s][info][gc] GC(321) Garbage Collection (Allocation Stall) 12M(100%)->12M(100%)
[14.882s][info][gc] Allocation Stall (JFR Periodic Tasks) 18.182ms
[14.895s][info][gc] Allocation Stall (RMI TCP Connection(1)-192.168.156.17) 27.411ms
[14.895s][info][gc] GC(322) Garbage Collection (Allocation Stall) 12M(100%)->12M(100%)
[14.908s][info][gc] GC(323) Garbage Collection (Allocation Stall) 12M(100%)->12M(100%)
[14.908s][info][gc] Allocation Stall (JFR Periodic Tasks) 16.464ms
[14.921s][info][gc] Allocation Stall (RMI TCP Connection(1)-192.168.156.17) 25.042ms
[14.921s][info][gc] GC(324) Garbage Collection (Allocation Stall) 12M(100%)->12M(100%)
[14.934s][info][gc] GC(325) Garbage Collection (Allocation Stall) 12M(100%)->12M(100%)
[14.934s][info][gc] Allocation Stall (JFR Periodic Tasks) 16.170ms
[14.947s][info][gc] Allocation Stall (RMI TCP Connection(1)-192.168.156.17) 25.075ms
[14.947s][info][gc] GC(326) Garbage Collection (Allocation Stall) 12M(100%)->12M(100%)
[14.961s][info][gc] GC(327) Garbage Collection (Allocation Stall) 12M(100%)->12M(100%)
[14.961s][info][gc] Allocation Stall (JFR Periodic Tasks) 16.452ms
[14.973s][info][gc] Allocation Stall (RMI TCP Connection(1)-192.168.156.17) 25.810ms
[14.974s][info][gc] GC(328) Garbage Collection (Allocation Stall) 12M(100%)->12M(100%)
[14.986s][info][gc] Allocation Stall (JFR Periodic Tasks) 14.984ms
[14.986s][info][gc] GC(329) Garbage Collection (Allocation Stall) 12M(100%)->12M(100%)
[14.998s][info][gc] Allocation Stall (RMI TCP Connection(1)-192.168.156.17) 24.587ms
[14.999s][info][gc] GC(330) Garbage Collection (Allocation Stall) 12M(100%)->12M(100%)
[15.012s][info][gc] Allocation Stall (JFR Periodic Tasks) 15.466ms
[15.012s][info][gc] GC(331) Garbage Collection (Allocation Stall) 12M(100%)->12M(100%)
[15.024s][info][gc] Allocation Stall (RMI TCP Connection(1)-192.168.156.17) 25.067ms
[15.024s][info][gc] GC(332) Garbage Collection (Allocation Stall) 12M(100%)->12M(100%)
[15.037s][info][gc] GC(333) Garbage Collection (Allocation Stall) 12M(100%)->12M(100%)
[15.037s][info][gc] Allocation Stall (JFR Periodic Tasks) 14.768ms
[15.050s][info][gc] Allocation Stall (RMI TCP Connection(1)-192.168.156.17) 25.669ms
[15.051s][info][gc] GC(334) Garbage Collection (Allocation Stall) 12M(100%)->12M(100%)
[15.063s][info][gc] GC(335) Garbage Collection (Allocation Stall) 12M(100%)->12M(100%)
[15.063s][info][gc] Allocation Stall (JFR Periodic Tasks) 15.891ms
[15.076s][info][gc] Allocation Stall (RMI TCP Connection(1)-192.168.156.17) 24.989ms
[15.077s][info][gc] GC(336) Garbage Collection (Allocation Stall) 12M(100%)->12M(100%)
[15.090s][info][gc] GC(337) Garbage Collection (Allocation Stall) 12M(100%)->12M(100%)
[15.090s][info][gc] Allocation Stall (JFR Periodic Tasks) 16.579ms
[15.102s][info][gc] Allocation Stall (RMI TCP Connection(1)-192.168.156.17) 25.154ms
[15.102s][info][gc] GC(338) Garbage Collection (Allocation Stall) 12M(100%)->12M(100%)
[15.115s][info][gc] GC(339) Garbage Collection (Allocation Stall) 12M(100%)->12M(100%)
[15.115s][info][gc] Allocation Stall (JFR Periodic Tasks) 14.472ms
[15.128s][info][gc] Allocation Stall (RMI TCP Connection(1)-192.168.156.17) 25.088ms
[15.128s][info][gc] GC(340) Garbage Collection (Allocation Stall) 12M(100%)->12M(100%)
[15.141s][info][gc] GC(341) Garbage Collection (Allocation Stall) 12M(100%)->12M(100%)
[15.141s][info][gc] Allocation Stall (JFR Periodic Tasks) 15.512ms
[15.153s][info][gc] Allocation Stall (RMI TCP Connection(1)-192.168.156.17) 25.098ms
[15.154s][info][gc] GC(342) Garbage Collection (Allocation Stall) 12M(100%)->12M(100%)
[15.166s][info][gc] GC(343) Garbage Collection (Allocation Stall) 12M(100%)->12M(100%)
[15.166s][info][gc] Allocation Stall (JFR Periodic Tasks) 14.859ms
[15.178s][info][gc] Allocation Stall (RMI TCP Connection(1)-192.168.156.17) 24.147ms
[15.178s][info][gc] GC(344) Garbage Collection (Allocation Stall) 12M(100%)->12M(100%)
[15.191s][info][gc] GC(345) Garbage Collection (Allocation Stall) 12M(100%)->12M(100%)
[15.191s][info][gc] Allocation Stall (JFR Periodic Tasks) 14.675ms
[15.203s][info][gc] Allocation Stall (RMI TCP Connection(1)-192.168.156.17) 23.851ms
[15.203s][info][gc] GC(346) Garbage Collection (Allocation Stall) 12M(100%)->12M(100%)
[15.216s][info][gc] GC(347) Garbage Collection (Allocation Stall) 12M(100%)->12M(100%)
[15.216s][info][gc] Allocation Stall (JFR Periodic Tasks) 15.277ms
[15.228s][info][gc] Allocation Stall (RMI TCP Connection(1)-192.168.156.17) 24.565ms
[15.228s][info][gc] GC(348) Garbage Collection (Allocation Stall) 12M(100%)->12M(100%)
[15.242s][info][gc] Allocation Stall (JFR Periodic Tasks) 15.718ms
[15.242s][info][gc] GC(349) Garbage Collection (Allocation Stall) 12M(100%)->12M(100%)
[15.254s][info][gc] Allocation Stall (RMI TCP Connection(1)-192.168.156.17) 25.767ms
[15.255s][info][gc] GC(350) Garbage Collection (Allocation Stall) 12M(100%)->12M(100%)
[15.267s][info][gc] Allocation Stall (JFR Periodic Tasks) 15.583ms
[15.267s][info][gc] GC(351) Garbage Collection (Allocation Stall) 12M(100%)->12M(100%)
[15.279s][info][gc] Allocation Stall (RMI TCP Connection(1)-192.168.156.17) 23.689ms
[15.279s][info][gc] GC(352) Garbage Collection (Allocation Stall) 12M(100%)->12M(100%)
[15.292s][info][gc] GC(353) Garbage Collection (Allocation Stall) 12M(100%)->12M(100%)
[15.292s][info][gc] Allocation Stall (JFR Periodic Tasks) 14.992ms
[15.305s][info][gc] Allocation Stall (RMI TCP Connection(1)-192.168.156.17) 25.229ms
[15.305s][info][gc] GC(354) Garbage Collection (Allocation Stall) 12M(100%)->12M(100%)
[15.319s][info][gc] Allocation Stall (JFR Periodic Tasks) 16.311ms
[15.319s][info][gc] GC(355) Garbage Collection (Allocation Stall) 12M(100%)->12M(100%)
[15.331s][info][gc] Allocation Stall (RMI TCP Connection(1)-192.168.156.17) 25.657ms
[15.332s][info][gc] GC(356) Garbage Collection (Allocation Stall) 12M(100%)->12M(100%)
[15.344s][info][gc] Allocation Stall (JFR Periodic Tasks) 14.845ms
[15.344s][info][gc] GC(357) Garbage Collection (Allocation Stall) 12M(100%)->12M(100%)
[15.358s][info][gc] Allocation Stall (RMI TCP Connection(1)-192.168.156.17) 26.463ms
[15.359s][info][gc] GC(358) Garbage Collection (Allocation Stall) 12M(100%)->12M(100%)
[15.371s][info][gc] GC(359) Garbage Collection (Allocation Stall) 12M(100%)->12M(100%)
[15.371s][info][gc] Allocation Stall (JFR Periodic Tasks) 16.028ms
[15.383s][info][gc] Allocation Stall (RMI TCP Connection(1)-192.168.156.17) 24.311ms
[15.384s][info][gc] GC(360) Garbage Collection (Allocation Stall) 12M(100%)->12M(100%)
[15.396s][info][gc] Allocation Stall (JFR Periodic Tasks) 15.144ms
[15.396s][info][gc] GC(361) Garbage Collection (Allocation Stall) 12M(100%)->12M(100%)
[15.409s][info][gc] Allocation Stall (RMI TCP Connection(1)-192.168.156.17) 25.224ms
[15.409s][info][gc] GC(362) Garbage Collection (Allocation Stall) 12M(100%)->12M(100%)
[15.422s][info][gc] GC(363) Garbage Collection (Allocation Stall) 12M(100%)->12M(100%)
[15.422s][info][gc] Allocation Stall (JFR Periodic Tasks) 15.396ms
[15.434s][info][gc] Allocation Stall (RMI TCP Connection(1)-192.168.156.17) 24.778ms
[15.435s][info][gc] GC(364) Garbage Collection (Allocation Stall) 12M(100%)->12M(100%)
[15.448s][info][gc] Allocation Stall (JFR Periodic Tasks) 16.379ms
[15.448s][info][gc] GC(365) Garbage Collection (Allocation Stall) 12M(100%)->12M(100%)
[15.461s][info][gc] Allocation Stall (RMI TCP Connection(1)-192.168.156.17) 26.067ms
[15.462s][info][gc] GC(366) Garbage Collection (Allocation Stall) 12M(100%)->12M(100%)
[15.475s][info][gc] Allocation Stall (JFR Periodic Tasks) 16.780ms
[15.475s][info][gc] GC(367) Garbage Collection (Allocation Stall) 12M(100%)->12M(100%)
[15.487s][info][gc] Allocation Stall (RMI TCP Connection(1)-192.168.156.17) 25.521ms
[15.488s][info][gc] GC(368) Garbage Collection (Allocation Stall) 12M(100%)->12M(100%)
[15.501s][info][gc] Allocation Stall (JFR Periodic Tasks) 16.809ms
[15.501s][info][gc] GC(369) Garbage Collection (Allocation Stall) 12M(100%)->12M(100%)
[15.515s][info][gc] Allocation Stall (RMI TCP Connection(1)-192.168.156.17) 26.615ms
[15.515s][info][gc] GC(370) Garbage Collection (Allocation Stall) 12M(100%)->12M(100%)
[15.529s][info][gc] GC(371) Garbage Collection (Allocation Stall) 12M(100%)->12M(100%)
[15.529s][info][gc] Allocation Stall (JFR Periodic Tasks) 16.546ms
[15.541s][info][gc] Allocation Stall (RMI TCP Connection(1)-192.168.156.17) 25.285ms
[15.541s][info][gc] GC(372) Garbage Collection (Allocation Stall) 12M(100%)->12M(100%)
[15.555s][info][gc] GC(373) Garbage Collection (Allocation Stall) 12M(100%)->12M(100%)
[15.555s][info][gc] Allocation Stall (JFR Periodic Tasks) 15.844ms
[15.568s][info][gc] Allocation Stall (RMI TCP Connection(1)-192.168.156.17) 26.224ms
[15.568s][info][gc] GC(374) Garbage Collection (Allocation Stall) 12M(100%)->12M(100%)
[15.581s][info][gc] GC(375) Garbage Collection (Allocation Stall) 12M(100%)->12M(100%)
[15.581s][info][gc] Allocation Stall (JFR Periodic Tasks) 16.305ms
[15.593s][info][gc] Allocation Stall (RMI TCP Connection(1)-192.168.156.17) 24.841ms
[15.594s][info][gc] GC(376) Garbage Collection (Allocation Stall) 12M(100%)->12M(100%)
[15.607s][info][gc] GC(377) Garbage Collection (Allocation Stall) 12M(100%)->12M(100%)
[15.607s][info][gc] Allocation Stall (JFR Periodic Tasks) 16.691ms
[15.619s][info][gc] Allocation Stall (RMI TCP Connection(1)-192.168.156.17) 25.223ms
[15.619s][info][gc] GC(378) Garbage Collection (Allocation Stall) 12M(100%)->12M(100%)
[15.632s][info][gc] GC(379) Garbage Collection (Allocation Stall) 12M(100%)->12M(100%)
[15.632s][info][gc] Allocation Stall (JFR Periodic Tasks) 15.328ms
[15.645s][info][gc] Allocation Stall (RMI TCP Connection(1)-192.168.156.17) 25.235ms
[15.645s][info][gc] GC(380) Garbage Collection (Allocation Stall) 12M(100%)->12M(100%)
[15.659s][info][gc] Allocation Stall (JFR Periodic Tasks) 15.602ms
[15.659s][info][gc] GC(381) Garbage Collection (Allocation Stall) 12M(100%)->12M(100%)
[15.671s][info][gc] Allocation Stall (RMI TCP Connection(1)-192.168.156.17) 25.207ms
[15.671s][info][gc] GC(382) Garbage Collection (Allocation Stall) 12M(100%)->12M(100%)
[15.684s][info][gc] Allocation Stall (JFR Periodic Tasks) 15.172ms
[15.684s][info][gc] GC(383) Garbage Collection (Allocation Stall) 12M(100%)->12M(100%)
[15.697s][info][gc] Allocation Stall (RMI TCP Connection(1)-192.168.156.17) 25.057ms
[15.697s][info][gc] GC(384) Garbage Collection (Allocation Stall) 12M(100%)->12M(100%)
[15.711s][info][gc] Allocation Stall (JFR Periodic Tasks) 17.191ms
[15.711s][info][gc] GC(385) Garbage Collection (Allocation Stall) 12M(100%)->12M(100%)
[15.724s][info][gc] Allocation Stall (RMI TCP Connection(1)-192.168.156.17) 26.939ms
[15.725s][info][gc] GC(386) Garbage Collection (Allocation Stall) 12M(100%)->12M(100%)
[15.737s][info][gc] Allocation Stall (JFR Periodic Tasks) 16.056ms
[15.737s][info][gc] GC(387) Garbage Collection (Allocation Stall) 12M(100%)->12M(100%)
[15.750s][info][gc] Allocation Stall (RMI TCP Connection(1)-192.168.156.17) 24.609ms
[15.750s][info][gc] GC(388) Garbage Collection (Allocation Stall) 12M(100%)->12M(100%)
[15.763s][info][gc] Allocation Stall (JFR Periodic Tasks) 16.619ms
[15.763s][info][gc] GC(389) Garbage Collection (Allocation Stall) 12M(100%)->12M(100%)
[15.776s][info][gc] Allocation Stall (RMI TCP Connection(1)-192.168.156.17) 25.660ms
[15.776s][info][gc] GC(390) Garbage Collection (Allocation Stall) 12M(100%)->12M(100%)
[15.789s][info][gc] GC(391) Garbage Collection (Allocation Stall) 12M(100%)->12M(100%)
[15.789s][info][gc] Allocation Stall (JFR Periodic Tasks) 15.657ms
[15.801s][info][gc] Allocation Stall (RMI TCP Connection(1)-192.168.156.17) 24.861ms
[15.802s][info][gc] GC(392) Garbage Collection (Allocation Stall) 12M(100%)->12M(100%)
[15.816s][info][gc] Allocation Stall (JFR Periodic Tasks) 16.760ms
[15.816s][info][gc] GC(393) Garbage Collection (Allocation Stall) 12M(100%)->12M(100%)
[15.829s][info][gc] Allocation Stall (RMI TCP Connection(1)-192.168.156.17) 27.112ms
[15.829s][info][gc] GC(394) Garbage Collection (Allocation Stall) 12M(100%)->12M(100%)
[15.844s][info][gc] Allocation Stall (JFR Periodic Tasks) 18.210ms
[15.844s][info][gc] GC(395) Garbage Collection (Allocation Stall) 12M(100%)->12M(100%)
[15.857s][info][gc] Allocation Stall (RMI TCP Connection(1)-192.168.156.17) 27.530ms
[15.857s][info][gc] GC(396) Garbage Collection (Allocation Stall) 12M(100%)->12M(100%)
[15.870s][info][gc] GC(397) Garbage Collection (Allocation Stall) 12M(100%)->12M(100%)
[15.870s][info][gc] Allocation Stall (JFR Periodic Tasks) 16.184ms
[15.883s][info][gc] Allocation Stall (RMI TCP Connection(1)-192.168.156.17) 25.071ms
[15.883s][info][gc] GC(398) Garbage Collection (Allocation Stall) 12M(100%)->12M(100%)
[15.897s][info][gc] Allocation Stall (JFR Periodic Tasks) 16.347ms
[15.897s][info][gc] GC(399) Garbage Collection (Allocation Stall) 12M(100%)->12M(100%)
[15.910s][info][gc] Allocation Stall (RMI TCP Connection(1)-192.168.156.17) 26.839ms
[15.910s][info][gc] GC(400) Garbage Collection (Allocation Stall) 12M(100%)->12M(100%)
[15.926s][info][gc] GC(401) Garbage Collection (Allocation Stall) 12M(100%)->12M(100%)
[15.926s][info][gc] Allocation Stall (JFR Periodic Tasks) 19.689ms
[15.940s][info][gc] Allocation Stall (RMI TCP Connection(1)-192.168.156.17) 28.892ms
[15.940s][info][gc] GC(402) Garbage Collection (Allocation Stall) 12M(100%)->12M(100%)
[15.954s][info][gc] Allocation Stall (JFR Periodic Tasks) 17.017ms
[15.954s][info][gc] GC(403) Garbage Collection (Allocation Stall) 12M(100%)->12M(100%)
[15.967s][info][gc] Allocation Stall (RMI TCP Connection(1)-192.168.156.17) 26.368ms
[15.967s][info][gc] GC(404) Garbage Collection (Allocation Stall) 12M(100%)->12M(100%)
[15.980s][info][gc] Allocation Stall (JFR Periodic Tasks) 16.039ms
[15.980s][info][gc] GC(405) Garbage Collection (Allocation Stall) 12M(100%)->12M(100%)
[15.993s][info][gc] Allocation Stall (RMI TCP Connection(1)-192.168.156.17) 25.156ms
[15.993s][info][gc] GC(406) Garbage Collection (Allocation Stall) 12M(100%)->12M(100%)
[16.007s][info][gc] Allocation Stall (JFR Periodic Tasks) 17.368ms
[16.007s][info][gc] GC(407) Garbage Collection (Allocation Stall) 12M(100%)->12M(100%)
[16.019s][info][gc] Allocation Stall (RMI TCP Connection(1)-192.168.156.17) 25.921ms
[16.020s][info][gc] GC(408) Garbage Collection (Allocation Stall) 12M(100%)->12M(100%)
[16.032s][info][gc] GC(409) Garbage Collection (Allocation Stall) 12M(100%)->12M(100%)
[16.032s][info][gc] Allocation Stall (JFR Periodic Tasks) 14.093ms
[16.045s][info][gc] Allocation Stall (RMI TCP Connection(1)-192.168.156.17) 25.005ms
[16.045s][info][gc] GC(410) Garbage Collection (Allocation Stall) 12M(100%)->12M(100%)
[16.058s][info][gc] Allocation Stall (JFR Periodic Tasks) 14.875ms
[16.058s][info][gc] GC(411) Garbage Collection (Allocation Stall) 12M(100%)->12M(100%)
[16.070s][info][gc] Allocation Stall (RMI TCP Connection(1)-192.168.156.17) 24.832ms
[16.071s][info][gc] GC(412) Garbage Collection (Allocation Stall) 12M(100%)->12M(100%)
[16.083s][info][gc] Allocation Stall (JFR Periodic Tasks) 14.629ms
[16.083s][info][gc] GC(413) Garbage Collection (Allocation Stall) 12M(100%)->12M(100%)
[16.096s][info][gc] Allocation Stall (RMI TCP Connection(1)-192.168.156.17) 25.122ms
[16.097s][info][gc] GC(414) Garbage Collection (Allocation Stall) 12M(100%)->12M(100%)
[16.110s][info][gc] Allocation Stall (JFR Periodic Tasks) 16.469ms
[16.110s][info][gc] GC(415) Garbage Collection (Allocation Stall) 12M(100%)->12M(100%)
[16.123s][info][gc] Allocation Stall (RMI TCP Connection(1)-192.168.156.17) 25.962ms
[16.123s][info][gc] GC(416) Garbage Collection (Allocation Stall) 12M(100%)->12M(100%)
[16.135s][info][gc] GC(417) Garbage Collection (Allocation Stall) 12M(100%)->12M(100%)
[16.135s][info][gc] Allocation Stall (JFR Periodic Tasks) 15.346ms
[16.148s][info][gc] Allocation Stall (RMI TCP Connection(1)-192.168.156.17) 24.948ms
[16.149s][info][gc] GC(418) Garbage Collection (Allocation Stall) 12M(100%)->12M(100%)
[16.163s][info][gc] GC(419) Garbage Collection (Allocation Stall) 12M(100%)->12M(100%)
[16.163s][info][gc] Allocation Stall (JFR Periodic Tasks) 17.090ms
[16.176s][info][gc] Allocation Stall (RMI TCP Connection(1)-192.168.156.17) 26.806ms
[16.176s][info][gc] GC(420) Garbage Collection (Allocation Stall) 12M(100%)->12M(100%)
[16.189s][info][gc] Allocation Stall (JFR Periodic Tasks) 16.197ms
[16.189s][info][gc] GC(421) Garbage Collection (Allocation Stall) 12M(100%)->12M(100%)
[16.206s][info][gc] Allocation Stall (RMI TCP Connection(1)-192.168.156.17) 29.749ms
[16.207s][info][gc] GC(422) Garbage Collection (Allocation Stall) 12M(100%)->12M(100%)
[16.219s][info][gc] Allocation Stall (JFR Periodic Tasks) 20.051ms
[16.219s][info][gc] GC(423) Garbage Collection (Allocation Stall) 12M(100%)->12M(100%)
[16.231s][info][gc] Allocation Stall (RMI TCP Connection(1)-192.168.156.17) 24.481ms
[16.232s][info][gc] GC(424) Garbage Collection (Allocation Stall) 12M(100%)->12M(100%)
[16.245s][info][gc] Allocation Stall (JFR Periodic Tasks) 15.742ms
[16.245s][info][gc] GC(425) Garbage Collection (Allocation Stall) 12M(100%)->12M(100%)
[16.258s][info][gc] Allocation Stall (RMI TCP Connection(1)-192.168.156.17) 26.121ms
[16.258s][info][gc] GC(426) Garbage Collection (Allocation Stall) 12M(100%)->12M(100%)
[16.271s][info][gc] GC(427) Garbage Collection (Allocation Stall) 12M(100%)->12M(100%)
[16.271s][info][gc] Allocation Stall (JFR Periodic Tasks) 16.239ms
[16.283s][info][gc] Allocation Stall (RMI TCP Connection(1)-192.168.156.17) 23.894ms
[16.283s][info][gc] GC(428) Garbage Collection (Allocation Stall) 12M(100%)->12M(100%)
[16.297s][info][gc] Allocation Stall (JFR Periodic Tasks) 16.269ms
[16.297s][info][gc] GC(429) Garbage Collection (Allocation Stall) 12M(100%)->12M(100%)
[16.309s][info][gc] Allocation Stall (RMI TCP Connection(1)-192.168.156.17) 25.357ms
[16.309s][info][gc] GC(430) Garbage Collection (Allocation Stall) 12M(100%)->12M(100%)
[16.323s][info][gc] Allocation Stall (JFR Periodic Tasks) 16.533ms
[16.323s][info][gc] GC(431) Garbage Collection (Allocation Stall) 12M(100%)->12M(100%)
[16.335s][info][gc] Allocation Stall (RMI TCP Connection(1)-192.168.156.17) 26.159ms
[16.336s][info][gc] GC(432) Garbage Collection (Allocation Stall) 12M(100%)->12M(100%)
[16.348s][info][gc] Allocation Stall (JFR Periodic Tasks) 14.733ms
[16.348s][info][gc] GC(433) Garbage Collection (Allocation Stall) 12M(100%)->12M(100%)
[16.362s][info][gc] Allocation Stall (C1 CompilerThread0) 25.944ms
[16.362s][info][gc] GC(434) Garbage Collection (Allocation Stall) 12M(100%)->12M(100%)
[16.362s][info][gc] Allocation Stall (RMI TCP Connection(1)-192.168.156.17) 26.208ms
[16.375s][info][gc] Allocation Stall (JFR Periodic Tasks) 17.225ms
[16.375s][info][gc] GC(435) Garbage Collection (Allocation Stall) 12M(100%)->12M(100%)
[16.387s][info][gc] Allocation Stall (RMI TCP Connection(1)-192.168.156.17) 24.469ms
[16.387s][info][gc] GC(436) Garbage Collection (Allocation Stall) 12M(100%)->12M(100%)
[16.400s][info][gc] GC(437) Garbage Collection (Allocation Stall) 12M(100%)->12M(100%)
[16.400s][info][gc] Allocation Stall (JFR Periodic Tasks) 14.761ms
[16.413s][info][gc] Allocation Stall (RMI TCP Connection(1)-192.168.156.17) 25.490ms
[16.413s][info][gc] GC(438) Garbage Collection (Allocation Stall) 12M(100%)->12M(100%)
[16.426s][info][gc] Allocation Stall (JFR Periodic Tasks) 16.187ms
[16.426s][info][gc] GC(439) Garbage Collection (Allocation Stall) 12M(100%)->12M(100%)
[16.439s][info][gc] Allocation Stall (RMI TCP Connection(1)-192.168.156.17) 25.686ms
[16.440s][info][gc] GC(440) Garbage Collection (Allocation Stall) 12M(100%)->12M(100%)
[16.452s][info][gc] Allocation Stall (JFR Periodic Tasks) 16.837ms
[16.452s][info][gc] GC(441) Garbage Collection (Allocation Stall) 12M(100%)->12M(100%)
[16.464s][info][gc] Allocation Stall (RMI TCP Connection(1)-192.168.156.17) 24.528ms
[16.465s][info][gc] GC(442) Garbage Collection (Allocation Stall) 12M(100%)->12M(100%)
[16.478s][info][gc] GC(443) Garbage Collection (Allocation Stall) 12M(100%)->12M(100%)
[16.478s][info][gc] Allocation Stall (JFR Periodic Tasks) 15.446ms
[16.490s][info][gc] Allocation Stall (RMI TCP Connection(1)-192.168.156.17) 25.393ms
[16.491s][info][gc] GC(444) Garbage Collection (Allocation Stall) 12M(100%)->12M(100%)
[16.503s][info][gc] Allocation Stall (JFR Periodic Tasks) 15.275ms
[16.503s][info][gc] GC(445) Garbage Collection (Allocation Stall) 12M(100%)->12M(100%)
[16.517s][info][gc] Allocation Stall (RMI TCP Connection(1)-192.168.156.17) 25.649ms
[16.517s][info][gc] GC(446) Garbage Collection (Allocation Stall) 12M(100%)->12M(100%)
[16.530s][info][gc] Allocation Stall (JFR Periodic Tasks) 16.691ms
[16.530s][info][gc] GC(447) Garbage Collection (Allocation Stall) 12M(100%)->12M(100%)
[16.544s][info][gc] Allocation Stall (RMI TCP Connection(1)-192.168.156.17) 26.167ms
[16.544s][info][gc] GC(448) Garbage Collection (Allocation Stall) 12M(100%)->12M(100%)
[16.558s][info][gc] Allocation Stall (JFR Periodic Tasks) 18.017ms
[16.558s][info][gc] GC(449) Garbage Collection (Allocation Stall) 12M(100%)->12M(100%)
[16.570s][info][gc] Allocation Stall (RMI TCP Connection(1)-192.168.156.17) 26.193ms
[16.571s][info][gc] GC(450) Garbage Collection (Allocation Stall) 12M(100%)->12M(100%)
[16.583s][info][gc] Allocation Stall (JFR Periodic Tasks) 14.444ms
[16.583s][info][gc] GC(451) Garbage Collection (Allocation Stall) 12M(100%)->12M(100%)
[16.595s][info][gc] Allocation Stall (RMI TCP Connection(1)-192.168.156.17) 24.384ms
[16.596s][info][gc] GC(452) Garbage Collection (Allocation Stall) 12M(100%)->12M(100%)
[16.609s][info][gc] Allocation Stall (JFR Periodic Tasks) 16.930ms
[16.609s][info][gc] GC(453) Garbage Collection (Allocation Stall) 12M(100%)->12M(100%)
[16.621s][info][gc] Allocation Stall (RMI TCP Connection(1)-192.168.156.17) 25.045ms
[16.621s][info][gc] GC(454) Garbage Collection (Allocation Stall) 12M(100%)->12M(100%)
[16.634s][info][gc] Allocation Stall (JFR Periodic Tasks) 15.162ms
[16.634s][info][gc] GC(455) Garbage Collection (Allocation Stall) 12M(100%)->12M(100%)
[16.647s][info][gc] Allocation Stall (RMI TCP Connection(1)-192.168.156.17) 25.079ms
[16.647s][info][gc] GC(456) Garbage Collection (Allocation Stall) 12M(100%)->12M(100%)
[16.660s][info][gc] Allocation Stall (JFR Periodic Tasks) 15.389ms
[16.660s][info][gc] GC(457) Garbage Collection (Allocation Stall) 12M(100%)->12M(100%)
[16.672s][info][gc] Allocation Stall (RMI TCP Connection(1)-192.168.156.17) 24.420ms
[16.672s][info][gc] GC(458) Garbage Collection (Allocation Stall) 12M(100%)->12M(100%)
[16.685s][info][gc] Allocation Stall (JFR Periodic Tasks) 15.346ms
[16.685s][info][gc] GC(459) Garbage Collection (Allocation Stall) 12M(100%)->12M(100%)
[16.699s][info][gc] Allocation Stall (RMI TCP Connection(1)-192.168.156.17) 25.621ms
[16.699s][info][gc] GC(460) Garbage Collection (Allocation Stall) 12M(100%)->12M(100%)
[16.712s][info][gc] Allocation Stall (JFR Periodic Tasks) 16.566ms
[16.712s][info][gc] GC(461) Garbage Collection (Allocation Stall) 12M(100%)->12M(100%)
[16.725s][info][gc] Allocation Stall (RMI TCP Connection(1)-192.168.156.17) 25.482ms
[16.725s][info][gc] GC(462) Garbage Collection (Allocation Stall) 12M(100%)->12M(100%)
[16.736s][info][gc] GC(463) Garbage Collection (Allocation Stall) 12M(100%)->12M(100%)
[16.736s][info][gc] Allocation Stall (JFR Periodic Tasks) 13.881ms
[16.749s][info][gc] Allocation Stall (RMI TCP Connection(1)-192.168.156.17) 24.096ms
[16.749s][info][gc] GC(464) Garbage Collection (Allocation Stall) 12M(100%)->12M(100%)
[16.763s][info][gc] Allocation Stall (JFR Periodic Tasks) 16.192ms
[16.763s][info][gc] GC(465) Garbage Collection (Allocation Stall) 12M(100%)->12M(100%)
[16.775s][info][gc] Allocation Stall (RMI TCP Connection(1)-192.168.156.17) 25.143ms
[16.775s][info][gc] GC(466) Garbage Collection (Allocation Stall) 12M(100%)->12M(100%)
[16.788s][info][gc] Allocation Stall (JFR Periodic Tasks) 15.890ms
[16.788s][info][gc] GC(467) Garbage Collection (Allocation Stall) 12M(100%)->12M(100%)
[16.801s][info][gc] Allocation Stall (RMI TCP Connection(1)-192.168.156.17) 25.363ms
[16.801s][info][gc] GC(468) Garbage Collection (Allocation Stall) 12M(100%)->12M(100%)
[16.814s][info][gc] GC(469) Garbage Collection (Allocation Stall) 12M(100%)->12M(100%)
[16.814s][info][gc] Allocation Stall (JFR Periodic Tasks) 15.720ms
[16.826s][info][gc] Allocation Stall (RMI TCP Connection(1)-192.168.156.17) 25.192ms
[16.827s][info][gc] GC(470) Garbage Collection (Allocation Stall) 12M(100%)->12M(100%)
[16.841s][info][gc] Allocation Stall (JFR Periodic Tasks) 17.408ms
[16.841s][info][gc] GC(471) Garbage Collection (Allocation Stall) 12M(100%)->12M(100%)
[16.853s][info][gc] Allocation Stall (RMI TCP Connection(1)-192.168.156.17) 25.660ms
[16.853s][info][gc] GC(472) Garbage Collection (Allocation Stall) 12M(100%)->12M(100%)
[16.866s][info][gc] Allocation Stall (JFR Periodic Tasks) 14.775ms
[16.866s][info][gc] GC(473) Garbage Collection (Allocation Stall) 12M(100%)->12M(100%)
[16.878s][info][gc] Allocation Stall (RMI TCP Connection(1)-192.168.156.17) 25.015ms
[16.879s][info][gc] GC(474) Garbage Collection (Allocation Stall) 12M(100%)->12M(100%)
[16.892s][info][gc] Allocation Stall (JFR Periodic Tasks) 15.694ms
[16.892s][info][gc] GC(475) Garbage Collection (Allocation Stall) 12M(100%)->12M(100%)
[16.904s][info][gc] Allocation Stall (RMI TCP Connection(1)-192.168.156.17) 24.929ms
[16.904s][info][gc] GC(476) Garbage Collection (Allocation Stall) 12M(100%)->12M(100%)
[16.917s][info][gc] Allocation Stall (JFR Periodic Tasks) 15.091ms
[16.917s][info][gc] GC(477) Garbage Collection (Allocation Stall) 12M(100%)->12M(100%)
[16.930s][info][gc] Allocation Stall (RMI TCP Connection(1)-192.168.156.17) 25.673ms
[16.931s][info][gc] GC(478) Garbage Collection (Allocation Stall) 12M(100%)->12M(100%)
[16.943s][info][gc] Allocation Stall (JFR Periodic Tasks) 14.988ms
[16.943s][info][gc] GC(479) Garbage Collection (Allocation Stall) 12M(100%)->12M(100%)
[16.957s][info][gc] Allocation Stall (RMI TCP Connection(1)-192.168.156.17) 25.894ms
[16.957s][info][gc] GC(480) Garbage Collection (Allocation Stall) 12M(100%)->12M(100%)
[16.969s][info][gc] GC(481) Garbage Collection (Allocation Stall) 12M(100%)->12M(100%)
[16.969s][info][gc] Allocation Stall (JFR Periodic Tasks) 15.828ms
[16.982s][info][gc] Allocation Stall (RMI TCP Connection(1)-192.168.156.17) 24.602ms
[16.982s][info][gc] GC(482) Garbage Collection (Allocation Stall) 12M(100%)->12M(100%)
[16.995s][info][gc] Allocation Stall (JFR Periodic Tasks) 16.005ms
[16.995s][info][gc] GC(483) Garbage Collection (Allocation Stall) 12M(100%)->12M(100%)
[17.007s][info][gc] Allocation Stall (RMI TCP Connection(1)-192.168.156.17) 24.230ms
[17.008s][info][gc] GC(484) Garbage Collection (Allocation Stall) 12M(100%)->12M(100%)
[17.020s][info][gc] Allocation Stall (JFR Periodic Tasks) 15.265ms
[17.020s][info][gc] GC(485) Garbage Collection (Allocation Stall) 12M(100%)->12M(100%)
[17.033s][info][gc] Allocation Stall (RMI TCP Connection(1)-192.168.156.17) 24.394ms
[17.033s][info][gc] GC(486) Garbage Collection (Allocation Stall) 12M(100%)->12M(100%)
[17.046s][info][gc] Allocation Stall (JFR Periodic Tasks) 16.595ms
[17.046s][info][gc] GC(487) Garbage Collection (Allocation Stall) 12M(100%)->12M(100%)
[17.059s][info][gc] Allocation Stall (RMI TCP Connection(1)-192.168.156.17) 25.440ms
[17.059s][info][gc] GC(488) Garbage Collection (Allocation Stall) 12M(100%)->12M(100%)
[17.071s][info][gc] Allocation Stall (JFR Periodic Tasks) 15.178ms
[17.071s][info][gc] GC(489) Garbage Collection (Allocation Stall) 12M(100%)->12M(100%)
[17.083s][info][gc] Allocation Stall (RMI TCP Connection(1)-192.168.156.17) 23.727ms
[17.083s][info][gc] GC(490) Garbage Collection (Allocation Stall) 12M(100%)->12M(100%)
[17.096s][info][gc] Allocation Stall (JFR Periodic Tasks) 14.530ms
[17.096s][info][gc] GC(491) Garbage Collection (Allocation Stall) 12M(100%)->12M(100%)
[17.108s][info][gc] Allocation Stall (RMI TCP Connection(1)-192.168.156.17) 24.896ms
[17.108s][info][gc] GC(492) Garbage Collection (Allocation Stall) 12M(100%)->12M(100%)
[17.121s][info][gc] GC(493) Garbage Collection (Allocation Stall) 12M(100%)->12M(100%)
[17.121s][info][gc] Allocation Stall (JFR Periodic Tasks) 14.504ms
[17.134s][info][gc] Allocation Stall (RMI TCP Connection(1)-192.168.156.17) 24.848ms
[17.134s][info][gc] GC(494) Garbage Collection (Allocation Stall) 12M(100%)->12M(100%)
[17.146s][info][gc] Allocation Stall (JFR Periodic Tasks) 15.602ms
[17.146s][info][gc] GC(495) Garbage Collection (Allocation Stall) 12M(100%)->12M(100%)
[17.160s][info][gc] Allocation Stall (RMI TCP Connection(1)-192.168.156.17) 25.867ms
[17.160s][info][gc] GC(496) Garbage Collection (Allocation Stall) 12M(100%)->12M(100%)
[17.172s][info][gc] GC(497) Garbage Collection (Allocation Stall) 12M(100%)->12M(100%)
[17.172s][info][gc] Allocation Stall (JFR Periodic Tasks) 15.753ms
[17.184s][info][gc] Allocation Stall (RMI TCP Connection(1)-192.168.156.17) 23.666ms
[17.184s][info][gc] GC(498) Garbage Collection (Allocation Stall) 12M(100%)->12M(100%)
[17.197s][info][gc] GC(499) Garbage Collection (Allocation Stall) 12M(100%)->12M(100%)
[17.197s][info][gc] Allocation Stall (JFR Periodic Tasks) 14.279ms
[17.209s][info][gc] Allocation Stall (RMI TCP Connection(1)-192.168.156.17) 24.750ms
[17.210s][info][gc] GC(500) Garbage Collection (Allocation Stall) 12M(100%)->12M(100%)
[17.222s][info][gc] Allocation Stall (JFR Periodic Tasks) 15.189ms
[17.222s][info][gc] GC(501) Garbage Collection (Allocation Stall) 12M(100%)->12M(100%)
[17.235s][info][gc] Allocation Stall (RMI TCP Connection(1)-192.168.156.17) 25.536ms
[17.236s][info][gc] GC(502) Garbage Collection (Allocation Stall) 12M(100%)->12M(100%)
[17.249s][info][gc] Allocation Stall (JFR Periodic Tasks) 16.897ms
[17.249s][info][gc] GC(503) Garbage Collection (Allocation Stall) 12M(100%)->12M(100%)
[17.261s][info][gc] GC(504) Garbage Collection (Allocation Stall) 12M(100%)->12M(100%)
[17.262s][info][gc] Allocation Stall (RMI TCP Connection(1)-192.168.156.17) 25.390ms
[17.274s][info][gc] Allocation Stall (JFR Periodic Tasks) 14.467ms
[17.274s][info][gc] GC(505) Garbage Collection (Allocation Stall) 12M(100%)->12M(100%)
[17.285s][info][gc] Allocation Stall (RMI TCP Connection(1)-192.168.156.17) 23.368ms
[17.285s][info][gc] GC(506) Garbage Collection (Allocation Stall) 12M(100%)->12M(100%)
[17.299s][info][gc] Allocation Stall (JFR Periodic Tasks) 15.441ms
[17.299s][info][gc] GC(507) Garbage Collection (Allocation Stall) 12M(100%)->12M(100%)
[17.312s][info][gc] Allocation Stall (RMI TCP Connection(1)-192.168.156.17) 25.989ms
[17.312s][info][gc] GC(508) Garbage Collection (Allocation Stall) 12M(100%)->12M(100%)
[17.325s][info][gc] GC(509) Garbage Collection (Allocation Stall) 12M(100%)->12M(100%)
[17.325s][info][gc] Allocation Stall (JFR Periodic Tasks) 15.698ms
[17.337s][info][gc] Allocation Stall (RMI TCP Connection(1)-192.168.156.17) 24.989ms
[17.338s][info][gc] GC(510) Garbage Collection (Allocation Stall) 12M(100%)->12M(100%)
[17.350s][info][gc] Allocation Stall (JFR Periodic Tasks) 14.588ms
[17.350s][info][gc] GC(511) Garbage Collection (Allocation Stall) 12M(100%)->12M(100%)
[17.363s][info][gc] Allocation Stall (RMI TCP Connection(1)-192.168.156.17) 25.388ms
[17.364s][info][gc] GC(512) Garbage Collection (Allocation Stall) 12M(100%)->12M(100%)
[17.376s][info][gc] Allocation Stall (JFR Periodic Tasks) 16.253ms
[17.376s][info][gc] GC(513) Garbage Collection (Allocation Stall) 12M(100%)->12M(100%)
[17.388s][info][gc] Allocation Stall (RMI TCP Connection(1)-192.168.156.17) 24.164ms
[17.388s][info][gc] GC(514) Garbage Collection (Allocation Stall) 12M(100%)->12M(100%)
[17.401s][info][gc] Allocation Stall (JFR Periodic Tasks) 14.226ms
[17.401s][info][gc] GC(515) Garbage Collection (Allocation Stall) 12M(100%)->12M(100%)
[17.414s][info][gc] Allocation Stall (RMI TCP Connection(1)-192.168.156.17) 25.196ms
[17.414s][info][gc] GC(516) Garbage Collection (Allocation Stall) 12M(100%)->12M(100%)
[17.427s][info][gc] Allocation Stall (JFR Periodic Tasks) 16.363ms
[17.427s][info][gc] GC(517) Garbage Collection (Allocation Stall) 12M(100%)->12M(100%)
[17.441s][info][gc] Allocation Stall (RMI TCP Connection(1)-192.168.156.17) 26.118ms
[17.441s][info][gc] GC(518) Garbage Collection (Allocation Stall) 12M(100%)->12M(100%)
[17.453s][info][gc] Allocation Stall (JFR Periodic Tasks) 16.552ms
[17.453s][info][gc] GC(519) Garbage Collection (Allocation Stall) 12M(100%)->12M(100%)
[17.466s][info][gc] Allocation Stall (RMI TCP Connection(1)-192.168.156.17) 24.534ms
[17.466s][info][gc] GC(520) Garbage Collection (Allocation Stall) 12M(100%)->12M(100%)
[17.479s][info][gc] Allocation Stall (JFR Periodic Tasks) 15.282ms
[17.479s][info][gc] GC(521) Garbage Collection (Allocation Stall) 12M(100%)->12M(100%)
[17.491s][info][gc] Allocation Stall (RMI TCP Connection(1)-192.168.156.17) 24.934ms
[17.491s][info][gc] GC(522) Garbage Collection (Allocation Stall) 12M(100%)->12M(100%)
[17.503s][info][gc] Allocation Stall (JFR Periodic Tasks) 14.536ms
[17.503s][info][gc] GC(523) Garbage Collection (Allocation Stall) 12M(100%)->12M(100%)
[17.516s][info][gc] Allocation Stall (RMI TCP Connection(1)-192.168.156.17) 23.674ms
[17.516s][info][gc] GC(524) Garbage Collection (Allocation Stall) 12M(100%)->12M(100%)
[17.529s][info][gc] Allocation Stall (JFR Periodic Tasks) 14.511ms
[17.529s][info][gc] GC(525) Garbage Collection (Allocation Stall) 12M(100%)->12M(100%)
[17.541s][info][gc] Allocation Stall (RMI TCP Connection(1)-192.168.156.17) 24.790ms
[17.541s][info][gc] GC(526) Garbage Collection (Allocation Stall) 12M(100%)->12M(100%)
[17.553s][info][gc] GC(527) Garbage Collection (Allocation Stall) 12M(100%)->12M(100%)
[17.553s][info][gc] Allocation Stall (JFR Periodic Tasks) 14.628ms
[17.567s][info][gc] Allocation Stall (RMI TCP Connection(1)-192.168.156.17) 25.846ms
[17.567s][info][gc] GC(528) Garbage Collection (Allocation Stall) 12M(100%)->12M(100%)
[17.580s][info][gc] Allocation Stall (JFR Periodic Tasks) 16.504ms
[17.580s][info][gc] GC(529) Garbage Collection (Allocation Stall) 12M(100%)->12M(100%)
[17.592s][info][gc] Allocation Stall (RMI TCP Connection(1)-192.168.156.17) 24.876ms
[17.593s][info][gc] GC(530) Garbage Collection (Allocation Stall) 12M(100%)->12M(100%)
[17.605s][info][gc] Allocation Stall (JFR Periodic Tasks) 15.082ms
[17.605s][info][gc] GC(531) Garbage Collection (Allocation Stall) 12M(100%)->12M(100%)
[17.618s][info][gc] Allocation Stall (RMI TCP Connection(1)-192.168.156.17) 25.021ms
[17.618s][info][gc] GC(532) Garbage Collection (Allocation Stall) 12M(100%)->12M(100%)
[17.630s][info][gc] Allocation Stall (JFR Periodic Tasks) 14.849ms
[17.630s][info][gc] GC(533) Garbage Collection (Allocation Stall) 12M(100%)->12M(100%)
[17.644s][info][gc] Allocation Stall (RMI TCP Connection(1)-192.168.156.17) 24.808ms
[17.644s][info][gc] GC(534) Garbage Collection (Allocation Stall) 12M(100%)->12M(100%)
[17.656s][info][gc] Allocation Stall (JFR Periodic Tasks) 16.145ms
[17.656s][info][gc] GC(535) Garbage Collection (Allocation Stall) 12M(100%)->12M(100%)
[17.668s][info][gc] Allocation Stall (RMI TCP Connection(1)-192.168.156.17) 23.884ms
[17.668s][info][gc] GC(536) Garbage Collection (Allocation Stall) 12M(100%)->12M(100%)
[17.681s][info][gc] Allocation Stall (JFR Periodic Tasks) 14.211ms
[17.681s][info][gc] GC(537) Garbage Collection (Allocation Stall) 12M(100%)->12M(100%)
[17.693s][info][gc] Allocation Stall (RMI TCP Connection(1)-192.168.156.17) 24.836ms
[17.694s][info][gc] GC(538) Garbage Collection (Allocation Stall) 12M(100%)->12M(100%)
[17.707s][info][gc] Allocation Stall (JFR Periodic Tasks) 16.577ms
[17.707s][info][gc] GC(539) Garbage Collection (Allocation Stall) 12M(100%)->12M(100%)
[17.719s][info][gc] Allocation Stall (RMI TCP Connection(1)-192.168.156.17) 24.897ms
[17.719s][info][gc] GC(540) Garbage Collection (Allocation Stall) 12M(100%)->12M(100%)
[17.732s][info][gc] Allocation Stall (JFR Periodic Tasks) 15.540ms
[17.732s][info][gc] GC(541) Garbage Collection (Allocation Stall) 12M(100%)->12M(100%)
[17.745s][info][gc] Allocation Stall (RMI TCP Connection(1)-192.168.156.17) 24.963ms
[17.745s][info][gc] GC(542) Garbage Collection (Allocation Stall) 12M(100%)->12M(100%)
[17.759s][info][gc] GC(543) Garbage Collection (Allocation Stall) 12M(100%)->12M(100%)
[17.759s][info][gc] Allocation Stall (JFR Periodic Tasks) 17.103ms
[17.771s][info][gc] Allocation Stall (RMI TCP Connection(1)-192.168.156.17) 25.997ms
[17.771s][info][gc] GC(544) Garbage Collection (Allocation Stall) 12M(100%)->12M(100%)
[17.784s][info][gc] Allocation Stall (JFR Periodic Tasks) 14.380ms
[17.784s][info][gc] GC(545) Garbage Collection (Allocation Stall) 12M(100%)->12M(100%)
[17.796s][info][gc] Allocation Stall (RMI TCP Connection(1)-192.168.156.17) 23.931ms
[17.796s][info][gc] GC(546) Garbage Collection (Allocation Stall) 12M(100%)->12M(100%)
[17.809s][info][gc] GC(547) Garbage Collection (Allocation Stall) 12M(100%)->12M(100%)
[17.809s][info][gc] Allocation Stall (JFR Periodic Tasks) 15.685ms
[17.821s][info][gc] Allocation Stall (RMI TCP Connection(1)-192.168.156.17) 24.805ms
[17.821s][info][gc] GC(548) Garbage Collection (Allocation Stall) 12M(100%)->12M(100%)
[17.834s][info][gc] Allocation Stall (JFR Periodic Tasks) 15.098ms
[17.834s][info][gc] GC(549) Garbage Collection (Allocation Stall) 12M(100%)->12M(100%)
[17.847s][info][gc] Allocation Stall (RMI TCP Connection(1)-192.168.156.17) 25.129ms
[17.847s][info][gc] GC(550) Garbage Collection (Allocation Stall) 12M(100%)->12M(100%)
[17.861s][info][gc] Allocation Stall (JFR Periodic Tasks) 16.381ms
[17.861s][info][gc] GC(551) Garbage Collection (Allocation Stall) 12M(100%)->12M(100%)
[17.873s][info][gc] Allocation Stall (RMI TCP Connection(1)-192.168.156.17) 25.184ms
[17.873s][info][gc] GC(552) Garbage Collection (Allocation Stall) 12M(100%)->12M(100%)
[17.886s][info][gc] Allocation Stall (JFR Periodic Tasks) 14.890ms
[17.886s][info][gc] GC(553) Garbage Collection (Allocation Stall) 12M(100%)->12M(100%)
[17.899s][info][gc] Allocation Stall (RMI TCP Connection(1)-192.168.156.17) 25.123ms
[17.899s][info][gc] GC(554) Garbage Collection (Allocation Stall) 12M(100%)->12M(100%)
[17.913s][info][gc] Allocation Stall (JFR Periodic Tasks) 16.115ms
[17.913s][info][gc] GC(555) Garbage Collection (Allocation Stall) 12M(100%)->12M(100%)
[17.925s][info][gc] Allocation Stall (RMI TCP Connection(1)-192.168.156.17) 25.481ms
[17.925s][info][gc] GC(556) Garbage Collection (Allocation Stall) 12M(100%)->12M(100%)
[17.938s][info][gc] Allocation Stall (JFR Periodic Tasks) 15.038ms
[17.938s][info][gc] GC(557) Garbage Collection (Allocation Stall) 12M(100%)->12M(100%)
[17.950s][info][gc] Allocation Stall (RMI TCP Connection(1)-192.168.156.17) 24.552ms
[17.951s][info][gc] GC(558) Garbage Collection (Allocation Stall) 12M(100%)->12M(100%)
[17.964s][info][gc] Allocation Stall (JFR Periodic Tasks) 15.654ms
[17.964s][info][gc] GC(559) Garbage Collection (Allocation Stall) 12M(100%)->12M(100%)
[17.976s][info][gc] Allocation Stall (RMI TCP Connection(1)-192.168.156.17) 25.087ms
[17.976s][info][gc] GC(560) Garbage Collection (Allocation Stall) 12M(100%)->12M(100%)
[17.989s][info][gc] GC(561) Garbage Collection (Allocation Stall) 12M(100%)->12M(100%)
[17.989s][info][gc] Allocation Stall (JFR Periodic Tasks) 15.434ms
[18.001s][info][gc] Allocation Stall (RMI TCP Connection(1)-192.168.156.17) 24.580ms
[18.001s][info][gc] GC(562) Garbage Collection (Allocation Stall) 12M(100%)->12M(100%)
[18.014s][info][gc] Allocation Stall (JFR Periodic Tasks) 14.685ms
[18.014s][info][gc] GC(563) Garbage Collection (Allocation Stall) 12M(100%)->12M(100%)
[18.027s][info][gc] Allocation Stall (RMI TCP Connection(1)-192.168.156.17) 25.573ms
[18.028s][info][gc] GC(564) Garbage Collection (Allocation Stall) 12M(100%)->12M(100%)
[18.040s][info][gc] Allocation Stall (JFR Periodic Tasks) 15.066ms
[18.040s][info][gc] GC(565) Garbage Collection (Allocation Stall) 12M(100%)->12M(100%)
[18.052s][info][gc] Allocation Stall (RMI TCP Connection(1)-192.168.156.17) 23.343ms
[18.052s][info][gc] GC(566) Garbage Collection (Allocation Stall) 12M(100%)->12M(100%)
[18.064s][info][gc] Allocation Stall (JFR Periodic Tasks) 13.742ms
[18.064s][info][gc] GC(567) Garbage Collection (Allocation Stall) 12M(100%)->12M(100%)
[18.076s][info][gc] Allocation Stall (RMI TCP Connection(1)-192.168.156.17) 23.670ms
[18.076s][info][gc] GC(568) Garbage Collection (Allocation Stall) 12M(100%)->12M(100%)
[18.088s][info][gc] Allocation Stall (JFR Periodic Tasks) 14.084ms
[18.088s][info][gc] GC(569) Garbage Collection (Allocation Stall) 12M(100%)->12M(100%)
[18.100s][info][gc] Allocation Stall (RMI TCP Connection(1)-192.168.156.17) 23.365ms
[18.100s][info][gc] GC(570) Garbage Collection (Allocation Stall) 12M(100%)->12M(100%)
[18.112s][info][gc] GC(571) Garbage Collection (Allocation Stall) 12M(100%)->12M(100%)
[18.112s][info][gc] Allocation Stall (JFR Periodic Tasks) 15.180ms
[18.126s][info][gc] Allocation Stall (RMI TCP Connection(1)-192.168.156.17) 25.462ms
[18.126s][info][gc] GC(572) Garbage Collection (Allocation Stall) 12M(100%)->12M(100%)
[18.139s][info][gc] Allocation Stall (JFR Periodic Tasks) 16.112ms
[18.139s][info][gc] GC(573) Garbage Collection (Allocation Stall) 12M(100%)->12M(100%)
[18.150s][info][gc] Allocation Stall (RMI TCP Connection(1)-192.168.156.17) 24.211ms
[18.151s][info][gc] GC(574) Garbage Collection (Allocation Stall) 12M(100%)->12M(100%)
[18.164s][info][gc] Allocation Stall (JFR Periodic Tasks) 15.289ms
[18.164s][info][gc] GC(575) Garbage Collection (Allocation Stall) 12M(100%)->12M(100%)
[18.176s][info][gc] Allocation Stall (RMI TCP Connection(1)-192.168.156.17) 25.390ms
[18.176s][info][gc] GC(576) Garbage Collection (Allocation Stall) 12M(100%)->12M(100%)
[18.189s][info][gc] Allocation Stall (JFR Periodic Tasks) 15.728ms
[18.189s][info][gc] GC(577) Garbage Collection (Allocation Stall) 12M(100%)->12M(100%)
[18.201s][info][gc] Allocation Stall (RMI TCP Connection(1)-192.168.156.17) 24.120ms
[18.201s][info][gc] GC(578) Garbage Collection (Allocation Stall) 12M(100%)->12M(100%)
[18.215s][info][gc] Allocation Stall (JFR Periodic Tasks) 15.268ms
[18.215s][info][gc] GC(579) Garbage Collection (Allocation Stall) 12M(100%)->12M(100%)
[18.226s][info][gc] Allocation Stall (RMI TCP Connection(1)-192.168.156.17) 24.841ms
[18.226s][info][gc] GC(580) Garbage Collection (Allocation Stall) 12M(100%)->12M(100%)
[18.240s][info][gc] Allocation Stall (JFR Periodic Tasks) 15.271ms
[18.240s][info][gc] GC(581) Garbage Collection (Allocation Stall) 12M(100%)->12M(100%)
[18.251s][info][gc] Allocation Stall (RMI TCP Connection(1)-192.168.156.17) 24.520ms
[18.252s][info][gc] GC(582) Garbage Collection (Allocation Stall) 12M(100%)->12M(100%)
[18.264s][info][gc] Allocation Stall (JFR Periodic Tasks) 14.086ms
[18.264s][info][gc] GC(583) Garbage Collection (Allocation Stall) 12M(100%)->12M(100%)
[18.275s][info][gc] Allocation Stall (RMI TCP Connection(1)-192.168.156.17) 23.420ms
[18.276s][info][gc] GC(584) Garbage Collection (Allocation Stall) 12M(100%)->12M(100%)
[18.287s][info][gc] Allocation Stall (JFR Periodic Tasks) 13.996ms
[18.287s][info][gc] GC(585) Garbage Collection (Allocation Stall) 12M(100%)->12M(100%)
[18.300s][info][gc] Allocation Stall (RMI TCP Connection(1)-192.168.156.17) 23.589ms
[18.300s][info][gc] GC(586) Garbage Collection (Allocation Stall) 12M(100%)->12M(100%)
[18.313s][info][gc] Allocation Stall (JFR Periodic Tasks) 15.724ms
[18.313s][info][gc] GC(587) Garbage Collection (Allocation Stall) 12M(100%)->12M(100%)
[18.325s][info][gc] Allocation Stall (RMI TCP Connection(1)-192.168.156.17) 24.953ms
[18.326s][info][gc] GC(588) Garbage Collection (Allocation Stall) 12M(100%)->12M(100%)
[18.337s][info][gc] Allocation Stall (JFR Periodic Tasks) 13.743ms
[18.337s][info][gc] GC(589) Garbage Collection (Allocation Stall) 12M(100%)->12M(100%)
[18.349s][info][gc] Allocation Stall (RMI TCP Connection(1)-192.168.156.17) 23.031ms
[18.349s][info][gc] GC(590) Garbage Collection (Allocation Stall) 12M(100%)->12M(100%)
[18.363s][info][gc] Allocation Stall (JFR Periodic Tasks) 15.751ms
[18.363s][info][gc] GC(591) Garbage Collection (Allocation Stall) 12M(100%)->12M(100%)
[18.375s][info][gc] Allocation Stall (RMI TCP Connection(1)-192.168.156.17) 25.216ms
[18.375s][info][gc] GC(592) Garbage Collection (Allocation Stall) 12M(100%)->12M(100%)
[18.387s][info][gc] Allocation Stall (JFR Periodic Tasks) 14.743ms
[18.387s][info][gc] GC(593) Garbage Collection (Allocation Stall) 12M(100%)->12M(100%)
[18.399s][info][gc] Allocation Stall (RMI TCP Connection(1)-192.168.156.17) 23.129ms
[18.399s][info][gc] GC(594) Garbage Collection (Allocation Stall) 12M(100%)->12M(100%)
[18.412s][info][gc] Allocation Stall (JFR Periodic Tasks) 15.059ms
[18.412s][info][gc] GC(595) Garbage Collection (Allocation Stall) 12M(100%)->12M(100%)
[18.423s][info][gc] Allocation Stall (RMI TCP Connection(1)-192.168.156.17) 23.790ms
[18.423s][info][gc] GC(596) Garbage Collection (Allocation Stall) 12M(100%)->12M(100%)
[18.436s][info][gc] Allocation Stall (JFR Periodic Tasks) 14.294ms
[18.436s][info][gc] GC(597) Garbage Collection (Allocation Stall) 12M(100%)->12M(100%)
[18.448s][info][gc] Allocation Stall (RMI TCP Connection(1)-192.168.156.17) 24.220ms
[18.448s][info][gc] GC(598) Garbage Collection (Allocation Stall) 12M(100%)->12M(100%)
[18.461s][info][gc] Allocation Stall (JFR Periodic Tasks) 15.326ms
[18.461s][info][gc] GC(599) Garbage Collection (Allocation Stall) 12M(100%)->12M(100%)
[18.473s][info][gc] Allocation Stall (RMI TCP Connection(1)-192.168.156.17) 24.406ms
[18.473s][info][gc] GC(600) Garbage Collection (Allocation Stall) 12M(100%)->12M(100%)
[18.485s][info][gc] Allocation Stall (JFR Periodic Tasks) 14.110ms
[18.485s][info][gc] GC(601) Garbage Collection (Allocation Stall) 12M(100%)->12M(100%)
[18.498s][info][gc] Allocation Stall (RMI TCP Connection(1)-192.168.156.17) 24.362ms
[18.498s][info][gc] GC(602) Garbage Collection (Allocation Stall) 12M(100%)->12M(100%)
[18.511s][info][gc] Allocation Stall (JFR Periodic Tasks) 15.989ms
[18.511s][info][gc] GC(603) Garbage Collection (Allocation Stall) 12M(100%)->12M(100%)
[18.524s][info][gc] Allocation Stall (RMI TCP Connection(1)-192.168.156.17) 24.947ms
[18.524s][info][gc] GC(604) Garbage Collection (Allocation Stall) 12M(100%)->12M(100%)
[18.535s][info][gc] Allocation Stall (JFR Periodic Tasks) 14.666ms
[18.535s][info][gc] GC(605) Garbage Collection (Allocation Stall) 12M(100%)->12M(100%)
[18.548s][info][gc] Allocation Stall (RMI TCP Connection(1)-192.168.156.17) 23.481ms
[18.548s][info][gc] GC(606) Garbage Collection (Allocation Stall) 12M(100%)->12M(100%)
[18.561s][info][gc] Allocation Stall (JFR Periodic Tasks) 15.641ms
[18.561s][info][gc] GC(607) Garbage Collection (Allocation Stall) 12M(100%)->12M(100%)
[18.573s][info][gc] Allocation Stall (RMI TCP Connection(1)-192.168.156.17) 24.265ms
[18.573s][info][gc] GC(608) Garbage Collection (Allocation Stall) 12M(100%)->12M(100%)
[18.585s][info][gc] Allocation Stall (JFR Periodic Tasks) 13.925ms
[18.585s][info][gc] GC(609) Garbage Collection (Allocation Stall) 12M(100%)->12M(100%)
[18.597s][info][gc] Allocation Stall (JMX server connection timeout 23) 24.345ms
[18.598s][info][gc] GC(610) Garbage Collection (Allocation Stall) 12M(100%)->12M(100%)
[18.598s][info][gc] Allocation Stall (RMI TCP Connection(1)-192.168.156.17) 23.997ms
[18.598s][info][gc] Allocation Stall (Attach Listener) 23.797ms
[18.610s][info][gc] Allocation Stall (JFR Periodic Tasks) 15.277ms
[18.610s][info][gc] GC(611) Garbage Collection (Allocation Stall) 12M(100%)->12M(100%)
[18.621s][info][gc] Allocation Stall (Attach Listener) 23.544ms
[18.622s][info][gc] GC(612) Garbage Collection (Allocation Stall) 12M(100%)->12M(100%)
[18.634s][info][gc] Allocation Stall (JFR Periodic Tasks) 14.439ms
[18.634s][info][gc] GC(613) Garbage Collection (Allocation Stall) 12M(100%)->12M(100%)
[18.647s][info][gc] Allocation Stall (Attach Listener) 24.553ms
[18.647s][info][gc] GC(614) Garbage Collection (Allocation Stall) 12M(100%)->12M(100%)
[18.660s][info][gc] Allocation Stall (JFR Periodic Tasks) 16.399ms
[18.660s][info][gc] GC(615) Garbage Collection (Allocation Stall) 12M(100%)->12M(100%)
[18.673s][info][gc] Allocation Stall (Attach Listener) 25.574ms
[18.674s][info][gc] GC(616) Garbage Collection (Allocation Stall) 12M(100%)->12M(100%)
[18.686s][info][gc] Allocation Stall (JFR Periodic Tasks) 15.319ms
[18.686s][info][gc] GC(617) Garbage Collection (Allocation Stall) 12M(100%)->12M(100%)
[18.699s][info][gc] Allocation Stall (Attach Listener) 24.809ms
[18.699s][info][gc] GC(618) Garbage Collection (Allocation Stall) 12M(100%)->12M(100%)
[18.712s][info][gc] Allocation Stall (JFR Periodic Tasks) 16.309ms
[18.712s][info][gc] GC(619) Garbage Collection (Allocation Stall) 12M(100%)->12M(100%)
[18.725s][info][gc] Allocation Stall (Attach Listener) 25.009ms
[18.726s][info][gc] GC(620) Garbage Collection (Allocation Stall) 12M(100%)->12M(100%)
[18.739s][info][gc] Allocation Stall (JFR Periodic Tasks) 17.346ms
[18.739s][info][gc] GC(621) Garbage Collection (Allocation Stall) 12M(100%)->12M(100%)
[18.752s][info][gc] Allocation Stall (Attach Listener) 25.472ms
[18.753s][info][gc] GC(622) Garbage Collection (Allocation Stall) 12M(100%)->12M(100%)
[18.766s][info][gc] Allocation Stall (JFR Periodic Tasks) 17.227ms
[18.766s][info][gc] GC(623) Garbage Collection (Allocation Stall) 12M(100%)->12M(100%)
[18.779s][info][gc] Allocation Stall (Attach Listener) 24.528ms
[18.779s][info][gc] GC(624) Garbage Collection (Allocation Stall) 12M(100%)->12M(100%)
[18.792s][info][gc] Allocation Stall (JFR Periodic Tasks) 15.346ms
[18.792s][info][gc] GC(625) Garbage Collection (Allocation Stall) 12M(100%)->12M(100%)
[18.806s][info][gc] Allocation Stall (Attach Listener) 25.876ms
[18.807s][info][gc] GC(626) Garbage Collection (Allocation Stall) 12M(100%)->12M(100%)
[18.819s][info][gc] Allocation Stall (JFR Periodic Tasks) 18.263ms
[18.819s][info][gc] GC(627) Garbage Collection (Allocation Stall) 12M(100%)->12M(100%)
[18.833s][info][gc] Allocation Stall (Attach Listener) 24.540ms
[18.833s][info][gc] GC(628) Garbage Collection (Allocation Stall) 12M(100%)->12M(100%)
[18.846s][info][gc] Allocation Stall (JFR Periodic Tasks) 16.806ms
[18.846s][info][gc] GC(629) Garbage Collection (Allocation Stall) 12M(100%)->12M(100%)
[18.860s][info][gc] Allocation Stall (Attach Listener) 25.524ms
[18.860s][info][gc] GC(630) Garbage Collection (Allocation Stall) 12M(100%)->12M(100%)
[18.873s][info][gc] GC(631) Garbage Collection (Allocation Stall) 12M(100%)->12M(100%)
[18.873s][info][gc] Allocation Stall (JFR Periodic Tasks) 16.529ms
[18.886s][info][gc] Allocation Stall (Attach Listener) 25.165ms
[18.886s][info][gc] GC(632) Garbage Collection (Allocation Stall) 12M(100%)->12M(100%)
[18.900s][info][gc] Allocation Stall (JFR Periodic Tasks) 16.289ms
[18.900s][info][gc] GC(633) Garbage Collection (Allocation Stall) 12M(100%)->12M(100%)
[18.913s][info][gc] Allocation Stall (Attach Listener) 25.492ms
[18.914s][info][gc] GC(634) Garbage Collection (Allocation Stall) 12M(100%)->12M(100%)
[18.927s][info][gc] Allocation Stall (JFR Periodic Tasks) 17.767ms
[18.927s][info][gc] GC(635) Garbage Collection (Allocation Stall) 12M(100%)->12M(100%)
[18.940s][info][gc] Allocation Stall (Attach Listener) 25.056ms
[18.940s][info][gc] GC(636) Garbage Collection (Allocation Stall) 12M(100%)->12M(100%)
[18.954s][info][gc] GC(637) Garbage Collection (Allocation Stall) 12M(100%)->12M(100%)
[18.954s][info][gc] Allocation Stall (JFR Periodic Tasks) 16.503ms
[18.968s][info][gc] Allocation Stall (Attach Listener) 26.014ms
[18.968s][info][gc] GC(638) Garbage Collection (Allocation Stall) 12M(100%)->12M(100%)
[18.981s][info][gc] Allocation Stall (JFR Periodic Tasks) 16.256ms
[18.981s][info][gc] GC(639) Garbage Collection (Allocation Stall) 12M(100%)->12M(100%)
[18.995s][info][gc] Allocation Stall (Attach Listener) 25.595ms
[18.995s][info][gc] GC(640) Garbage Collection (Allocation Stall) 12M(100%)->12M(100%)
[19.009s][info][gc] Allocation Stall (JFR Periodic Tasks) 18.423ms
[19.009s][info][gc] GC(641) Garbage Collection (Allocation Stall) 12M(100%)->12M(100%)
[19.022s][info][gc] Allocation Stall (Attach Listener) 26.122ms
[19.023s][info][gc] GC(642) Garbage Collection (Allocation Stall) 12M(100%)->12M(100%)
[19.036s][info][gc] Allocation Stall (JFR Periodic Tasks) 16.540ms
[19.036s][info][gc] GC(643) Garbage Collection (Allocation Stall) 12M(100%)->12M(100%)
[19.049s][info][gc] Allocation Stall (Attach Listener) 25.041ms
[19.049s][info][gc] GC(644) Garbage Collection (Allocation Stall) 12M(100%)->12M(100%)
[19.062s][info][gc] Allocation Stall (JFR Periodic Tasks) 16.420ms
[19.062s][info][gc] GC(645) Garbage Collection (Allocation Stall) 12M(100%)->12M(100%)
[19.077s][info][gc] Allocation Stall (Attach Listener) 26.396ms
[19.077s][info][gc] GC(646) Garbage Collection (Allocation Stall) 12M(100%)->12M(100%)
[19.090s][info][gc] Allocation Stall (JFR Periodic Tasks) 17.397ms
[19.090s][info][gc] GC(647) Garbage Collection (Allocation Stall) 12M(100%)->12M(100%)
[19.102s][info][gc] Allocation Stall (Attach Listener) 24.044ms
[19.103s][info][gc] GC(648) Garbage Collection (Allocation Stall) 12M(100%)->12M(100%)
[19.116s][info][gc] GC(649) Garbage Collection (Allocation Stall) 12M(100%)->12M(100%)
[19.116s][info][gc] Allocation Stall (JFR Periodic Tasks) 15.572ms
[19.129s][info][gc] Allocation Stall (Attach Listener) 25.177ms
[19.129s][info][gc] GC(650) Garbage Collection (Allocation Stall) 12M(100%)->12M(100%)
[19.143s][info][gc] Allocation Stall (JFR Periodic Tasks) 16.230ms
[19.143s][info][gc] GC(651) Garbage Collection (Allocation Stall) 12M(100%)->12M(100%)
[19.157s][info][gc] Allocation Stall (Attach Listener) 26.450ms
[19.158s][info][gc] GC(652) Garbage Collection (Allocation Stall) 12M(100%)->12M(100%)
[19.169s][info][gc] Allocation Stall (JFR Periodic Tasks) 16.039ms
[19.169s][info][gc] GC(653) Garbage Collection (Allocation Stall) 12M(100%)->12M(100%)
[19.181s][info][gc] Allocation Stall (Attach Listener) 23.292ms
[19.181s][info][gc] GC(654) Garbage Collection (Allocation Stall) 12M(100%)->12M(100%)
[19.195s][info][gc] Allocation Stall (JFR Periodic Tasks) 15.954ms
[19.195s][info][gc] GC(655) Garbage Collection (Allocation Stall) 12M(100%)->12M(100%)
[19.208s][info][gc] Allocation Stall (Attach Listener) 26.174ms
[19.208s][info][gc] GC(656) Garbage Collection (Allocation Stall) 12M(100%)->12M(100%)
[19.221s][info][gc] Allocation Stall (JFR Periodic Tasks) 15.052ms
[19.221s][info][gc] GC(657) Garbage Collection (Allocation Stall) 12M(100%)->12M(100%)
[19.235s][info][gc] Allocation Stall (Attach Listener) 25.085ms
[19.235s][info][gc] GC(658) Garbage Collection (Allocation Stall) 12M(100%)->12M(100%)
[19.249s][info][gc] Allocation Stall (JFR Periodic Tasks) 18.071ms
[19.249s][info][gc] GC(659) Garbage Collection (Allocation Stall) 12M(100%)->12M(100%)
[19.263s][info][gc] Allocation Stall (Attach Listener) 27.106ms
[19.264s][info][gc] GC(660) Garbage Collection (Allocation Stall) 12M(100%)->12M(100%)
[19.278s][info][gc] Allocation Stall (JFR Periodic Tasks) 18.515ms
[19.278s][info][gc] GC(661) Garbage Collection (Allocation Stall) 12M(100%)->12M(100%)
[19.292s][info][gc] Allocation Stall (Attach Listener) 26.534ms
[19.292s][info][gc] GC(662) Garbage Collection (Allocation Stall) 12M(100%)->12M(100%)
[19.305s][info][gc] Allocation Stall (JFR Periodic Tasks) 16.482ms
[19.305s][info][gc] GC(663) Garbage Collection (Allocation Stall) 12M(100%)->12M(100%)
[19.317s][info][gc] Allocation Stall (Attach Listener) 24.208ms
[19.318s][info][gc] GC(664) Garbage Collection (Allocation Stall) 12M(100%)->12M(100%)
[19.331s][info][gc] Allocation Stall (JFR Periodic Tasks) 16.464ms
[19.331s][info][gc] GC(665) Garbage Collection (Allocation Stall) 12M(100%)->12M(100%)
[19.344s][info][gc] Allocation Stall (Attach Listener) 24.980ms
[19.344s][info][gc] GC(666) Garbage Collection (Allocation Stall) 12M(100%)->12M(100%)
[19.359s][info][gc] Allocation Stall (JFR Periodic Tasks) 17.800ms
[19.359s][info][gc] GC(667) Garbage Collection (Allocation Stall) 12M(100%)->12M(100%)
[19.372s][info][gc] Allocation Stall (Attach Listener) 27.558ms
[19.372s][info][gc] GC(668) Garbage Collection (Allocation Stall) 12M(100%)->12M(100%)
[19.385s][info][gc] Allocation Stall (JFR Periodic Tasks) 17.225ms
[19.385s][info][gc] GC(669) Garbage Collection (Allocation Stall) 12M(100%)->12M(100%)
[19.399s][info][gc] Allocation Stall (Attach Listener) 25.376ms
[19.400s][info][gc] GC(670) Garbage Collection (Allocation Stall) 12M(100%)->12M(100%)
[19.414s][info][gc] GC(671) Garbage Collection (Allocation Stall) 12M(100%)->12M(100%)
[19.414s][info][gc] Allocation Stall (JFR Periodic Tasks) 18.416ms
[19.427s][info][gc] Allocation Stall (Attach Listener) 25.696ms
[19.427s][info][gc] GC(672) Garbage Collection (Allocation Stall) 12M(100%)->12M(100%)
[19.441s][info][gc] GC(673) Garbage Collection (Allocation Stall) 12M(100%)->12M(100%)
[19.441s][info][gc] Allocation Stall (JFR Periodic Tasks) 17.331ms
[19.455s][info][gc] Allocation Stall (Attach Listener) 26.036ms
[19.455s][info][gc] GC(674) Garbage Collection (Allocation Stall) 12M(100%)->12M(100%)
[19.467s][info][gc] GC(675) Garbage Collection (Allocation Stall) 12M(100%)->12M(100%)
[19.467s][info][gc] Allocation Stall (JFR Periodic Tasks) 16.316ms
[19.479s][info][gc] Allocation Stall (Attach Listener) 23.130ms
[19.479s][info][gc] GC(676) Garbage Collection (Allocation Stall) 12M(100%)->12M(100%)
[19.492s][info][gc] Allocation Stall (JFR Periodic Tasks) 15.566ms
[19.492s][info][gc] GC(677) Garbage Collection (Allocation Stall) 12M(100%)->12M(100%)
[19.504s][info][gc] Allocation Stall (Attach Listener) 24.732ms
[19.504s][info][gc] GC(678) Garbage Collection (Allocation Stall) 12M(100%)->12M(100%)
[19.517s][info][gc] Allocation Stall (JFR Periodic Tasks) 15.685ms
[19.517s][info][gc] GC(679) Garbage Collection (Allocation Stall) 12M(100%)->12M(100%)
[19.531s][info][gc] Allocation Stall (Attach Listener) 26.030ms
[19.531s][info][gc] GC(680) Garbage Collection (Allocation Stall) 12M(100%)->12M(100%)
[19.543s][info][gc] GC(681) Garbage Collection (Allocation Stall) 12M(100%)->12M(100%)
[19.543s][info][gc] Allocation Stall (JFR Periodic Tasks) 16.371ms
[19.558s][info][gc] Allocation Stall (Attach Listener) 25.346ms
[19.558s][info][gc] GC(682) Garbage Collection (Allocation Stall) 12M(100%)->12M(100%)
[19.569s][info][gc] Allocation Stall (JFR Periodic Tasks) 15.252ms
[19.569s][info][gc] GC(683) Garbage Collection (Allocation Stall) 12M(100%)->12M(100%)
[19.581s][info][gc] Allocation Stall (Attach Listener) 22.761ms
[19.581s][info][gc] GC(684) Garbage Collection (Allocation Stall) 12M(100%)->12M(100%)
[19.594s][info][gc] Allocation Stall (JFR Periodic Tasks) 14.443ms
[19.594s][info][gc] GC(685) Garbage Collection (Allocation Stall) 12M(100%)->12M(100%)
[19.608s][info][gc] Allocation Stall (Attach Listener) 25.483ms
[19.608s][info][gc] GC(686) Garbage Collection (Allocation Stall) 12M(100%)->12M(100%)
[19.620s][info][gc] GC(687) Garbage Collection (Allocation Stall) 12M(100%)->12M(100%)
[19.620s][info][gc] Allocation Stall (JFR Periodic Tasks) 16.661ms
[19.635s][info][gc] Allocation Stall (Attach Listener) 25.100ms
[19.635s][info][gc] GC(688) Garbage Collection (Allocation Stall) 12M(100%)->12M(100%)
[19.647s][info][gc] Allocation Stall (JFR Periodic Tasks) 16.491ms
[19.647s][info][gc] GC(689) Garbage Collection (Allocation Stall) 12M(100%)->12M(100%)
[19.660s][info][gc] Allocation Stall (Attach Listener) 24.529ms
[19.660s][info][gc] GC(690) Garbage Collection (Allocation Stall) 12M(100%)->12M(100%)
[19.673s][info][gc] Allocation Stall (JFR Periodic Tasks) 14.793ms
[19.673s][info][gc] GC(691) Garbage Collection (Allocation Stall) 12M(100%)->12M(100%)
[19.685s][info][gc] Allocation Stall (Attach Listener) 24.650ms
[19.686s][info][gc] GC(692) Garbage Collection (Allocation Stall) 12M(100%)->12M(100%)
[19.699s][info][gc] Allocation Stall (JFR Periodic Tasks) 15.905ms
[19.699s][info][gc] GC(693) Garbage Collection (Allocation Stall) 12M(100%)->12M(100%)
[19.713s][info][gc] Allocation Stall (Attach Listener) 26.087ms
[19.713s][info][gc] GC(694) Garbage Collection (Allocation Stall) 12M(100%)->12M(100%)
[19.726s][info][gc] Allocation Stall (JFR Periodic Tasks) 16.629ms
[19.726s][info][gc] GC(695) Garbage Collection (Allocation Stall) 12M(100%)->12M(100%)
[19.738s][info][gc] Allocation Stall (Attach Listener) 24.139ms
[19.738s][info][gc] GC(696) Garbage Collection (Allocation Stall) 12M(100%)->12M(100%)
[19.750s][info][gc] Allocation Stall (JFR Periodic Tasks) 13.596ms
[19.750s][info][gc] GC(697) Garbage Collection (Allocation Stall) 12M(100%)->12M(100%)
[19.765s][info][gc] Allocation Stall (Attach Listener) 26.463ms
[19.766s][info][gc] GC(698) Garbage Collection (Allocation Stall) 12M(100%)->12M(100%)
[19.778s][info][gc] GC(699) Garbage Collection (Allocation Stall) 12M(100%)->12M(100%)
[19.778s][info][gc] Allocation Stall (JFR Periodic Tasks) 18.313ms
[19.791s][info][gc] Allocation Stall (Attach Listener) 24.419ms
[19.791s][info][gc] GC(700) Garbage Collection (Allocation Stall) 12M(100%)->12M(100%)
[19.803s][info][gc] Allocation Stall (JFR Periodic Tasks) 14.283ms
[19.803s][info][gc] GC(701) Garbage Collection (Allocation Stall) 12M(100%)->12M(100%)
[19.815s][info][gc] Allocation Stall (Attach Listener) 23.656ms
[19.816s][info][gc] GC(702) Garbage Collection (Allocation Stall) 12M(100%)->12M(100%)
[19.828s][info][gc] GC(703) Garbage Collection (Allocation Stall) 12M(100%)->12M(100%)
[19.828s][info][gc] Allocation Stall (JFR Periodic Tasks) 15.909ms
[19.843s][info][gc] Allocation Stall (Attach Listener) 25.932ms
[19.843s][info][gc] GC(704) Garbage Collection (Allocation Stall) 12M(100%)->12M(100%)
[19.856s][info][gc] GC(705) Garbage Collection (Allocation Stall) 12M(100%)->12M(100%)
[19.856s][info][gc] Allocation Stall (JFR Periodic Tasks) 17.221ms
[19.869s][info][gc] Allocation Stall (Attach Listener) 25.043ms
[19.869s][info][gc] GC(706) Garbage Collection (Allocation Stall) 12M(100%)->12M(100%)
[19.882s][info][gc] GC(707) Garbage Collection (Allocation Stall) 12M(100%)->12M(100%)
[19.882s][info][gc] Allocation Stall (JFR Periodic Tasks) 16.444ms
[19.896s][info][gc] Allocation Stall (Attach Listener) 24.998ms
[19.896s][info][gc] GC(708) Garbage Collection (Allocation Stall) 12M(100%)->12M(100%)
[19.909s][info][gc] Allocation Stall (JFR Periodic Tasks) 15.729ms
[19.909s][info][gc] GC(709) Garbage Collection (Allocation Stall) 12M(100%)->12M(100%)
[19.923s][info][gc] Allocation Stall (Attach Listener) 26.247ms
[19.924s][info][gc] GC(710) Garbage Collection (Allocation Stall) 12M(100%)->12M(100%)
[19.936s][info][gc] Allocation Stall (JFR Periodic Tasks) 16.958ms
[19.936s][info][gc] GC(711) Garbage Collection (Allocation Stall) 12M(100%)->12M(100%)
[19.949s][info][gc] Allocation Stall (Attach Listener) 24.498ms
[19.949s][info][gc] GC(712) Garbage Collection (Allocation Stall) 12M(100%)->12M(100%)
[19.964s][info][gc] Allocation Stall (JFR Periodic Tasks) 17.426ms
[19.964s][info][gc] GC(713) Garbage Collection (Allocation Stall) 12M(100%)->12M(100%)
[19.977s][info][gc] Allocation Stall (Attach Listener) 26.244ms
[19.977s][info][gc] GC(714) Garbage Collection (Allocation Stall) 12M(100%)->12M(100%)
[19.990s][info][gc] Allocation Stall (JFR Periodic Tasks) 16.360ms
[19.990s][info][gc] GC(715) Garbage Collection (Allocation Stall) 12M(100%)->12M(100%)
[20.003s][info][gc] Allocation Stall (Attach Listener) 24.393ms
[20.003s][info][gc] GC(716) Garbage Collection (Allocation Stall) 12M(100%)->12M(100%)
[20.017s][info][gc] GC(717) Garbage Collection (Allocation Stall) 12M(100%)->12M(100%)
[20.017s][info][gc] Allocation Stall (JFR Periodic Tasks) 16.909ms
[20.029s][info][gc] Allocation Stall (Attach Listener) 24.942ms
[20.030s][info][gc] GC(718) Garbage Collection (Allocation Stall) 12M(100%)->12M(100%)
[20.043s][info][gc] Allocation Stall (JFR Periodic Tasks) 16.157ms
[20.043s][info][gc] GC(719) Garbage Collection (Allocation Stall) 12M(100%)->12M(100%)
[20.056s][info][gc] Allocation Stall (Attach Listener) 25.145ms
[20.056s][info][gc] GC(720) Garbage Collection (Allocation Stall) 12M(100%)->12M(100%)
[20.068s][info][gc] Allocation Stall (JFR Periodic Tasks) 15.070ms
[20.068s][info][gc] GC(721) Garbage Collection (Allocation Stall) 12M(100%)->12M(100%)
[20.082s][info][gc] Allocation Stall (Attach Listener) 24.081ms
[20.082s][info][gc] GC(722) Garbage Collection (Allocation Stall) 12M(100%)->12M(100%)
[20.095s][info][gc] Allocation Stall (JFR Periodic Tasks) 16.728ms
[20.095s][info][gc] GC(723) Garbage Collection (Allocation Stall) 12M(100%)->12M(100%)
[20.108s][info][gc] Allocation Stall (Attach Listener) 25.408ms
[20.109s][info][gc] GC(724) Garbage Collection (Allocation Stall) 12M(100%)->12M(100%)
[20.122s][info][gc] GC(725) Garbage Collection (Allocation Stall) 12M(100%)->12M(100%)
[20.122s][info][gc] Allocation Stall (JFR Periodic Tasks) 16.840ms
[20.135s][info][gc] Allocation Stall (Attach Listener) 24.954ms
[20.135s][info][gc] GC(726) Garbage Collection (Allocation Stall) 12M(100%)->12M(100%)
[20.148s][info][gc] GC(727) Garbage Collection (Allocation Stall) 12M(100%)->12M(100%)
[20.148s][info][gc] Allocation Stall (JFR Periodic Tasks) 16.657ms
[20.162s][info][gc] Allocation Stall (Attach Listener) 26.026ms
[20.163s][info][gc] GC(728) Garbage Collection (Allocation Stall) 12M(100%)->12M(100%)
[20.176s][info][gc] Allocation Stall (JFR Periodic Tasks) 17.692ms
[20.176s][info][gc] GC(729) Garbage Collection (Allocation Stall) 12M(100%)->12M(100%)
[20.189s][info][gc] Allocation Stall (Attach Listener) 24.560ms
[20.189s][info][gc] GC(730) Garbage Collection (Allocation Stall) 12M(100%)->12M(100%)
[20.201s][info][gc] Allocation Stall (JFR Periodic Tasks) 16.182ms
[20.201s][info][gc] GC(731) Garbage Collection (Allocation Stall) 12M(100%)->12M(100%)
[20.215s][info][gc] Allocation Stall (Attach Listener) 24.933ms
[20.215s][info][gc] GC(732) Garbage Collection (Allocation Stall) 12M(100%)->12M(100%)
[20.228s][info][gc] Allocation Stall (JFR Periodic Tasks) 16.888ms
[20.228s][info][gc] GC(733) Garbage Collection (Allocation Stall) 12M(100%)->12M(100%)
[20.242s][info][gc] Allocation Stall (Attach Listener) 25.610ms
[20.243s][info][gc] GC(734) Garbage Collection (Allocation Stall) 12M(100%)->12M(100%)
[20.255s][info][gc] Allocation Stall (JFR Periodic Tasks) 16.303ms
[20.255s][info][gc] GC(735) Garbage Collection (Allocation Stall) 12M(100%)->12M(100%)
[20.267s][info][gc] Allocation Stall (Attach Listener) 23.932ms
[20.267s][info][gc] GC(736) Garbage Collection (Allocation Stall) 12M(100%)->12M(100%)
[20.279s][info][gc] Allocation Stall (JFR Periodic Tasks) 14.358ms
[20.279s][info][gc] GC(737) Garbage Collection (Allocation Stall) 12M(100%)->12M(100%)
[20.291s][info][gc] Allocation Stall (Attach Listener) 24.074ms
[20.292s][info][gc] GC(738) Garbage Collection (Allocation Stall) 12M(100%)->12M(100%)
[20.303s][info][gc] GC(739) Garbage Collection (Allocation Stall) 12M(100%)->12M(100%)
[20.303s][info][gc] Allocation Stall (JFR Periodic Tasks) 14.057ms
[20.316s][info][gc] Allocation Stall (Attach Listener) 24.249ms
[20.317s][info][gc] GC(740) Garbage Collection (Allocation Stall) 12M(100%)->12M(100%)
[20.329s][info][gc] Allocation Stall (JFR Periodic Tasks) 15.729ms
[20.329s][info][gc] GC(741) Garbage Collection (Allocation Stall) 12M(100%)->12M(100%)
[20.342s][info][gc] Allocation Stall (Attach Listener) 24.799ms
[20.342s][info][gc] GC(742) Garbage Collection (Allocation Stall) 12M(100%)->12M(100%)
[20.356s][info][gc] Allocation Stall (JFR Periodic Tasks) 16.422ms
[20.356s][info][gc] GC(743) Garbage Collection (Allocation Stall) 12M(100%)->12M(100%)
[20.369s][info][gc] Allocation Stall (Attach Listener) 25.931ms
[20.369s][info][gc] GC(744) Garbage Collection (Allocation Stall) 12M(100%)->12M(100%)
[20.382s][info][gc] GC(745) Garbage Collection (Allocation Stall) 12M(100%)->12M(100%)
[20.382s][info][gc] Allocation Stall (JFR Periodic Tasks) 15.573ms
[20.395s][info][gc] Allocation Stall (Attach Listener) 24.470ms
[20.395s][info][gc] GC(746) Garbage Collection (Allocation Stall) 12M(100%)->12M(100%)
[20.408s][info][gc] GC(747) Garbage Collection (Allocation Stall) 12M(100%)->12M(100%)
[20.408s][info][gc] Allocation Stall (JFR Periodic Tasks) 16.788ms
[20.419s][info][gc] Allocation Stall (Attach Listener) 24.114ms
[20.420s][info][gc] GC(748) Garbage Collection (Allocation Stall) 12M(100%)->12M(100%)
[20.432s][info][gc] GC(749) Garbage Collection (Allocation Stall) 12M(100%)->12M(100%)
[20.432s][info][gc] Allocation Stall (JFR Periodic Tasks) 13.206ms
[20.446s][info][gc] Allocation Stall (Attach Listener) 25.154ms
[20.446s][info][gc] GC(750) Garbage Collection (Allocation Stall) 12M(100%)->12M(100%)
[20.459s][info][gc] Allocation Stall (JFR Periodic Tasks) 18.172ms
[20.459s][info][gc] GC(751) Garbage Collection (Allocation Stall) 12M(100%)->12M(100%)
[20.474s][info][gc] Allocation Stall (Attach Listener) 26.880ms
[20.474s][info][gc] GC(752) Garbage Collection (Allocation Stall) 12M(100%)->12M(100%)
[20.487s][info][gc] Allocation Stall (JFR Periodic Tasks) 17.581ms
[20.487s][info][gc] GC(753) Garbage Collection (Allocation Stall) 12M(100%)->12M(100%)
[20.500s][info][gc] Allocation Stall (Attach Listener) 24.796ms
[20.501s][info][gc] GC(754) Garbage Collection (Allocation Stall) 12M(100%)->12M(100%)
[20.514s][info][gc] Allocation Stall (JFR Periodic Tasks) 17.213ms
[20.514s][info][gc] GC(755) Garbage Collection (Allocation Stall) 12M(100%)->12M(100%)
[20.528s][info][gc] Allocation Stall (Attach Listener) 26.573ms
[20.529s][info][gc] GC(756) Garbage Collection (Allocation Stall) 12M(100%)->12M(100%)
[20.541s][info][gc] Allocation Stall (JFR Periodic Tasks) 16.989ms
[20.541s][info][gc] GC(757) Garbage Collection (Allocation Stall) 12M(100%)->12M(100%)
[20.554s][info][gc] Allocation Stall (Attach Listener) 25.243ms
[20.555s][info][gc] GC(758) Garbage Collection (Allocation Stall) 12M(100%)->12M(100%)
[20.567s][info][gc] Allocation Stall (JFR Periodic Tasks) 14.179ms
[20.567s][info][gc] GC(759) Garbage Collection (Allocation Stall) 12M(100%)->12M(100%)
[20.579s][info][gc] Allocation Stall (Attach Listener) 24.198ms
[20.580s][info][gc] GC(760) Garbage Collection (Allocation Stall) 12M(100%)->12M(100%)
[20.592s][info][gc] GC(761) Garbage Collection (Allocation Stall) 12M(100%)->12M(100%)
[20.592s][info][gc] Allocation Stall (JFR Periodic Tasks) 14.748ms
[20.605s][info][gc] Allocation Stall (Attach Listener) 25.200ms
[20.605s][info][gc] GC(762) Garbage Collection (Allocation Stall) 12M(100%)->12M(100%)
[20.619s][info][gc] GC(763) Garbage Collection (Allocation Stall) 12M(100%)->12M(100%)
[20.619s][info][gc] Allocation Stall (JFR Periodic Tasks) 16.557ms
[20.631s][info][gc] Allocation Stall (Attach Listener) 25.139ms
[20.631s][info][gc] GC(764) Garbage Collection (Allocation Stall) 12M(100%)->12M(100%)
[20.645s][info][gc] Allocation Stall (JFR Periodic Tasks) 16.051ms
[20.645s][info][gc] GC(765) Garbage Collection (Allocation Stall) 12M(100%)->12M(100%)
[20.658s][info][gc] Allocation Stall (Attach Listener) 26.762ms
[20.659s][info][gc] GC(766) Garbage Collection (Allocation Stall) 12M(100%)->12M(100%)
[20.672s][info][gc] GC(767) Garbage Collection (Allocation Stall) 12M(100%)->12M(100%)
[20.672s][info][gc] Allocation Stall (JFR Periodic Tasks) 17.300ms
[20.685s][info][gc] Allocation Stall (Attach Listener) 25.270ms
[20.685s][info][gc] GC(768) Garbage Collection (Allocation Stall) 12M(100%)->12M(100%)
[20.697s][info][gc] Allocation Stall (JFR Periodic Tasks) 16.154ms
[20.697s][info][gc] GC(769) Garbage Collection (Allocation Stall) 12M(100%)->12M(100%)
[20.710s][info][gc] Allocation Stall (Attach Listener) 23.882ms
[20.710s][info][gc] GC(770) Garbage Collection (Allocation Stall) 12M(100%)->12M(100%)
[20.726s][info][gc] Allocation Stall (JFR Periodic Tasks) 18.285ms
[20.726s][info][gc] GC(771) Garbage Collection (Allocation Stall) 12M(100%)->12M(100%)
[20.739s][info][gc] Allocation Stall (Attach Listener) 28.077ms
[20.739s][info][gc] GC(772) Garbage Collection (Allocation Stall) 12M(100%)->12M(100%)
[20.752s][info][gc] Allocation Stall (JFR Periodic Tasks) 16.831ms
[20.752s][info][gc] GC(773) Garbage Collection (Allocation Stall) 12M(100%)->12M(100%)
[20.766s][info][gc] Allocation Stall (Attach Listener) 25.642ms
[20.766s][info][gc] GC(774) Garbage Collection (Allocation Stall) 12M(100%)->12M(100%)
[20.779s][info][gc] GC(775) Garbage Collection (Allocation Stall) 12M(100%)->12M(100%)
[20.779s][info][gc] Allocation Stall (JFR Periodic Tasks) 17.074ms
[20.792s][info][gc] Allocation Stall (Attach Listener) 24.303ms
[20.792s][info][gc] GC(776) Garbage Collection (Allocation Stall) 12M(100%)->12M(100%)
[20.805s][info][gc] GC(777) Garbage Collection (Allocation Stall) 12M(100%)->12M(100%)
[20.805s][info][gc] Allocation Stall (JFR Periodic Tasks) 15.814ms
[20.818s][info][gc] Allocation Stall (Attach Listener) 24.783ms
[20.818s][info][gc] GC(778) Garbage Collection (Allocation Stall) 12M(100%)->12M(100%)
[20.831s][info][gc] Allocation Stall (JFR Periodic Tasks) 15.212ms
[20.831s][info][gc] GC(779) Garbage Collection (Allocation Stall) 12M(100%)->12M(100%)
[20.846s][info][gc] Allocation Stall (Attach Listener) 26.896ms
[20.846s][info][gc] GC(780) Garbage Collection (Allocation Stall) 12M(100%)->12M(100%)
[20.859s][info][gc] Allocation Stall (JFR Periodic Tasks) 18.365ms
[20.859s][info][gc] GC(781) Garbage Collection (Allocation Stall) 12M(100%)->12M(100%)
[20.873s][info][gc] Allocation Stall (Attach Listener) 25.416ms
[20.873s][info][gc] GC(782) Garbage Collection (Allocation Stall) 12M(100%)->12M(100%)
[20.885s][info][gc] Allocation Stall (JFR Periodic Tasks) 15.847ms
[20.885s][info][gc] GC(783) Garbage Collection (Allocation Stall) 12M(100%)->12M(100%)
[20.897s][info][gc] Allocation Stall (Attach Listener) 23.755ms
[20.897s][info][gc] GC(784) Garbage Collection (Allocation Stall) 12M(100%)->12M(100%)
[20.910s][info][gc] Allocation Stall (JFR Periodic Tasks) 15.464ms
[20.910s][info][gc] GC(785) Garbage Collection (Allocation Stall) 12M(100%)->12M(100%)
[20.923s][info][gc] Allocation Stall (Attach Listener) 24.987ms
[20.924s][info][gc] GC(786) Garbage Collection (Allocation Stall) 12M(100%)->12M(100%)
[20.935s][info][gc] Allocation Stall (JFR Periodic Tasks) 14.737ms
[20.935s][info][gc] GC(787) Garbage Collection (Allocation Stall) 12M(100%)->12M(100%)
[20.947s][info][gc] Allocation Stall (Attach Listener) 23.123ms
[20.947s][info][gc] GC(788) Garbage Collection (Allocation Stall) 12M(100%)->12M(100%)
[20.960s][info][gc] Allocation Stall (JFR Periodic Tasks) 15.176ms
[20.960s][info][gc] GC(789) Garbage Collection (Allocation Stall) 12M(100%)->12M(100%)
[20.972s][info][gc] Allocation Stall (Attach Listener) 24.282ms
[20.972s][info][gc] GC(790) Garbage Collection (Allocation Stall) 12M(100%)->12M(100%)
[20.984s][info][gc] GC(791) Garbage Collection (Allocation Stall) 12M(100%)->12M(100%)
[20.984s][info][gc] Allocation Stall (JFR Periodic Tasks) 13.328ms
[20.996s][info][gc] Allocation Stall (Attach Listener) 23.235ms
[20.996s][info][gc] GC(792) Garbage Collection (Allocation Stall) 12M(100%)->12M(100%)
[21.008s][info][gc] Allocation Stall (JFR Periodic Tasks) 13.614ms
[21.008s][info][gc] GC(793) Garbage Collection (Allocation Stall) 12M(100%)->12M(100%)
[21.019s][info][gc] Allocation Stall (Attach Listener) 21.574ms
[21.019s][info][gc] GC(794) Garbage Collection (Allocation Stall) 12M(100%)->12M(100%)
[21.031s][info][gc] Allocation Stall (JFR Periodic Tasks) 12.656ms
[21.031s][info][gc] GC(795) Garbage Collection (Allocation Stall) 12M(100%)->12M(100%)
[21.044s][info][gc] Allocation Stall (Attach Listener) 24.985ms
[21.044s][info][gc] GC(796) Garbage Collection (Allocation Stall) 12M(100%)->12M(100%)
[21.058s][info][gc] GC(797) Garbage Collection (Allocation Stall) 12M(100%)->12M(100%)
[21.058s][info][gc] Allocation Stall (JFR Periodic Tasks) 16.322ms
[21.070s][info][gc] Allocation Stall (Attach Listener) 25.150ms
[21.071s][info][gc] GC(798) Garbage Collection (Allocation Stall) 12M(100%)->12M(100%)
[21.084s][info][gc] Allocation Stall (JFR Periodic Tasks) 16.138ms
[21.084s][info][gc] GC(799) Garbage Collection (Allocation Stall) 12M(100%)->12M(100%)
[21.097s][info][gc] Allocation Stall (Attach Listener) 25.223ms
[21.098s][info][gc] GC(800) Garbage Collection (Allocation Stall) 12M(100%)->12M(100%)
[21.111s][info][gc] Allocation Stall (JFR Periodic Tasks) 16.717ms
[21.111s][info][gc] GC(801) Garbage Collection (Allocation Stall) 12M(100%)->12M(100%)
[21.125s][info][gc] Allocation Stall (Attach Listener) 25.810ms
[21.125s][info][gc] GC(802) Garbage Collection (Allocation Stall) 12M(100%)->12M(100%)
[21.138s][info][gc] Allocation Stall (JFR Periodic Tasks) 16.996ms
[21.138s][info][gc] GC(803) Garbage Collection (Allocation Stall) 12M(100%)->12M(100%)
[21.151s][info][gc] Allocation Stall (Attach Listener) 24.610ms
[21.151s][info][gc] GC(804) Garbage Collection (Allocation Stall) 12M(100%)->12M(100%)
[21.165s][info][gc] GC(805) Garbage Collection (Allocation Stall) 12M(100%)->12M(100%)
[21.165s][info][gc] Allocation Stall (JFR Periodic Tasks) 17.023ms
[21.177s][info][gc] Allocation Stall (Attach Listener) 25.215ms
[21.177s][info][gc] GC(806) Garbage Collection (Allocation Stall) 12M(100%)->12M(100%)
[21.189s][info][gc] Allocation Stall (JFR Periodic Tasks) 13.969ms
[21.189s][info][gc] GC(807) Garbage Collection (Allocation Stall) 12M(100%)->12M(100%)
[21.201s][info][gc] Allocation Stall (Attach Listener) 24.162ms
[21.202s][info][gc] GC(808) Garbage Collection (Allocation Stall) 12M(100%)->12M(100%)
[21.214s][info][gc] GC(809) Garbage Collection (Allocation Stall) 12M(100%)->12M(100%)
[21.214s][info][gc] Allocation Stall (JFR Periodic Tasks) 15.463ms
[21.226s][info][gc] Allocation Stall (Attach Listener) 24.275ms
[21.226s][info][gc] GC(810) Garbage Collection (Allocation Stall) 12M(100%)->12M(100%)
[21.238s][info][gc] GC(811) Garbage Collection (Allocation Stall) 12M(100%)->12M(100%)
[21.238s][info][gc] Allocation Stall (JFR Periodic Tasks) 13.695ms
[21.250s][info][gc] Allocation Stall (Attach Listener) 23.508ms
[21.250s][info][gc] GC(812) Garbage Collection (Allocation Stall) 12M(100%)->12M(100%)
[21.263s][info][gc] Allocation Stall (JFR Periodic Tasks) 14.987ms
[21.263s][info][gc] GC(813) Garbage Collection (Allocation Stall) 12M(100%)->12M(100%)
[21.276s][info][gc] Allocation Stall (Attach Listener) 24.868ms
[21.276s][info][gc] GC(814) Garbage Collection (Allocation Stall) 12M(100%)->12M(100%)
[21.290s][info][gc] Allocation Stall (JFR Periodic Tasks) 17.009ms
[21.290s][info][gc] GC(815) Garbage Collection (Allocation Stall) 12M(100%)->12M(100%)
[21.303s][info][gc] Allocation Stall (Attach Listener) 25.842ms
[21.304s][info][gc] GC(816) Garbage Collection (Allocation Stall) 12M(100%)->12M(100%)
[21.317s][info][gc] Allocation Stall (JFR Periodic Tasks) 16.755ms
[21.317s][info][gc] GC(817) Garbage Collection (Allocation Stall) 12M(100%)->12M(100%)
[21.331s][info][gc] Allocation Stall (Attach Listener) 25.935ms
[21.331s][info][gc] GC(818) Garbage Collection (Allocation Stall) 12M(100%)->12M(100%)
[21.345s][info][gc] Allocation Stall (JFR Periodic Tasks) 17.961ms
[21.345s][info][gc] GC(819) Garbage Collection (Allocation Stall) 12M(100%)->12M(100%)
[21.360s][info][gc] Allocation Stall (Attach Listener) 26.877ms
[21.360s][info][gc] GC(820) Garbage Collection (Allocation Stall) 12M(100%)->12M(100%)
[21.373s][info][gc] Allocation Stall (JFR Periodic Tasks) 17.743ms
[21.373s][info][gc] GC(821) Garbage Collection (Allocation Stall) 12M(100%)->12M(100%)
[21.386s][info][gc] Allocation Stall (Attach Listener) 24.329ms
[21.386s][info][gc] GC(822) Garbage Collection (Allocation Stall) 12M(100%)->12M(100%)
[21.400s][info][gc] Allocation Stall (JFR Periodic Tasks) 17.365ms
[21.400s][info][gc] GC(823) Garbage Collection (Allocation Stall) 12M(100%)->12M(100%)
[21.413s][info][gc] Allocation Stall (Attach Listener) 25.751ms
[21.414s][info][gc] GC(824) Garbage Collection (Allocation Stall) 12M(100%)->12M(100%)
[21.427s][info][gc] Allocation Stall (JFR Periodic Tasks) 17.301ms
[21.427s][info][gc] GC(825) Garbage Collection (Allocation Stall) 12M(100%)->12M(100%)
[21.441s][info][gc] Allocation Stall (Attach Listener) 26.022ms
[21.441s][info][gc] GC(826) Garbage Collection (Allocation Stall) 12M(100%)->12M(100%)
[21.454s][info][gc] GC(827) Garbage Collection (Allocation Stall) 12M(100%)->12M(100%)
[21.454s][info][gc] Allocation Stall (JFR Periodic Tasks) 18.042ms
[21.468s][info][gc] Allocation Stall (Attach Listener) 25.247ms
[21.468s][info][gc] GC(828) Garbage Collection (Allocation Stall) 12M(100%)->12M(100%)
[21.482s][info][gc] GC(829) Garbage Collection (Allocation Stall) 12M(100%)->12M(100%)
[21.482s][info][gc] Allocation Stall (JFR Periodic Tasks) 17.663ms
[21.497s][info][gc] Allocation Stall (Attach Listener) 26.911ms
[21.497s][info][gc] GC(830) Garbage Collection (Allocation Stall) 12M(100%)->12M(100%)
[21.511s][info][gc] Allocation Stall (JFR Periodic Tasks) 18.642ms
[21.511s][info][gc] GC(831) Garbage Collection (Allocation Stall) 12M(100%)->12M(100%)
[21.524s][info][gc] Allocation Stall (Attach Listener) 26.013ms
[21.525s][info][gc] GC(832) Garbage Collection (Allocation Stall) 12M(100%)->12M(100%)
[21.538s][info][gc] Allocation Stall (JFR Periodic Tasks) 16.355ms
[21.538s][info][gc] GC(833) Garbage Collection (Allocation Stall) 12M(100%)->12M(100%)
[21.551s][info][gc] Allocation Stall (Attach Listener) 24.739ms
[21.551s][info][gc] GC(834) Garbage Collection (Allocation Stall) 12M(100%)->12M(100%)
[21.566s][info][gc] Allocation Stall (JFR Periodic Tasks) 18.409ms
[21.566s][info][gc] GC(835) Garbage Collection (Allocation Stall) 12M(100%)->12M(100%)
[21.580s][info][gc] Allocation Stall (Attach Listener) 26.940ms
[21.580s][info][gc] GC(836) Garbage Collection (Allocation Stall) 12M(100%)->12M(100%)
[21.592s][info][gc] Allocation Stall (JFR Periodic Tasks) 16.023ms
[21.592s][info][gc] GC(837) Garbage Collection (Allocation Stall) 12M(100%)->12M(100%)
[21.604s][info][gc] Allocation Stall (Attach Listener) 23.526ms
[21.604s][info][gc] GC(838) Garbage Collection (Allocation Stall) 12M(100%)->12M(100%)
[21.617s][info][gc] Allocation Stall (JFR Periodic Tasks) 15.567ms
[21.617s][info][gc] GC(839) Garbage Collection (Allocation Stall) 12M(100%)->12M(100%)
[21.629s][info][gc] Allocation Stall (Attach Listener) 24.370ms
[21.629s][info][gc] GC(840) Garbage Collection (Allocation Stall) 12M(100%)->12M(100%)
[21.644s][info][gc] GC(841) Garbage Collection (Allocation Stall) 12M(100%)->12M(100%)
[21.644s][info][gc] Allocation Stall (JFR Periodic Tasks) 16.190ms
[21.656s][info][gc] Allocation Stall (Attach Listener) 26.004ms
[21.656s][info][gc] GC(842) Garbage Collection (Allocation Stall) 12M(100%)->12M(100%)
[21.668s][info][gc] Allocation Stall (JFR Periodic Tasks) 14.167ms
[21.668s][info][gc] GC(843) Garbage Collection (Allocation Stall) 12M(100%)->12M(100%)
[21.683s][info][gc] Allocation Stall (Attach Listener) 26.101ms
[21.683s][info][gc] GC(844) Garbage Collection (Allocation Stall) 12M(100%)->12M(100%)
[21.694s][info][gc] Allocation Stall (JFR Periodic Tasks) 16.075ms
[21.694s][info][gc] GC(845) Garbage Collection (Allocation Stall) 12M(100%)->12M(100%)
[21.705s][info][gc] Allocation Stall (RMI TCP Connection(1)-192.168.156.17) 20.071ms
[21.705s][info][gc] GC(846) Garbage Collection (Allocation Stall) 12M(100%)->12M(100%)
[21.716s][info][gc] Allocation Stall (JFR Periodic Tasks) 11.391ms
[21.716s][info][gc] GC(847) Garbage Collection (Allocation Stall) 12M(100%)->12M(100%)
[21.727s][info][gc] Allocation Stall (RMI TCP Connection(1)-192.168.156.17) 21.769ms
[21.728s][info][gc] GC(848) Garbage Collection (Allocation Stall) 12M(100%)->12M(100%)
[21.740s][info][gc] Allocation Stall (JFR Periodic Tasks) 14.402ms
[21.740s][info][gc] GC(849) Garbage Collection (Allocation Stall) 12M(100%)->12M(100%)
[21.752s][info][gc] Allocation Stall (RMI TCP Connection(1)-192.168.156.17) 23.456ms
[21.752s][info][gc] GC(850) Garbage Collection (Allocation Stall) 12M(100%)->12M(100%)
[21.767s][info][gc] GC(851) Garbage Collection (Allocation Stall) 12M(100%)->12M(100%)
[21.767s][info][gc] Allocation Stall (JFR Periodic Tasks) 16.609ms
[21.781s][info][gc] Allocation Stall (RMI TCP Connection(1)-192.168.156.17) 28.530ms
[21.781s][info][gc] GC(852) Garbage Collection (Allocation Stall) 12M(100%)->12M(100%)
[21.796s][info][gc] Allocation Stall (JFR Periodic Tasks) 17.679ms
[21.796s][info][gc] GC(853) Garbage Collection (Allocation Stall) 12M(100%)->12M(100%)
[21.810s][info][gc] Allocation Stall (RMI TCP Connection(1)-192.168.156.17) 28.197ms
[21.810s][info][gc] GC(854) Garbage Collection (Allocation Stall) 12M(100%)->12M(100%)
[21.824s][info][gc] Allocation Stall (JFR Periodic Tasks) 18.125ms
[21.824s][info][gc] GC(855) Garbage Collection (Allocation Stall) 12M(100%)->12M(100%)
[21.836s][info][gc] Allocation Stall (RMI TCP Connection(1)-192.168.156.17) 26.017ms
[21.837s][info][gc] GC(856) Garbage Collection (Allocation Stall) 12M(100%)->12M(100%)
[21.850s][info][gc] GC(857) Garbage Collection (Allocation Stall) 12M(100%)->12M(100%)
[21.850s][info][gc] Allocation Stall (JFR Periodic Tasks) 16.321ms
[21.863s][info][gc] Allocation Stall (RMI TCP Connection(1)-192.168.156.17) 25.392ms
[21.863s][info][gc] GC(858) Garbage Collection (Allocation Stall) 12M(100%)->12M(100%)
[21.875s][info][gc] Allocation Stall (JFR Periodic Tasks) 15.157ms
[21.875s][info][gc] GC(859) Garbage Collection (Allocation Stall) 12M(100%)->12M(100%)
[21.887s][info][gc] Allocation Stall (RMI TCP Connection(1)-192.168.156.17) 23.900ms
[21.888s][info][gc] GC(860) Garbage Collection (Allocation Stall) 12M(100%)->12M(100%)
[21.900s][info][gc] GC(861) Garbage Collection (Allocation Stall) 12M(100%)->12M(100%)
[21.900s][info][gc] Allocation Stall (JFR Periodic Tasks) 14.282ms
[21.913s][info][gc] Allocation Stall (RMI TCP Connection(1)-192.168.156.17) 25.199ms
[21.913s][info][gc] GC(862) Garbage Collection (Allocation Stall) 12M(100%)->12M(100%)
[21.913s][info][gc] Allocation Stall (JMX server connection timeout 23) 25.457ms
[21.926s][info][gc] GC(863) Garbage Collection (Allocation Stall) 12M(100%)->12M(100%)
[21.926s][info][gc] Allocation Stall (JFR Periodic Tasks) 16.897ms
[21.938s][info][gc] Allocation Stall (RMI TCP Connection(1)-192.168.156.17) 24.646ms
[21.939s][info][gc] GC(864) Garbage Collection (Allocation Stall) 12M(100%)->12M(100%)
[21.939s][info][gc] Allocation Stall (JMX server connection timeout 23) 25.169ms
[21.951s][info][gc] Allocation Stall (JFR Periodic Tasks) 13.939ms
[21.951s][info][gc] GC(865) Garbage Collection (Allocation Stall) 12M(100%)->12M(100%)
[21.965s][info][gc] Allocation Stall (RMI TCP Connection(1)-192.168.156.17) 25.820ms
[21.965s][info][gc] GC(866) Garbage Collection (Allocation Stall) 12M(100%)->12M(100%)
[21.978s][info][gc] Allocation Stall (JFR Periodic Tasks) 16.751ms
[21.978s][info][gc] GC(867) Garbage Collection (Allocation Stall) 12M(100%)->12M(100%)
[21.990s][info][gc] Allocation Stall (RMI TCP Connection(1)-192.168.156.17) 24.098ms
[21.990s][info][gc] GC(868) Garbage Collection (Allocation Stall) 12M(100%)->12M(100%)
[22.002s][info][gc] GC(869) Garbage Collection (Allocation Stall) 12M(100%)->12M(100%)
[22.002s][info][gc] Allocation Stall (JFR Periodic Tasks) 14.478ms
[22.014s][info][gc] Allocation Stall (RMI TCP Connection(1)-192.168.156.17) 24.027ms
[22.015s][info][gc] GC(870) Garbage Collection (Allocation Stall) 12M(100%)->12M(100%)
[22.027s][info][gc] Allocation Stall (JFR Periodic Tasks) 14.657ms
[22.027s][info][gc] GC(871) Garbage Collection (Allocation Stall) 12M(100%)->12M(100%)
[22.039s][info][gc] Allocation Stall (RMI TCP Connection(1)-192.168.156.17) 24.322ms
[22.040s][info][gc] GC(872) Garbage Collection (Allocation Stall) 12M(100%)->12M(100%)
[22.052s][info][gc] Allocation Stall (JFR Periodic Tasks) 15.219ms
[22.052s][info][gc] GC(873) Garbage Collection (Allocation Stall) 12M(100%)->12M(100%)
[22.064s][info][gc] Allocation Stall (RMI TCP Connection(1)-192.168.156.17) 23.731ms
[22.064s][info][gc] GC(874) Garbage Collection (Allocation Stall) 12M(100%)->12M(100%)
[22.078s][info][gc] GC(875) Garbage Collection (Allocation Stall) 12M(100%)->12M(100%)
[22.078s][info][gc] Allocation Stall (JFR Periodic Tasks) 16.315ms
[22.090s][info][gc] Allocation Stall (RMI TCP Connection(1)-192.168.156.17) 25.548ms
[22.090s][info][gc] GC(876) Garbage Collection (Allocation Stall) 12M(100%)->12M(100%)
[22.103s][info][gc] Allocation Stall (JFR Periodic Tasks) 14.758ms
[22.103s][info][gc] GC(877) Garbage Collection (Allocation Stall) 12M(100%)->12M(100%)
[22.115s][info][gc] Allocation Stall (RMI TCP Connection(1)-192.168.156.17) 24.261ms
[22.116s][info][gc] GC(878) Garbage Collection (Allocation Stall) 12M(100%)->12M(100%)
[22.128s][info][gc] GC(879) Garbage Collection (Allocation Stall) 12M(100%)->12M(100%)
[22.128s][info][gc] Allocation Stall (JFR Periodic Tasks) 14.980ms
[22.140s][info][gc] Allocation Stall (RMI TCP Connection(1)-192.168.156.17) 24.100ms
[22.140s][info][gc] GC(880) Garbage Collection (Allocation Stall) 12M(100%)->12M(100%)
[22.152s][info][gc] GC(881) Garbage Collection (Allocation Stall) 12M(100%)->12M(100%)
[22.152s][info][gc] Allocation Stall (JFR Periodic Tasks) 14.845ms
[22.165s][info][gc] Allocation Stall (RMI TCP Connection(1)-192.168.156.17) 24.932ms
[22.166s][info][gc] GC(882) Garbage Collection (Allocation Stall) 12M(100%)->12M(100%)
[22.178s][info][gc] Allocation Stall (JFR Periodic Tasks) 15.683ms
[22.178s][info][gc] GC(883) Garbage Collection (Allocation Stall) 12M(100%)->12M(100%)
[22.190s][info][gc] Allocation Stall (RMI TCP Connection(1)-192.168.156.17) 23.467ms
[22.190s][info][gc] GC(884) Garbage Collection (Allocation Stall) 12M(100%)->12M(100%)
[22.202s][info][gc] Allocation Stall (JFR Periodic Tasks) 14.120ms
[22.202s][info][gc] GC(885) Garbage Collection (Allocation Stall) 12M(100%)->12M(100%)
[22.214s][info][gc] Allocation Stall (RMI TCP Connection(1)-192.168.156.17) 24.049ms
[22.214s][info][gc] GC(886) Garbage Collection (Allocation Stall) 12M(100%)->12M(100%)
[22.227s][info][gc] Allocation Stall (JFR Periodic Tasks) 15.683ms
[22.227s][info][gc] GC(887) Garbage Collection (Allocation Stall) 12M(100%)->12M(100%)
[22.241s][info][gc] Allocation Stall (RMI TCP Connection(1)-192.168.156.17) 26.530ms
[22.241s][info][gc] GC(888) Garbage Collection (Allocation Stall) 12M(100%)->12M(100%)
[22.253s][info][gc] Allocation Stall (JFR Periodic Tasks) 16.077ms
[22.253s][info][gc] GC(889) Garbage Collection (Allocation Stall) 12M(100%)->12M(100%)
[22.266s][info][gc] Allocation Stall (RMI TCP Connection(1)-192.168.156.17) 23.792ms
[22.266s][info][gc] GC(890) Garbage Collection (Allocation Stall) 12M(100%)->12M(100%)
[22.278s][info][gc] Allocation Stall (JFR Periodic Tasks) 14.899ms
[22.278s][info][gc] GC(891) Garbage Collection (Allocation Stall) 12M(100%)->12M(100%)
[22.291s][info][gc] Allocation Stall (RMI TCP Connection(1)-192.168.156.17) 24.597ms
[22.291s][info][gc] GC(892) Garbage Collection (Allocation Stall) 12M(100%)->12M(100%)
[22.303s][info][gc] Allocation Stall (JFR Periodic Tasks) 14.458ms
[22.303s][info][gc] GC(893) Garbage Collection (Allocation Stall) 12M(100%)->12M(100%)
[22.316s][info][gc] Allocation Stall (RMI TCP Connection(1)-192.168.156.17) 24.391ms
[22.316s][info][gc] GC(894) Garbage Collection (Allocation Stall) 12M(100%)->12M(100%)
[22.329s][info][gc] Allocation Stall (JFR Periodic Tasks) 15.395ms
[22.329s][info][gc] GC(895) Garbage Collection (Allocation Stall) 12M(100%)->12M(100%)
[22.341s][info][gc] Allocation Stall (RMI TCP Connection(1)-192.168.156.17) 24.635ms
[22.341s][info][gc] GC(896) Garbage Collection (Allocation Stall) 12M(100%)->12M(100%)
[22.354s][info][gc] Allocation Stall (JFR Periodic Tasks) 14.605ms
[22.354s][info][gc] GC(897) Garbage Collection (Allocation Stall) 12M(100%)->12M(100%)
[22.367s][info][gc] Allocation Stall (RMI TCP Connection(1)-192.168.156.17) 25.193ms
[22.367s][info][gc] GC(898) Garbage Collection (Allocation Stall) 12M(100%)->12M(100%)
[22.379s][info][gc] Allocation Stall (JFR Periodic Tasks) 15.947ms
[22.379s][info][gc] GC(899) Garbage Collection (Allocation Stall) 12M(100%)->12M(100%)
[22.391s][info][gc] Allocation Stall (RMI TCP Connection(1)-192.168.156.17) 23.684ms
[22.391s][info][gc] GC(900) Garbage Collection (Allocation Stall) 12M(100%)->12M(100%)
[22.404s][info][gc] Allocation Stall (JFR Periodic Tasks) 14.503ms
[22.404s][info][gc] GC(901) Garbage Collection (Allocation Stall) 12M(100%)->12M(100%)
[22.417s][info][gc] Allocation Stall (RMI TCP Connection(1)-192.168.156.17) 25.460ms
[22.417s][info][gc] GC(902) Garbage Collection (Allocation Stall) 12M(100%)->12M(100%)
[22.430s][info][gc] Allocation Stall (JFR Periodic Tasks) 16.084ms
[22.430s][info][gc] GC(903) Garbage Collection (Allocation Stall) 12M(100%)->12M(100%)
[22.442s][info][gc] Allocation Stall (RMI TCP Connection(1)-192.168.156.17) 24.707ms
[22.442s][info][gc] GC(904) Garbage Collection (Allocation Stall) 12M(100%)->12M(100%)
[22.455s][info][gc] Allocation Stall (JFR Periodic Tasks) 15.361ms
[22.455s][info][gc] GC(905) Garbage Collection (Allocation Stall) 12M(100%)->12M(100%)
[22.467s][info][gc] Allocation Stall (RMI TCP Connection(1)-192.168.156.17) 24.535ms
[22.467s][info][gc] GC(906) Garbage Collection (Allocation Stall) 12M(100%)->12M(100%)
[22.481s][info][gc] GC(907) Garbage Collection (Allocation Stall) 12M(100%)->12M(100%)
[22.481s][info][gc] Allocation Stall (JFR Periodic Tasks) 16.951ms
[22.493s][info][gc] Allocation Stall (RMI TCP Connection(1)-192.168.156.17) 25.588ms
[22.494s][info][gc] GC(908) Garbage Collection (Allocation Stall) 12M(100%)->12M(100%)
[22.506s][info][gc] Allocation Stall (JFR Periodic Tasks) 15.019ms
[22.506s][info][gc] GC(909) Garbage Collection (Allocation Stall) 12M(100%)->12M(100%)
[22.518s][info][gc] Allocation Stall (RMI TCP Connection(1)-192.168.156.17) 23.589ms
[22.518s][info][gc] GC(910) Garbage Collection (Allocation Stall) 12M(100%)->12M(100%)
[22.531s][info][gc] Allocation Stall (JFR Periodic Tasks) 14.524ms
[22.531s][info][gc] GC(911) Garbage Collection (Allocation Stall) 12M(100%)->12M(100%)
[22.543s][info][gc] Allocation Stall (RMI TCP Connection(1)-192.168.156.17) 24.449ms
[22.543s][info][gc] GC(912) Garbage Collection (Allocation Stall) 12M(100%)->12M(100%)
[22.558s][info][gc] Allocation Stall (JFR Periodic Tasks) 17.043ms
[22.558s][info][gc] GC(913) Garbage Collection (Allocation Stall) 12M(100%)->12M(100%)
[22.570s][info][gc] Allocation Stall (RMI TCP Connection(1)-192.168.156.17) 26.225ms
[22.570s][info][gc] GC(914) Garbage Collection (Allocation Stall) 12M(100%)->12M(100%)
[22.582s][info][gc] Allocation Stall (JFR Periodic Tasks) 13.628ms
[22.582s][info][gc] GC(915) Garbage Collection (Allocation Stall) 12M(100%)->12M(100%)
[22.595s][info][gc] Allocation Stall (RMI TCP Connection(1)-192.168.156.17) 24.705ms
[22.595s][info][gc] GC(916) Garbage Collection (Allocation Stall) 12M(100%)->12M(100%)
[22.608s][info][gc] Allocation Stall (JFR Periodic Tasks) 16.071ms
[22.609s][info][gc] GC(917) Garbage Collection (Allocation Stall) 12M(100%)->12M(100%)
[22.621s][info][gc] Allocation Stall (RMI TCP Connection(1)-192.168.156.17) 25.363ms
[22.621s][info][gc] GC(918) Garbage Collection (Allocation Stall) 12M(100%)->12M(100%)
[22.634s][info][gc] GC(919) Garbage Collection (Allocation Stall) 12M(100%)->12M(100%)
[22.634s][info][gc] Allocation Stall (JFR Periodic Tasks) 15.151ms
[22.646s][info][gc] Allocation Stall (RMI TCP Connection(1)-192.168.156.17) 24.974ms
[22.647s][info][gc] GC(920) Garbage Collection (Allocation Stall) 12M(100%)->12M(100%)
[22.660s][info][gc] GC(921) Garbage Collection (Allocation Stall) 12M(100%)->12M(100%)
[22.660s][info][gc] Allocation Stall (JFR Periodic Tasks) 16.361ms
[22.673s][info][gc] Allocation Stall (RMI TCP Connection(1)-192.168.156.17) 26.354ms
[22.674s][info][gc] GC(922) Garbage Collection (Allocation Stall) 12M(100%)->12M(100%)
[22.686s][info][gc] Allocation Stall (JFR Periodic Tasks) 16.215ms
[22.686s][info][gc] GC(923) Garbage Collection (Allocation Stall) 12M(100%)->12M(100%)
[22.699s][info][gc] Allocation Stall (RMI TCP Connection(1)-192.168.156.17) 24.574ms
[22.699s][info][gc] GC(924) Garbage Collection (Allocation Stall) 12M(100%)->12M(100%)
[22.711s][info][gc] GC(925) Garbage Collection (Allocation Stall) 12M(100%)->12M(100%)
[22.711s][info][gc] Allocation Stall (JFR Periodic Tasks) 15.267ms
[22.724s][info][gc] Allocation Stall (RMI TCP Connection(1)-192.168.156.17) 24.966ms
[22.725s][info][gc] GC(926) Garbage Collection (Allocation Stall) 12M(100%)->12M(100%)
[22.737s][info][gc] GC(927) Garbage Collection (Allocation Stall) 12M(100%)->12M(100%)
[22.737s][info][gc] Allocation Stall (JFR Periodic Tasks) 15.548ms
[22.749s][info][gc] Allocation Stall (RMI TCP Connection(1)-192.168.156.17) 23.927ms
[22.749s][info][gc] GC(928) Garbage Collection (Allocation Stall) 12M(100%)->12M(100%)
[22.763s][info][gc] GC(929) Garbage Collection (Allocation Stall) 12M(100%)->12M(100%)
[22.763s][info][gc] Allocation Stall (JFR Periodic Tasks) 15.468ms
[22.775s][info][gc] Allocation Stall (RMI TCP Connection(1)-192.168.156.17) 25.823ms
[22.775s][info][gc] GC(930) Garbage Collection (Allocation Stall) 12M(100%)->12M(100%)
[22.788s][info][gc] Allocation Stall (JFR Periodic Tasks) 15.817ms
[22.788s][info][gc] GC(931) Garbage Collection (Allocation Stall) 12M(100%)->12M(100%)
[22.801s][info][gc] Allocation Stall (RMI TCP Connection(1)-192.168.156.17) 25.133ms
[22.801s][info][gc] GC(932) Garbage Collection (Allocation Stall) 12M(100%)->12M(100%)
[22.815s][info][gc] Allocation Stall (JFR Periodic Tasks) 17.175ms
[22.815s][info][gc] GC(933) Garbage Collection (Allocation Stall) 12M(100%)->12M(100%)
[22.828s][info][gc] Allocation Stall (RMI TCP Connection(1)-192.168.156.17) 26.028ms
[22.828s][info][gc] GC(934) Garbage Collection (Allocation Stall) 12M(100%)->12M(100%)
[22.841s][info][gc] GC(935) Garbage Collection (Allocation Stall) 12M(100%)->12M(100%)
[22.841s][info][gc] Allocation Stall (JFR Periodic Tasks) 16.129ms
[22.853s][info][gc] Allocation Stall (RMI TCP Connection(1)-192.168.156.17) 25.403ms
[22.854s][info][gc] GC(936) Garbage Collection (Allocation Stall) 12M(100%)->12M(100%)
[22.866s][info][gc] GC(937) Garbage Collection (Allocation Stall) 12M(100%)->12M(100%)
[22.866s][info][gc] Allocation Stall (JFR Periodic Tasks) 13.824ms
[22.880s][info][gc] Allocation Stall (RMI TCP Connection(1)-192.168.156.17) 25.842ms
[22.880s][info][gc] GC(938) Garbage Collection (Allocation Stall) 12M(100%)->12M(100%)
[22.893s][info][gc] Allocation Stall (JFR Periodic Tasks) 16.228ms
[22.893s][info][gc] GC(939) Garbage Collection (Allocation Stall) 12M(100%)->12M(100%)
[22.905s][info][gc] Allocation Stall (RMI TCP Connection(1)-192.168.156.17) 24.755ms
[22.906s][info][gc] GC(940) Garbage Collection (Allocation Stall) 12M(100%)->12M(100%)
[22.919s][info][gc] Allocation Stall (JFR Periodic Tasks) 15.500ms
[22.919s][info][gc] GC(941) Garbage Collection (Allocation Stall) 12M(100%)->12M(100%)
[22.931s][info][gc] Allocation Stall (RMI TCP Connection(1)-192.168.156.17) 25.314ms
[22.932s][info][gc] GC(942) Garbage Collection (Allocation Stall) 12M(100%)->12M(100%)
[22.944s][info][gc] Allocation Stall (JFR Periodic Tasks) 15.489ms
[22.944s][info][gc] GC(943) Garbage Collection (Allocation Stall) 12M(100%)->12M(100%)
[22.958s][info][gc] Allocation Stall (RMI TCP Connection(1)-192.168.156.17) 25.618ms
[22.958s][info][gc] GC(944) Garbage Collection (Allocation Stall) 12M(100%)->12M(100%)
[22.970s][info][gc] Allocation Stall (JFR Periodic Tasks) 15.839ms
[22.970s][info][gc] GC(945) Garbage Collection (Allocation Stall) 12M(100%)->12M(100%)
[22.982s][info][gc] Allocation Stall (RMI TCP Connection(1)-192.168.156.17) 24.285ms
[22.983s][info][gc] GC(946) Garbage Collection (Allocation Stall) 12M(100%)->12M(100%)
[22.996s][info][gc] Allocation Stall (JFR Periodic Tasks) 16.344ms
[22.996s][info][gc] GC(947) Garbage Collection (Allocation Stall) 12M(100%)->12M(100%)
[23.009s][info][gc] Allocation Stall (RMI TCP Connection(1)-192.168.156.17) 26.173ms
[23.009s][info][gc] GC(948) Garbage Collection (Allocation Stall) 12M(100%)->12M(100%)
[23.021s][info][gc] Allocation Stall (JFR Periodic Tasks) 15.719ms
[23.021s][info][gc] GC(949) Garbage Collection (Allocation Stall) 12M(100%)->12M(100%)
[23.033s][info][gc] Allocation Stall (RMI TCP Connection(1)-192.168.156.17) 23.725ms
[23.034s][info][gc] GC(950) Garbage Collection (Allocation Stall) 12M(100%)->12M(100%)
[23.048s][info][gc] Allocation Stall (JFR Periodic Tasks) 15.118ms
[23.048s][info][gc] GC(951) Garbage Collection (Allocation Stall) 12M(100%)->12M(100%)
[23.060s][info][gc] Allocation Stall (RMI TCP Connection(1)-192.168.156.17) 25.887ms
[23.060s][info][gc] GC(952) Garbage Collection (Allocation Stall) 12M(100%)->12M(100%)
[23.072s][info][gc] GC(953) Garbage Collection (Allocation Stall) 12M(100%)->12M(100%)
[23.072s][info][gc] Allocation Stall (JFR Periodic Tasks) 14.522ms
[23.084s][info][gc] Allocation Stall (RMI TCP Connection(1)-192.168.156.17) 23.641ms
[23.084s][info][gc] GC(954) Garbage Collection (Allocation Stall) 12M(100%)->12M(100%)
[23.097s][info][gc] Allocation Stall (JFR Periodic Tasks) 15.232ms
[23.097s][info][gc] GC(955) Garbage Collection (Allocation Stall) 12M(100%)->12M(100%)
[23.110s][info][gc] Allocation Stall (RMI TCP Connection(1)-192.168.156.17) 25.217ms
[23.110s][info][gc] GC(956) Garbage Collection (Allocation Stall) 12M(100%)->12M(100%)
[23.124s][info][gc] Allocation Stall (JFR Periodic Tasks) 16.756ms
[23.124s][info][gc] GC(957) Garbage Collection (Allocation Stall) 12M(100%)->12M(100%)
[23.136s][info][gc] Allocation Stall (RMI TCP Connection(1)-192.168.156.17) 25.878ms
[23.137s][info][gc] GC(958) Garbage Collection (Allocation Stall) 12M(100%)->12M(100%)
[23.149s][info][gc] Allocation Stall (JFR Periodic Tasks) 15.760ms
[23.149s][info][gc] GC(959) Garbage Collection (Allocation Stall) 12M(100%)->12M(100%)
[23.163s][info][gc] Allocation Stall (RMI TCP Connection(1)-192.168.156.17) 25.915ms
[23.163s][info][gc] GC(960) Garbage Collection (Allocation Stall) 12M(100%)->12M(100%)
[23.176s][info][gc] Allocation Stall (JFR Periodic Tasks) 16.345ms
[23.176s][info][gc] GC(961) Garbage Collection (Allocation Stall) 12M(100%)->12M(100%)
[23.188s][info][gc] Allocation Stall (RMI TCP Connection(1)-192.168.156.17) 24.844ms
[23.189s][info][gc] GC(962) Garbage Collection (Allocation Stall) 12M(100%)->12M(100%)
[23.201s][info][gc] Allocation Stall (JFR Periodic Tasks) 14.345ms
[23.201s][info][gc] GC(963) Garbage Collection (Allocation Stall) 12M(100%)->12M(100%)
[23.214s][info][gc] Allocation Stall (RMI TCP Connection(1)-192.168.156.17) 24.849ms
[23.214s][info][gc] GC(964) Garbage Collection (Allocation Stall) 12M(100%)->12M(100%)
[23.227s][info][gc] Allocation Stall (JFR Periodic Tasks) 16.148ms
[23.227s][info][gc] GC(965) Garbage Collection (Allocation Stall) 12M(100%)->12M(100%)
[23.240s][info][gc] Allocation Stall (RMI TCP Connection(1)-192.168.156.17) 25.940ms
[23.241s][info][gc] GC(966) Garbage Collection (Allocation Stall) 12M(100%)->12M(100%)
[23.253s][info][gc] GC(967) Garbage Collection (Allocation Stall) 12M(100%)->12M(100%)
[23.253s][info][gc] Allocation Stall (JFR Periodic Tasks) 16.290ms
[23.265s][info][gc] Allocation Stall (RMI TCP Connection(1)-192.168.156.17) 23.580ms
[23.265s][info][gc] GC(968) Garbage Collection (Allocation Stall) 12M(100%)->12M(100%)
[23.277s][info][gc] Allocation Stall (JFR Periodic Tasks) 13.765ms
[23.277s][info][gc] GC(969) Garbage Collection (Allocation Stall) 12M(100%)->12M(100%)
[23.291s][info][gc] Allocation Stall (RMI TCP Connection(1)-192.168.156.17) 25.813ms
[23.291s][info][gc] GC(970) Garbage Collection (Allocation Stall) 12M(100%)->12M(100%)
[23.303s][info][gc] Allocation Stall (JFR Periodic Tasks) 15.439ms
[23.303s][info][gc] GC(971) Garbage Collection (Allocation Stall) 12M(100%)->12M(100%)
[23.316s][info][gc] Allocation Stall (RMI TCP Connection(1)-192.168.156.17) 24.597ms
[23.316s][info][gc] GC(972) Garbage Collection (Allocation Stall) 12M(100%)->12M(100%)
[23.329s][info][gc] Allocation Stall (JFR Periodic Tasks) 15.694ms
[23.329s][info][gc] GC(973) Garbage Collection (Allocation Stall) 12M(100%)->12M(100%)
[23.341s][info][gc] Allocation Stall (RMI TCP Connection(1)-192.168.156.17) 24.793ms
[23.342s][info][gc] GC(974) Garbage Collection (Allocation Stall) 12M(100%)->12M(100%)
[23.354s][info][gc] GC(975) Garbage Collection (Allocation Stall) 12M(100%)->12M(100%)
[23.354s][info][gc] Allocation Stall (JFR Periodic Tasks) 15.049ms
[23.367s][info][gc] Allocation Stall (RMI TCP Connection(1)-192.168.156.17) 25.401ms
[23.368s][info][gc] GC(976) Garbage Collection (Allocation Stall) 12M(100%)->12M(100%)
[23.380s][info][gc] Allocation Stall (JFR Periodic Tasks) 15.734ms
[23.380s][info][gc] GC(977) Garbage Collection (Allocation Stall) 12M(100%)->12M(100%)
[23.393s][info][gc] Allocation Stall (RMI TCP Connection(1)-192.168.156.17) 24.629ms
[23.393s][info][gc] GC(978) Garbage Collection (Allocation Stall) 12M(100%)->12M(100%)
[23.407s][info][gc] GC(979) Garbage Collection (Allocation Stall) 12M(100%)->12M(100%)
[23.407s][info][gc] Allocation Stall (JFR Periodic Tasks) 17.096ms
[23.419s][info][gc] Allocation Stall (RMI TCP Connection(1)-192.168.156.17) 25.577ms
[23.419s][info][gc] GC(980) Garbage Collection (Allocation Stall) 12M(100%)->12M(100%)
[23.432s][info][gc] GC(981) Garbage Collection (Allocation Stall) 12M(100%)->12M(100%)
[23.432s][info][gc] Allocation Stall (JFR Periodic Tasks) 14.234ms
[23.445s][info][gc] Allocation Stall (RMI TCP Connection(1)-192.168.156.17) 25.195ms
[23.445s][info][gc] GC(982) Garbage Collection (Allocation Stall) 12M(100%)->12M(100%)
[23.458s][info][gc] Allocation Stall (JFR Periodic Tasks) 17.255ms
[23.458s][info][gc] GC(983) Garbage Collection (Allocation Stall) 12M(100%)->12M(100%)
[23.470s][info][gc] Allocation Stall (RMI TCP Connection(1)-192.168.156.17) 24.956ms
[23.470s][info][gc] GC(984) Garbage Collection (Allocation Stall) 12M(100%)->12M(100%)
[23.483s][info][gc] Allocation Stall (JFR Periodic Tasks) 15.764ms
[23.484s][info][gc] GC(985) Garbage Collection (Allocation Stall) 12M(100%)->12M(100%)
[23.496s][info][gc] Allocation Stall (RMI TCP Connection(1)-192.168.156.17) 25.270ms
[23.496s][info][gc] GC(986) Garbage Collection (Allocation Stall) 12M(100%)->12M(100%)
[23.509s][info][gc] Allocation Stall (JFR Periodic Tasks) 14.515ms
[23.509s][info][gc] GC(987) Garbage Collection (Allocation Stall) 12M(100%)->12M(100%)
[23.521s][info][gc] Allocation Stall (RMI TCP Connection(1)-192.168.156.17) 25.031ms
[23.522s][info][gc] GC(988) Garbage Collection (Allocation Stall) 12M(100%)->12M(100%)
[23.536s][info][gc] Allocation Stall (JFR Periodic Tasks) 16.318ms
[23.536s][info][gc] GC(989) Garbage Collection (Allocation Stall) 12M(100%)->12M(100%)
[23.548s][info][gc] Allocation Stall (RMI TCP Connection(1)-192.168.156.17) 25.155ms
[23.548s][info][gc] GC(990) Garbage Collection (Allocation Stall) 12M(100%)->12M(100%)
[23.561s][info][gc] Allocation Stall (JFR Periodic Tasks) 15.213ms
[23.561s][info][gc] GC(991) Garbage Collection (Allocation Stall) 12M(100%)->12M(100%)
[23.574s][info][gc] Allocation Stall (RMI TCP Connection(1)-192.168.156.17) 25.380ms
[23.574s][info][gc] GC(992) Garbage Collection (Allocation Stall) 12M(100%)->12M(100%)
[23.586s][info][gc] Allocation Stall (JFR Periodic Tasks) 14.900ms
[23.586s][info][gc] GC(993) Garbage Collection (Allocation Stall) 12M(100%)->12M(100%)
[23.599s][info][gc] Allocation Stall (RMI TCP Connection(1)-192.168.156.17) 24.971ms
[23.599s][info][gc] GC(994) Garbage Collection (Allocation Stall) 12M(100%)->12M(100%)
[23.614s][info][gc] Allocation Stall (JFR Periodic Tasks) 17.761ms
[23.614s][info][gc] GC(995) Garbage Collection (Allocation Stall) 12M(100%)->12M(100%)
[23.626s][info][gc] Allocation Stall (RMI TCP Connection(1)-192.168.156.17) 25.744ms
[23.626s][info][gc] GC(996) Garbage Collection (Allocation Stall) 12M(100%)->12M(100%)
[23.639s][info][gc] Allocation Stall (JFR Periodic Tasks) 14.551ms
[23.639s][info][gc] GC(997) Garbage Collection (Allocation Stall) 12M(100%)->12M(100%)
[23.651s][info][gc] Allocation Stall (RMI TCP Connection(1)-192.168.156.17) 25.095ms
[23.652s][info][gc] GC(998) Garbage Collection (Allocation Stall) 12M(100%)->12M(100%)
[23.664s][info][gc] GC(999) Garbage Collection (Allocation Stall) 12M(100%)->12M(100%)
[23.664s][info][gc] Allocation Stall (JFR Periodic Tasks) 15.136ms
[23.677s][info][gc] Allocation Stall (RMI TCP Connection(1)-192.168.156.17) 25.473ms
[23.678s][info][gc] GC(1000) Garbage Collection (Allocation Stall) 12M(100%)->12M(100%)
[23.690s][info][gc] Allocation Stall (JFR Periodic Tasks) 16.140ms
[23.690s][info][gc] GC(1001) Garbage Collection (Allocation Stall) 12M(100%)->12M(100%)
[23.702s][info][gc] Allocation Stall (RMI TCP Connection(1)-192.168.156.17) 23.849ms
[23.702s][info][gc] GC(1002) Garbage Collection (Allocation Stall) 12M(100%)->12M(100%)
[23.715s][info][gc] Allocation Stall (JFR Periodic Tasks) 15.217ms
[23.715s][info][gc] GC(1003) Garbage Collection (Allocation Stall) 12M(100%)->12M(100%)
[23.728s][info][gc] Allocation Stall (RMI TCP Connection(1)-192.168.156.17) 25.399ms
[23.728s][info][gc] GC(1004) Garbage Collection (Allocation Stall) 12M(100%)->12M(100%)
[23.742s][info][gc] Allocation Stall (JFR Periodic Tasks) 16.569ms
[23.742s][info][gc] GC(1005) Garbage Collection (Allocation Stall) 12M(100%)->12M(100%)
[23.754s][info][gc] Allocation Stall (RMI TCP Connection(1)-192.168.156.17) 25.742ms
[23.754s][info][gc] GC(1006) Garbage Collection (Allocation Stall) 12M(100%)->12M(100%)
[23.768s][info][gc] Allocation Stall (JFR Periodic Tasks) 16.437ms
[23.768s][info][gc] GC(1007) Garbage Collection (Allocation Stall) 12M(100%)->12M(100%)
[23.779s][info][gc] Allocation Stall (RMI TCP Connection(1)-192.168.156.17) 24.599ms
[23.780s][info][gc] GC(1008) Garbage Collection (Allocation Stall) 12M(100%)->12M(100%)
[23.792s][info][gc] GC(1009) Garbage Collection (Allocation Stall) 12M(100%)->12M(100%)
[23.792s][info][gc] Allocation Stall (JFR Periodic Tasks) 14.532ms
[23.805s][info][gc] Allocation Stall (RMI TCP Connection(1)-192.168.156.17) 24.406ms
[23.805s][info][gc] GC(1010) Garbage Collection (Allocation Stall) 12M(100%)->12M(100%)
[23.818s][info][gc] Allocation Stall (JFR Periodic Tasks) 14.365ms
[23.818s][info][gc] GC(1011) Garbage Collection (Allocation Stall) 12M(100%)->12M(100%)
[23.830s][info][gc] Allocation Stall (RMI TCP Connection(1)-192.168.156.17) 24.954ms
[23.830s][info][gc] GC(1012) Garbage Collection (Allocation Stall) 12M(100%)->12M(100%)
[23.844s][info][gc] GC(1013) Garbage Collection (Allocation Stall) 12M(100%)->12M(100%)
[23.844s][info][gc] Allocation Stall (JFR Periodic Tasks) 16.385ms
[23.857s][info][gc] Allocation Stall (RMI TCP Connection(1)-192.168.156.17) 26.027ms
[23.857s][info][gc] GC(1014) Garbage Collection (Allocation Stall) 12M(100%)->12M(100%)
[23.869s][info][gc] Allocation Stall (JFR Periodic Tasks) 14.905ms
[23.869s][info][gc] GC(1015) Garbage Collection (Allocation Stall) 12M(100%)->12M(100%)
[23.883s][info][gc] Allocation Stall (RMI TCP Connection(1)-192.168.156.17) 25.697ms
[23.883s][info][gc] GC(1016) Garbage Collection (Allocation Stall) 12M(100%)->12M(100%)
[23.896s][info][gc] GC(1017) Garbage Collection (Allocation Stall) 12M(100%)->12M(100%)
[23.896s][info][gc] Allocation Stall (JFR Periodic Tasks) 17.538ms
[23.909s][info][gc] Allocation Stall (RMI TCP Connection(1)-192.168.156.17) 25.025ms
[23.909s][info][gc] GC(1018) Garbage Collection (Allocation Stall) 12M(100%)->12M(100%)
[23.921s][info][gc] Allocation Stall (JFR Periodic Tasks) 14.646ms
[23.921s][info][gc] GC(1019) Garbage Collection (Allocation Stall) 12M(100%)->12M(100%)
[23.933s][info][gc] Allocation Stall (RMI TCP Connection(1)-192.168.156.17) 23.785ms
[23.933s][info][gc] GC(1020) Garbage Collection (Allocation Stall) 12M(100%)->12M(100%)
[23.946s][info][gc] GC(1021) Garbage Collection (Allocation Stall) 12M(100%)->12M(100%)
[23.946s][info][gc] Allocation Stall (JFR Periodic Tasks) 15.806ms
[23.959s][info][gc] Allocation Stall (RMI TCP Connection(1)-192.168.156.17) 25.199ms
[23.959s][info][gc] GC(1022) Garbage Collection (Allocation Stall) 12M(100%)->12M(100%)
[23.971s][info][gc] Allocation Stall (JFR Periodic Tasks) 13.871ms
[23.971s][info][gc] GC(1023) Garbage Collection (Allocation Stall) 12M(100%)->12M(100%)
[23.983s][info][gc] Allocation Stall (RMI TCP Connection(1)-192.168.156.17) 23.603ms
[23.983s][info][gc] GC(1024) Garbage Collection (Allocation Stall) 12M(100%)->12M(100%)
[23.997s][info][gc] GC(1025) Garbage Collection (Allocation Stall) 12M(100%)->12M(100%)
[23.997s][info][gc] Allocation Stall (JFR Periodic Tasks) 16.834ms
[24.010s][info][gc] Allocation Stall (RMI TCP Connection(1)-192.168.156.17) 26.283ms
[24.011s][info][gc] GC(1026) Garbage Collection (Allocation Stall) 12M(100%)->12M(100%)
[24.023s][info][gc] Allocation Stall (JFR Periodic Tasks) 14.938ms
[24.023s][info][gc] GC(1027) Garbage Collection (Allocation Stall) 12M(100%)->12M(100%)
[24.035s][info][gc] Allocation Stall (RMI TCP Connection(1)-192.168.156.17) 23.736ms
[24.035s][info][gc] GC(1028) Garbage Collection (Allocation Stall) 12M(100%)->12M(100%)
[24.048s][info][gc] Allocation Stall (JFR Periodic Tasks) 14.418ms
[24.048s][info][gc] GC(1029) Garbage Collection (Allocation Stall) 12M(100%)->12M(100%)
[24.061s][info][gc] Allocation Stall (RMI TCP Connection(1)-192.168.156.17) 25.695ms
[24.061s][info][gc] GC(1030) Garbage Collection (Allocation Stall) 12M(100%)->12M(100%)
[24.075s][info][gc] Allocation Stall (JFR Periodic Tasks) 16.953ms
[24.075s][info][gc] GC(1031) Garbage Collection (Allocation Stall) 12M(100%)->12M(100%)
[24.088s][info][gc] Allocation Stall (RMI TCP Connection(1)-192.168.156.17) 26.180ms
[24.088s][info][gc] GC(1032) Garbage Collection (Allocation Stall) 12M(100%)->12M(100%)
[24.100s][info][gc] Allocation Stall (JFR Periodic Tasks) 14.599ms
[24.100s][info][gc] GC(1033) Garbage Collection (Allocation Stall) 12M(100%)->12M(100%)
[24.113s][info][gc] Allocation Stall (RMI TCP Connection(1)-192.168.156.17) 24.783ms
[24.113s][info][gc] GC(1034) Garbage Collection (Allocation Stall) 12M(100%)->12M(100%)
[24.127s][info][gc] GC(1035) Garbage Collection (Allocation Stall) 12M(100%)->12M(100%)
[24.127s][info][gc] Allocation Stall (JFR Periodic Tasks) 16.064ms
[24.138s][info][gc] Allocation Stall (RMI TCP Connection(1)-192.168.156.17) 24.553ms
[24.139s][info][gc] GC(1036) Garbage Collection (Allocation Stall) 12M(100%)->12M(100%)
[24.151s][info][gc] GC(1037) Garbage Collection (Allocation Stall) 12M(100%)->12M(100%)
[24.151s][info][gc] Allocation Stall (JFR Periodic Tasks) 13.778ms
[24.164s][info][gc] Allocation Stall (RMI TCP Connection(1)-192.168.156.17) 25.107ms
[24.165s][info][gc] GC(1038) Garbage Collection (Allocation Stall) 12M(100%)->12M(100%)
[24.178s][info][gc] GC(1039) Garbage Collection (Allocation Stall) 12M(100%)->12M(100%)
[24.178s][info][gc] Allocation Stall (JFR Periodic Tasks) 17.186ms
[24.189s][info][gc] Allocation Stall (RMI TCP Connection(1)-192.168.156.17) 24.490ms
[24.190s][info][gc] GC(1040) Garbage Collection (Allocation Stall) 12M(100%)->12M(100%)
[24.202s][info][gc] GC(1041) Garbage Collection (Allocation Stall) 12M(100%)->12M(100%)
[24.202s][info][gc] Allocation Stall (JFR Periodic Tasks) 13.891ms
[24.215s][info][gc] Allocation Stall (RMI TCP Connection(1)-192.168.156.17) 24.706ms
[24.215s][info][gc] GC(1042) Garbage Collection (Allocation Stall) 12M(100%)->12M(100%)
[24.227s][info][gc] Allocation Stall (JFR Periodic Tasks) 16.042ms
[24.227s][info][gc] GC(1043) Garbage Collection (Allocation Stall) 12M(100%)->12M(100%)
[24.241s][info][gc] Allocation Stall (RMI TCP Connection(1)-192.168.156.17) 25.069ms
[24.241s][info][gc] GC(1044) Garbage Collection (Allocation Stall) 12M(100%)->12M(100%)
[24.253s][info][gc] Allocation Stall (JFR Periodic Tasks) 15.421ms
[24.253s][info][gc] GC(1045) Garbage Collection (Allocation Stall) 12M(100%)->12M(100%)
[24.265s][info][gc] Allocation Stall (RMI TCP Connection(1)-192.168.156.17) 23.952ms
[24.265s][info][gc] GC(1046) Garbage Collection (Allocation Stall) 12M(100%)->12M(100%)
[24.279s][info][gc] Allocation Stall (JFR Periodic Tasks) 16.830ms
[24.279s][info][gc] GC(1047) Garbage Collection (Allocation Stall) 12M(100%)->12M(100%)
[24.291s][info][gc] Allocation Stall (RMI TCP Connection(1)-192.168.156.17) 25.341ms
[24.291s][info][gc] GC(1048) Garbage Collection (Allocation Stall) 12M(100%)->12M(100%)
[24.303s][info][gc] Allocation Stall (JFR Periodic Tasks) 14.370ms
[24.303s][info][gc] GC(1049) Garbage Collection (Allocation Stall) 12M(100%)->12M(100%)
[24.316s][info][gc] Allocation Stall (RMI TCP Connection(1)-192.168.156.17) 24.271ms
[24.316s][info][gc] GC(1050) Garbage Collection (Allocation Stall) 12M(100%)->12M(100%)
[24.329s][info][gc] GC(1051) Garbage Collection (Allocation Stall) 12M(100%)->12M(100%)
[24.329s][info][gc] Allocation Stall (JFR Periodic Tasks) 15.924ms
[24.341s][info][gc] Allocation Stall (RMI TCP Connection(1)-192.168.156.17) 24.659ms
[24.341s][info][gc] GC(1052) Garbage Collection (Allocation Stall) 12M(100%)->12M(100%)
[24.355s][info][gc] GC(1053) Garbage Collection (Allocation Stall) 12M(100%)->12M(100%)
[24.355s][info][gc] Allocation Stall (JFR Periodic Tasks) 15.494ms
[24.368s][info][gc] Allocation Stall (RMI TCP Connection(1)-192.168.156.17) 26.438ms
[24.368s][info][gc] GC(1054) Garbage Collection (Allocation Stall) 12M(100%)->12M(100%)
[24.380s][info][gc] GC(1055) Garbage Collection (Allocation Stall) 12M(100%)->12M(100%)
[24.380s][info][gc] Allocation Stall (JFR Periodic Tasks) 16.219ms
[24.393s][info][gc] Allocation Stall (RMI TCP Connection(1)-192.168.156.17) 23.752ms
[24.393s][info][gc] GC(1056) Garbage Collection (Allocation Stall) 12M(100%)->12M(100%)
[24.406s][info][gc] Allocation Stall (JFR Periodic Tasks) 14.954ms
[24.406s][info][gc] GC(1057) Garbage Collection (Allocation Stall) 12M(100%)->12M(100%)
[24.418s][info][gc] Allocation Stall (RMI TCP Connection(1)-192.168.156.17) 25.270ms
[24.419s][info][gc] GC(1058) Garbage Collection (Allocation Stall) 12M(100%)->12M(100%)
[24.431s][info][gc] GC(1059) Garbage Collection (Allocation Stall) 12M(100%)->12M(100%)
[24.431s][info][gc] Allocation Stall (JFR Periodic Tasks) 14.338ms
[24.444s][info][gc] Allocation Stall (RMI TCP Connection(1)-192.168.156.17) 25.402ms
[24.445s][info][gc] GC(1060) Garbage Collection (Allocation Stall) 12M(100%)->12M(100%)
[24.457s][info][gc] GC(1061) Garbage Collection (Allocation Stall) 12M(100%)->12M(100%)
[24.457s][info][gc] Allocation Stall (JFR Periodic Tasks) 15.308ms
[24.469s][info][gc] Allocation Stall (RMI TCP Connection(1)-192.168.156.17) 24.288ms
[24.470s][info][gc] GC(1062) Garbage Collection (Allocation Stall) 12M(100%)->12M(100%)
[24.483s][info][gc] GC(1063) Garbage Collection (Allocation Stall) 12M(100%)->12M(100%)
[24.483s][info][gc] Allocation Stall (JFR Periodic Tasks) 15.495ms
[24.496s][info][gc] Allocation Stall (RMI TCP Connection(1)-192.168.156.17) 25.825ms
[24.496s][info][gc] GC(1064) Garbage Collection (Allocation Stall) 12M(100%)->12M(100%)
[24.508s][info][gc] GC(1065) Garbage Collection (Allocation Stall) 12M(100%)->12M(100%)
[24.508s][info][gc] Allocation Stall (JFR Periodic Tasks) 16.345ms
[24.520s][info][gc] Allocation Stall (RMI TCP Connection(1)-192.168.156.17) 24.186ms
[24.521s][info][gc] GC(1066) Garbage Collection (Allocation Stall) 12M(100%)->12M(100%)
[24.533s][info][gc] Allocation Stall (JFR Periodic Tasks) 15.076ms
[24.533s][info][gc] GC(1067) Garbage Collection (Allocation Stall) 12M(100%)->12M(100%)
[24.546s][info][gc] Allocation Stall (RMI TCP Connection(1)-192.168.156.17) 25.017ms
[24.546s][info][gc] GC(1068) Garbage Collection (Allocation Stall) 12M(100%)->12M(100%)
[24.560s][info][gc] Allocation Stall (JFR Periodic Tasks) 16.727ms
[24.560s][info][gc] GC(1069) Garbage Collection (Allocation Stall) 12M(100%)->12M(100%)
[24.572s][info][gc] Allocation Stall (RMI TCP Connection(1)-192.168.156.17) 25.032ms
[24.572s][info][gc] GC(1070) Garbage Collection (Allocation Stall) 12M(100%)->12M(100%)
[24.585s][info][gc] GC(1071) Garbage Collection (Allocation Stall) 12M(100%)->12M(100%)
[24.585s][info][gc] Allocation Stall (JFR Periodic Tasks) 15.615ms
[24.597s][info][gc] Allocation Stall (RMI TCP Connection(1)-192.168.156.17) 24.699ms
[24.597s][info][gc] GC(1072) Garbage Collection (Allocation Stall) 12M(100%)->12M(100%)
[24.610s][info][gc] GC(1073) Garbage Collection (Allocation Stall) 12M(100%)->12M(100%)
[24.610s][info][gc] Allocation Stall (JFR Periodic Tasks) 14.779ms
[24.621s][info][gc] Allocation Stall (RMI TCP Connection(1)-192.168.156.17) 23.937ms
[24.622s][info][gc] GC(1074) Garbage Collection (Allocation Stall) 12M(100%)->12M(100%)
[24.635s][info][gc] Allocation Stall (JFR Periodic Tasks) 15.024ms
[24.635s][info][gc] GC(1075) Garbage Collection (Allocation Stall) 12M(100%)->12M(100%)
[24.648s][info][gc] Allocation Stall (RMI TCP Connection(1)-192.168.156.17) 26.432ms
[24.649s][info][gc] GC(1076) Garbage Collection (Allocation Stall) 12M(100%)->12M(100%)
[24.662s][info][gc] Allocation Stall (JFR Periodic Tasks) 16.327ms
[24.662s][info][gc] GC(1077) Garbage Collection (Allocation Stall) 12M(100%)->12M(100%)
[24.675s][info][gc] Allocation Stall (RMI TCP Connection(1)-192.168.156.17) 26.128ms
[24.675s][info][gc] GC(1078) Garbage Collection (Allocation Stall) 12M(100%)->12M(100%)
[24.688s][info][gc] Allocation Stall (JFR Periodic Tasks) 16.581ms
[24.688s][info][gc] GC(1079) Garbage Collection (Allocation Stall) 12M(100%)->12M(100%)
[24.700s][info][gc] Allocation Stall (RMI TCP Connection(1)-192.168.156.17) 24.548ms
[24.701s][info][gc] GC(1080) Garbage Collection (Allocation Stall) 12M(100%)->12M(100%)
[24.714s][info][gc] Allocation Stall (JFR Periodic Tasks) 16.107ms
[24.714s][info][gc] GC(1081) Garbage Collection (Allocation Stall) 12M(100%)->12M(100%)
[24.727s][info][gc] Allocation Stall (RMI TCP Connection(1)-192.168.156.17) 25.648ms
[24.727s][info][gc] GC(1082) Garbage Collection (Allocation Stall) 12M(100%)->12M(100%)
[24.739s][info][gc] GC(1083) Garbage Collection (Allocation Stall) 12M(100%)->12M(100%)
[24.739s][info][gc] Allocation Stall (JFR Periodic Tasks) 15.848ms
[24.752s][info][gc] Allocation Stall (RMI TCP Connection(1)-192.168.156.17) 24.622ms
[24.752s][info][gc] GC(1084) Garbage Collection (Allocation Stall) 12M(100%)->12M(100%)
[24.765s][info][gc] GC(1085) Garbage Collection (Allocation Stall) 12M(100%)->12M(100%)
[24.765s][info][gc] Allocation Stall (JFR Periodic Tasks) 15.830ms
[24.778s][info][gc] Allocation Stall (RMI TCP Connection(1)-192.168.156.17) 24.779ms
[24.778s][info][gc] GC(1086) Garbage Collection (Allocation Stall) 12M(100%)->12M(100%)
[24.791s][info][gc] GC(1087) Garbage Collection (Allocation Stall) 12M(100%)->12M(100%)
[24.791s][info][gc] Allocation Stall (JFR Periodic Tasks) 15.941ms
[24.802s][info][gc] Allocation Stall (RMI TCP Connection(1)-192.168.156.17) 24.400ms
[24.803s][info][gc] GC(1088) Garbage Collection (Allocation Stall) 12M(100%)->12M(100%)
[24.816s][info][gc] GC(1089) Garbage Collection (Allocation Stall) 12M(100%)->12M(100%)
[24.816s][info][gc] Allocation Stall (JFR Periodic Tasks) 15.467ms
[24.828s][info][gc] Allocation Stall (RMI TCP Connection(1)-192.168.156.17) 24.790ms
[24.828s][info][gc] GC(1090) Garbage Collection (Allocation Stall) 12M(100%)->12M(100%)
[24.842s][info][gc] GC(1091) Garbage Collection (Allocation Stall) 12M(100%)->12M(100%)
[24.842s][info][gc] Allocation Stall (JFR Periodic Tasks) 16.430ms
[24.854s][info][gc] Allocation Stall (RMI TCP Connection(1)-192.168.156.17) 25.548ms
[24.854s][info][gc] GC(1092) Garbage Collection (Allocation Stall) 12M(100%)->12M(100%)
[24.866s][info][gc] GC(1093) Garbage Collection (Allocation Stall) 12M(100%)->12M(100%)
[24.866s][info][gc] Allocation Stall (JFR Periodic Tasks) 15.364ms
[24.880s][info][gc] Allocation Stall (RMI TCP Connection(1)-192.168.156.17) 23.270ms
[24.880s][info][gc] GC(1094) Garbage Collection (Allocation Stall) 12M(100%)->12M(100%)
[24.892s][info][gc] GC(1095) Garbage Collection (Allocation Stall) 12M(100%)->12M(100%)
[24.892s][info][gc] Allocation Stall (JFR Periodic Tasks) 15.745ms
[24.904s][info][gc] Allocation Stall (RMI TCP Connection(1)-192.168.156.17) 23.637ms
[24.904s][info][gc] GC(1096) Garbage Collection (Allocation Stall) 12M(100%)->12M(100%)
[24.917s][info][gc] GC(1097) Garbage Collection (Allocation Stall) 12M(100%)->12M(100%)
[24.917s][info][gc] Allocation Stall (JFR Periodic Tasks) 15.858ms
[24.930s][info][gc] Allocation Stall (RMI TCP Connection(1)-192.168.156.17) 25.047ms
[24.930s][info][gc] GC(1098) Garbage Collection (Allocation Stall) 12M(100%)->12M(100%)
[24.943s][info][gc] GC(1099) Garbage Collection (Allocation Stall) 12M(100%)->12M(100%)
[24.943s][info][gc] Allocation Stall (JFR Periodic Tasks) 15.212ms
[24.955s][info][gc] Allocation Stall (RMI TCP Connection(1)-192.168.156.17) 25.186ms
[24.955s][info][gc] GC(1100) Garbage Collection (Allocation Stall) 12M(100%)->12M(100%)
[24.969s][info][gc] GC(1101) Garbage Collection (Allocation Stall) 12M(100%)->12M(100%)
[24.969s][info][gc] Allocation Stall (JFR Periodic Tasks) 15.449ms
[24.981s][info][gc] Allocation Stall (RMI TCP Connection(1)-192.168.156.17) 25.129ms
[24.982s][info][gc] GC(1102) Garbage Collection (Allocation Stall) 12M(100%)->12M(100%)
[24.994s][info][gc] GC(1103) Garbage Collection (Allocation Stall) 12M(100%)->12M(100%)
[24.994s][info][gc] Allocation Stall (JFR Periodic Tasks) 14.889ms
[25.007s][info][gc] Allocation Stall (RMI TCP Connection(1)-192.168.156.17) 24.774ms
[25.007s][info][gc] GC(1104) Garbage Collection (Allocation Stall) 12M(100%)->12M(100%)
[25.020s][info][gc] GC(1105) Garbage Collection (Allocation Stall) 12M(100%)->12M(100%)
[25.020s][info][gc] Allocation Stall (JFR Periodic Tasks) 15.342ms
[25.033s][info][gc] Allocation Stall (RMI TCP Connection(1)-192.168.156.17) 25.072ms
[25.033s][info][gc] GC(1106) Garbage Collection (Allocation Stall) 12M(100%)->12M(100%)
[25.047s][info][gc] Allocation Stall (JFR Periodic Tasks) 16.540ms
[25.047s][info][gc] GC(1107) Garbage Collection (Allocation Stall) 12M(100%)->12M(100%)
[25.059s][info][gc] Allocation Stall (RMI TCP Connection(1)-192.168.156.17) 25.375ms
[25.059s][info][gc] GC(1108) Garbage Collection (Allocation Stall) 12M(100%)->12M(100%)
[25.071s][info][gc] Allocation Stall (JFR Periodic Tasks) 13.804ms
[25.071s][info][gc] GC(1109) Garbage Collection (Allocation Stall) 12M(100%)->12M(100%)
[25.084s][info][gc] Allocation Stall (RMI TCP Connection(1)-192.168.156.17) 24.900ms
[25.084s][info][gc] GC(1110) Garbage Collection (Allocation Stall) 12M(100%)->12M(100%)
[25.097s][info][gc] GC(1111) Garbage Collection (Allocation Stall) 12M(100%)->12M(100%)
[25.097s][info][gc] Allocation Stall (JFR Periodic Tasks) 16.447ms
[25.109s][info][gc] Allocation Stall (RMI TCP Connection(1)-192.168.156.17) 24.526ms
[25.110s][info][gc] GC(1112) Garbage Collection (Allocation Stall) 12M(100%)->12M(100%)
[25.122s][info][gc] Allocation Stall (JFR Periodic Tasks) 15.415ms
[25.122s][info][gc] GC(1113) Garbage Collection (Allocation Stall) 12M(100%)->12M(100%)
[25.135s][info][gc] Allocation Stall (RMI TCP Connection(1)-192.168.156.17) 25.135ms
[25.135s][info][gc] GC(1114) Garbage Collection (Allocation Stall) 12M(100%)->12M(100%)
[25.148s][info][gc] Allocation Stall (JFR Periodic Tasks) 15.560ms
[25.148s][info][gc] GC(1115) Garbage Collection (Allocation Stall) 12M(100%)->12M(100%)
[25.161s][info][gc] Allocation Stall (RMI TCP Connection(1)-192.168.156.17) 25.835ms
[25.162s][info][gc] GC(1116) Garbage Collection (Allocation Stall) 12M(100%)->12M(100%)
[25.174s][info][gc] GC(1117) Garbage Collection (Allocation Stall) 12M(100%)->12M(100%)
[25.174s][info][gc] Allocation Stall (JFR Periodic Tasks) 17.019ms
[25.186s][info][gc] Allocation Stall (RMI TCP Connection(1)-192.168.156.17) 24.209ms
[25.186s][info][gc] GC(1118) Garbage Collection (Allocation Stall) 12M(100%)->12M(100%)
[25.199s][info][gc] Allocation Stall (JFR Periodic Tasks) 14.484ms
[25.199s][info][gc] GC(1119) Garbage Collection (Allocation Stall) 12M(100%)->12M(100%)
[25.212s][info][gc] Allocation Stall (RMI TCP Connection(1)-192.168.156.17) 25.512ms
[25.212s][info][gc] GC(1120) Garbage Collection (Allocation Stall) 12M(100%)->12M(100%)
[25.225s][info][gc] Allocation Stall (JFR Periodic Tasks) 15.851ms
[25.225s][info][gc] GC(1121) Garbage Collection (Allocation Stall) 12M(100%)->12M(100%)
[25.238s][info][gc] Allocation Stall (RMI TCP Connection(1)-192.168.156.17) 25.283ms
[25.239s][info][gc] GC(1122) Garbage Collection (Allocation Stall) 12M(100%)->12M(100%)
[25.252s][info][gc] Allocation Stall (JFR Periodic Tasks) 17.328ms
[25.252s][info][gc] GC(1123) Garbage Collection (Allocation Stall) 12M(100%)->12M(100%)
[25.265s][info][gc] Allocation Stall (RMI TCP Connection(1)-192.168.156.17) 25.906ms
[25.265s][info][gc] GC(1124) Garbage Collection (Allocation Stall) 12M(100%)->12M(100%)
[25.279s][info][gc] Allocation Stall (JFR Periodic Tasks) 16.987ms
[25.279s][info][gc] GC(1125) Garbage Collection (Allocation Stall) 12M(100%)->12M(100%)
[25.291s][info][gc] Allocation Stall (RMI TCP Connection(1)-192.168.156.17) 25.586ms
[25.292s][info][gc] GC(1126) Garbage Collection (Allocation Stall) 12M(100%)->12M(100%)
[25.304s][info][gc] GC(1127) Garbage Collection (Allocation Stall) 12M(100%)->12M(100%)
[25.304s][info][gc] Allocation Stall (JFR Periodic Tasks) 14.384ms
[25.317s][info][gc] Allocation Stall (RMI TCP Connection(1)-192.168.156.17) 24.793ms
[25.317s][info][gc] GC(1128) Garbage Collection (Allocation Stall) 12M(100%)->12M(100%)
[25.330s][info][gc] Allocation Stall (JFR Periodic Tasks) 15.464ms
[25.330s][info][gc] GC(1129) Garbage Collection (Allocation Stall) 12M(100%)->12M(100%)
[25.342s][info][gc] Allocation Stall (RMI TCP Connection(1)-192.168.156.17) 24.868ms
[25.342s][info][gc] GC(1130) Garbage Collection (Allocation Stall) 12M(100%)->12M(100%)
[25.356s][info][gc] Allocation Stall (JFR Periodic Tasks) 15.266ms
[25.356s][info][gc] GC(1131) Garbage Collection (Allocation Stall) 12M(100%)->12M(100%)
[25.368s][info][gc] Allocation Stall (RMI TCP Connection(1)-192.168.156.17) 25.186ms
[25.368s][info][gc] GC(1132) Garbage Collection (Allocation Stall) 12M(100%)->12M(100%)
[25.381s][info][gc] Allocation Stall (JFR Periodic Tasks) 15.257ms
[25.381s][info][gc] GC(1133) Garbage Collection (Allocation Stall) 12M(100%)->12M(100%)
[25.394s][info][gc] Allocation Stall (RMI TCP Connection(1)-192.168.156.17) 25.438ms
[25.394s][info][gc] GC(1134) Garbage Collection (Allocation Stall) 12M(100%)->12M(100%)
[25.407s][info][gc] GC(1135) Garbage Collection (Allocation Stall) 12M(100%)->12M(100%)
[25.407s][info][gc] Allocation Stall (JFR Periodic Tasks) 16.796ms
[25.420s][info][gc] Allocation Stall (RMI TCP Connection(1)-192.168.156.17) 25.214ms
[25.420s][info][gc] GC(1136) Garbage Collection (Allocation Stall) 12M(100%)->12M(100%)
[25.432s][info][gc] GC(1137) Garbage Collection (Allocation Stall) 12M(100%)->12M(100%)
[25.432s][info][gc] Allocation Stall (JFR Periodic Tasks) 14.665ms
[25.445s][info][gc] Allocation Stall (RMI TCP Connection(1)-192.168.156.17) 25.110ms
[25.446s][info][gc] GC(1138) Garbage Collection (Allocation Stall) 12M(100%)->12M(100%)
[25.459s][info][gc] GC(1139) Garbage Collection (Allocation Stall) 12M(100%)->12M(100%)
[25.459s][info][gc] Allocation Stall (JFR Periodic Tasks) 16.715ms
[25.470s][info][gc] Allocation Stall (RMI TCP Connection(1)-192.168.156.17) 24.353ms
[25.471s][info][gc] GC(1140) Garbage Collection (Allocation Stall) 12M(100%)->12M(100%)
[25.483s][info][gc] Allocation Stall (JFR Periodic Tasks) 14.261ms
[25.483s][info][gc] GC(1141) Garbage Collection (Allocation Stall) 12M(100%)->12M(100%)
[25.495s][info][gc] Allocation Stall (RMI TCP Connection(1)-192.168.156.17) 24.081ms
[25.495s][info][gc] GC(1142) Garbage Collection (Allocation Stall) 12M(100%)->12M(100%)
[25.508s][info][gc] Allocation Stall (JFR Periodic Tasks) 15.052ms
[25.508s][info][gc] GC(1143) Garbage Collection (Allocation Stall) 12M(100%)->12M(100%)
[25.521s][info][gc] Allocation Stall (RMI TCP Connection(1)-192.168.156.17) 25.291ms
[25.521s][info][gc] GC(1144) Garbage Collection (Allocation Stall) 12M(100%)->12M(100%)
[25.535s][info][gc] Allocation Stall (JFR Periodic Tasks) 16.562ms
[25.535s][info][gc] GC(1145) Garbage Collection (Allocation Stall) 12M(100%)->12M(100%)
[25.548s][info][gc] Allocation Stall (RMI TCP Connection(1)-192.168.156.17) 26.803ms
[25.548s][info][gc] GC(1146) Garbage Collection (Allocation Stall) 12M(100%)->12M(100%)
[25.563s][info][gc] GC(1147) Garbage Collection (Allocation Stall) 12M(100%)->12M(100%)
[25.563s][info][gc] Allocation Stall (JFR Periodic Tasks) 17.894ms
[25.576s][info][gc] Allocation Stall (RMI TCP Connection(1)-192.168.156.17) 27.019ms
[25.576s][info][gc] GC(1148) Garbage Collection (Allocation Stall) 12M(100%)->12M(100%)
[25.590s][info][gc] Allocation Stall (JFR Periodic Tasks) 16.418ms
[25.590s][info][gc] GC(1149) Garbage Collection (Allocation Stall) 12M(100%)->12M(100%)
[25.602s][info][gc] Allocation Stall (RMI TCP Connection(1)-192.168.156.17) 25.946ms
[25.603s][info][gc] GC(1150) Garbage Collection (Allocation Stall) 12M(100%)->12M(100%)
[25.616s][info][gc] Allocation Stall (JFR Periodic Tasks) 15.752ms
[25.616s][info][gc] GC(1151) Garbage Collection (Allocation Stall) 12M(100%)->12M(100%)
[25.628s][info][gc] Allocation Stall (RMI TCP Connection(1)-192.168.156.17) 25.104ms
[25.628s][info][gc] GC(1152) Garbage Collection (Allocation Stall) 12M(100%)->12M(100%)
[25.642s][info][gc] Allocation Stall (JFR Periodic Tasks) 16.324ms
[25.642s][info][gc] GC(1153) Garbage Collection (Allocation Stall) 12M(100%)->12M(100%)
[25.653s][info][gc] Allocation Stall (RMI TCP Connection(1)-192.168.156.17) 24.647ms
[25.653s][info][gc] GC(1154) Garbage Collection (Allocation Stall) 12M(100%)->12M(100%)
[25.667s][info][gc] Allocation Stall (JFR Periodic Tasks) 15.385ms
[25.667s][info][gc] GC(1155) Garbage Collection (Allocation Stall) 12M(100%)->12M(100%)
[25.680s][info][gc] Allocation Stall (RMI TCP Connection(1)-192.168.156.17) 26.147ms
[25.680s][info][gc] GC(1156) Garbage Collection (Allocation Stall) 12M(100%)->12M(100%)
[25.693s][info][gc] Allocation Stall (JFR Periodic Tasks) 15.515ms
[25.693s][info][gc] GC(1157) Garbage Collection (Allocation Stall) 12M(100%)->12M(100%)
[25.704s][info][gc] Allocation Stall (RMI TCP Connection(1)-192.168.156.17) 23.896ms
[25.705s][info][gc] GC(1158) Garbage Collection (Allocation Stall) 12M(100%)->12M(100%)
[25.718s][info][gc] Allocation Stall (JFR Periodic Tasks) 15.653ms
[25.718s][info][gc] GC(1159) Garbage Collection (Allocation Stall) 12M(100%)->12M(100%)
[25.730s][info][gc] Allocation Stall (RMI TCP Connection(1)-192.168.156.17) 25.068ms
[25.731s][info][gc] GC(1160) Garbage Collection (Allocation Stall) 12M(100%)->12M(100%)
[25.743s][info][gc] Allocation Stall (JFR Periodic Tasks) 14.798ms
[25.743s][info][gc] GC(1161) Garbage Collection (Allocation Stall) 12M(100%)->12M(100%)
[25.756s][info][gc] Allocation Stall (RMI TCP Connection(1)-192.168.156.17) 24.886ms
[25.756s][info][gc] GC(1162) Garbage Collection (Allocation Stall) 12M(100%)->12M(100%)
[25.769s][info][gc] Allocation Stall (JFR Periodic Tasks) 15.338ms
[25.769s][info][gc] GC(1163) Garbage Collection (Allocation Stall) 12M(100%)->12M(100%)
[25.781s][info][gc] Allocation Stall (RMI TCP Connection(1)-192.168.156.17) 24.062ms
[25.781s][info][gc] GC(1164) Garbage Collection (Allocation Stall) 12M(100%)->12M(100%)
[25.793s][info][gc] Allocation Stall (JFR Periodic Tasks) 14.440ms
[25.793s][info][gc] GC(1165) Garbage Collection (Allocation Stall) 12M(100%)->12M(100%)
[25.806s][info][gc] Allocation Stall (RMI TCP Connection(1)-192.168.156.17) 24.247ms
[25.806s][info][gc] GC(1166) Garbage Collection (Allocation Stall) 12M(100%)->12M(100%)
[25.819s][info][gc] Allocation Stall (JFR Periodic Tasks) 14.810ms
[25.819s][info][gc] GC(1167) Garbage Collection (Allocation Stall) 12M(100%)->12M(100%)
[25.832s][info][gc] Allocation Stall (RMI TCP Connection(1)-192.168.156.17) 25.559ms
[25.832s][info][gc] GC(1168) Garbage Collection (Allocation Stall) 12M(100%)->12M(100%)
[25.846s][info][gc] GC(1169) Garbage Collection (Allocation Stall) 12M(100%)->12M(100%)
[25.846s][info][gc] Allocation Stall (JFR Periodic Tasks) 16.656ms
[25.858s][info][gc] Allocation Stall (RMI TCP Connection(1)-192.168.156.17) 25.506ms
[25.859s][info][gc] GC(1170) Garbage Collection (Allocation Stall) 12M(100%)->12M(100%)
[25.871s][info][gc] Allocation Stall (JFR Periodic Tasks) 14.801ms
[25.871s][info][gc] GC(1171) Garbage Collection (Allocation Stall) 12M(100%)->12M(100%)
[25.884s][info][gc] Allocation Stall (RMI TCP Connection(1)-192.168.156.17) 25.184ms
[25.885s][info][gc] GC(1172) Garbage Collection (Allocation Stall) 12M(100%)->12M(100%)
[25.897s][info][gc] Allocation Stall (JFR Periodic Tasks) 16.387ms
[25.897s][info][gc] GC(1173) Garbage Collection (Allocation Stall) 12M(100%)->12M(100%)
[25.909s][info][gc] Allocation Stall (RMI TCP Connection(1)-192.168.156.17) 24.114ms
[25.909s][info][gc] GC(1174) Garbage Collection (Allocation Stall) 12M(100%)->12M(100%)
[25.922s][info][gc] GC(1175) Garbage Collection (Allocation Stall) 12M(100%)->12M(100%)
[25.922s][info][gc] Allocation Stall (JFR Periodic Tasks) 15.039ms
[25.935s][info][gc] Allocation Stall (RMI TCP Connection(1)-192.168.156.17) 25.178ms
[25.935s][info][gc] GC(1176) Garbage Collection (Allocation Stall) 12M(100%)->12M(100%)
[25.948s][info][gc] Allocation Stall (JFR Periodic Tasks) 16.216ms
[25.948s][info][gc] GC(1177) Garbage Collection (Allocation Stall) 12M(100%)->12M(100%)
[25.961s][info][gc] Allocation Stall (RMI TCP Connection(1)-192.168.156.17) 25.365ms
[25.961s][info][gc] GC(1178) Garbage Collection (Allocation Stall) 12M(100%)->12M(100%)
[25.973s][info][gc] Allocation Stall (JFR Periodic Tasks) 15.643ms
[25.973s][info][gc] GC(1179) Garbage Collection (Allocation Stall) 12M(100%)->12M(100%)
[25.985s][info][gc] Allocation Stall (RMI TCP Connection(1)-192.168.156.17) 23.783ms
[25.985s][info][gc] GC(1180) Garbage Collection (Allocation Stall) 12M(100%)->12M(100%)
[25.998s][info][gc] Allocation Stall (JFR Periodic Tasks) 15.889ms
[25.998s][info][gc] GC(1181) Garbage Collection (Allocation Stall) 12M(100%)->12M(100%)
[26.011s][info][gc] Allocation Stall (RMI TCP Connection(1)-192.168.156.17) 25.813ms
[26.012s][info][gc] GC(1182) Garbage Collection (Allocation Stall) 12M(100%)->12M(100%)
[26.024s][info][gc] Allocation Stall (JFR Periodic Tasks) 15.583ms
[26.024s][info][gc] GC(1183) Garbage Collection (Allocation Stall) 12M(100%)->12M(100%)
[26.036s][info][gc] Allocation Stall (RMI TCP Connection(1)-192.168.156.17) 24.421ms
[26.037s][info][gc] GC(1184) Garbage Collection (Allocation Stall) 12M(100%)->12M(100%)
[26.050s][info][gc] GC(1185) Garbage Collection (Allocation Stall) 12M(100%)->12M(100%)
[26.050s][info][gc] Allocation Stall (JFR Periodic Tasks) 15.773ms
[26.062s][info][gc] Allocation Stall (RMI TCP Connection(1)-192.168.156.17) 24.975ms
[26.062s][info][gc] GC(1186) Garbage Collection (Allocation Stall) 12M(100%)->12M(100%)
[26.076s][info][gc] GC(1187) Garbage Collection (Allocation Stall) 12M(100%)->12M(100%)
[26.076s][info][gc] Allocation Stall (JFR Periodic Tasks) 15.327ms
[26.088s][info][gc] Allocation Stall (RMI TCP Connection(1)-192.168.156.17) 25.431ms
[26.088s][info][gc] GC(1188) Garbage Collection (Allocation Stall) 12M(100%)->12M(100%)
[26.102s][info][gc] Allocation Stall (JFR Periodic Tasks) 15.917ms
[26.102s][info][gc] GC(1189) Garbage Collection (Allocation Stall) 12M(100%)->12M(100%)
[26.115s][info][gc] Allocation Stall (RMI TCP Connection(1)-192.168.156.17) 26.754ms
[26.115s][info][gc] GC(1190) Garbage Collection (Allocation Stall) 12M(100%)->12M(100%)
[26.129s][info][gc] Allocation Stall (JFR Periodic Tasks) 16.273ms
[26.129s][info][gc] GC(1191) Garbage Collection (Allocation Stall) 12M(100%)->12M(100%)
[26.142s][info][gc] Allocation Stall (RMI TCP Connection(1)-192.168.156.17) 25.990ms
[26.142s][info][gc] GC(1192) Garbage Collection (Allocation Stall) 12M(100%)->12M(100%)
[26.154s][info][gc] GC(1193) Garbage Collection (Allocation Stall) 12M(100%)->12M(100%)
[26.154s][info][gc] Allocation Stall (JFR Periodic Tasks) 15.670ms
[26.168s][info][gc] Allocation Stall (RMI TCP Connection(1)-192.168.156.17) 25.149ms
[26.168s][info][gc] GC(1194) Garbage Collection (Allocation Stall) 12M(100%)->12M(100%)
[26.181s][info][gc] GC(1195) Garbage Collection (Allocation Stall) 12M(100%)->12M(100%)
[26.181s][info][gc] Allocation Stall (JFR Periodic Tasks) 17.343ms
[26.194s][info][gc] Allocation Stall (RMI TCP Connection(1)-192.168.156.17) 25.475ms
[26.194s][info][gc] GC(1196) Garbage Collection (Allocation Stall) 12M(100%)->12M(100%)
[26.208s][info][gc] GC(1197) Garbage Collection (Allocation Stall) 12M(100%)->12M(100%)
[26.208s][info][gc] Allocation Stall (JFR Periodic Tasks) 15.739ms
[26.220s][info][gc] Allocation Stall (RMI TCP Connection(1)-192.168.156.17) 25.183ms
[26.220s][info][gc] GC(1198) Garbage Collection (Allocation Stall) 12M(100%)->12M(100%)
[26.232s][info][gc] GC(1199) Garbage Collection (Allocation Stall) 12M(100%)->12M(100%)
[26.232s][info][gc] Allocation Stall (JFR Periodic Tasks) 14.144ms
[26.246s][info][gc] Allocation Stall (RMI TCP Connection(1)-192.168.156.17) 25.150ms
[26.246s][info][gc] GC(1200) Garbage Collection (Allocation Stall) 12M(100%)->12M(100%)
[26.259s][info][gc] GC(1201) Garbage Collection (Allocation Stall) 12M(100%)->12M(100%)
[26.259s][info][gc] Allocation Stall (JFR Periodic Tasks) 16.287ms
[26.270s][info][gc] Allocation Stall (RMI TCP Connection(1)-192.168.156.17) 23.662ms
[26.270s][info][gc] GC(1202) Garbage Collection (Allocation Stall) 12M(100%)->12M(100%)
[26.283s][info][gc] GC(1203) Garbage Collection (Allocation Stall) 12M(100%)->12M(100%)
[26.283s][info][gc] Allocation Stall (JFR Periodic Tasks) 14.714ms
[26.296s][info][gc] Allocation Stall (RMI TCP Connection(1)-192.168.156.17) 24.890ms
[26.296s][info][gc] GC(1204) Garbage Collection (Allocation Stall) 12M(100%)->12M(100%)
[26.308s][info][gc] GC(1205) Garbage Collection (Allocation Stall) 12M(100%)->12M(100%)
[26.308s][info][gc] Allocation Stall (JFR Periodic Tasks) 14.917ms
[26.320s][info][gc] Allocation Stall (RMI TCP Connection(1)-192.168.156.17) 23.899ms
[26.320s][info][gc] GC(1206) Garbage Collection (Allocation Stall) 12M(100%)->12M(100%)
[26.333s][info][gc] GC(1207) Garbage Collection (Allocation Stall) 12M(100%)->12M(100%)
[26.333s][info][gc] Allocation Stall (JFR Periodic Tasks) 14.542ms
[26.346s][info][gc] Allocation Stall (RMI TCP Connection(1)-192.168.156.17) 25.065ms
[26.346s][info][gc] GC(1208) Garbage Collection (Allocation Stall) 12M(100%)->12M(100%)
[26.360s][info][gc] Allocation Stall (JFR Periodic Tasks) 16.229ms
[26.360s][info][gc] GC(1209) Garbage Collection (Allocation Stall) 12M(100%)->12M(100%)
[26.372s][info][gc] Allocation Stall (RMI TCP Connection(1)-192.168.156.17) 25.388ms
[26.372s][info][gc] GC(1210) Garbage Collection (Allocation Stall) 12M(100%)->12M(100%)
[26.385s][info][gc] Allocation Stall (JFR Periodic Tasks) 15.460ms
[26.385s][info][gc] GC(1211) Garbage Collection (Allocation Stall) 12M(100%)->12M(100%)
[26.397s][info][gc] Allocation Stall (RMI TCP Connection(1)-192.168.156.17) 25.088ms
[26.398s][info][gc] GC(1212) Garbage Collection (Allocation Stall) 12M(100%)->12M(100%)
[26.410s][info][gc] Allocation Stall (JFR Periodic Tasks) 15.181ms
[26.410s][info][gc] GC(1213) Garbage Collection (Allocation Stall) 12M(100%)->12M(100%)
[26.422s][info][gc] Allocation Stall (RMI TCP Connection(1)-192.168.156.17) 24.081ms
[26.422s][info][gc] GC(1214) Garbage Collection (Allocation Stall) 12M(100%)->12M(100%)
[26.435s][info][gc] Allocation Stall (JFR Periodic Tasks) 14.985ms
[26.435s][info][gc] GC(1215) Garbage Collection (Allocation Stall) 12M(100%)->12M(100%)
[26.448s][info][gc] Allocation Stall (RMI TCP Connection(1)-192.168.156.17) 24.930ms
[26.448s][info][gc] GC(1216) Garbage Collection (Allocation Stall) 12M(100%)->12M(100%)
[26.461s][info][gc] Allocation Stall (JFR Periodic Tasks) 15.905ms
[26.461s][info][gc] GC(1217) Garbage Collection (Allocation Stall) 12M(100%)->12M(100%)
[26.475s][info][gc] Allocation Stall (RMI TCP Connection(1)-192.168.156.17) 26.263ms
[26.475s][info][gc] GC(1218) Garbage Collection (Allocation Stall) 12M(100%)->12M(100%)
[26.487s][info][gc] GC(1219) Garbage Collection (Allocation Stall) 12M(100%)->12M(100%)
[26.487s][info][gc] Allocation Stall (JFR Periodic Tasks) 16.569ms
[26.500s][info][gc] Allocation Stall (RMI TCP Connection(1)-192.168.156.17) 24.442ms
[26.500s][info][gc] GC(1220) Garbage Collection (Allocation Stall) 12M(100%)->12M(100%)
[26.512s][info][gc] Allocation Stall (JFR Periodic Tasks) 14.292ms
[26.512s][info][gc] GC(1221) Garbage Collection (Allocation Stall) 12M(100%)->12M(100%)
[26.525s][info][gc] Allocation Stall (RMI TCP Connection(1)-192.168.156.17) 24.828ms
[26.525s][info][gc] GC(1222) Garbage Collection (Allocation Stall) 12M(100%)->12M(100%)
[26.538s][info][gc] GC(1223) Garbage Collection (Allocation Stall) 12M(100%)->12M(100%)
[26.538s][info][gc] Allocation Stall (JFR Periodic Tasks) 15.286ms
[26.550s][info][gc] Allocation Stall (RMI TCP Connection(1)-192.168.156.17) 24.930ms
[26.551s][info][gc] GC(1224) Garbage Collection (Allocation Stall) 12M(100%)->12M(100%)
[26.564s][info][gc] GC(1225) Garbage Collection (Allocation Stall) 12M(100%)->12M(100%)
[26.564s][info][gc] Allocation Stall (JFR Periodic Tasks) 15.909ms
[26.576s][info][gc] Allocation Stall (RMI TCP Connection(1)-192.168.156.17) 25.275ms
[26.576s][info][gc] GC(1226) Garbage Collection (Allocation Stall) 12M(100%)->12M(100%)
[26.590s][info][gc] Allocation Stall (JFR Periodic Tasks) 15.677ms
[26.590s][info][gc] GC(1227) Garbage Collection (Allocation Stall) 12M(100%)->12M(100%)
[26.602s][info][gc] Allocation Stall (RMI TCP Connection(1)-192.168.156.17) 25.591ms
[26.603s][info][gc] GC(1228) Garbage Collection (Allocation Stall) 12M(100%)->12M(100%)
[26.616s][info][gc] Allocation Stall (JFR Periodic Tasks) 15.802ms
[26.616s][info][gc] GC(1229) Garbage Collection (Allocation Stall) 12M(100%)->12M(100%)
[26.629s][info][gc] Allocation Stall (RMI TCP Connection(1)-192.168.156.17) 25.826ms
[26.629s][info][gc] GC(1230) Garbage Collection (Allocation Stall) 12M(100%)->12M(100%)
[26.642s][info][gc] GC(1231) Garbage Collection (Allocation Stall) 12M(100%)->12M(100%)
[26.642s][info][gc] Allocation Stall (JFR Periodic Tasks) 15.970ms
[26.654s][info][gc] Allocation Stall (RMI TCP Connection(1)-192.168.156.17) 24.865ms
[26.655s][info][gc] GC(1232) Garbage Collection (Allocation Stall) 12M(100%)->12M(100%)
[26.667s][info][gc] GC(1233) Garbage Collection (Allocation Stall) 12M(100%)->12M(100%)
[26.667s][info][gc] Allocation Stall (JFR Periodic Tasks) 13.909ms
[26.680s][info][gc] Allocation Stall (RMI TCP Connection(1)-192.168.156.17) 25.502ms
[26.681s][info][gc] GC(1234) Garbage Collection (Allocation Stall) 12M(100%)->12M(100%)
[26.694s][info][gc] GC(1235) Garbage Collection (Allocation Stall) 12M(100%)->12M(100%)
[26.694s][info][gc] Allocation Stall (JFR Periodic Tasks) 16.785ms
[26.706s][info][gc] Allocation Stall (RMI TCP Connection(1)-192.168.156.17) 25.213ms
[26.706s][info][gc] GC(1236) Garbage Collection (Allocation Stall) 12M(100%)->12M(100%)
[26.719s][info][gc] Allocation Stall (JFR Periodic Tasks) 15.117ms
[26.720s][info][gc] GC(1237) Garbage Collection (Allocation Stall) 12M(100%)->12M(100%)
[26.732s][info][gc] Allocation Stall (RMI TCP Connection(1)-192.168.156.17) 25.491ms
[26.733s][info][gc] GC(1238) Garbage Collection (Allocation Stall) 12M(100%)->12M(100%)
[26.745s][info][gc] Allocation Stall (JFR Periodic Tasks) 16.037ms
[26.745s][info][gc] GC(1239) Garbage Collection (Allocation Stall) 12M(100%)->12M(100%)
[26.759s][info][gc] GC(1240) Garbage Collection (Allocation Stall) 12M(100%)->12M(100%)
[26.759s][info][gc] Allocation Stall (RMI TCP Connection(1)-192.168.156.17) 26.573ms
[26.771s][info][gc] Allocation Stall (JFR Periodic Tasks) 15.944ms
[26.771s][info][gc] GC(1241) Garbage Collection (Allocation Stall) 12M(100%)->12M(100%)
[26.784s][info][gc] Allocation Stall (RMI TCP Connection(1)-192.168.156.17) 23.808ms
[26.784s][info][gc] GC(1242) Garbage Collection (Allocation Stall) 12M(100%)->12M(100%)
[26.797s][info][gc] GC(1243) Garbage Collection (Allocation Stall) 12M(100%)->12M(100%)
[26.797s][info][gc] Allocation Stall (JFR Periodic Tasks) 15.522ms
[26.810s][info][gc] Allocation Stall (RMI TCP Connection(1)-192.168.156.17) 25.336ms
[26.810s][info][gc] GC(1244) Garbage Collection (Allocation Stall) 12M(100%)->12M(100%)
[26.822s][info][gc] Allocation Stall (JFR Periodic Tasks) 14.552ms
[26.822s][info][gc] GC(1245) Garbage Collection (Allocation Stall) 12M(100%)->12M(100%)
[26.835s][info][gc] Allocation Stall (RMI TCP Connection(1)-192.168.156.17) 24.820ms
[26.835s][info][gc] GC(1246) Garbage Collection (Allocation Stall) 12M(100%)->12M(100%)
[26.849s][info][gc] Allocation Stall (JFR Periodic Tasks) 17.696ms
[26.849s][info][gc] GC(1247) Garbage Collection (Allocation Stall) 12M(100%)->12M(100%)
[26.861s][info][gc] Allocation Stall (RMI TCP Connection(1)-192.168.156.17) 25.579ms
[26.862s][info][gc] GC(1248) Garbage Collection (Allocation Stall) 12M(100%)->12M(100%)
[26.874s][info][gc] Allocation Stall (JFR Periodic Tasks) 15.367ms
[26.874s][info][gc] GC(1249) Garbage Collection (Allocation Stall) 12M(100%)->12M(100%)
[26.886s][info][gc] Allocation Stall (RMI TCP Connection(1)-192.168.156.17) 24.237ms
[26.886s][info][gc] GC(1250) Garbage Collection (Allocation Stall) 12M(100%)->12M(100%)
[26.899s][info][gc] GC(1251) Garbage Collection (Allocation Stall) 12M(100%)->12M(100%)
[26.899s][info][gc] Allocation Stall (JFR Periodic Tasks) 15.395ms
[26.911s][info][gc] Allocation Stall (RMI TCP Connection(1)-192.168.156.17) 24.341ms
[26.911s][info][gc] GC(1252) Garbage Collection (Allocation Stall) 12M(100%)->12M(100%)
[26.925s][info][gc] GC(1253) Garbage Collection (Allocation Stall) 12M(100%)->12M(100%)
[26.925s][info][gc] Allocation Stall (JFR Periodic Tasks) 15.220ms
[26.937s][info][gc] Allocation Stall (RMI TCP Connection(1)-192.168.156.17) 24.925ms
[26.937s][info][gc] GC(1254) Garbage Collection (Allocation Stall) 12M(100%)->12M(100%)
[26.949s][info][gc] Allocation Stall (JFR Periodic Tasks) 14.720ms
[26.949s][info][gc] GC(1255) Garbage Collection (Allocation Stall) 12M(100%)->12M(100%)
[26.963s][info][gc] Allocation Stall (RMI TCP Connection(1)-192.168.156.17) 25.580ms
[26.963s][info][gc] GC(1256) Garbage Collection (Allocation Stall) 12M(100%)->12M(100%)
[26.976s][info][gc] GC(1257) Garbage Collection (Allocation Stall) 12M(100%)->12M(100%)
[26.976s][info][gc] Allocation Stall (JFR Periodic Tasks) 16.093ms
[26.988s][info][gc] Allocation Stall (RMI TCP Connection(1)-192.168.156.17) 24.241ms
[26.988s][info][gc] GC(1258) Garbage Collection (Allocation Stall) 12M(100%)->12M(100%)
[27.001s][info][gc] Allocation Stall (JFR Periodic Tasks) 15.344ms
[27.001s][info][gc] GC(1259) Garbage Collection (Allocation Stall) 12M(100%)->12M(100%)
[27.014s][info][gc] Allocation Stall (RMI TCP Connection(1)-192.168.156.17) 24.922ms
[27.014s][info][gc] GC(1260) Garbage Collection (Allocation Stall) 12M(100%)->12M(100%)
[27.027s][info][gc] Allocation Stall (JFR Periodic Tasks) 15.369ms
[27.027s][info][gc] GC(1261) Garbage Collection (Allocation Stall) 12M(100%)->12M(100%)
[27.039s][info][gc] Allocation Stall (RMI TCP Connection(1)-192.168.156.17) 24.894ms
[27.040s][info][gc] GC(1262) Garbage Collection (Allocation Stall) 12M(100%)->12M(100%)
[27.052s][info][gc] GC(1263) Garbage Collection (Allocation Stall) 12M(100%)->12M(100%)
[27.052s][info][gc] Allocation Stall (JFR Periodic Tasks) 15.425ms
[27.065s][info][gc] Allocation Stall (RMI TCP Connection(1)-192.168.156.17) 24.871ms
[27.065s][info][gc] GC(1264) Garbage Collection (Allocation Stall) 12M(100%)->12M(100%)
[27.079s][info][gc] GC(1265) Garbage Collection (Allocation Stall) 12M(100%)->12M(100%)
[27.079s][info][gc] Allocation Stall (JFR Periodic Tasks) 15.582ms
[27.091s][info][gc] Allocation Stall (RMI TCP Connection(1)-192.168.156.17) 25.337ms
[27.091s][info][gc] GC(1266) Garbage Collection (Allocation Stall) 12M(100%)->12M(100%)
[27.104s][info][gc] GC(1267) Garbage Collection (Allocation Stall) 12M(100%)->12M(100%)
[27.104s][info][gc] Allocation Stall (JFR Periodic Tasks) 15.461ms
[27.116s][info][gc] Allocation Stall (RMI TCP Connection(1)-192.168.156.17) 24.688ms
[27.116s][info][gc] GC(1268) Garbage Collection (Allocation Stall) 12M(100%)->12M(100%)
[27.130s][info][gc] GC(1269) Garbage Collection (Allocation Stall) 12M(100%)->12M(100%)
[27.130s][info][gc] Allocation Stall (JFR Periodic Tasks) 15.538ms
[27.142s][info][gc] Allocation Stall (RMI TCP Connection(1)-192.168.156.17) 25.302ms
[27.142s][info][gc] GC(1270) Garbage Collection (Allocation Stall) 12M(100%)->12M(100%)
[27.155s][info][gc] GC(1271) Garbage Collection (Allocation Stall) 12M(100%)->12M(100%)
[27.155s][info][gc] Allocation Stall (JFR Periodic Tasks) 14.341ms
[27.167s][info][gc] Allocation Stall (RMI TCP Connection(1)-192.168.156.17) 24.497ms
[27.167s][info][gc] GC(1272) Garbage Collection (Allocation Stall) 12M(100%)->12M(100%)
[27.180s][info][gc] GC(1273) Garbage Collection (Allocation Stall) 12M(100%)->12M(100%)
[27.180s][info][gc] Allocation Stall (JFR Periodic Tasks) 14.552ms
[27.192s][info][gc] Allocation Stall (RMI TCP Connection(1)-192.168.156.17) 24.201ms
[27.192s][info][gc] GC(1274) Garbage Collection (Allocation Stall) 12M(100%)->12M(100%)
[27.206s][info][gc] GC(1275) Garbage Collection (Allocation Stall) 12M(100%)->12M(100%)
[27.206s][info][gc] Allocation Stall (JFR Periodic Tasks) 15.454ms
[27.219s][info][gc] Allocation Stall (RMI TCP Connection(1)-192.168.156.17) 25.944ms
[27.219s][info][gc] GC(1276) Garbage Collection (Allocation Stall) 12M(100%)->12M(100%)
[27.232s][info][gc] GC(1277) Garbage Collection (Allocation Stall) 12M(100%)->12M(100%)
[27.232s][info][gc] Allocation Stall (JFR Periodic Tasks) 15.654ms
[27.244s][info][gc] Allocation Stall (RMI TCP Connection(1)-192.168.156.17) 24.864ms
[27.245s][info][gc] GC(1278) Garbage Collection (Allocation Stall) 12M(100%)->12M(100%)
[27.258s][info][gc] GC(1279) Garbage Collection (Allocation Stall) 12M(100%)->12M(100%)
[27.258s][info][gc] Allocation Stall (JFR Periodic Tasks) 15.468ms
[27.270s][info][gc] Allocation Stall (RMI TCP Connection(1)-192.168.156.17) 24.668ms
[27.270s][info][gc] GC(1280) Garbage Collection (Allocation Stall) 12M(100%)->12M(100%)
[27.283s][info][gc] GC(1281) Garbage Collection (Allocation Stall) 12M(100%)->12M(100%)
[27.283s][info][gc] Allocation Stall (JFR Periodic Tasks) 15.042ms
[27.296s][info][gc] Allocation Stall (RMI TCP Connection(1)-192.168.156.17) 25.366ms
[27.296s][info][gc] GC(1282) Garbage Collection (Allocation Stall) 12M(100%)->12M(100%)
[27.309s][info][gc] Allocation Stall (JFR Periodic Tasks) 15.219ms
[27.309s][info][gc] GC(1283) Garbage Collection (Allocation Stall) 12M(100%)->12M(100%)
[27.321s][info][gc] Allocation Stall (RMI TCP Connection(1)-192.168.156.17) 24.588ms
[27.321s][info][gc] GC(1284) Garbage Collection (Allocation Stall) 12M(100%)->12M(100%)
[27.334s][info][gc] Allocation Stall (JFR Periodic Tasks) 15.247ms
[27.334s][info][gc] GC(1285) Garbage Collection (Allocation Stall) 12M(100%)->12M(100%)
[27.347s][info][gc] Allocation Stall (RMI TCP Connection(1)-192.168.156.17) 25.153ms
[27.347s][info][gc] GC(1286) Garbage Collection (Allocation Stall) 12M(100%)->12M(100%)
[27.360s][info][gc] GC(1287) Garbage Collection (Allocation Stall) 12M(100%)->12M(100%)
[27.360s][info][gc] Allocation Stall (JFR Periodic Tasks) 15.822ms
[27.372s][info][gc] Allocation Stall (RMI TCP Connection(1)-192.168.156.17) 24.552ms
[27.372s][info][gc] GC(1288) Garbage Collection (Allocation Stall) 12M(100%)->12M(100%)
[27.385s][info][gc] GC(1289) Garbage Collection (Allocation Stall) 12M(100%)->12M(100%)
[27.385s][info][gc] Allocation Stall (JFR Periodic Tasks) 14.486ms
[27.398s][info][gc] Allocation Stall (RMI TCP Connection(1)-192.168.156.17) 25.012ms
[27.398s][info][gc] GC(1290) Garbage Collection (Allocation Stall) 12M(100%)->12M(100%)
[27.412s][info][gc] Allocation Stall (JFR Periodic Tasks) 17.012ms
[27.412s][info][gc] GC(1291) Garbage Collection (Allocation Stall) 12M(100%)->12M(100%)
[27.425s][info][gc] Allocation Stall (RMI TCP Connection(1)-192.168.156.17) 26.249ms
[27.425s][info][gc] GC(1292) Garbage Collection (Allocation Stall) 12M(100%)->12M(100%)
[27.437s][info][gc] GC(1293) Garbage Collection (Allocation Stall) 12M(100%)->12M(100%)
[27.437s][info][gc] Allocation Stall (JFR Periodic Tasks) 14.837ms
[27.450s][info][gc] Allocation Stall (RMI TCP Connection(1)-192.168.156.17) 24.303ms
[27.450s][info][gc] GC(1294) Garbage Collection (Allocation Stall) 12M(100%)->12M(100%)
[27.462s][info][gc] GC(1295) Garbage Collection (Allocation Stall) 12M(100%)->12M(100%)
[27.462s][info][gc] Allocation Stall (JFR Periodic Tasks) 15.501ms
[27.475s][info][gc] Allocation Stall (RMI TCP Connection(1)-192.168.156.17) 25.167ms
[27.475s][info][gc] GC(1296) Garbage Collection (Allocation Stall) 12M(100%)->12M(100%)
[27.487s][info][gc] Allocation Stall (JFR Periodic Tasks) 14.641ms
[27.487s][info][gc] GC(1297) Garbage Collection (Allocation Stall) 12M(100%)->12M(100%)
[27.499s][info][gc] Allocation Stall (RMI TCP Connection(1)-192.168.156.17) 23.582ms
[27.500s][info][gc] GC(1298) Garbage Collection (Allocation Stall) 12M(100%)->12M(100%)
[27.513s][info][gc] GC(1299) Garbage Collection (Allocation Stall) 12M(100%)->12M(100%)
[27.513s][info][gc] Allocation Stall (JFR Periodic Tasks) 16.124ms
[27.526s][info][gc] Allocation Stall (RMI TCP Connection(1)-192.168.156.17) 25.936ms
[27.526s][info][gc] GC(1300) Garbage Collection (Allocation Stall) 12M(100%)->12M(100%)
[27.538s][info][gc] GC(1301) Garbage Collection (Allocation Stall) 12M(100%)->12M(100%)
[27.538s][info][gc] Allocation Stall (JFR Periodic Tasks) 14.952ms
[27.551s][info][gc] Allocation Stall (RMI TCP Connection(1)-192.168.156.17) 24.538ms
[27.551s][info][gc] GC(1302) Garbage Collection (Allocation Stall) 12M(100%)->12M(100%)
[27.566s][info][gc] GC(1303) Garbage Collection (Allocation Stall) 12M(100%)->12M(100%)
[27.566s][info][gc] Allocation Stall (JFR Periodic Tasks) 17.411ms
[27.578s][info][gc] Allocation Stall (RMI TCP Connection(1)-192.168.156.17) 25.890ms
[27.578s][info][gc] GC(1304) Garbage Collection (Allocation Stall) 12M(100%)->12M(100%)
[27.590s][info][gc] Allocation Stall (JFR Periodic Tasks) 14.090ms
[27.590s][info][gc] GC(1305) Garbage Collection (Allocation Stall) 12M(100%)->12M(100%)
[27.602s][info][gc] Allocation Stall (RMI TCP Connection(1)-192.168.156.17) 23.887ms
[27.603s][info][gc] GC(1306) Garbage Collection (Allocation Stall) 12M(100%)->12M(100%)
[27.615s][info][gc] GC(1307) Garbage Collection (Allocation Stall) 12M(100%)->12M(100%)
[27.615s][info][gc] Allocation Stall (JFR Periodic Tasks) 15.209ms
[27.628s][info][gc] Allocation Stall (RMI TCP Connection(1)-192.168.156.17) 24.868ms
[27.628s][info][gc] GC(1308) Garbage Collection (Allocation Stall) 12M(100%)->12M(100%)
[27.642s][info][gc] Allocation Stall (JFR Periodic Tasks) 16.562ms
[27.642s][info][gc] GC(1309) Garbage Collection (Allocation Stall) 12M(100%)->12M(100%)
[27.654s][info][gc] Allocation Stall (RMI TCP Connection(1)-192.168.156.17) 25.188ms
[27.654s][info][gc] GC(1310) Garbage Collection (Allocation Stall) 12M(100%)->12M(100%)
[27.666s][info][gc] Allocation Stall (JFR Periodic Tasks) 14.152ms
[27.666s][info][gc] GC(1311) Garbage Collection (Allocation Stall) 12M(100%)->12M(100%)
[27.680s][info][gc] Allocation Stall (RMI TCP Connection(1)-192.168.156.17) 26.118ms
[27.681s][info][gc] GC(1312) Garbage Collection (Allocation Stall) 12M(100%)->12M(100%)
[27.693s][info][gc] Allocation Stall (JFR Periodic Tasks) 16.234ms
[27.693s][info][gc] GC(1313) Garbage Collection (Allocation Stall) 12M(100%)->12M(100%)
[27.705s][info][gc] Allocation Stall (RMI TCP Connection(1)-192.168.156.17) 24.120ms
[27.705s][info][gc] GC(1314) Garbage Collection (Allocation Stall) 12M(100%)->12M(100%)
[27.718s][info][gc] GC(1315) Garbage Collection (Allocation Stall) 12M(100%)->12M(100%)
[27.718s][info][gc] Allocation Stall (JFR Periodic Tasks) 14.106ms
[27.731s][info][gc] Allocation Stall (RMI TCP Connection(1)-192.168.156.17) 24.848ms
[27.731s][info][gc] GC(1316) Garbage Collection (Allocation Stall) 12M(100%)->12M(100%)
[27.745s][info][gc] GC(1317) Garbage Collection (Allocation Stall) 12M(100%)->12M(100%)
[27.745s][info][gc] Allocation Stall (JFR Periodic Tasks) 17.101ms
[27.758s][info][gc] Allocation Stall (C1 CompilerThread0) 26.722ms
[27.758s][info][gc] GC(1318) Garbage Collection (Allocation Stall) 12M(100%)->12M(100%)
[27.759s][info][gc] Allocation Stall (RMI TCP Connection(1)-192.168.156.17) 27.033ms
[27.771s][info][gc] Allocation Stall (JFR Periodic Tasks) 15.987ms
[27.771s][info][gc] GC(1319) Garbage Collection (Allocation Stall) 12M(100%)->12M(100%)
[27.782s][info][gc] Allocation Stall (RMI TCP Connection(1)-192.168.156.17) 23.212ms
[27.782s][info][gc] GC(1320) Garbage Collection (Allocation Stall) 12M(100%)->12M(100%)
[27.795s][info][gc] GC(1321) Garbage Collection (Allocation Stall) 12M(100%)->12M(100%)
[27.795s][info][gc] Allocation Stall (JFR Periodic Tasks) 14.505ms
[27.808s][info][gc] Allocation Stall (RMI TCP Connection(1)-192.168.156.17) 25.704ms
[27.809s][info][gc] GC(1322) Garbage Collection (Allocation Stall) 12M(100%)->12M(100%)
[27.821s][info][gc] Allocation Stall (JFR Periodic Tasks) 15.654ms
[27.821s][info][gc] GC(1323) Garbage Collection (Allocation Stall) 12M(100%)->12M(100%)
[27.834s][info][gc] Allocation Stall (RMI TCP Connection(1)-192.168.156.17) 24.678ms
[27.834s][info][gc] GC(1324) Garbage Collection (Allocation Stall) 12M(100%)->12M(100%)
[27.848s][info][gc] Allocation Stall (JFR Periodic Tasks) 16.920ms
[27.848s][info][gc] GC(1325) Garbage Collection (Allocation Stall) 12M(100%)->12M(100%)
[27.861s][info][gc] Allocation Stall (RMI TCP Connection(1)-192.168.156.17) 26.384ms
[27.861s][info][gc] GC(1326) Garbage Collection (Allocation Stall) 12M(100%)->12M(100%)
[27.874s][info][gc] Allocation Stall (JFR Periodic Tasks) 15.966ms
[27.874s][info][gc] GC(1327) Garbage Collection (Allocation Stall) 12M(100%)->12M(100%)
[27.887s][info][gc] Allocation Stall (RMI TCP Connection(1)-192.168.156.17) 25.899ms
[27.887s][info][gc] GC(1328) Garbage Collection (Allocation Stall) 12M(100%)->12M(100%)
[27.900s][info][gc] GC(1329) Garbage Collection (Allocation Stall) 12M(100%)->12M(100%)
[27.900s][info][gc] Allocation Stall (JFR Periodic Tasks) 15.313ms
[27.912s][info][gc] Allocation Stall (RMI TCP Connection(1)-192.168.156.17) 24.235ms
[27.912s][info][gc] GC(1330) Garbage Collection (Allocation Stall) 12M(100%)->12M(100%)
[27.924s][info][gc] Allocation Stall (JFR Periodic Tasks) 14.425ms
[27.924s][info][gc] GC(1331) Garbage Collection (Allocation Stall) 12M(100%)->12M(100%)
[27.937s][info][gc] Allocation Stall (RMI TCP Connection(1)-192.168.156.17) 24.686ms
[27.938s][info][gc] GC(1332) Garbage Collection (Allocation Stall) 12M(100%)->12M(100%)
[27.951s][info][gc] GC(1333) Garbage Collection (Allocation Stall) 12M(100%)->12M(100%)
[27.951s][info][gc] Allocation Stall (JFR Periodic Tasks) 16.515ms
[27.965s][info][gc] Allocation Stall (RMI TCP Connection(1)-192.168.156.17) 26.857ms
[27.965s][info][gc] GC(1334) Garbage Collection (Allocation Stall) 12M(100%)->12M(100%)
[27.977s][info][gc] GC(1335) Garbage Collection (Allocation Stall) 12M(100%)->12M(100%)
[27.977s][info][gc] Allocation Stall (JFR Periodic Tasks) 16.116ms
[27.990s][info][gc] Allocation Stall (RMI TCP Connection(1)-192.168.156.17) 24.318ms
[27.990s][info][gc] GC(1336) Garbage Collection (Allocation Stall) 12M(100%)->12M(100%)
[28.002s][info][gc] Allocation Stall (JFR Periodic Tasks) 14.393ms
[28.002s][info][gc] GC(1337) Garbage Collection (Allocation Stall) 12M(100%)->12M(100%)
[28.015s][info][gc] Allocation Stall (RMI TCP Connection(1)-192.168.156.17) 24.212ms
[28.015s][info][gc] GC(1338) Garbage Collection (Allocation Stall) 12M(100%)->12M(100%)
[28.028s][info][gc] GC(1339) Garbage Collection (Allocation Stall) 12M(100%)->12M(100%)
[28.028s][info][gc] Allocation Stall (JFR Periodic Tasks) 15.139ms
[28.041s][info][gc] Allocation Stall (RMI TCP Connection(1)-192.168.156.17) 25.778ms
[28.042s][info][gc] GC(1340) Garbage Collection (Allocation Stall) 12M(100%)->12M(100%)
[28.053s][info][gc] GC(1341) Garbage Collection (Allocation Stall) 12M(100%)->12M(100%)
[28.053s][info][gc] Allocation Stall (JFR Periodic Tasks) 15.569ms
[28.066s][info][gc] Allocation Stall (RMI TCP Connection(1)-192.168.156.17) 24.126ms
[28.066s][info][gc] GC(1342) Garbage Collection (Allocation Stall) 12M(100%)->12M(100%)
[28.080s][info][gc] Allocation Stall (JFR Periodic Tasks) 15.529ms
[28.080s][info][gc] GC(1343) Garbage Collection (Allocation Stall) 12M(100%)->12M(100%)
[28.092s][info][gc] Allocation Stall (RMI TCP Connection(1)-192.168.156.17) 25.456ms
[28.092s][info][gc] GC(1344) Garbage Collection (Allocation Stall) 12M(100%)->12M(100%)
[28.104s][info][gc] GC(1345) Garbage Collection (Allocation Stall) 12M(100%)->12M(100%)
[28.104s][info][gc] Allocation Stall (JFR Periodic Tasks) 14.520ms
[28.117s][info][gc] Allocation Stall (RMI TCP Connection(1)-192.168.156.17) 23.957ms
[28.117s][info][gc] GC(1346) Garbage Collection (Allocation Stall) 12M(100%)->12M(100%)
[28.130s][info][gc] GC(1347) Garbage Collection (Allocation Stall) 12M(100%)->12M(100%)
[28.130s][info][gc] Allocation Stall (JFR Periodic Tasks) 15.902ms
[28.142s][info][gc] Allocation Stall (RMI TCP Connection(1)-192.168.156.17) 24.962ms
[28.143s][info][gc] GC(1348) Garbage Collection (Allocation Stall) 12M(100%)->12M(100%)
[28.155s][info][gc] Allocation Stall (JFR Periodic Tasks) 15.144ms
[28.155s][info][gc] GC(1349) Garbage Collection (Allocation Stall) 12M(100%)->12M(100%)
[28.168s][info][gc] Allocation Stall (RMI TCP Connection(1)-192.168.156.17) 24.937ms
[28.168s][info][gc] GC(1350) Garbage Collection (Allocation Stall) 12M(100%)->12M(100%)
[28.180s][info][gc] GC(1351) Garbage Collection (Allocation Stall) 12M(100%)->12M(100%)
[28.180s][info][gc] Allocation Stall (JFR Periodic Tasks) 14.216ms
[28.192s][info][gc] Allocation Stall (RMI TCP Connection(1)-192.168.156.17) 23.534ms
[28.193s][info][gc] GC(1352) Garbage Collection (Allocation Stall) 12M(100%)->12M(100%)
[28.205s][info][gc] Allocation Stall (JFR Periodic Tasks) 15.027ms
[28.205s][info][gc] GC(1353) Garbage Collection (Allocation Stall) 12M(100%)->12M(100%)
[28.218s][info][gc] Allocation Stall (RMI TCP Connection(1)-192.168.156.17) 24.834ms
[28.218s][info][gc] GC(1354) Garbage Collection (Allocation Stall) 12M(100%)->12M(100%)
[28.231s][info][gc] Allocation Stall (JFR Periodic Tasks) 15.708ms
[28.231s][info][gc] GC(1355) Garbage Collection (Allocation Stall) 12M(100%)->12M(100%)
[28.246s][info][gc] Allocation Stall (RMI TCP Connection(1)-192.168.156.17) 27.834ms
[28.246s][info][gc] GC(1356) Garbage Collection (Allocation Stall) 12M(100%)->12M(100%)
[28.260s][info][gc] GC(1357) Garbage Collection (Allocation Stall) 12M(100%)->12M(100%)
[28.260s][info][gc] Allocation Stall (JFR Periodic Tasks) 18.749ms
[28.271s][info][gc] Allocation Stall (RMI TCP Connection(1)-192.168.156.17) 23.926ms
[28.271s][info][gc] GC(1358) Garbage Collection (Allocation Stall) 12M(100%)->12M(100%)
[28.285s][info][gc] Allocation Stall (JFR Periodic Tasks) 14.422ms
[28.285s][info][gc] GC(1359) Garbage Collection (Allocation Stall) 12M(100%)->12M(100%)
[28.297s][info][gc] Allocation Stall (RMI TCP Connection(1)-192.168.156.17) 25.977ms
[28.298s][info][gc] GC(1360) Garbage Collection (Allocation Stall) 12M(100%)->12M(100%)
[28.310s][info][gc] GC(1361) Garbage Collection (Allocation Stall) 12M(100%)->12M(100%)
[28.310s][info][gc] Allocation Stall (JFR Periodic Tasks) 15.443ms
[28.322s][info][gc] Allocation Stall (RMI TCP Connection(1)-192.168.156.17) 23.982ms
[28.322s][info][gc] GC(1362) Garbage Collection (Allocation Stall) 12M(100%)->12M(100%)
[28.335s][info][gc] GC(1363) Garbage Collection (Allocation Stall) 12M(100%)->12M(100%)
[28.335s][info][gc] Allocation Stall (JFR Periodic Tasks) 14.651ms
[28.347s][info][gc] Allocation Stall (RMI TCP Connection(1)-192.168.156.17) 24.741ms
[28.348s][info][gc] GC(1364) Garbage Collection (Allocation Stall) 12M(100%)->12M(100%)
[28.362s][info][gc] GC(1365) Garbage Collection (Allocation Stall) 12M(100%)->12M(100%)
[28.362s][info][gc] Allocation Stall (JFR Periodic Tasks) 17.426ms
[28.375s][info][gc] Allocation Stall (RMI TCP Connection(1)-192.168.156.17) 27.127ms
[28.375s][info][gc] GC(1366) Garbage Collection (Allocation Stall) 12M(100%)->12M(100%)
[28.387s][info][gc] Allocation Stall (JFR Periodic Tasks) 14.012ms
[28.388s][info][gc] GC(1367) Garbage Collection (Allocation Stall) 12M(100%)->12M(100%)
[28.400s][info][gc] Allocation Stall (RMI TCP Connection(1)-192.168.156.17) 23.978ms
[28.400s][info][gc] GC(1368) Garbage Collection (Allocation Stall) 12M(100%)->12M(100%)
[28.413s][info][gc] GC(1369) Garbage Collection (Allocation Stall) 12M(100%)->12M(100%)
[28.413s][info][gc] Allocation Stall (JFR Periodic Tasks) 15.577ms
[28.425s][info][gc] Allocation Stall (RMI TCP Connection(1)-192.168.156.17) 24.815ms
[28.425s][info][gc] GC(1370) Garbage Collection (Allocation Stall) 12M(100%)->12M(100%)
[28.437s][info][gc] GC(1371) Garbage Collection (Allocation Stall) 12M(100%)->12M(100%)
[28.437s][info][gc] Allocation Stall (JFR Periodic Tasks) 14.001ms
[28.450s][info][gc] Allocation Stall (RMI TCP Connection(1)-192.168.156.17) 24.310ms
[28.450s][info][gc] GC(1372) Garbage Collection (Allocation Stall) 12M(100%)->12M(100%)
[28.463s][info][gc] GC(1373) Garbage Collection (Allocation Stall) 12M(100%)->12M(100%)
[28.463s][info][gc] Allocation Stall (JFR Periodic Tasks) 15.766ms
[28.476s][info][gc] Allocation Stall (RMI TCP Connection(1)-192.168.156.17) 25.126ms
[28.476s][info][gc] GC(1374) Garbage Collection (Allocation Stall) 12M(100%)->12M(100%)
[28.488s][info][gc] Allocation Stall (JFR Periodic Tasks) 16.002ms
[28.488s][info][gc] GC(1375) Garbage Collection (Allocation Stall) 12M(100%)->12M(100%)
[28.501s][info][gc] Allocation Stall (RMI TCP Connection(1)-192.168.156.17) 24.756ms
[28.501s][info][gc] GC(1376) Garbage Collection (Allocation Stall) 12M(100%)->12M(100%)
[28.514s][info][gc] Allocation Stall (JFR Periodic Tasks) 15.449ms
[28.514s][info][gc] GC(1377) Garbage Collection (Allocation Stall) 12M(100%)->12M(100%)
[28.526s][info][gc] Allocation Stall (RMI TCP Connection(1)-192.168.156.17) 24.666ms
[28.527s][info][gc] GC(1378) Garbage Collection (Allocation Stall) 12M(100%)->12M(100%)
[28.539s][info][gc] Allocation Stall (JFR Periodic Tasks) 15.282ms
[28.539s][info][gc] GC(1379) Garbage Collection (Allocation Stall) 12M(100%)->12M(100%)
[28.551s][info][gc] Allocation Stall (RMI TCP Connection(1)-192.168.156.17) 24.120ms
[28.551s][info][gc] GC(1380) Garbage Collection (Allocation Stall) 12M(100%)->12M(100%)
[28.565s][info][gc] Allocation Stall (JFR Periodic Tasks) 15.900ms
[28.565s][info][gc] GC(1381) Garbage Collection (Allocation Stall) 12M(100%)->12M(100%)
[28.577s][info][gc] Allocation Stall (RMI TCP Connection(1)-192.168.156.17) 25.237ms
[28.577s][info][gc] GC(1382) Garbage Collection (Allocation Stall) 12M(100%)->12M(100%)
[28.590s][info][gc] Allocation Stall (JFR Periodic Tasks) 14.956ms
[28.590s][info][gc] GC(1383) Garbage Collection (Allocation Stall) 12M(100%)->12M(100%)
[28.602s][info][gc] Allocation Stall (RMI TCP Connection(1)-192.168.156.17) 24.325ms
[28.602s][info][gc] GC(1384) Garbage Collection (Allocation Stall) 12M(100%)->12M(100%)
[28.616s][info][gc] Allocation Stall (JFR Periodic Tasks) 17.237ms
[28.616s][info][gc] GC(1385) Garbage Collection (Allocation Stall) 12M(100%)->12M(100%)
[28.629s][info][gc] Allocation Stall (RMI TCP Connection(1)-192.168.156.17) 26.529ms
[28.629s][info][gc] GC(1386) Garbage Collection (Allocation Stall) 12M(100%)->12M(100%)
[28.643s][info][gc] Allocation Stall (JFR Periodic Tasks) 15.744ms
[28.643s][info][gc] GC(1387) Garbage Collection (Allocation Stall) 12M(100%)->12M(100%)
[28.655s][info][gc] Allocation Stall (RMI TCP Connection(1)-192.168.156.17) 25.406ms
[28.655s][info][gc] GC(1388) Garbage Collection (Allocation Stall) 12M(100%)->12M(100%)
[28.667s][info][gc] Allocation Stall (JFR Periodic Tasks) 14.168ms
[28.667s][info][gc] GC(1389) Garbage Collection (Allocation Stall) 12M(100%)->12M(100%)
[28.681s][info][gc] Allocation Stall (RMI TCP Connection(1)-192.168.156.17) 24.979ms
[28.681s][info][gc] GC(1390) Garbage Collection (Allocation Stall) 12M(100%)->12M(100%)
[28.694s][info][gc] GC(1391) Garbage Collection (Allocation Stall) 12M(100%)->12M(100%)
[28.694s][info][gc] Allocation Stall (JFR Periodic Tasks) 16.523ms
[28.706s][info][gc] Allocation Stall (RMI TCP Connection(1)-192.168.156.17) 25.082ms
[28.707s][info][gc] GC(1392) Garbage Collection (Allocation Stall) 12M(100%)->12M(100%)
[28.720s][info][gc] GC(1393) Garbage Collection (Allocation Stall) 12M(100%)->12M(100%)
[28.720s][info][gc] Allocation Stall (JFR Periodic Tasks) 15.670ms
[28.735s][info][gc] Allocation Stall (RMI TCP Connection(1)-192.168.156.17) 27.676ms
[28.735s][info][gc] GC(1394) Garbage Collection (Allocation Stall) 12M(100%)->12M(100%)
[28.748s][info][gc] Allocation Stall (JFR Periodic Tasks) 18.129ms
[28.748s][info][gc] GC(1395) Garbage Collection (Allocation Stall) 12M(100%)->12M(100%)
[28.761s][info][gc] Allocation Stall (RMI TCP Connection(1)-192.168.156.17) 25.735ms
[28.761s][info][gc] GC(1396) Garbage Collection (Allocation Stall) 12M(100%)->12M(100%)
[28.775s][info][gc] Allocation Stall (JFR Periodic Tasks) 17.125ms
[28.775s][info][gc] GC(1397) Garbage Collection (Allocation Stall) 12M(100%)->12M(100%)
[28.789s][info][gc] Allocation Stall (RMI TCP Connection(1)-192.168.156.17) 26.742ms
[28.789s][info][gc] GC(1398) Garbage Collection (Allocation Stall) 12M(100%)->12M(100%)
[28.801s][info][gc] Allocation Stall (JFR Periodic Tasks) 15.991ms
[28.801s][info][gc] GC(1399) Garbage Collection (Allocation Stall) 12M(100%)->12M(100%)
[28.813s][info][gc] Allocation Stall (RMI TCP Connection(1)-192.168.156.17) 22.544ms
[28.813s][info][gc] GC(1400) Garbage Collection (Allocation Stall) 12M(100%)->12M(100%)
[28.826s][info][gc] GC(1401) Garbage Collection (Allocation Stall) 12M(100%)->12M(100%)
[28.826s][info][gc] Allocation Stall (JFR Periodic Tasks) 15.518ms
[28.838s][info][gc] Allocation Stall (RMI TCP Connection(1)-192.168.156.17) 24.885ms
[28.838s][info][gc] GC(1402) Garbage Collection (Allocation Stall) 12M(100%)->12M(100%)
[28.851s][info][gc] GC(1403) Garbage Collection (Allocation Stall) 12M(100%)->12M(100%)
[28.851s][info][gc] Allocation Stall (JFR Periodic Tasks) 15.770ms
[28.864s][info][gc] Allocation Stall (RMI TCP Connection(1)-192.168.156.17) 25.299ms
[28.865s][info][gc] GC(1404) Garbage Collection (Allocation Stall) 12M(100%)->12M(100%)
[28.878s][info][gc] Allocation Stall (JFR Periodic Tasks) 15.991ms
[28.878s][info][gc] GC(1405) Garbage Collection (Allocation Stall) 12M(100%)->12M(100%)
[28.890s][info][gc] Allocation Stall (RMI TCP Connection(1)-192.168.156.17) 25.498ms
[28.891s][info][gc] GC(1406) Garbage Collection (Allocation Stall) 12M(100%)->12M(100%)
[28.903s][info][gc] Allocation Stall (JFR Periodic Tasks) 14.730ms
[28.903s][info][gc] GC(1407) Garbage Collection (Allocation Stall) 12M(100%)->12M(100%)
[28.915s][info][gc] Allocation Stall (RMI TCP Connection(1)-192.168.156.17) 23.963ms
[28.915s][info][gc] GC(1408) Garbage Collection (Allocation Stall) 12M(100%)->12M(100%)
[28.929s][info][gc] Allocation Stall (JFR Periodic Tasks) 15.513ms
[28.929s][info][gc] GC(1409) Garbage Collection (Allocation Stall) 12M(100%)->12M(100%)
[28.941s][info][gc] Allocation Stall (C1 CompilerThread0) 25.502ms
[28.941s][info][gc] GC(1410) Garbage Collection (Allocation Stall) 12M(100%)->12M(100%)
[28.941s][info][gc] Allocation Stall (RMI TCP Connection(1)-192.168.156.17) 25.669ms
[28.953s][info][gc] Allocation Stall (JFR Periodic Tasks) 13.808ms
[28.953s][info][gc] GC(1411) Garbage Collection (Allocation Stall) 12M(100%)->12M(100%)
[28.966s][info][gc] Allocation Stall (RMI TCP Connection(1)-192.168.156.17) 24.252ms
[28.966s][info][gc] GC(1412) Garbage Collection (Allocation Stall) 12M(100%)->12M(100%)
[28.979s][info][gc] Allocation Stall (JFR Periodic Tasks) 15.327ms
[28.979s][info][gc] GC(1413) Garbage Collection (Allocation Stall) 12M(100%)->12M(100%)
[28.993s][info][gc] Allocation Stall (JMX server connection timeout 23) 26.189ms
[28.993s][info][gc] GC(1414) Garbage Collection (Allocation Stall) 12M(100%)->12M(100%)
[28.993s][info][gc] Allocation Stall (RMI TCP Connection(1)-192.168.156.17) 26.448ms
[29.005s][info][gc] GC(1415) Garbage Collection (Allocation Stall) 12M(100%)->12M(100%)
[29.005s][info][gc] Allocation Stall (JFR Periodic Tasks) 15.632ms
[29.018s][info][gc] Allocation Stall (RMI TCP Connection(1)-192.168.156.17) 23.925ms
[29.018s][info][gc] GC(1416) Garbage Collection (Allocation Stall) 12M(100%)->12M(100%)
[29.030s][info][gc] GC(1417) Garbage Collection (Allocation Stall) 12M(100%)->12M(100%)
[29.030s][info][gc] Allocation Stall (JFR Periodic Tasks) 15.410ms
[29.047s][info][gc] Allocation Stall (RMI TCP Connection(1)-192.168.156.17) 28.649ms
[29.047s][info][gc] GC(1418) Garbage Collection (Allocation Stall) 12M(100%)->12M(100%)
[29.061s][info][gc] GC(1419) Garbage Collection (Allocation Stall) 12M(100%)->12M(100%)
[29.061s][info][gc] Allocation Stall (JFR Periodic Tasks) 19.859ms
[29.077s][info][gc] Allocation Stall (RMI TCP Connection(1)-192.168.156.17) 29.566ms
[29.078s][info][gc] GC(1420) Garbage Collection (Allocation Stall) 12M(100%)->12M(100%)
[29.093s][info][gc] Allocation Stall (JFR Periodic Tasks) 21.303ms
[29.093s][info][gc] GC(1421) Garbage Collection (Allocation Stall) 12M(100%)->12M(100%)
[29.107s][info][gc] Allocation Stall (RMI TCP Connection(1)-192.168.156.17) 29.094ms
[29.107s][info][gc] GC(1422) Garbage Collection (Allocation Stall) 12M(100%)->12M(100%)
[29.121s][info][gc] GC(1423) Garbage Collection (Allocation Stall) 12M(100%)->12M(100%)
[29.121s][info][gc] Allocation Stall (JFR Periodic Tasks) 18.573ms
[29.135s][info][gc] Allocation Stall (RMI TCP Connection(1)-192.168.156.17) 27.499ms
[29.135s][info][gc] GC(1424) Garbage Collection (Allocation Stall) 12M(100%)->12M(100%)
[29.151s][info][gc] Allocation Stall (JFR Periodic Tasks) 19.900ms
[29.151s][info][gc] GC(1425) Garbage Collection (Allocation Stall) 12M(100%)->12M(100%)
[29.166s][info][gc] Allocation Stall (RMI TCP Connection(1)-192.168.156.17) 30.980ms
[29.167s][info][gc] GC(1426) Garbage Collection (Allocation Stall) 12M(100%)->12M(100%)
[29.181s][info][gc] Allocation Stall (JFR Periodic Tasks) 20.807ms
[29.181s][info][gc] GC(1427) Garbage Collection (Allocation Stall) 12M(100%)->12M(100%)
[29.195s][info][gc] Allocation Stall (RMI TCP Connection(1)-192.168.156.17) 27.635ms
[29.195s][info][gc] GC(1428) Garbage Collection (Allocation Stall) 12M(100%)->12M(100%)
[29.210s][info][gc] Allocation Stall (JFR Periodic Tasks) 18.249ms
[29.210s][info][gc] GC(1429) Garbage Collection (Allocation Stall) 12M(100%)->12M(100%)
[29.223s][info][gc] Allocation Stall (RMI TCP Connection(1)-192.168.156.17) 26.872ms
[29.223s][info][gc] GC(1430) Garbage Collection (Allocation Stall) 12M(100%)->12M(100%)
[29.236s][info][gc] GC(1431) Garbage Collection (Allocation Stall) 12M(100%)->12M(100%)
[29.236s][info][gc] Allocation Stall (JFR Periodic Tasks) 16.231ms
[29.250s][info][gc] Allocation Stall (RMI TCP Connection(1)-192.168.156.17) 26.658ms
[29.250s][info][gc] GC(1432) Garbage Collection (Allocation Stall) 12M(100%)->12M(100%)
[29.263s][info][gc] GC(1433) Garbage Collection (Allocation Stall) 12M(100%)->12M(100%)
[29.263s][info][gc] Allocation Stall (JFR Periodic Tasks) 16.823ms
[29.277s][info][gc] Allocation Stall (RMI TCP Connection(1)-192.168.156.17) 26.726ms
[29.277s][info][gc] GC(1434) Garbage Collection (Allocation Stall) 12M(100%)->12M(100%)
[29.293s][info][gc] GC(1435) Garbage Collection (Allocation Stall) 12M(100%)->12M(100%)
[29.293s][info][gc] Allocation Stall (JFR Periodic Tasks) 18.643ms
[29.306s][info][gc] Allocation Stall (RMI TCP Connection(1)-192.168.156.17) 28.540ms
[29.306s][info][gc] GC(1436) Garbage Collection (Allocation Stall) 12M(100%)->12M(100%)
[29.307s][info][gc] Allocation Stall (JMX server connection timeout 23) 28.753ms
[29.319s][info][gc] Allocation Stall (JFR Periodic Tasks) 15.688ms
[29.319s][info][gc] GC(1437) Garbage Collection (Allocation Stall) 12M(100%)->12M(100%)
[29.332s][info][gc] Allocation Stall (JMX server connection timeout 23) 25.443ms
[29.333s][info][gc] GC(1438) Garbage Collection (Allocation Stall) 12M(100%)->12M(100%)
[29.333s][info][gc] Allocation Stall (RMI TCP Connection(1)-192.168.156.17) 25.630ms
[29.345s][info][gc] Allocation Stall (JFR Periodic Tasks) 16.698ms
[29.345s][info][gc] GC(1439) Garbage Collection (Allocation Stall) 12M(100%)->12M(100%)
[29.359s][info][gc] Allocation Stall (RMI TCP Connection(1)-192.168.156.17) 25.782ms
[29.359s][info][gc] GC(1440) Garbage Collection (Allocation Stall) 12M(100%)->12M(100%)
[29.371s][info][gc] Allocation Stall (JFR Periodic Tasks) 16.480ms
[29.371s][info][gc] GC(1441) Garbage Collection (Allocation Stall) 12M(100%)->12M(100%)
[29.385s][info][gc] GC(1442) Garbage Collection (Allocation Stall) 12M(100%)->12M(100%)
[29.389s][info][gc] Allocation Stall (RMI TCP Connection(1)-192.168.156.17) 29.865ms
[29.405s][info][gc] GC(1443) Garbage Collection (Allocation Stall) 12M(100%)->12M(100%)
[29.407s][info][gc] Allocation Stall (JFR Periodic Tasks) 25.738ms
[29.450s][info][gc] GC(1444) Garbage Collection (Allocation Rate) 12M(100%)->12M(100%)
[29.451s][info][gc] Allocation Stall (RMI TCP Connection(1)-192.168.156.17) 18.451ms
[29.468s][info][gc] GC(1445) Garbage Collection (Allocation Stall) 12M(100%)->12M(100%)
[29.468s][info][gc] Allocation Stall (JFR Periodic Tasks) 29.922ms
[29.483s][info][gc] Allocation Stall (RMI TCP Connection(1)-192.168.156.17) 32.154ms
[29.483s][info][gc] GC(1446) Garbage Collection (Allocation Stall) 12M(100%)->12M(100%)
[29.496s][info][gc] Allocation Stall (JFR Periodic Tasks) 17.398ms
[29.496s][info][gc] GC(1447) Garbage Collection (Allocation Stall) 12M(100%)->12M(100%)
[29.511s][info][gc] Allocation Stall (RMI TCP Connection(1)-192.168.156.17) 27.825ms
[29.512s][info][gc] GC(1448) Garbage Collection (Allocation Stall) 12M(100%)->12M(100%)
[29.526s][info][gc] GC(1449) Garbage Collection (Allocation Stall) 12M(100%)->12M(100%)
[29.526s][info][gc] Allocation Stall (JFR Periodic Tasks) 20.129ms
[29.539s][info][gc] Allocation Stall (RMI TCP Connection(1)-192.168.156.17) 26.791ms
[29.539s][info][gc] GC(1450) Garbage Collection (Allocation Stall) 12M(100%)->12M(100%)
[29.555s][info][gc] GC(1451) Garbage Collection (Allocation Stall) 12M(100%)->12M(100%)
[29.555s][info][gc] Allocation Stall (JFR Periodic Tasks) 18.372ms
[29.568s][info][gc] Allocation Stall (RMI TCP Connection(1)-192.168.156.17) 28.276ms
[29.568s][info][gc] GC(1452) Garbage Collection (Allocation Stall) 12M(100%)->12M(100%)
[29.580s][info][gc] Allocation Stall (JFR Periodic Tasks) 15.655ms
[29.581s][info][gc] GC(1453) Garbage Collection (Allocation Stall) 12M(100%)->12M(100%)
[29.593s][info][gc] Allocation Stall (RMI TCP Connection(1)-192.168.156.17) 24.506ms
[29.593s][info][gc] GC(1454) Garbage Collection (Allocation Stall) 12M(100%)->12M(100%)
[29.609s][info][gc] Allocation Stall (JFR Periodic Tasks) 19.114ms
[29.609s][info][gc] GC(1455) Garbage Collection (Allocation Stall) 12M(100%)->12M(100%)
[29.626s][info][gc] Allocation Stall (RMI TCP Connection(1)-192.168.156.17) 32.194ms
[29.626s][info][gc] GC(1456) Garbage Collection (Allocation Stall) 12M(100%)->12M(100%)
[29.641s][info][gc] GC(1457) Garbage Collection (Allocation Stall) 12M(100%)->12M(100%)
[29.641s][info][gc] Allocation Stall (JFR Periodic Tasks) 22.208ms
[29.656s][info][gc] Allocation Stall (RMI TCP Connection(1)-192.168.156.17) 29.115ms
[29.656s][info][gc] GC(1458) Garbage Collection (Allocation Stall) 12M(100%)->12M(100%)
[29.670s][info][gc] Allocation Stall (JFR Periodic Tasks) 18.003ms
[29.670s][info][gc] GC(1459) Garbage Collection (Allocation Stall) 12M(100%)->12M(100%)
[29.685s][info][gc] Allocation Stall (RMI TCP Connection(1)-192.168.156.17) 28.437ms
[29.685s][info][gc] GC(1460) Garbage Collection (Allocation Stall) 12M(100%)->12M(100%)
[29.698s][info][gc] Allocation Stall (JFR Periodic Tasks) 17.728ms
[29.698s][info][gc] GC(1461) Garbage Collection (Allocation Stall) 12M(100%)->12M(100%)
[29.712s][info][gc] Allocation Stall (RMI TCP Connection(1)-192.168.156.17) 27.381ms
[29.713s][info][gc] GC(1462) Garbage Collection (Allocation Stall) 12M(100%)->12M(100%)
[29.727s][info][gc] Allocation Stall (JFR Periodic Tasks) 18.744ms
[29.727s][info][gc] GC(1463) Garbage Collection (Allocation Stall) 12M(100%)->12M(100%)
[29.742s][info][gc] Allocation Stall (RMI TCP Connection(1)-192.168.156.17) 29.512ms
[29.743s][info][gc] GC(1464) Garbage Collection (Allocation Stall) 12M(100%)->12M(100%)
[29.757s][info][gc] GC(1465) Garbage Collection (Allocation Stall) 12M(100%)->12M(100%)
[29.757s][info][gc] Allocation Stall (JFR Periodic Tasks) 19.651ms
[29.774s][info][gc] Allocation Stall (RMI TCP Connection(1)-192.168.156.17) 30.635ms
[29.774s][info][gc] GC(1466) Garbage Collection (Allocation Stall) 12M(100%)->12M(100%)
[29.787s][info][gc] Allocation Stall (JFR Periodic Tasks) 18.869ms
[29.787s][info][gc] GC(1467) Garbage Collection (Allocation Stall) 12M(100%)->12M(100%)
[29.801s][info][gc] Allocation Stall (RMI TCP Connection(1)-192.168.156.17) 26.424ms
[29.801s][info][gc] GC(1468) Garbage Collection (Allocation Stall) 12M(100%)->12M(100%)
[29.813s][info][gc] GC(1469) Garbage Collection (Allocation Stall) 12M(100%)->12M(100%)
[29.813s][info][gc] Allocation Stall (JFR Periodic Tasks) 16.583ms
[29.826s][info][gc] Allocation Stall (RMI TCP Connection(1)-192.168.156.17) 24.748ms
[29.826s][info][gc] GC(1470) Garbage Collection (Allocation Stall) 12M(100%)->12M(100%)
[29.839s][info][gc] GC(1471) Garbage Collection (Allocation Stall) 12M(100%)->12M(100%)
[29.839s][info][gc] Allocation Stall (JFR Periodic Tasks) 15.252ms
[29.852s][info][gc] Allocation Stall (RMI TCP Connection(1)-192.168.156.17) 25.853ms
[29.852s][info][gc] GC(1472) Garbage Collection (Allocation Stall) 12M(100%)->12M(100%)
[29.865s][info][gc] Allocation Stall (JFR Periodic Tasks) 15.491ms
[29.865s][info][gc] GC(1473) Garbage Collection (Allocation Stall) 12M(100%)->12M(100%)
[29.880s][info][gc] Allocation Stall (RMI TCP Connection(1)-192.168.156.17) 27.331ms
[29.880s][info][gc] GC(1474) Garbage Collection (Allocation Stall) 12M(100%)->12M(100%)
[29.895s][info][gc] Allocation Stall (JFR Periodic Tasks) 20.275ms
[29.895s][info][gc] GC(1475) Garbage Collection (Allocation Stall) 12M(100%)->12M(100%)
[29.908s][info][gc] Allocation Stall (RMI TCP Connection(1)-192.168.156.17) 27.229ms
[29.908s][info][gc] GC(1476) Garbage Collection (Allocation Stall) 12M(100%)->12M(100%)
[29.920s][info][gc] GC(1477) Garbage Collection (Allocation Stall) 12M(100%)->12M(100%)
[29.920s][info][gc] Allocation Stall (JFR Periodic Tasks) 14.463ms
[29.932s][info][gc] Allocation Stall (RMI TCP Connection(1)-192.168.156.17) 24.204ms
[29.932s][info][gc] GC(1478) Garbage Collection (Allocation Stall) 12M(100%)->12M(100%)
[29.948s][info][gc] Allocation Stall (JFR Periodic Tasks) 17.828ms
[29.948s][info][gc] GC(1479) Garbage Collection (Allocation Stall) 12M(100%)->12M(100%)
[29.961s][info][gc] Allocation Stall (RMI TCP Connection(1)-192.168.156.17) 27.755ms
[29.961s][info][gc] GC(1480) Garbage Collection (Allocation Stall) 12M(100%)->12M(100%)
[29.973s][info][gc] GC(1481) Garbage Collection (Allocation Stall) 12M(100%)->12M(100%)
[29.973s][info][gc] Allocation Stall (JFR Periodic Tasks) 15.142ms
[29.986s][info][gc] Allocation Stall (RMI TCP Connection(1)-192.168.156.17) 25.215ms
[29.987s][info][gc] GC(1482) Garbage Collection (Allocation Stall) 12M(100%)->12M(100%)
[30.001s][info][gc] Allocation Stall (JFR Periodic Tasks) 17.525ms
[30.001s][info][gc] GC(1483) Garbage Collection (Allocation Stall) 12M(100%)->12M(100%)
[30.015s][info][gc] Allocation Stall (RMI TCP Connection(1)-192.168.156.17) 28.081ms
[30.015s][info][gc] GC(1484) Garbage Collection (Allocation Stall) 12M(100%)->12M(100%)
[30.029s][info][gc] Allocation Stall (JFR Periodic Tasks) 17.476ms
[30.029s][info][gc] GC(1485) Garbage Collection (Allocation Stall) 12M(100%)->12M(100%)
[30.043s][info][gc] Allocation Stall (RMI TCP Connection(1)-192.168.156.17) 27.568ms
[30.043s][info][gc] GC(1486) Garbage Collection (Allocation Stall) 12M(100%)->12M(100%)
[30.056s][info][gc] Allocation Stall (JFR Periodic Tasks) 16.823ms
[30.056s][info][gc] GC(1487) Garbage Collection (Allocation Stall) 12M(100%)->12M(100%)
[30.068s][info][gc] Allocation Stall (RMI TCP Connection(1)-192.168.156.17) 24.613ms
[30.068s][info][gc] GC(1488) Garbage Collection (Allocation Stall) 12M(100%)->12M(100%)
[30.082s][info][gc] Allocation Stall (JFR Periodic Tasks) 16.711ms
[30.082s][info][gc] GC(1489) Garbage Collection (Allocation Stall) 12M(100%)->12M(100%)
[30.095s][info][gc] Allocation Stall (RMI TCP Connection(1)-192.168.156.17) 26.182ms
[30.095s][info][gc] GC(1490) Garbage Collection (Allocation Stall) 12M(100%)->12M(100%)
[30.107s][info][gc] Allocation Stall (JFR Periodic Tasks) 14.904ms
[30.107s][info][gc] GC(1491) Garbage Collection (Allocation Stall) 12M(100%)->12M(100%)
[30.119s][info][gc] Allocation Stall (RMI TCP Connection(1)-192.168.156.17) 23.171ms
[30.119s][info][gc] GC(1492) Garbage Collection (Allocation Stall) 12M(100%)->12M(100%)
[30.132s][info][gc] Allocation Stall (JFR Periodic Tasks) 14.373ms
[30.132s][info][gc] GC(1493) Garbage Collection (Allocation Stall) 12M(100%)->12M(100%)
[30.144s][info][gc] Allocation Stall (RMI TCP Connection(1)-192.168.156.17) 24.885ms
[30.144s][info][gc] GC(1494) Garbage Collection (Allocation Stall) 12M(100%)->12M(100%)
[30.157s][info][gc] GC(1495) Garbage Collection (Allocation Stall) 12M(100%)->12M(100%)
[30.157s][info][gc] Allocation Stall (JFR Periodic Tasks) 15.525ms
[30.169s][info][gc] Allocation Stall (RMI TCP Connection(1)-192.168.156.17) 24.299ms
[30.169s][info][gc] GC(1496) Garbage Collection (Allocation Stall) 12M(100%)->12M(100%)
[30.182s][info][gc] Allocation Stall (JFR Periodic Tasks) 15.087ms
[30.182s][info][gc] GC(1497) Garbage Collection (Allocation Stall) 12M(100%)->12M(100%)
[30.195s][info][gc] Allocation Stall (RMI TCP Connection(1)-192.168.156.17) 25.990ms
[30.196s][info][gc] GC(1498) Garbage Collection (Allocation Stall) 12M(100%)->12M(100%)
[30.209s][info][gc] Allocation Stall (JFR Periodic Tasks) 18.041ms
[30.209s][info][gc] GC(1499) Garbage Collection (Allocation Stall) 12M(100%)->12M(100%)
[30.221s][info][gc] Allocation Stall (RMI TCP Connection(1)-192.168.156.17) 25.188ms
[30.221s][info][gc] GC(1500) Garbage Collection (Allocation Stall) 12M(100%)->12M(100%)
[30.234s][info][gc] GC(1501) Garbage Collection (Allocation Stall) 12M(100%)->12M(100%)
[30.234s][info][gc] Allocation Stall (JFR Periodic Tasks) 14.846ms
[30.247s][info][gc] Allocation Stall (RMI TCP Connection(1)-192.168.156.17) 25.360ms
[30.247s][info][gc] GC(1502) Garbage Collection (Allocation Stall) 12M(100%)->12M(100%)
[30.260s][info][gc] Allocation Stall (JFR Periodic Tasks) 14.816ms
[30.260s][info][gc] GC(1503) Garbage Collection (Allocation Stall) 12M(100%)->12M(100%)
[30.272s][info][gc] Allocation Stall (RMI TCP Connection(1)-192.168.156.17) 24.407ms
[30.272s][info][gc] GC(1504) Garbage Collection (Allocation Stall) 12M(100%)->12M(100%)
[30.285s][info][gc] Allocation Stall (JFR Periodic Tasks) 15.191ms
[30.285s][info][gc] GC(1505) Garbage Collection (Allocation Stall) 12M(100%)->12M(100%)
[30.297s][info][gc] Allocation Stall (RMI TCP Connection(1)-192.168.156.17) 23.926ms
[30.297s][info][gc] GC(1506) Garbage Collection (Allocation Stall) 12M(100%)->12M(100%)
[30.309s][info][gc] Allocation Stall (JFR Periodic Tasks) 14.169ms
[30.309s][info][gc] GC(1507) Garbage Collection (Allocation Stall) 12M(100%)->12M(100%)
[30.321s][info][gc] Allocation Stall (RMI TCP Connection(1)-192.168.156.17) 23.713ms
[30.322s][info][gc] GC(1508) Garbage Collection (Allocation Stall) 12M(100%)->12M(100%)
[30.334s][info][gc] Allocation Stall (JFR Periodic Tasks) 14.106ms
[30.334s][info][gc] GC(1509) Garbage Collection (Allocation Stall) 12M(100%)->12M(100%)
[30.347s][info][gc] Allocation Stall (RMI TCP Connection(1)-192.168.156.17) 24.940ms
[30.347s][info][gc] GC(1510) Garbage Collection (Allocation Stall) 12M(100%)->12M(100%)
[30.360s][info][gc] Allocation Stall (JFR Periodic Tasks) 16.185ms
[30.360s][info][gc] GC(1511) Garbage Collection (Allocation Stall) 12M(100%)->12M(100%)
[30.372s][info][gc] Allocation Stall (RMI TCP Connection(1)-192.168.156.17) 24.817ms
[30.372s][info][gc] GC(1512) Garbage Collection (Allocation Stall) 12M(100%)->12M(100%)
[30.385s][info][gc] GC(1513) Garbage Collection (Allocation Stall) 12M(100%)->12M(100%)
[30.385s][info][gc] Allocation Stall (JFR Periodic Tasks) 15.371ms
[30.397s][info][gc] Allocation Stall (RMI TCP Connection(1)-192.168.156.17) 24.295ms
[30.397s][info][gc] GC(1514) Garbage Collection (Allocation Stall) 12M(100%)->12M(100%)
[30.410s][info][gc] GC(1515) Garbage Collection (Allocation Stall) 12M(100%)->12M(100%)
[30.410s][info][gc] Allocation Stall (JFR Periodic Tasks) 15.179ms
[30.422s][info][gc] Allocation Stall (RMI TCP Connection(1)-192.168.156.17) 24.256ms
[30.422s][info][gc] GC(1516) Garbage Collection (Allocation Stall) 12M(100%)->12M(100%)
[30.435s][info][gc] Allocation Stall (JFR Periodic Tasks) 14.772ms
[30.435s][info][gc] GC(1517) Garbage Collection (Allocation Stall) 12M(100%)->12M(100%)
[30.447s][info][gc] Allocation Stall (RMI TCP Connection(1)-192.168.156.17) 24.999ms
[30.448s][info][gc] GC(1518) Garbage Collection (Allocation Stall) 12M(100%)->12M(100%)
[30.460s][info][gc] GC(1519) Garbage Collection (Allocation Stall) 12M(100%)->12M(100%)
[30.460s][info][gc] Allocation Stall (JFR Periodic Tasks) 14.958ms
[30.472s][info][gc] Allocation Stall (RMI TCP Connection(1)-192.168.156.17) 23.767ms
[30.472s][info][gc] GC(1520) Garbage Collection (Allocation Stall) 12M(100%)->12M(100%)
[30.486s][info][gc] GC(1521) Garbage Collection (Allocation Stall) 12M(100%)->12M(100%)
[30.486s][info][gc] Allocation Stall (JFR Periodic Tasks) 15.975ms
[30.498s][info][gc] Allocation Stall (RMI TCP Connection(1)-192.168.156.17) 24.726ms
[30.498s][info][gc] GC(1522) Garbage Collection (Allocation Stall) 12M(100%)->12M(100%)
[30.510s][info][gc] GC(1523) Garbage Collection (Allocation Stall) 12M(100%)->12M(100%)
[30.510s][info][gc] Allocation Stall (JFR Periodic Tasks) 14.251ms
[30.522s][info][gc] Allocation Stall (RMI TCP Connection(1)-192.168.156.17) 23.754ms
[30.522s][info][gc] GC(1524) Garbage Collection (Allocation Stall) 12M(100%)->12M(100%)
[30.535s][info][gc] GC(1525) Garbage Collection (Allocation Stall) 12M(100%)->12M(100%)
[30.535s][info][gc] Allocation Stall (JFR Periodic Tasks) 14.313ms
[30.548s][info][gc] Allocation Stall (RMI TCP Connection(1)-192.168.156.17) 24.776ms
[30.548s][info][gc] GC(1526) Garbage Collection (Allocation Stall) 12M(100%)->12M(100%)
[30.561s][info][gc] GC(1527) Garbage Collection (Allocation Stall) 12M(100%)->12M(100%)
[30.561s][info][gc] Allocation Stall (JFR Periodic Tasks) 15.829ms
[30.572s][info][gc] Allocation Stall (RMI TCP Connection(1)-192.168.156.17) 23.940ms
[30.573s][info][gc] GC(1528) Garbage Collection (Allocation Stall) 12M(100%)->12M(100%)
[30.585s][info][gc] GC(1529) Garbage Collection (Allocation Stall) 12M(100%)->12M(100%)
[30.585s][info][gc] Allocation Stall (JFR Periodic Tasks) 14.516ms
[30.598s][info][gc] Allocation Stall (RMI TCP Connection(1)-192.168.156.17) 24.419ms
[30.598s][info][gc] GC(1530) Garbage Collection (Allocation Stall) 12M(100%)->12M(100%)
[30.610s][info][gc] GC(1531) Garbage Collection (Allocation Stall) 12M(100%)->12M(100%)
[30.610s][info][gc] Allocation Stall (JFR Periodic Tasks) 14.919ms
[30.622s][info][gc] Allocation Stall (RMI TCP Connection(1)-192.168.156.17) 24.077ms
[30.622s][info][gc] GC(1532) Garbage Collection (Allocation Stall) 12M(100%)->12M(100%)
[30.635s][info][gc] GC(1533) Garbage Collection (Allocation Stall) 12M(100%)->12M(100%)
[30.635s][info][gc] Allocation Stall (JFR Periodic Tasks) 14.442ms
[30.648s][info][gc] Allocation Stall (RMI TCP Connection(1)-192.168.156.17) 25.085ms
[30.648s][info][gc] GC(1534) Garbage Collection (Allocation Stall) 12M(100%)->12M(100%)
[30.661s][info][gc] GC(1535) Garbage Collection (Allocation Stall) 12M(100%)->12M(100%)
[30.661s][info][gc] Allocation Stall (JFR Periodic Tasks) 16.203ms
[30.673s][info][gc] Allocation Stall (RMI TCP Connection(1)-192.168.156.17) 24.822ms
[30.674s][info][gc] GC(1536) Garbage Collection (Allocation Stall) 12M(100%)->12M(100%)
[30.686s][info][gc] Allocation Stall (JFR Periodic Tasks) 15.291ms
[30.686s][info][gc] GC(1537) Garbage Collection (Allocation Stall) 12M(100%)->12M(100%)
[30.698s][info][gc] Allocation Stall (RMI TCP Connection(1)-192.168.156.17) 24.162ms
[30.699s][info][gc] GC(1538) Garbage Collection (Allocation Stall) 12M(100%)->12M(100%)
[30.711s][info][gc] Allocation Stall (JFR Periodic Tasks) 14.519ms
[30.711s][info][gc] GC(1539) Garbage Collection (Allocation Stall) 12M(100%)->12M(100%)
[30.725s][info][gc] Allocation Stall (RMI TCP Connection(1)-192.168.156.17) 25.925ms
[30.725s][info][gc] GC(1540) Garbage Collection (Allocation Stall) 12M(100%)->12M(100%)
[30.737s][info][gc] Allocation Stall (JFR Periodic Tasks) 15.987ms
[30.737s][info][gc] GC(1541) Garbage Collection (Allocation Stall) 12M(100%)->12M(100%)
[30.749s][info][gc] Allocation Stall (RMI TCP Connection(1)-192.168.156.17) 23.303ms
[30.749s][info][gc] GC(1542) Garbage Collection (Allocation Stall) 12M(100%)->12M(100%)
[30.762s][info][gc] GC(1543) Garbage Collection (Allocation Stall) 12M(100%)->12M(100%)
[30.762s][info][gc] Allocation Stall (JFR Periodic Tasks) 15.230ms
[30.774s][info][gc] Allocation Stall (RMI TCP Connection(1)-192.168.156.17) 25.038ms
[30.775s][info][gc] GC(1544) Garbage Collection (Allocation Stall) 12M(100%)->12M(100%)
[30.788s][info][gc] Allocation Stall (JFR Periodic Tasks) 15.274ms
[30.788s][info][gc] GC(1545) Garbage Collection (Allocation Stall) 12M(100%)->12M(100%)
[30.801s][info][gc] Allocation Stall (RMI TCP Connection(1)-192.168.156.17) 25.398ms
[30.801s][info][gc] GC(1546) Garbage Collection (Allocation Stall) 12M(100%)->12M(100%)
[30.814s][info][gc] Allocation Stall (JFR Periodic Tasks) 16.723ms
[30.814s][info][gc] GC(1547) Garbage Collection (Allocation Stall) 12M(100%)->12M(100%)
[30.827s][info][gc] Allocation Stall (RMI TCP Connection(1)-192.168.156.17) 25.282ms
[30.827s][info][gc] GC(1548) Garbage Collection (Allocation Stall) 12M(100%)->12M(100%)
[30.840s][info][gc] Allocation Stall (JFR Periodic Tasks) 16.747ms
[30.840s][info][gc] GC(1549) Garbage Collection (Allocation Stall) 12M(100%)->12M(100%)
[30.853s][info][gc] Allocation Stall (RMI TCP Connection(1)-192.168.156.17) 26.078ms
[30.853s][info][gc] GC(1550) Garbage Collection (Allocation Stall) 12M(100%)->12M(100%)
[30.867s][info][gc] Allocation Stall (JFR Periodic Tasks) 16.138ms
[30.867s][info][gc] GC(1551) Garbage Collection (Allocation Stall) 12M(100%)->12M(100%)
[30.881s][info][gc] Allocation Stall (RMI TCP Connection(1)-192.168.156.17) 27.204ms
[30.881s][info][gc] GC(1552) Garbage Collection (Allocation Stall) 12M(100%)->12M(100%)
[30.894s][info][gc] Allocation Stall (JFR Periodic Tasks) 17.813ms
[30.894s][info][gc] GC(1553) Garbage Collection (Allocation Stall) 12M(100%)->12M(100%)
[30.907s][info][gc] Allocation Stall (RMI TCP Connection(1)-192.168.156.17) 25.345ms
[30.907s][info][gc] GC(1554) Garbage Collection (Allocation Stall) 12M(100%)->12M(100%)
[30.919s][info][gc] Allocation Stall (JFR Periodic Tasks) 15.111ms
[30.919s][info][gc] GC(1555) Garbage Collection (Allocation Stall) 12M(100%)->12M(100%)
[30.932s][info][gc] Allocation Stall (RMI TCP Connection(1)-192.168.156.17) 24.995ms
[30.933s][info][gc] GC(1556) Garbage Collection (Allocation Stall) 12M(100%)->12M(100%)
[30.950s][info][gc] Allocation Stall (JFR Periodic Tasks) 20.349ms
[30.950s][info][gc] GC(1557) Garbage Collection (Allocation Stall) 12M(100%)->12M(100%)
[30.963s][info][gc] Allocation Stall (RMI TCP Connection(1)-192.168.156.17) 29.887ms
[30.963s][info][gc] GC(1558) Garbage Collection (Allocation Stall) 12M(100%)->12M(100%)
[30.975s][info][gc] Allocation Stall (JFR Periodic Tasks) 15.939ms
[30.975s][info][gc] GC(1559) Garbage Collection (Allocation Stall) 12M(100%)->12M(100%)
[30.987s][info][gc] Allocation Stall (RMI TCP Connection(1)-192.168.156.17) 23.534ms
[30.987s][info][gc] GC(1560) Garbage Collection (Allocation Stall) 12M(100%)->12M(100%)
[30.999s][info][gc] GC(1561) Garbage Collection (Allocation Stall) 12M(100%)->12M(100%)
[30.999s][info][gc] Allocation Stall (JFR Periodic Tasks) 14.398ms
[31.012s][info][gc] Allocation Stall (RMI TCP Connection(1)-192.168.156.17) 24.139ms
[31.012s][info][gc] GC(1562) Garbage Collection (Allocation Stall) 12M(100%)->12M(100%)
[31.023s][info][gc] Allocation Stall (JFR Periodic Tasks) 12.523ms
[31.023s][info][gc] GC(1563) Garbage Collection (Allocation Stall) 12M(100%)->12M(100%)
[31.034s][info][gc] Allocation Stall (RMI TCP Connection(1)-192.168.156.17) 21.272ms
[31.034s][info][gc] GC(1564) Garbage Collection (Allocation Stall) 12M(100%)->12M(100%)
[31.046s][info][gc] GC(1565) Garbage Collection (Allocation Stall) 12M(100%)->12M(100%)
[31.046s][info][gc] Allocation Stall (JFR Periodic Tasks) 13.393ms
[31.059s][info][gc] Allocation Stall (RMI TCP Connection(1)-192.168.156.17) 24.379ms
[31.059s][info][gc] GC(1566) Garbage Collection (Allocation Stall) 12M(100%)->12M(100%)
[31.071s][info][gc] Allocation Stall (JFR Periodic Tasks) 14.062ms
[31.071s][info][gc] GC(1567) Garbage Collection (Allocation Stall) 12M(100%)->12M(100%)
[31.085s][info][gc] Allocation Stall (RMI TCP Connection(1)-192.168.156.17) 25.205ms
[31.085s][info][gc] GC(1568) Garbage Collection (Allocation Stall) 12M(100%)->12M(100%)
[31.098s][info][gc] Allocation Stall (JFR Periodic Tasks) 16.995ms
[31.098s][info][gc] GC(1569) Garbage Collection (Allocation Stall) 12M(100%)->12M(100%)
[31.111s][info][gc] Allocation Stall (RMI TCP Connection(1)-192.168.156.17) 25.465ms
[31.111s][info][gc] GC(1570) Garbage Collection (Allocation Stall) 12M(100%)->12M(100%)
[31.125s][info][gc] GC(1571) Garbage Collection (Allocation Stall) 12M(100%)->12M(100%)
[31.125s][info][gc] Allocation Stall (JFR Periodic Tasks) 15.795ms
[31.137s][info][gc] Allocation Stall (RMI TCP Connection(1)-192.168.156.17) 25.837ms
[31.137s][info][gc] GC(1572) Garbage Collection (Allocation Stall) 12M(100%)->12M(100%)
[31.150s][info][gc] GC(1573) Garbage Collection (Allocation Stall) 12M(100%)->12M(100%)
[31.150s][info][gc] Allocation Stall (JFR Periodic Tasks) 14.627ms
[31.163s][info][gc] Allocation Stall (RMI TCP Connection(1)-192.168.156.17) 25.958ms
[31.163s][info][gc] GC(1574) Garbage Collection (Allocation Stall) 12M(100%)->12M(100%)
[31.176s][info][gc] Allocation Stall (JFR Periodic Tasks) 16.384ms
[31.176s][info][gc] GC(1575) Garbage Collection (Allocation Stall) 12M(100%)->12M(100%)
[31.189s][info][gc] Allocation Stall (RMI TCP Connection(1)-192.168.156.17) 25.533ms
[31.190s][info][gc] GC(1576) Garbage Collection (Allocation Stall) 12M(100%)->12M(100%)
[31.202s][info][gc] GC(1577) Garbage Collection (Allocation Stall) 12M(100%)->12M(100%)
[31.202s][info][gc] Allocation Stall (JFR Periodic Tasks) 14.838ms
[31.215s][info][gc] Allocation Stall (RMI TCP Connection(1)-192.168.156.17) 24.733ms
[31.215s][info][gc] GC(1578) Garbage Collection (Allocation Stall) 12M(100%)->12M(100%)
[31.228s][info][gc] Allocation Stall (JFR Periodic Tasks) 15.481ms
[31.228s][info][gc] GC(1579) Garbage Collection (Allocation Stall) 12M(100%)->12M(100%)
[31.240s][info][gc] Allocation Stall (RMI TCP Connection(1)-192.168.156.17) 25.108ms
[31.241s][info][gc] GC(1580) Garbage Collection (Allocation Stall) 12M(100%)->12M(100%)
[31.253s][info][gc] Allocation Stall (JFR Periodic Tasks) 15.338ms
[31.253s][info][gc] GC(1581) Garbage Collection (Allocation Stall) 12M(100%)->12M(100%)
[31.265s][info][gc] Allocation Stall (RMI TCP Connection(1)-192.168.156.17) 24.172ms
[31.265s][info][gc] GC(1582) Garbage Collection (Allocation Stall) 12M(100%)->12M(100%)
[31.278s][info][gc] GC(1583) Garbage Collection (Allocation Stall) 12M(100%)->12M(100%)
[31.278s][info][gc] Allocation Stall (JFR Periodic Tasks) 16.253ms
[31.290s][info][gc] Allocation Stall (RMI TCP Connection(1)-192.168.156.17) 24.567ms
[31.291s][info][gc] GC(1584) Garbage Collection (Allocation Stall) 12M(100%)->12M(100%)
[31.302s][info][gc] GC(1585) Garbage Collection (Allocation Stall) 12M(100%)->12M(100%)
[31.302s][info][gc] Allocation Stall (JFR Periodic Tasks) 13.447ms
[31.314s][info][gc] Allocation Stall (RMI TCP Connection(1)-192.168.156.17) 23.318ms
[31.315s][info][gc] GC(1586) Garbage Collection (Allocation Stall) 12M(100%)->12M(100%)
[31.327s][info][gc] Allocation Stall (JFR Periodic Tasks) 14.331ms
[31.327s][info][gc] GC(1587) Garbage Collection (Allocation Stall) 12M(100%)->12M(100%)
[31.339s][info][gc] Allocation Stall (RMI TCP Connection(1)-192.168.156.17) 23.840ms
[31.339s][info][gc] GC(1588) Garbage Collection (Allocation Stall) 12M(100%)->12M(100%)
[31.351s][info][gc] Allocation Stall (JFR Periodic Tasks) 13.846ms
[31.351s][info][gc] GC(1589) Garbage Collection (Allocation Stall) 12M(100%)->12M(100%)
[31.365s][info][gc] Allocation Stall (RMI TCP Connection(1)-192.168.156.17) 24.892ms
[31.365s][info][gc] GC(1590) Garbage Collection (Allocation Stall) 12M(100%)->12M(100%)
[31.377s][info][gc] GC(1591) Garbage Collection (Allocation Stall) 12M(100%)->12M(100%)
[31.377s][info][gc] Allocation Stall (JFR Periodic Tasks) 15.735ms
[31.388s][info][gc] Allocation Stall (RMI TCP Connection(1)-192.168.156.17) 22.616ms
[31.388s][info][gc] GC(1592) Garbage Collection (Allocation Stall) 12M(100%)->12M(100%)
[31.401s][info][gc] GC(1593) Garbage Collection (Allocation Stall) 12M(100%)->12M(100%)
[31.401s][info][gc] Allocation Stall (JFR Periodic Tasks) 13.898ms
[31.414s][info][gc] Allocation Stall (RMI TCP Connection(1)-192.168.156.17) 25.297ms
[31.414s][info][gc] GC(1594) Garbage Collection (Allocation Stall) 12M(100%)->12M(100%)
[31.427s][info][gc] Allocation Stall (JFR Periodic Tasks) 16.268ms
[31.427s][info][gc] GC(1595) Garbage Collection (Allocation Stall) 12M(100%)->12M(100%)
[31.440s][info][gc] Allocation Stall (RMI TCP Connection(1)-192.168.156.17) 24.961ms
[31.440s][info][gc] GC(1596) Garbage Collection (Allocation Stall) 12M(100%)->12M(100%)
[31.452s][info][gc] Allocation Stall (JFR Periodic Tasks) 15.053ms
[31.452s][info][gc] GC(1597) Garbage Collection (Allocation Stall) 12M(100%)->12M(100%)
[31.464s][info][gc] Allocation Stall (RMI TCP Connection(1)-192.168.156.17) 23.575ms
[31.464s][info][gc] GC(1598) Garbage Collection (Allocation Stall) 12M(100%)->12M(100%)
[31.478s][info][gc] GC(1599) Garbage Collection (Allocation Stall) 12M(100%)->12M(100%)
[31.478s][info][gc] Allocation Stall (JFR Periodic Tasks) 15.461ms
[31.490s][info][gc] Allocation Stall (RMI TCP Connection(1)-192.168.156.17) 25.054ms
[31.490s][info][gc] GC(1600) Garbage Collection (Allocation Stall) 12M(100%)->12M(100%)
[31.502s][info][gc] GC(1601) Garbage Collection (Allocation Stall) 12M(100%)->12M(100%)
[31.502s][info][gc] Allocation Stall (JFR Periodic Tasks) 13.937ms
[31.514s][info][gc] Allocation Stall (RMI TCP Connection(1)-192.168.156.17) 23.275ms
[31.514s][info][gc] GC(1602) Garbage Collection (Allocation Stall) 12M(100%)->12M(100%)
[31.526s][info][gc] Allocation Stall (JFR Periodic Tasks) 13.412ms
[31.526s][info][gc] GC(1603) Garbage Collection (Allocation Stall) 12M(100%)->12M(100%)
[31.538s][info][gc] Allocation Stall (RMI TCP Connection(1)-192.168.156.17) 23.541ms
[31.538s][info][gc] GC(1604) Garbage Collection (Allocation Stall) 12M(100%)->12M(100%)
[31.550s][info][gc] GC(1605) Garbage Collection (Allocation Stall) 12M(100%)->12M(100%)
[31.550s][info][gc] Allocation Stall (JFR Periodic Tasks) 13.984ms
[31.564s][info][gc] Allocation Stall (C1 CompilerThread0) 25.097ms
[31.564s][info][gc] GC(1606) Garbage Collection (Allocation Stall) 12M(100%)->12M(100%)
[31.564s][info][gc] Allocation Stall (RMI TCP Connection(1)-192.168.156.17) 25.206ms
[31.576s][info][gc] Allocation Stall (JFR Periodic Tasks) 16.023ms
[31.576s][info][gc] GC(1607) Garbage Collection (Allocation Stall) 12M(100%)->12M(100%)
[31.587s][info][gc] Allocation Stall (RMI TCP Connection(1)-192.168.156.17) 23.368ms
[31.588s][info][gc] GC(1608) Garbage Collection (Allocation Stall) 12M(100%)->12M(100%)
[31.600s][info][gc] Allocation Stall (JFR Periodic Tasks) 13.379ms
[31.600s][info][gc] GC(1609) Garbage Collection (Allocation Stall) 12M(100%)->12M(100%)
[31.613s][info][gc] Allocation Stall (RMI TCP Connection(1)-192.168.156.17) 24.155ms
[31.613s][info][gc] GC(1610) Garbage Collection (Allocation Stall) 12M(100%)->12M(100%)
[31.626s][info][gc] GC(1611) Garbage Collection (Allocation Stall) 12M(100%)->12M(100%)
[31.626s][info][gc] Allocation Stall (JFR Periodic Tasks) 15.919ms
[31.638s][info][gc] Allocation Stall (RMI TCP Connection(1)-192.168.156.17) 24.532ms
[31.638s][info][gc] GC(1612) Garbage Collection (Allocation Stall) 12M(100%)->12M(100%)
[31.652s][info][gc] GC(1613) Garbage Collection (Allocation Stall) 12M(100%)->12M(100%)
[31.652s][info][gc] Allocation Stall (JFR Periodic Tasks) 15.284ms
[31.665s][info][gc] Allocation Stall (RMI TCP Connection(1)-192.168.156.17) 25.717ms
[31.665s][info][gc] GC(1614) Garbage Collection (Allocation Stall) 12M(100%)->12M(100%)
[31.678s][info][gc] GC(1615) Garbage Collection (Allocation Stall) 12M(100%)->12M(100%)
[31.678s][info][gc] Allocation Stall (JFR Periodic Tasks) 16.823ms
[31.691s][info][gc] Allocation Stall (RMI TCP Connection(1)-192.168.156.17) 25.345ms
[31.691s][info][gc] GC(1616) Garbage Collection (Allocation Stall) 12M(100%)->12M(100%)
[31.703s][info][gc] Allocation Stall (JFR Periodic Tasks) 14.504ms
[31.703s][info][gc] GC(1617) Garbage Collection (Allocation Stall) 12M(100%)->12M(100%)
[31.715s][info][gc] Allocation Stall (RMI TCP Connection(1)-192.168.156.17) 23.425ms
[31.715s][info][gc] GC(1618) Garbage Collection (Allocation Stall) 12M(100%)->12M(100%)
[31.728s][info][gc] Allocation Stall (JFR Periodic Tasks) 15.152ms
[31.728s][info][gc] GC(1619) Garbage Collection (Allocation Stall) 12M(100%)->12M(100%)
[31.742s][info][gc] Allocation Stall (RMI TCP Connection(1)-192.168.156.17) 26.355ms
[31.742s][info][gc] GC(1620) Garbage Collection (Allocation Stall) 12M(100%)->12M(100%)
[31.755s][info][gc] Allocation Stall (JFR Periodic Tasks) 16.567ms
[31.755s][info][gc] GC(1621) Garbage Collection (Allocation Stall) 12M(100%)->12M(100%)
[31.767s][info][gc] Allocation Stall (RMI TCP Connection(1)-192.168.156.17) 25.210ms
[31.768s][info][gc] GC(1622) Garbage Collection (Allocation Stall) 12M(100%)->12M(100%)
[31.780s][info][gc] GC(1623) Garbage Collection (Allocation Stall) 12M(100%)->12M(100%)
[31.780s][info][gc] Allocation Stall (JFR Periodic Tasks) 15.255ms
[31.792s][info][gc] Allocation Stall (RMI TCP Connection(1)-192.168.156.17) 23.517ms
[31.792s][info][gc] GC(1624) Garbage Collection (Allocation Stall) 12M(100%)->12M(100%)
[31.803s][info][gc] Allocation Stall (JFR Periodic Tasks) 13.615ms
[31.803s][info][gc] GC(1625) Garbage Collection (Allocation Stall) 12M(100%)->12M(100%)
[31.816s][info][gc] Allocation Stall (RMI TCP Connection(1)-192.168.156.17) 23.993ms
[31.816s][info][gc] GC(1626) Garbage Collection (Allocation Stall) 12M(100%)->12M(100%)
[31.829s][info][gc] Allocation Stall (JFR Periodic Tasks) 14.957ms
[31.829s][info][gc] GC(1627) Garbage Collection (Allocation Stall) 12M(100%)->12M(100%)
[31.843s][info][gc] Allocation Stall (JMX server connection timeout 23) 26.134ms
[31.843s][info][gc] GC(1628) Garbage Collection (Allocation Stall) 12M(100%)->12M(100%)
[31.843s][info][gc] Allocation Stall (RMI TCP Connection(1)-192.168.156.17) 26.403ms
[31.855s][info][gc] Allocation Stall (JFR Periodic Tasks) 16.245ms
[31.855s][info][gc] GC(1629) Garbage Collection (Allocation Stall) 12M(100%)->12M(100%)
[31.868s][info][gc] Allocation Stall (RMI TCP Connection(1)-192.168.156.17) 24.684ms
[31.868s][info][gc] GC(1630) Garbage Collection (Allocation Stall) 12M(100%)->12M(100%)
[31.881s][info][gc] Allocation Stall (JFR Periodic Tasks) 16.090ms
[31.881s][info][gc] GC(1631) Garbage Collection (Allocation Stall) 12M(100%)->12M(100%)
[31.892s][info][gc] Allocation Stall (RMI TCP Connection(1)-192.168.156.17) 22.690ms
[31.892s][info][gc] GC(1632) Garbage Collection (Allocation Stall) 12M(100%)->12M(100%)
[31.903s][info][gc] GC(1633) Garbage Collection (Allocation Stall) 12M(100%)->12M(100%)
[31.903s][info][gc] Allocation Stall (JFR Periodic Tasks) 12.558ms
[31.915s][info][gc] Allocation Stall (RMI TCP Connection(1)-192.168.156.17) 23.030ms
[31.916s][info][gc] GC(1634) Garbage Collection (Allocation Stall) 12M(100%)->12M(100%)
[31.928s][info][gc] Allocation Stall (JFR Periodic Tasks) 13.545ms
[31.928s][info][gc] GC(1635) Garbage Collection (Allocation Stall) 12M(100%)->12M(100%)
[31.941s][info][gc] Allocation Stall (RMI TCP Connection(1)-192.168.156.17) 25.171ms
[31.941s][info][gc] GC(1636) Garbage Collection (Allocation Stall) 12M(100%)->12M(100%)
[31.954s][info][gc] Allocation Stall (JFR Periodic Tasks) 16.256ms
[31.954s][info][gc] GC(1637) Garbage Collection (Allocation Stall) 12M(100%)->12M(100%)
[31.967s][info][gc] Allocation Stall (RMI TCP Connection(1)-192.168.156.17) 25.175ms
[31.967s][info][gc] GC(1638) Garbage Collection (Allocation Stall) 12M(100%)->12M(100%)
[31.980s][info][gc] Allocation Stall (JFR Periodic Tasks) 16.047ms
[31.980s][info][gc] GC(1639) Garbage Collection (Allocation Stall) 12M(100%)->12M(100%)
[31.993s][info][gc] Allocation Stall (RMI TCP Connection(1)-192.168.156.17) 24.906ms
[31.993s][info][gc] GC(1640) Garbage Collection (Allocation Stall) 12M(100%)->12M(100%)
[32.005s][info][gc] GC(1641) Garbage Collection (Allocation Stall) 12M(100%)->12M(100%)
[32.005s][info][gc] Allocation Stall (JFR Periodic Tasks) 14.844ms
[32.019s][info][gc] Allocation Stall (RMI TCP Connection(1)-192.168.156.17) 25.192ms
[32.019s][info][gc] GC(1642) Garbage Collection (Allocation Stall) 12M(100%)->12M(100%)
[32.031s][info][gc] GC(1643) Garbage Collection (Allocation Stall) 12M(100%)->12M(100%)
[32.031s][info][gc] Allocation Stall (JFR Periodic Tasks) 16.619ms
[32.045s][info][gc] Allocation Stall (JMX server connection timeout 23) 25.175ms
[32.045s][info][gc] GC(1644) Garbage Collection (Allocation Stall) 12M(100%)->12M(100%)
[32.045s][info][gc] Allocation Stall (RMI TCP Connection(1)-192.168.156.17) 25.141ms
[32.045s][info][gc] Allocation Stall (Attach Listener) 24.676ms
[32.056s][info][gc] GC(1645) Garbage Collection (Allocation Stall) 12M(100%)->12M(100%)
[32.056s][info][gc] Allocation Stall (JFR Periodic Tasks) 14.337ms
[32.069s][info][gc] Allocation Stall (Attach Listener) 23.388ms
[32.069s][info][gc] GC(1646) Garbage Collection (Allocation Stall) 12M(100%)->12M(100%)
[32.082s][info][gc] GC(1647) Garbage Collection (Allocation Stall) 12M(100%)->12M(100%)
[32.082s][info][gc] Allocation Stall (JFR Periodic Tasks) 15.206ms
[32.094s][info][gc] Allocation Stall (Attach Listener) 25.019ms
[32.094s][info][gc] GC(1648) Garbage Collection (Allocation Stall) 12M(100%)->12M(100%)
[32.106s][info][gc] GC(1649) Garbage Collection (Allocation Stall) 12M(100%)->12M(100%)
[32.106s][info][gc] Allocation Stall (JFR Periodic Tasks) 14.995ms
[32.119s][info][gc] Allocation Stall (Attach Listener) 24.829ms
[32.120s][info][gc] GC(1650) Garbage Collection (Allocation Stall) 12M(100%)->12M(100%)
[32.133s][info][gc] GC(1651) Garbage Collection (Allocation Stall) 12M(100%)->12M(100%)
[32.133s][info][gc] Allocation Stall (JFR Periodic Tasks) 15.996ms
[32.146s][info][gc] Allocation Stall (Attach Listener) 25.110ms
[32.146s][info][gc] GC(1652) Garbage Collection (Allocation Stall) 12M(100%)->12M(100%)
[32.160s][info][gc] GC(1653) Garbage Collection (Allocation Stall) 12M(100%)->12M(100%)
[32.160s][info][gc] Allocation Stall (JFR Periodic Tasks) 17.084ms
[32.173s][info][gc] Allocation Stall (Attach Listener) 25.848ms
[32.173s][info][gc] GC(1654) Garbage Collection (Allocation Stall) 12M(100%)->12M(100%)
[32.187s][info][gc] GC(1655) Garbage Collection (Allocation Stall) 12M(100%)->12M(100%)
[32.187s][info][gc] Allocation Stall (JFR Periodic Tasks) 15.668ms
[32.201s][info][gc] Allocation Stall (Attach Listener) 25.137ms
[32.201s][info][gc] GC(1656) Garbage Collection (Allocation Stall) 12M(100%)->12M(100%)
[32.215s][info][gc] Allocation Stall (JFR Periodic Tasks) 18.008ms
[32.215s][info][gc] GC(1657) Garbage Collection (Allocation Stall) 12M(100%)->12M(100%)
[32.229s][info][gc] Allocation Stall (Attach Listener) 26.277ms
[32.229s][info][gc] GC(1658) Garbage Collection (Allocation Stall) 12M(100%)->12M(100%)
[32.244s][info][gc] GC(1659) Garbage Collection (Allocation Stall) 12M(100%)->12M(100%)
[32.244s][info][gc] Allocation Stall (JFR Periodic Tasks) 19.504ms
[32.258s][info][gc] Allocation Stall (Attach Listener) 27.710ms
[32.259s][info][gc] GC(1660) Garbage Collection (Allocation Stall) 12M(100%)->12M(100%)
[32.272s][info][gc] Allocation Stall (JFR Periodic Tasks) 17.771ms
[32.272s][info][gc] GC(1661) Garbage Collection (Allocation Stall) 12M(100%)->12M(100%)
[32.286s][info][gc] Allocation Stall (Attach Listener) 26.050ms
[32.286s][info][gc] GC(1662) Garbage Collection (Allocation Stall) 12M(100%)->12M(100%)
[32.300s][info][gc] GC(1663) Garbage Collection (Allocation Stall) 12M(100%)->12M(100%)
[32.300s][info][gc] Allocation Stall (JFR Periodic Tasks) 18.637ms
[32.314s][info][gc] Allocation Stall (Attach Listener) 26.461ms
[32.314s][info][gc] GC(1664) Garbage Collection (Allocation Stall) 12M(100%)->12M(100%)
[32.328s][info][gc] GC(1665) Garbage Collection (Allocation Stall) 12M(100%)->12M(100%)
[32.328s][info][gc] Allocation Stall (JFR Periodic Tasks) 17.758ms
[32.342s][info][gc] Allocation Stall (Attach Listener) 25.968ms
[32.342s][info][gc] GC(1666) Garbage Collection (Allocation Stall) 12M(100%)->12M(100%)
[32.355s][info][gc] GC(1667) Garbage Collection (Allocation Stall) 12M(100%)->12M(100%)
[32.355s][info][gc] Allocation Stall (JFR Periodic Tasks) 16.808ms
[32.367s][info][gc] Allocation Stall (Attach Listener) 23.950ms
[32.367s][info][gc] GC(1668) Garbage Collection (Allocation Stall) 12M(100%)->12M(100%)
[32.367s][info][gc] Allocation Stall (RMI TCP Connection(1)-192.168.156.17) 23.866ms
[32.379s][info][gc] GC(1669) Garbage Collection (Allocation Stall) 12M(100%)->12M(100%)
[32.379s][info][gc] Allocation Stall (JFR Periodic Tasks) 14.159ms
[32.392s][info][gc] Allocation Stall (RMI TCP Connection(1)-192.168.156.17) 24.738ms
[32.392s][info][gc] GC(1670) Garbage Collection (Allocation Stall) 12M(100%)->12M(100%)
[32.393s][info][gc] Allocation Stall (Attach Listener) 25.387ms
[32.405s][info][gc] GC(1671) Garbage Collection (Allocation Stall) 12M(100%)->12M(100%)
[32.405s][info][gc] Allocation Stall (JFR Periodic Tasks) 15.452ms
[32.420s][info][gc] GC(1672) Garbage Collection (Allocation Stall) 12M(100%)->12M(100%)
[32.420s][info][gc] Allocation Stall (RMI TCP Connection(1)-192.168.156.17) 26.243ms
[32.420s][info][gc] Allocation Stall (Attach Listener) 26.482ms
[32.434s][info][gc] Allocation Stall (JFR Periodic Tasks) 19.096ms
[32.434s][info][gc] GC(1673) Garbage Collection (Allocation Stall) 12M(100%)->12M(100%)
[32.447s][info][gc] Allocation Stall (RMI TCP Connection(1)-192.168.156.17) 26.829ms
[32.448s][info][gc] GC(1674) Garbage Collection (Allocation Stall) 12M(100%)->12M(100%)
[32.448s][info][gc] Allocation Stall (Attach Listener) 27.289ms
[32.461s][info][gc] GC(1675) Garbage Collection (Allocation Stall) 12M(100%)->12M(100%)
[32.461s][info][gc] Allocation Stall (JFR Periodic Tasks) 17.094ms
[32.475s][info][gc] Allocation Stall (RMI TCP Connection(1)-192.168.156.17) 26.648ms
[32.476s][info][gc] GC(1676) Garbage Collection (Allocation Stall) 12M(100%)->12M(100%)
[32.476s][info][gc] Allocation Stall (Attach Listener) 27.139ms
[32.489s][info][gc] Allocation Stall (JFR Periodic Tasks) 16.798ms
[32.489s][info][gc] GC(1677) Garbage Collection (Allocation Stall) 12M(100%)->12M(100%)
[32.502s][info][gc] Allocation Stall (RMI TCP Connection(1)-192.168.156.17) 25.319ms
[32.502s][info][gc] GC(1678) Garbage Collection (Allocation Stall) 12M(100%)->12M(100%)
[32.503s][info][gc] Allocation Stall (Attach Listener) 25.658ms
[32.516s][info][gc] GC(1679) Garbage Collection (Allocation Stall) 12M(100%)->12M(100%)
[32.516s][info][gc] Allocation Stall (JFR Periodic Tasks) 17.107ms
[32.528s][info][gc] Allocation Stall (RMI TCP Connection(1)-192.168.156.17) 25.521ms
[32.529s][info][gc] GC(1680) Garbage Collection (Allocation Stall) 12M(100%)->12M(100%)
[32.529s][info][gc] Allocation Stall (Attach Listener) 25.938ms
[32.542s][info][gc] GC(1681) Garbage Collection (Allocation Stall) 12M(100%)->12M(100%)
[32.542s][info][gc] Allocation Stall (JFR Periodic Tasks) 16.793ms
[32.554s][info][gc] Allocation Stall (RMI TCP Connection(1)-192.168.156.17) 24.624ms
[32.554s][info][gc] GC(1682) Garbage Collection (Allocation Stall) 12M(100%)->12M(100%)
[32.555s][info][gc] Allocation Stall (Attach Listener) 24.997ms
[32.567s][info][gc] Allocation Stall (JFR Periodic Tasks) 15.409ms
[32.567s][info][gc] GC(1683) Garbage Collection (Allocation Stall) 12M(100%)->12M(100%)
[32.581s][info][gc] Allocation Stall (RMI TCP Connection(1)-192.168.156.17) 25.331ms
[32.581s][info][gc] GC(1684) Garbage Collection (Allocation Stall) 12M(100%)->12M(100%)
[32.582s][info][gc] Allocation Stall (Attach Listener) 25.977ms
[32.595s][info][gc] Allocation Stall (JFR Periodic Tasks) 17.462ms
[32.595s][info][gc] GC(1685) Garbage Collection (Allocation Stall) 12M(100%)->12M(100%)
[32.609s][info][gc] Allocation Stall (RMI TCP Connection(1)-192.168.156.17) 26.750ms
[32.609s][info][gc] GC(1686) Garbage Collection (Allocation Stall) 12M(100%)->12M(100%)
[32.610s][info][gc] Allocation Stall (Attach Listener) 27.237ms
[32.622s][info][gc] GC(1687) Garbage Collection (Allocation Stall) 12M(100%)->12M(100%)
[32.622s][info][gc] Allocation Stall (JFR Periodic Tasks) 16.518ms
[32.635s][info][gc] Allocation Stall (RMI TCP Connection(1)-192.168.156.17) 25.474ms
[32.636s][info][gc] GC(1688) Garbage Collection (Allocation Stall) 12M(100%)->12M(100%)
[32.636s][info][gc] Allocation Stall (RMI TCP Accept-0) 21.505ms
[32.636s][info][gc] Allocation Stall (Attach Listener) 25.828ms
[32.649s][info][gc] Allocation Stall (JFR Periodic Tasks) 17.272ms
[32.649s][info][gc] GC(1689) Garbage Collection (Allocation Stall) 12M(100%)->12M(100%)
[32.662s][info][gc] Allocation Stall (RMI TCP Connection(1)-192.168.156.17) 25.779ms
[32.662s][info][gc] GC(1690) Garbage Collection (Allocation Stall) 12M(100%)->12M(100%)
[32.663s][info][gc] Allocation Stall (RMI TCP Accept-0) 25.867ms
[32.663s][info][gc] Allocation Stall (Attach Listener) 25.966ms
[32.676s][info][gc] GC(1691) Garbage Collection (Allocation Stall) 12M(100%)->12M(100%)
[32.676s][info][gc] Allocation Stall (JFR Periodic Tasks) 17.228ms
[32.689s][info][gc] Allocation Stall (RMI TCP Connection(1)-192.168.156.17) 25.502ms
[32.689s][info][gc] GC(1692) Garbage Collection (Allocation Stall) 12M(100%)->12M(100%)
[32.689s][info][gc] Allocation Stall (RMI TCP Accept-0) 18.440ms
[32.690s][info][gc] Allocation Stall (Attach Listener) 26.261ms
[32.702s][info][gc] GC(1693) Garbage Collection (Allocation Stall) 12M(100%)->12M(100%)
[32.702s][info][gc] Allocation Stall (JFR Periodic Tasks) 15.791ms
[32.716s][info][gc] Allocation Stall (RMI TCP Connection(1)-192.168.156.17) 25.227ms
[32.716s][info][gc] GC(1694) Garbage Collection (Allocation Stall) 12M(100%)->12M(100%)
[32.716s][info][gc] Allocation Stall (RMI TCP Accept-0) 25.391ms
[32.716s][info][gc] Allocation Stall (Attach Listener) 25.420ms
[32.729s][info][gc] GC(1695) Garbage Collection (Allocation Stall) 12M(100%)->12M(100%)
[32.729s][info][gc] Allocation Stall (JFR Periodic Tasks) 17.031ms
[32.743s][info][gc] Allocation Stall (RMI TCP Accept-0) 26.108ms
[32.743s][info][gc] GC(1696) Garbage Collection (Allocation Stall) 12M(100%)->12M(100%)
[32.743s][info][gc] Allocation Stall (RMI TCP Connection(1)-192.168.156.17) 26.701ms
[32.744s][info][gc] Allocation Stall (Attach Listener) 26.634ms
[32.756s][info][gc] GC(1697) Garbage Collection (Allocation Stall) 12M(100%)->12M(100%)
[32.757s][info][gc] Allocation Stall (JFR Periodic Tasks) 16.948ms
[32.770s][info][gc] Allocation Stall (RMI TCP Accept-0) 25.998ms
[32.770s][info][gc] GC(1698) Garbage Collection (Allocation Stall) 12M(100%)->12M(100%)
[32.770s][info][gc] Allocation Stall (RMI TCP Connection(idle)) 26.225ms
[32.770s][info][gc] Allocation Stall (RMI TCP Connection(1)-192.168.156.17) 26.281ms
[32.771s][info][gc] Allocation Stall (Attach Listener) 26.363ms
[32.784s][info][gc] GC(1699) Garbage Collection (Allocation Stall) 12M(100%)->12M(100%)
[32.784s][info][gc] Allocation Stall (JFR Periodic Tasks) 17.461ms
[32.797s][info][gc] Allocation Stall (RMI TCP Connection(2)-192.168.156.17) 26.110ms
[32.798s][info][gc] GC(1700) Garbage Collection (Allocation Stall) 12M(100%)->12M(100%)
[32.798s][info][gc] Allocation Stall (RMI TCP Connection(1)-192.168.156.17) 26.537ms
[32.798s][info][gc] Allocation Stall (Attach Listener) 26.667ms
[32.811s][info][gc] Allocation Stall (JFR Periodic Tasks) 17.266ms
[32.811s][info][gc] GC(1701) Garbage Collection (Allocation Stall) 12M(100%)->12M(100%)
[32.825s][info][gc] GC(1702) Garbage Collection (Allocation Stall) 12M(100%)->12M(100%)
[32.825s][info][gc] Allocation Stall (RMI TCP Connection(1)-192.168.156.17) 26.304ms
[32.825s][info][gc] Allocation Stall (RMI TCP Connection(2)-192.168.156.17) 26.374ms
[32.826s][info][gc] Allocation Stall (Attach Listener) 26.447ms
[32.839s][info][gc] Allocation Stall (JFR Periodic Tasks) 17.345ms
[32.839s][info][gc] GC(1703) Garbage Collection (Allocation Stall) 12M(100%)->12M(100%)
[32.852s][info][gc] Allocation Stall (RMI TCP Connection(2)-192.168.156.17) 26.485ms
[32.852s][info][gc] GC(1704) Garbage Collection (Allocation Stall) 12M(100%)->12M(100%)
[32.853s][info][gc] Allocation Stall (RMI TCP Connection(1)-192.168.156.17) 26.815ms
[32.853s][info][gc] Allocation Stall (Attach Listener) 26.863ms
[32.866s][info][gc] GC(1705) Garbage Collection (Allocation Stall) 12M(100%)->12M(100%)
[32.866s][info][gc] Allocation Stall (JFR Periodic Tasks) 17.078ms
[32.880s][info][gc] Allocation Stall (RMI TCP Connection(2)-192.168.156.17) 26.329ms
[32.880s][info][gc] GC(1706) Garbage Collection (Allocation Stall) 12M(100%)->12M(100%)
[32.880s][info][gc] Allocation Stall (RMI TCP Connection(1)-192.168.156.17) 26.693ms
[32.881s][info][gc] Allocation Stall (Attach Listener) 26.787ms
[32.894s][info][gc] GC(1707) Garbage Collection (Allocation Stall) 12M(100%)->12M(100%)
[32.894s][info][gc] Allocation Stall (JFR Periodic Tasks) 18.705ms
[32.908s][info][gc] Allocation Stall (RMI TCP Connection(2)-192.168.156.17) 26.687ms
[32.908s][info][gc] GC(1708) Garbage Collection (Allocation Stall) 12M(100%)->12M(100%)
[32.908s][info][gc] Allocation Stall (RMI TCP Connection(1)-192.168.156.17) 27.094ms
[32.909s][info][gc] Allocation Stall (Attach Listener) 27.046ms
[32.922s][info][gc] Allocation Stall (JFR Periodic Tasks) 17.208ms
[32.922s][info][gc] GC(1709) Garbage Collection (Allocation Stall) 12M(100%)->12M(100%)
[32.935s][info][gc] Allocation Stall (RMI TCP Connection(2)-192.168.156.17) 26.502ms
[32.935s][info][gc] GC(1710) Garbage Collection (Allocation Stall) 12M(100%)->12M(100%)
[32.936s][info][gc] Allocation Stall (JMX server connection timeout 23) 26.990ms
[32.936s][info][gc] Allocation Stall (RMI TCP Connection(1)-192.168.156.17) 27.043ms
[32.936s][info][gc] Allocation Stall (Attach Listener) 26.942ms
[32.949s][info][gc] Allocation Stall (JFR Periodic Tasks) 17.445ms
[32.949s][info][gc] GC(1711) Garbage Collection (Allocation Stall) 12M(100%)->12M(100%)
[32.963s][info][gc] Allocation Stall (RMI TCP Connection(2)-192.168.156.17) 27.161ms
[32.963s][info][gc] GC(1712) Garbage Collection (Allocation Stall) 12M(100%)->12M(100%)
[32.963s][info][gc] Allocation Stall (JMX server connection timeout 23) 27.442ms
[32.963s][info][gc] Out Of Memory (JMX server connection timeout 23)
[32.963s][info][gc] Allocation Stall (RMI TCP Connection(1)-192.168.156.17) 27.461ms
[32.963s][info][gc] Out Of Memory (RMI TCP Connection(1)-192.168.156.17)
[32.964s][info][gc] Allocation Stall (Attach Listener) 27.514ms
[32.964s][info][gc] Out Of Memory (Attach Listener)
[32.977s][info][gc] Allocation Stall (JFR Periodic Tasks) 18.657ms
[32.977s][info][gc] GC(1713) Garbage Collection (Allocation Stall) 12M(100%)->12M(100%)
[32.990s][info][gc] Allocation Stall (RMI TCP Connection(2)-192.168.156.17) 26.271ms
[32.991s][info][gc] GC(1714) Garbage Collection (Allocation Stall) 12M(100%)->12M(100%)
[32.991s][info][gc] Allocation Stall (RMI TCP Connection(1)-192.168.156.17) 26.568ms
[32.991s][info][gc] Allocation Stall (JMX server connection timeout 23) 26.700ms
[32.991s][info][gc] Allocation Stall (RMI TCP Accept-0) 22.227ms
[33.003s][info][gc] Allocation Stall (JFR Periodic Tasks) 15.719ms
[33.003s][info][gc] GC(1715) Garbage Collection (Allocation Stall) 12M(100%)->12M(100%)
[33.017s][info][gc] Allocation Stall (JMX server connection timeout 23) 25.800ms
[33.017s][info][gc] GC(1716) Garbage Collection (Allocation Stall) 12M(100%)->12M(100%)
[33.017s][info][gc] Allocation Stall (RMI TCP Accept-0) 26.036ms
[33.017s][info][gc] Allocation Stall (RMI TCP Connection(2)-192.168.156.17) 24.493ms
[33.017s][info][gc] Allocation Stall (RMI TCP Connection(1)-192.168.156.17) 26.003ms
[33.030s][info][gc] Allocation Stall (JFR Periodic Tasks) 17.761ms
[33.030s][info][gc] GC(1717) Garbage Collection (Allocation Stall) 12M(100%)->12M(100%)
[33.044s][info][gc] Allocation Stall (RMI TCP Connection(2)-192.168.156.17) 26.046ms
[33.044s][info][gc] GC(1718) Garbage Collection (Allocation Stall) 12M(100%)->12M(100%)
[33.044s][info][gc] Allocation Stall (JMX server connection timeout 23) 26.435ms
[33.044s][info][gc] Allocation Stall (RMI TCP Connection(1)-192.168.156.17) 26.420ms
[33.044s][info][gc] Allocation Stall (RMI TCP Accept-0) 26.418ms
[33.056s][info][gc] GC(1719) Garbage Collection (Allocation Stall) 12M(100%)->12M(100%)
[33.056s][info][gc] Allocation Stall (JFR Periodic Tasks) 16.217ms
[33.069s][info][gc] Allocation Stall (JMX server connection timeout 23) 24.706ms
[33.069s][info][gc] GC(1720) Garbage Collection (Allocation Stall) 12M(100%)->12M(100%)
[33.069s][info][gc] Allocation Stall (RMI TCP Connection(1)-192.168.156.17) 24.988ms
[33.069s][info][gc] Allocation Stall (RMI TCP Connection(2)-192.168.156.17) 25.039ms
[33.069s][info][gc] Allocation Stall (RMI TCP Accept-0) 25.052ms
[33.083s][info][gc] Allocation Stall (JFR Periodic Tasks) 16.672ms
[33.083s][info][gc] GC(1721) Garbage Collection (Allocation Stall) 12M(100%)->12M(100%)
[33.096s][info][gc] Allocation Stall (RMI TCP Accept-0) 25.855ms
[33.096s][info][gc] GC(1722) Garbage Collection (Allocation Stall) 12M(100%)->12M(100%)
[33.096s][info][gc] Allocation Stall (RMI TCP Connection(2)-192.168.156.17) 26.122ms
[33.096s][info][gc] Allocation Stall (JMX server connection timeout 23) 26.326ms
[33.096s][info][gc] Allocation Stall (RMI TCP Connection(1)-192.168.156.17) 26.229ms
[33.108s][info][gc] GC(1723) Garbage Collection (Allocation Stall) 12M(100%)->12M(100%)
[33.108s][info][gc] Allocation Stall (JFR Periodic Tasks) 14.889ms
[33.120s][info][gc] Allocation Stall (RMI TCP Connection(2)-192.168.156.17) 24.059ms
[33.121s][info][gc] GC(1724) Garbage Collection (Allocation Stall) 12M(100%)->12M(100%)
[33.121s][info][gc] Allocation Stall (JMX server connection timeout 23) 24.456ms
[33.121s][info][gc] Out Of Memory (JMX server connection timeout 23)
[33.121s][info][gc] Allocation Stall (RMI TCP Accept-0) 24.488ms
[33.121s][info][gc] Allocation Stall (RMI TCP Connection(1)-192.168.156.17) 24.470ms
[33.121s][info][gc] Out Of Memory (RMI TCP Connection(1)-192.168.156.17)
[33.134s][info][gc] GC(1725) Garbage Collection (Allocation Stall) 12M(100%)->12M(100%)
[33.134s][info][gc] Allocation Stall (JFR Periodic Tasks) 15.352ms
[33.146s][info][gc] Allocation Stall (RMI TCP Connection(2)-192.168.156.17) 24.526ms
[33.146s][info][gc] GC(1726) Garbage Collection (Allocation Stall) 12M(100%)->12M(100%)
[33.146s][info][gc] Allocation Stall (RMI TCP Connection(1)-192.168.156.17) 24.363ms
[33.146s][info][gc] Allocation Stall (RMI TCP Accept-0) 16.231ms
[33.159s][info][gc] Allocation Stall (JFR Periodic Tasks) 14.859ms
[33.159s][info][gc] GC(1727) Garbage Collection (Allocation Stall) 12M(100%)->12M(100%)
[33.170s][info][gc] Allocation Stall (RMI TCP Accept-0) 24.123ms
[33.171s][info][gc] GC(1728) Garbage Collection (Allocation Stall) 12M(100%)->12M(100%)
[33.171s][info][gc] Allocation Stall (RMI TCP Connection(1)-192.168.156.17) 24.278ms
[33.171s][info][gc] Allocation Stall (RMI TCP Connection(2)-192.168.156.17) 24.417ms
[33.182s][info][gc] GC(1729) Garbage Collection (Allocation Stall) 12M(100%)->12M(100%)
[33.182s][info][gc] Allocation Stall (JFR Periodic Tasks) 13.879ms
[33.195s][info][gc] Allocation Stall (RMI TCP Connection(1)-192.168.156.17) 24.199ms
[33.195s][info][gc] GC(1730) Garbage Collection (Allocation Stall) 12M(100%)->12M(100%)
[33.195s][info][gc] Allocation Stall (RMI TCP Accept-0) 24.544ms
[33.195s][info][gc] Allocation Stall (RMI TCP Connection(2)-192.168.156.17) 24.527ms
[33.209s][info][gc] GC(1731) Garbage Collection (Allocation Stall) 12M(100%)->12M(100%)
[33.209s][info][gc] Allocation Stall (JFR Periodic Tasks) 16.941ms
[33.221s][info][gc] Allocation Stall (RMI TCP Connection(2)-192.168.156.17) 24.997ms
[33.221s][info][gc] GC(1732) Garbage Collection (Allocation Stall) 12M(100%)->12M(100%)
[33.221s][info][gc] Allocation Stall (RMI TCP Connection(1)-192.168.156.17) 25.310ms
[33.221s][info][gc] Allocation Stall (RMI TCP Accept-0) 25.452ms
[33.234s][info][gc] GC(1733) Garbage Collection (Allocation Stall) 12M(100%)->12M(100%)
[33.234s][info][gc] Allocation Stall (JFR Periodic Tasks) 14.492ms
[33.247s][info][gc] Allocation Stall (RMI TCP Connection(1)-192.168.156.17) 25.403ms
[33.247s][info][gc] GC(1734) Garbage Collection (Allocation Stall) 12M(100%)->12M(100%)
[33.247s][info][gc] Allocation Stall (RMI TCP Connection(2)-192.168.156.17) 25.657ms
[33.247s][info][gc] Allocation Stall (RMI TCP Accept-0) 25.736ms
[33.247s][info][gc] Out Of Memory (RMI TCP Accept-0)
[33.260s][info][gc] Allocation Stall (JFR Periodic Tasks) 15.964ms
[33.260s][info][gc] GC(1735) Garbage Collection (Allocation Stall) 12M(100%)->12M(100%)
[33.271s][info][gc] Allocation Stall (RMI TCP Connection(2)-192.168.156.17) 23.734ms
[33.271s][info][gc] GC(1736) Garbage Collection (Allocation Stall) 12M(100%)->12M(100%)
[33.271s][info][gc] Allocation Stall (RMI TCP Accept-0) 23.903ms
[33.271s][info][gc] Allocation Stall (RMI TCP Connection(idle)) 23.981ms
[33.285s][info][gc] GC(1737) Garbage Collection (Allocation Stall) 12M(100%)->12M(100%)
[33.285s][info][gc] Allocation Stall (JFR Periodic Tasks) 15.341ms
[33.297s][info][gc] Allocation Stall (RMI TCP Accept-0) 25.505ms
[33.297s][info][gc] GC(1738) Garbage Collection (Allocation Stall) 12M(100%)->12M(100%)
[33.298s][info][gc] Allocation Stall (RMI TCP Connection(2)-192.168.156.17) 25.504ms
[33.298s][info][gc] Allocation Stall (RMI TCP Connection(idle)) 26.133ms
[33.309s][info][gc] GC(1739) Garbage Collection (Allocation Stall) 12M(100%)->12M(100%)
[33.309s][info][gc] Allocation Stall (JFR Periodic Tasks) 14.342ms
[33.322s][info][gc] Allocation Stall (RMI TCP Accept-0) 23.578ms
[33.322s][info][gc] GC(1740) Garbage Collection (Allocation Stall) 12M(100%)->12M(100%)
[33.322s][info][gc] Allocation Stall (RMI TCP Connection(idle)) 23.865ms
[33.334s][info][gc] Allocation Stall (JFR Periodic Tasks) 14.083ms
[33.334s][info][gc] GC(1741) Garbage Collection (Allocation Stall) 12M(100%)->12M(100%)
[33.346s][info][gc] Allocation Stall (RMI TCP Connection(idle)) 23.941ms
[33.346s][info][gc] GC(1742) Garbage Collection (Allocation Stall) 12M(100%)->12M(100%)
[33.346s][info][gc] Allocation Stall (RMI TCP Accept-0) 24.251ms
[33.360s][info][gc] Allocation Stall (JFR Periodic Tasks) 15.530ms
[33.360s][info][gc] GC(1743) Garbage Collection (Allocation Stall) 12M(100%)->12M(100%)
[33.371s][info][gc] Allocation Stall (RMI TCP Connection(idle)) 24.649ms
[33.372s][info][gc] GC(1744) Garbage Collection (Allocation Stall) 12M(100%)->12M(100%)
[33.372s][info][gc] Allocation Stall (RMI TCP Accept-0) 24.863ms
[33.372s][info][gc] Allocation Stall (RMI TCP Connection(idle)) 24.949ms
[33.384s][info][gc] GC(1745) Garbage Collection (Allocation Stall) 12M(100%)->12M(100%)
[33.384s][info][gc] Allocation Stall (JFR Periodic Tasks) 14.656ms
[33.397s][info][gc] Allocation Stall (RMI TCP Connection(idle)) 24.784ms
[33.397s][info][gc] GC(1746) Garbage Collection (Allocation Stall) 12M(100%)->12M(100%)
[33.397s][info][gc] Allocation Stall (RMI TCP Connection(idle)) 25.076ms
[33.397s][info][gc] Allocation Stall (RMI TCP Accept-0) 25.006ms
[33.410s][info][gc] GC(1747) Garbage Collection (Allocation Stall) 12M(100%)->12M(100%)
[33.410s][info][gc] Allocation Stall (JFR Periodic Tasks) 15.819ms
[33.422s][info][gc] Allocation Stall (RMI TCP Accept-0) 24.944ms
[33.423s][info][gc] GC(1748) Garbage Collection (Allocation Stall) 12M(100%)->12M(100%)
[33.423s][info][gc] Allocation Stall (RMI TCP Connection(idle)) 25.017ms
[33.435s][info][gc] GC(1749) Garbage Collection (Allocation Stall) 12M(100%)->12M(100%)
[33.435s][info][gc] Allocation Stall (JFR Periodic Tasks) 14.600ms
[33.448s][info][gc] Allocation Stall (RMI TCP Accept-0) 24.939ms
[33.448s][info][gc] GC(1750) Garbage Collection (Allocation Stall) 12M(100%)->12M(100%)
[33.448s][info][gc] Allocation Stall (RMI TCP Connection(idle)) 25.236ms
[33.460s][info][gc] GC(1751) Garbage Collection (Allocation Stall) 12M(100%)->12M(100%)
[33.460s][info][gc] Allocation Stall (JFR Periodic Tasks) 14.494ms
[33.472s][info][gc] Allocation Stall (RMI TCP Accept-0) 24.162ms
[33.473s][info][gc] GC(1752) Garbage Collection (Allocation Stall) 12M(100%)->12M(100%)
[33.485s][info][gc] GC(1753) Garbage Collection (Allocation Stall) 12M(100%)->12M(100%)
[33.485s][info][gc] Allocation Stall (JFR Periodic Tasks) 14.140ms
[33.497s][info][gc] Allocation Stall (RMI TCP Accept-0) 24.094ms
[33.498s][info][gc] GC(1754) Garbage Collection (Allocation Stall) 12M(100%)->12M(100%)
[33.510s][info][gc] Allocation Stall (JFR Periodic Tasks) 14.775ms
[33.510s][info][gc] GC(1755) Garbage Collection (Allocation Stall) 12M(100%)->12M(100%)
[33.522s][info][gc] Allocation Stall (RMI TCP Accept-0) 24.351ms
[33.523s][info][gc] GC(1756) Garbage Collection (Allocation Stall) 12M(100%)->12M(100%)
[33.536s][info][gc] Allocation Stall (JFR Periodic Tasks) 15.459ms
[33.536s][info][gc] GC(1757) Garbage Collection (Allocation Stall) 12M(100%)->12M(100%)
[33.549s][info][gc] Allocation Stall (RMI TCP Accept-0) 25.901ms
[33.549s][info][gc] GC(1758) Garbage Collection (Allocation Stall) 12M(100%)->12M(100%)
[33.549s][info][gc] Allocation Stall (C1 CompilerThread0) 23.798ms
[33.563s][info][gc] Allocation Stall (JFR Periodic Tasks) 16.893ms
[33.563s][info][gc] GC(1759) Garbage Collection (Allocation Stall) 12M(100%)->12M(100%)
[33.576s][info][gc] Allocation Stall (RMI TCP Accept-0) 26.706ms
[33.577s][info][gc] GC(1760) Garbage Collection (Allocation Stall) 12M(100%)->12M(100%)
[33.590s][info][gc] GC(1761) Garbage Collection (Allocation Stall) 12M(100%)->12M(100%)
[33.590s][info][gc] Allocation Stall (JFR Periodic Tasks) 16.921ms
[33.602s][info][gc] Allocation Stall (RMI TCP Accept-0) 25.149ms
[33.602s][info][gc] GC(1762) Garbage Collection (Allocation Stall) 12M(100%)->12M(100%)
[33.615s][info][gc] Allocation Stall (JFR Periodic Tasks) 14.660ms
[33.615s][info][gc] Relocation Stall (RMI TCP Connection(2)-192.168.156.17) 0.234ms
[33.615s][info][gc] GC(1763) Garbage Collection (Allocation Stall) 12M(100%)->12M(100%)
[33.628s][info][gc] GC(1764) Garbage Collection (Allocation Stall) 12M(100%)->12M(100%)
[33.629s][info][gc] Allocation Stall (RMI TCP Accept-0) 25.964ms
[33.643s][info][gc] GC(1765) Garbage Collection (Allocation Stall) 12M(100%)->12M(100%)
[33.643s][info][gc] Allocation Stall (RMI TCP Connection(2)-192.168.156.17) 27.742ms
[33.643s][info][gc] Allocation Stall (JFR Periodic Tasks) 18.501ms
[33.655s][info][gc] Allocation Stall (RMI TCP Accept-0) 26.176ms
[33.655s][info][gc] GC(1766) Garbage Collection (Allocation Stall) 12M(100%)->12M(100%)
[33.668s][info][gc] GC(1767) Garbage Collection (Allocation Stall) 12M(100%)->12M(100%)
[33.668s][info][gc] Allocation Stall (JFR Periodic Tasks) 14.469ms
[33.668s][info][gc] Allocation Stall (RMI TCP Connection(2)-192.168.156.17) 24.564ms
[33.683s][info][gc] GC(1768) Garbage Collection (Allocation Stall) 12M(100%)->12M(100%)
[33.683s][info][gc] Allocation Stall (RMI TCP Accept-0) 26.739ms
[33.683s][info][gc] Allocation Stall (JFR Periodic Tasks) 14.492ms
[33.683s][info][gc] Out Of Memory (JFR Periodic Tasks)
[33.695s][info][gc] GC(1769) Garbage Collection (Allocation Stall) 12M(100%)->12M(100%)
[33.695s][info][gc] Allocation Stall (RMI TCP Connection(2)-192.168.156.17) 27.071ms
[33.709s][info][gc] GC(1770) Garbage Collection (Allocation Stall) 12M(100%)->12M(100%)
[33.709s][info][gc] Allocation Stall (JFR Periodic Tasks) 26.563ms
[33.710s][info][gc] Allocation Stall (RMI TCP Accept-0) 26.653ms
[33.723s][info][gc] Allocation Stall (RMI TCP Connection(2)-192.168.156.17) 26.795ms
[33.723s][info][gc] GC(1771) Garbage Collection (Allocation Stall) 12M(100%)->12M(100%)
[33.737s][info][gc] Allocation Stall (JFR Periodic Tasks) 26.986ms
[33.737s][info][gc] GC(1772) Garbage Collection (Allocation Stall) 12M(100%)->12M(100%)
[33.737s][info][gc] Allocation Stall (RMI TCP Accept-0) 27.143ms
[33.750s][info][gc] Allocation Stall (RMI TCP Connection(2)-192.168.156.17) 27.179ms
[33.750s][info][gc] GC(1773) Garbage Collection (Allocation Stall) 12M(100%)->12M(100%)
[33.765s][info][gc] GC(1774) Garbage Collection (Allocation Stall) 12M(100%)->12M(100%)
[33.765s][info][gc] Allocation Stall (RMI TCP Accept-0) 27.908ms
[33.779s][info][gc] GC(1775) Garbage Collection (Allocation Stall) 12M(100%)->12M(100%)
[33.779s][info][gc] Allocation Stall (RMI TCP Connection(2)-192.168.156.17) 28.378ms
[33.791s][info][gc] Allocation Stall (RMI TCP Accept-0) 25.405ms
[33.791s][info][gc] GC(1776) Garbage Collection (Allocation Stall) 12M(100%)->12M(100%)
[33.805s][info][gc] GC(1777) Garbage Collection (Allocation Stall) 12M(100%)->12M(100%)
[33.805s][info][gc] Allocation Stall (RMI TCP Connection(2)-192.168.156.17) 25.331ms
[33.821s][info][gc] Allocation Stall (RMI TCP Accept-0) 28.733ms
[33.821s][info][gc] GC(1778) Garbage Collection (Allocation Stall) 12M(100%)->12M(100%)
[33.834s][info][gc] Allocation Stall (RMI TCP Connection(2)-192.168.156.17) 26.844ms
[33.834s][info][gc] GC(1779) Garbage Collection (Allocation Stall) 12M(100%)->12M(100%)
[33.848s][info][gc] GC(1780) Garbage Collection (Allocation Stall) 12M(100%)->12M(100%)
[33.848s][info][gc] Allocation Stall (RMI TCP Accept-0) 27.105ms
[33.861s][info][gc] GC(1781) Garbage Collection (Allocation Stall) 12M(100%)->12M(100%)
[33.861s][info][gc] Allocation Stall (RMI TCP Connection(2)-192.168.156.17) 26.695ms
[33.876s][info][gc] GC(1782) Garbage Collection (Allocation Stall) 12M(100%)->12M(100%)
[33.876s][info][gc] Allocation Stall (RMI TCP Accept-0) 27.587ms
[33.888s][info][gc] Allocation Stall (RMI TCP Connection(2)-192.168.156.17) 26.296ms
[33.888s][info][gc] GC(1783) Garbage Collection (Allocation Stall) 12M(100%)->12M(100%)
[33.900s][info][gc] Allocation Stall (RMI TCP Accept-0) 24.019ms
[33.900s][info][gc] GC(1784) Garbage Collection (Allocation Stall) 12M(100%)->12M(100%)
[33.914s][info][gc] GC(1785) Garbage Collection (Allocation Stall) 12M(100%)->12M(100%)
[33.914s][info][gc] Allocation Stall (RMI TCP Connection(2)-192.168.156.17) 25.750ms
[33.914s][info][gc] Allocation Stall (C1 CompilerThread0) 25.786ms
[33.928s][info][gc] GC(1786) Garbage Collection (Allocation Stall) 12M(100%)->12M(100%)
[33.928s][info][gc] Allocation Stall (RMI TCP Accept-0) 27.694ms
[33.942s][info][gc] GC(1787) Garbage Collection (Allocation Stall) 12M(100%)->12M(100%)
[33.942s][info][gc] Allocation Stall (RMI TCP Connection(2)-192.168.156.17) 27.632ms
[33.957s][info][gc] GC(1788) Garbage Collection (Allocation Stall) 12M(100%)->12M(100%)
[33.957s][info][gc] Allocation Stall (RMI TCP Accept-0) 27.928ms
[33.971s][info][gc] GC(1789) Garbage Collection (Allocation Stall) 12M(100%)->12M(100%)
[33.971s][info][gc] Allocation Stall (RMI TCP Connection(2)-192.168.156.17) 27.951ms
[33.985s][info][gc] GC(1790) Garbage Collection (Allocation Stall) 12M(100%)->12M(100%)
[33.985s][info][gc] Allocation Stall (RMI TCP Accept-0) 27.128ms
[33.998s][info][gc] Allocation Stall (RMI TCP Connection(2)-192.168.156.17) 27.214ms
[33.998s][info][gc] GC(1791) Garbage Collection (Allocation Stall) 12M(100%)->12M(100%)
[34.013s][info][gc] GC(1792) Garbage Collection (Allocation Stall) 12M(100%)->12M(100%)
[34.013s][info][gc] Allocation Stall (RMI TCP Accept-0) 28.199ms
[34.027s][info][gc] GC(1793) Garbage Collection (Allocation Stall) 12M(100%)->12M(100%)
[34.027s][info][gc] Allocation Stall (RMI TCP Connection(2)-192.168.156.17) 27.527ms
[34.039s][info][gc] Allocation Stall (RMI TCP Accept-0) 25.566ms
[34.040s][info][gc] GC(1794) Garbage Collection (Allocation Stall) 12M(100%)->12M(100%)
[34.146s][info][gc] GC(1795) Garbage Collection (Allocation Rate) 12M(100%)->10M(83%)
[37.106s][info][gc] GC(1796) Garbage Collection (Allocation Rate) 10M(83%)->12M(100%)
[37.145s][info][gc] GC(1797) Garbage Collection (Allocation Rate) 12M(100%)->10M(83%)
[37.247s][info][gc] GC(1798) Garbage Collection (Allocation Rate) 10M(83%)->10M(83%)
[37.343s][info][gc] GC(1799) Garbage Collection (Allocation Rate) 10M(83%)->10M(83%)
[37.444s][info][gc] GC(1800) Garbage Collection (Allocation Rate) 10M(83%)->10M(83%)
[37.542s][info][gc] GC(1801) Garbage Collection (Allocation Rate) 10M(83%)->10M(83%)
[37.645s][info][gc] Allocation Stall (RMI TCP Connection(2)-192.168.156.17) 15.301ms
[37.645s][info][gc] GC(1802) Garbage Collection (Allocation Rate) 12M(100%)->12M(100%)
[37.748s][info][gc] GC(1803) Garbage Collection (Allocation Stall) 12M(100%)->10M(83%)
[37.843s][info][gc] GC(1804) Garbage Collection (Allocation Rate) 10M(83%)->10M(83%)
[37.942s][info][gc] GC(1805) Garbage Collection (Allocation Rate) 10M(83%)->10M(83%)
[38.044s][info][gc] GC(1806) Garbage Collection (Allocation Rate) 10M(83%)->10M(83%)
[38.144s][info][gc] GC(1807) Garbage Collection (Allocation Rate) 12M(100%)->10M(83%)
[38.245s][info][gc] GC(1808) Garbage Collection (Allocation Rate) 10M(83%)->10M(83%)
[38.343s][info][gc] GC(1809) Garbage Collection (Allocation Rate) 10M(83%)->10M(83%)
[38.443s][info][gc] GC(1810) Garbage Collection (Allocation Rate) 10M(83%)->10M(83%)
[38.542s][info][gc] GC(1811) Garbage Collection (Allocation Rate) 10M(83%)->10M(83%)
[38.644s][info][gc] GC(1812) Garbage Collection (Allocation Rate) 12M(100%)->12M(100%)
[38.644s][info][gc] Allocation Stall (RMI TCP Connection(2)-192.168.156.17) 14.857ms
[38.746s][info][gc] GC(1813) Garbage Collection (Allocation Stall) 12M(100%)->10M(83%)
[38.845s][info][gc] GC(1814) Garbage Collection (Allocation Rate) 10M(83%)->10M(83%)
[38.942s][info][gc] GC(1815) Garbage Collection (Allocation Rate) 10M(83%)->10M(83%)
[39.044s][info][gc] GC(1816) Garbage Collection (Allocation Rate) 10M(83%)->10M(83%)
[39.143s][info][gc] GC(1817) Garbage Collection (Allocation Rate) 12M(100%)->10M(83%)
[39.246s][info][gc] GC(1818) Garbage Collection (Allocation Rate) 10M(83%)->10M(83%)
[39.343s][info][gc] GC(1819) Garbage Collection (Allocation Rate) 10M(83%)->10M(83%)
[39.443s][info][gc] GC(1820) Garbage Collection (Allocation Rate) 10M(83%)->10M(83%)
[39.542s][info][gc] GC(1821) Garbage Collection (Allocation Rate) 10M(83%)->10M(83%)
[39.645s][info][gc] GC(1822) Garbage Collection (Allocation Rate) 12M(100%)->10M(83%)
[39.745s][info][gc] GC(1823) Garbage Collection (Allocation Rate) 10M(83%)->10M(83%)
[39.844s][info][gc] GC(1824) Garbage Collection (Allocation Rate) 10M(83%)->10M(83%)
[39.942s][info][gc] GC(1825) Garbage Collection (Allocation Rate) 10M(83%)->10M(83%)
[40.043s][info][gc] GC(1826) Garbage Collection (Allocation Rate) 10M(83%)->10M(83%)
[40.142s][info][gc] GC(1827) Garbage Collection (Allocation Rate) 12M(100%)->10M(83%)
[40.246s][info][gc] GC(1828) Garbage Collection (Allocation Rate) 10M(83%)->10M(83%)
[40.343s][info][gc] GC(1829) Garbage Collection (Allocation Rate) 10M(83%)->10M(83%)
[40.444s][info][gc] GC(1830) Garbage Collection (Allocation Rate) 10M(83%)->10M(83%)
[40.543s][info][gc] GC(1831) Garbage Collection (Allocation Rate) 10M(83%)->10M(83%)
[40.644s][info][gc] GC(1832) Garbage Collection (Allocation Rate) 12M(100%)->12M(100%)
[40.744s][info][gc] GC(1833) Garbage Collection (Allocation Rate) 12M(100%)->10M(83%)
[40.844s][info][gc] GC(1834) Garbage Collection (Allocation Rate) 10M(83%)->10M(83%)
[40.942s][info][gc] GC(1835) Garbage Collection (Allocation Rate) 10M(83%)->10M(83%)
[41.043s][info][gc] GC(1836) Garbage Collection (Allocation Rate) 10M(83%)->10M(83%)
[41.143s][info][gc] GC(1837) Garbage Collection (Allocation Rate) 12M(100%)->10M(83%)
[41.245s][info][gc] GC(1838) Garbage Collection (Allocation Rate) 10M(83%)->10M(83%)
[41.343s][info][gc] GC(1839) Garbage Collection (Allocation Rate) 10M(83%)->10M(83%)
[41.443s][info][gc] GC(1840) Garbage Collection (Allocation Rate) 10M(83%)->10M(83%)
[41.542s][info][gc] GC(1841) Garbage Collection (Allocation Rate) 10M(83%)->10M(83%)
[41.645s][info][gc] GC(1842) Garbage Collection (Allocation Rate) 12M(100%)->10M(83%)
[41.746s][info][gc] GC(1843) Garbage Collection (Allocation Rate) 10M(83%)->10M(83%)
[41.844s][info][gc] GC(1844) Garbage Collection (Allocation Rate) 10M(83%)->10M(83%)
[41.943s][info][gc] GC(1845) Garbage Collection (Allocation Rate) 10M(83%)->10M(83%)
[42.044s][info][gc] GC(1846) Garbage Collection (Allocation Rate) 10M(83%)->10M(83%)
[42.143s][info][gc] GC(1847) Garbage Collection (Allocation Rate) 12M(100%)->12M(100%)
[42.248s][info][gc] GC(1848) Garbage Collection (Allocation Rate) 12M(100%)->10M(83%)
[42.344s][info][gc] GC(1849) Garbage Collection (Allocation Rate) 10M(83%)->10M(83%)
[42.443s][info][gc] GC(1850) Garbage Collection (Allocation Rate) 10M(83%)->10M(83%)
[42.543s][info][gc] GC(1851) Garbage Collection (Allocation Rate) 10M(83%)->10M(83%)
[42.645s][info][gc] GC(1852) Garbage Collection (Allocation Rate) 12M(100%)->12M(100%)
[42.645s][info][gc] Allocation Stall (RMI TCP Connection(2)-192.168.156.17) 15.611ms
[42.746s][info][gc] GC(1853) Garbage Collection (Allocation Stall) 12M(100%)->10M(83%)
[42.844s][info][gc] GC(1854) Garbage Collection (Allocation Rate) 10M(83%)->10M(83%)
[42.943s][info][gc] GC(1855) Garbage Collection (Allocation Rate) 10M(83%)->10M(83%)
[43.042s][info][gc] GC(1856) Garbage Collection (Allocation Rate) 10M(83%)->10M(83%)
[43.144s][info][gc] GC(1857) Garbage Collection (Allocation Rate) 12M(100%)->10M(83%)
[43.246s][info][gc] GC(1858) Garbage Collection (Allocation Rate) 10M(83%)->10M(83%)
[43.342s][info][gc] GC(1859) Garbage Collection (Allocation Rate) 10M(83%)->10M(83%)
[43.443s][info][gc] GC(1860) Garbage Collection (Allocation Rate) 10M(83%)->10M(83%)
[43.543s][info][gc] GC(1861) Garbage Collection (Allocation Rate) 10M(83%)->10M(83%)
[43.645s][info][gc] GC(1862) Garbage Collection (Allocation Rate) 12M(100%)->12M(100%)
[43.645s][info][gc] Allocation Stall (RMI TCP Connection(2)-192.168.156.17) 14.339ms
[43.746s][info][gc] GC(1863) Garbage Collection (Allocation Stall) 12M(100%)->10M(83%)
[43.845s][info][gc] GC(1864) Garbage Collection (Allocation Rate) 10M(83%)->10M(83%)
[43.944s][info][gc] GC(1865) Garbage Collection (Allocation Rate) 10M(83%)->10M(83%)
[44.043s][info][gc] GC(1866) Garbage Collection (Allocation Rate) 10M(83%)->10M(83%)
[44.143s][info][gc] GC(1867) Garbage Collection (Allocation Rate) 12M(100%)->10M(83%)
[44.246s][info][gc] GC(1868) Garbage Collection (Allocation Rate) 10M(83%)->10M(83%)
[44.343s][info][gc] GC(1869) Garbage Collection (Allocation Rate) 10M(83%)->10M(83%)
[44.443s][info][gc] GC(1870) Garbage Collection (Allocation Rate) 10M(83%)->10M(83%)
[44.542s][info][gc] GC(1871) Garbage Collection (Allocation Rate) 10M(83%)->10M(83%)
[44.646s][info][gc] Allocation Stall (RMI TCP Connection(2)-192.168.156.17) 15.135ms
[44.646s][info][gc] GC(1872) Garbage Collection (Allocation Rate) 12M(100%)->12M(100%)
[44.747s][info][gc] GC(1873) Garbage Collection (Allocation Stall) 12M(100%)->10M(83%)
[44.844s][info][gc] GC(1874) Garbage Collection (Allocation Rate) 10M(83%)->10M(83%)
[44.942s][info][gc] GC(1875) Garbage Collection (Allocation Rate) 10M(83%)->10M(83%)
[45.045s][info][gc] GC(1876) Garbage Collection (Allocation Rate) 10M(83%)->10M(83%)
[45.142s][info][gc] GC(1877) Garbage Collection (Allocation Rate) 12M(100%)->10M(83%)
[45.244s][info][gc] GC(1878) Garbage Collection (Allocation Rate) 10M(83%)->10M(83%)
[45.343s][info][gc] GC(1879) Garbage Collection (Allocation Rate) 10M(83%)->10M(83%)
[45.443s][info][gc] GC(1880) Garbage Collection (Allocation Rate) 10M(83%)->10M(83%)
[45.542s][info][gc] GC(1881) Garbage Collection (Allocation Rate) 10M(83%)->10M(83%)
[45.645s][info][gc] GC(1882) Garbage Collection (Allocation Rate) 12M(100%)->12M(100%)
[45.645s][info][gc] Allocation Stall (RMI TCP Connection(2)-192.168.156.17) 15.290ms
[45.745s][info][gc] GC(1883) Garbage Collection (Allocation Stall) 12M(100%)->10M(83%)
[45.845s][info][gc] GC(1884) Garbage Collection (Allocation Rate) 10M(83%)->10M(83%)
[45.944s][info][gc] GC(1885) Garbage Collection (Allocation Rate) 10M(83%)->10M(83%)
[46.044s][info][gc] GC(1886) Garbage Collection (Allocation Rate) 10M(83%)->10M(83%)
[46.143s][info][gc] GC(1887) Garbage Collection (Allocation Rate) 12M(100%)->10M(83%)
[46.246s][info][gc] GC(1888) Garbage Collection (Allocation Rate) 10M(83%)->10M(83%)
[46.344s][info][gc] GC(1889) Garbage Collection (Allocation Rate) 10M(83%)->10M(83%)
[46.444s][info][gc] GC(1890) Garbage Collection (Allocation Rate) 10M(83%)->10M(83%)
[46.543s][info][gc] GC(1891) Garbage Collection (Allocation Rate) 10M(83%)->10M(83%)
[46.645s][info][gc] GC(1892) Garbage Collection (Allocation Rate) 12M(100%)->12M(100%)
[46.645s][info][gc] Allocation Stall (RMI TCP Connection(2)-192.168.156.17) 14.517ms
[46.747s][info][gc] GC(1893) Garbage Collection (Allocation Stall) 12M(100%)->10M(83%)
[46.845s][info][gc] GC(1894) Garbage Collection (Allocation Rate) 10M(83%)->10M(83%)
[46.942s][info][gc] GC(1895) Garbage Collection (Allocation Rate) 10M(83%)->10M(83%)
[47.044s][info][gc] GC(1896) Garbage Collection (Allocation Rate) 10M(83%)->10M(83%)
[47.144s][info][gc] GC(1897) Garbage Collection (Allocation Rate) 12M(100%)->10M(83%)
[47.245s][info][gc] GC(1898) Garbage Collection (Allocation Rate) 10M(83%)->10M(83%)
[47.344s][info][gc] GC(1899) Garbage Collection (Allocation Rate) 10M(83%)->10M(83%)
[47.442s][info][gc] GC(1900) Garbage Collection (Allocation Rate) 10M(83%)->10M(83%)
[47.544s][info][gc] GC(1901) Garbage Collection (Allocation Rate) 10M(83%)->10M(83%)
[47.647s][info][gc] GC(1902) Garbage Collection (Allocation Rate) 12M(100%)->12M(100%)
[47.647s][info][gc] Allocation Stall (RMI TCP Connection(2)-192.168.156.17) 15.947ms
[47.747s][info][gc] GC(1903) Garbage Collection (Allocation Stall) 12M(100%)->10M(83%)
[47.851s][info][gc] GC(1904) Garbage Collection (Allocation Rate) 10M(83%)->10M(83%)
[47.946s][info][gc] GC(1905) Garbage Collection (Allocation Rate) 10M(83%)->10M(83%)
[48.045s][info][gc] GC(1906) Garbage Collection (Allocation Rate) 10M(83%)->10M(83%)
[48.145s][info][gc] GC(1907) Garbage Collection (Allocation Rate) 12M(100%)->10M(83%)
[48.244s][info][gc] GC(1908) Garbage Collection (Allocation Rate) 10M(83%)->10M(83%)
[48.344s][info][gc] GC(1909) Garbage Collection (Allocation Rate) 10M(83%)->10M(83%)
[48.443s][info][gc] GC(1910) Garbage Collection (Allocation Rate) 10M(83%)->10M(83%)
[48.543s][info][gc] GC(1911) Garbage Collection (Allocation Rate) 10M(83%)->10M(83%)
[48.646s][info][gc] GC(1912) Garbage Collection (Allocation Rate) 12M(100%)->12M(100%)
[48.646s][info][gc] Allocation Stall (RMI TCP Connection(2)-192.168.156.17) 15.432ms
[48.747s][info][gc] GC(1913) Garbage Collection (Allocation Stall) 12M(100%)->10M(83%)
[48.845s][info][gc] GC(1914) Garbage Collection (Allocation Rate) 10M(83%)->10M(83%)
[48.944s][info][gc] GC(1915) Garbage Collection (Allocation Rate) 10M(83%)->10M(83%)
[49.044s][info][gc] GC(1916) Garbage Collection (Allocation Rate) 10M(83%)->10M(83%)
[49.144s][info][gc] GC(1917) Garbage Collection (Allocation Rate) 12M(100%)->10M(83%)
[49.245s][info][gc] GC(1918) Garbage Collection (Allocation Rate) 10M(83%)->10M(83%)
[49.344s][info][gc] GC(1919) Garbage Collection (Allocation Rate) 10M(83%)->10M(83%)
[49.444s][info][gc] GC(1920) Garbage Collection (Allocation Rate) 10M(83%)->10M(83%)
[49.542s][info][gc] GC(1921) Garbage Collection (Allocation Rate) 10M(83%)->10M(83%)
[49.645s][info][gc] GC(1922) Garbage Collection (Allocation Rate) 12M(100%)->12M(100%)
[49.646s][info][gc] Allocation Stall (RMI TCP Connection(2)-192.168.156.17) 14.701ms
[49.746s][info][gc] GC(1923) Garbage Collection (Allocation Stall) 12M(100%)->10M(83%)
[49.845s][info][gc] GC(1924) Garbage Collection (Allocation Rate) 10M(83%)->10M(83%)
[49.942s][info][gc] GC(1925) Garbage Collection (Allocation Rate) 10M(83%)->10M(83%)
[50.043s][info][gc] GC(1926) Garbage Collection (Allocation Rate) 10M(83%)->10M(83%)
[50.145s][info][gc] GC(1927) Garbage Collection (Allocation Rate) 12M(100%)->10M(83%)
[50.245s][info][gc] GC(1928) Garbage Collection (Allocation Rate) 10M(83%)->10M(83%)
[50.342s][info][gc] GC(1929) Garbage Collection (Allocation Rate) 10M(83%)->10M(83%)
[50.443s][info][gc] GC(1930) Garbage Collection (Allocation Rate) 10M(83%)->10M(83%)
[50.542s][info][gc] GC(1931) Garbage Collection (Allocation Rate) 10M(83%)->10M(83%)
[50.646s][info][gc] Allocation Stall (RMI TCP Connection(2)-192.168.156.17) 15.708ms
[50.646s][info][gc] GC(1932) Garbage Collection (Allocation Rate) 12M(100%)->12M(100%)
[50.747s][info][gc] GC(1933) Garbage Collection (Allocation Stall) 12M(100%)->10M(83%)
[50.844s][info][gc] GC(1934) Garbage Collection (Allocation Rate) 10M(83%)->10M(83%)
[50.943s][info][gc] GC(1935) Garbage Collection (Allocation Rate) 10M(83%)->10M(83%)
[51.045s][info][gc] GC(1936) Garbage Collection (Allocation Rate) 10M(83%)->10M(83%)
[51.143s][info][gc] GC(1937) Garbage Collection (Allocation Rate) 12M(100%)->10M(83%)
[51.245s][info][gc] GC(1938) Garbage Collection (Allocation Rate) 10M(83%)->10M(83%)
[51.344s][info][gc] GC(1939) Garbage Collection (Allocation Rate) 10M(83%)->10M(83%)
[51.444s][info][gc] GC(1940) Garbage Collection (Allocation Rate) 10M(83%)->10M(83%)
[51.543s][info][gc] GC(1941) Garbage Collection (Allocation Rate) 10M(83%)->10M(83%)
[51.646s][info][gc] GC(1942) Garbage Collection (Allocation Rate) 12M(100%)->12M(100%)
[51.646s][info][gc] Allocation Stall (RMI TCP Connection(2)-192.168.156.17) 15.822ms
[51.750s][info][gc] GC(1943) Garbage Collection (Allocation Stall) 12M(100%)->10M(83%)
[51.846s][info][gc] GC(1944) Garbage Collection (Allocation Rate) 10M(83%)->10M(83%)
[51.944s][info][gc] GC(1945) Garbage Collection (Allocation Rate) 10M(83%)->10M(83%)
[52.044s][info][gc] GC(1946) Garbage Collection (Allocation Rate) 10M(83%)->10M(83%)
[52.144s][info][gc] GC(1947) Garbage Collection (Allocation Rate) 12M(100%)->10M(83%)
[52.245s][info][gc] GC(1948) Garbage Collection (Allocation Rate) 10M(83%)->10M(83%)
[52.342s][info][gc] GC(1949) Garbage Collection (Allocation Rate) 10M(83%)->10M(83%)
[52.444s][info][gc] GC(1950) Garbage Collection (Allocation Rate) 10M(83%)->10M(83%)
[52.542s][info][gc] GC(1951) Garbage Collection (Allocation Rate) 10M(83%)->10M(83%)
[52.645s][info][gc] Allocation Stall (RMI TCP Connection(2)-192.168.156.17) 14.127ms
[52.645s][info][gc] GC(1952) Garbage Collection (Allocation Rate) 12M(100%)->12M(100%)
[52.746s][info][gc] GC(1953) Garbage Collection (Allocation Stall) 12M(100%)->10M(83%)
[52.846s][info][gc] GC(1954) Garbage Collection (Allocation Rate) 10M(83%)->10M(83%)
[52.942s][info][gc] GC(1955) Garbage Collection (Allocation Rate) 10M(83%)->10M(83%)
[53.044s][info][gc] GC(1956) Garbage Collection (Allocation Rate) 10M(83%)->10M(83%)
[53.145s][info][gc] GC(1957) Garbage Collection (Allocation Rate) 12M(100%)->10M(83%)
[53.245s][info][gc] GC(1958) Garbage Collection (Allocation Rate) 10M(83%)->10M(83%)
[53.343s][info][gc] GC(1959) Garbage Collection (Allocation Rate) 10M(83%)->10M(83%)
[53.443s][info][gc] GC(1960) Garbage Collection (Allocation Rate) 10M(83%)->10M(83%)
[53.542s][info][gc] GC(1961) Garbage Collection (Allocation Rate) 10M(83%)->10M(83%)
[53.643s][info][gc] GC(1962) Garbage Collection (Allocation Rate) 10M(83%)->12M(100%)
[53.746s][info][gc] GC(1963) Garbage Collection (Allocation Rate) 12M(100%)->10M(83%)
[53.846s][info][gc] GC(1964) Garbage Collection (Allocation Rate) 10M(83%)->10M(83%)
[53.942s][info][gc] GC(1965) Garbage Collection (Allocation Rate) 10M(83%)->10M(83%)
[54.046s][info][gc] GC(1966) Garbage Collection (Allocation Rate) 10M(83%)->10M(83%)
[54.145s][info][gc] GC(1967) Garbage Collection (Allocation Rate) 12M(100%)->10M(83%)
[54.246s][info][gc] GC(1968) Garbage Collection (Allocation Rate) 10M(83%)->10M(83%)
[54.344s][info][gc] GC(1969) Garbage Collection (Allocation Rate) 10M(83%)->10M(83%)
[54.446s][info][gc] GC(1970) Garbage Collection (Allocation Rate) 10M(83%)->10M(83%)
[54.542s][info][gc] GC(1971) Garbage Collection (Allocation Rate) 10M(83%)->10M(83%)
[54.646s][info][gc] GC(1972) Garbage Collection (Allocation Rate) 10M(83%)->12M(100%)
[54.746s][info][gc] GC(1973) Garbage Collection (Allocation Rate) 12M(100%)->10M(83%)
[54.845s][info][gc] GC(1974) Garbage Collection (Allocation Rate) 10M(83%)->10M(83%)
[54.943s][info][gc] GC(1975) Garbage Collection (Allocation Rate) 10M(83%)->10M(83%)
[55.046s][info][gc] GC(1976) Garbage Collection (Allocation Rate) 10M(83%)->10M(83%)
[55.144s][info][gc] GC(1977) Garbage Collection (Allocation Rate) 12M(100%)->10M(83%)
[55.245s][info][gc] GC(1978) Garbage Collection (Allocation Rate) 10M(83%)->10M(83%)
[55.343s][info][gc] GC(1979) Garbage Collection (Allocation Rate) 10M(83%)->10M(83%)
[55.444s][info][gc] GC(1980) Garbage Collection (Allocation Rate) 10M(83%)->10M(83%)
[55.543s][info][gc] GC(1981) Garbage Collection (Allocation Rate) 10M(83%)->10M(83%)
[55.645s][info][gc] GC(1982) Garbage Collection (Allocation Rate) 10M(83%)->12M(100%)
[55.746s][info][gc] GC(1983) Garbage Collection (Allocation Rate) 12M(100%)->10M(83%)
[55.844s][info][gc] GC(1984) Garbage Collection (Allocation Rate) 10M(83%)->10M(83%)
[55.942s][info][gc] GC(1985) Garbage Collection (Allocation Rate) 10M(83%)->10M(83%)
[56.043s][info][gc] GC(1986) Garbage Collection (Allocation Rate) 10M(83%)->10M(83%)
[56.144s][info][gc] GC(1987) Garbage Collection (Allocation Rate) 12M(100%)->10M(83%)
[56.245s][info][gc] GC(1988) Garbage Collection (Allocation Rate) 10M(83%)->10M(83%)
[56.343s][info][gc] GC(1989) Garbage Collection (Allocation Rate) 10M(83%)->10M(83%)
[56.446s][info][gc] GC(1990) Garbage Collection (Allocation Rate) 10M(83%)->10M(83%)
[56.543s][info][gc] GC(1991) Garbage Collection (Allocation Rate) 10M(83%)->10M(83%)
[56.645s][info][gc] GC(1992) Garbage Collection (Allocation Rate) 10M(83%)->12M(100%)
[56.746s][info][gc] GC(1993) Garbage Collection (Allocation Rate) 12M(100%)->10M(83%)
[56.846s][info][gc] GC(1994) Garbage Collection (Allocation Rate) 10M(83%)->10M(83%)
[56.944s][info][gc] GC(1995) Garbage Collection (Allocation Rate) 10M(83%)->10M(83%)
[57.045s][info][gc] GC(1996) Garbage Collection (Allocation Rate) 10M(83%)->10M(83%)
[57.145s][info][gc] GC(1997) Garbage Collection (Allocation Rate) 12M(100%)->10M(83%)
[57.245s][info][gc] GC(1998) Garbage Collection (Allocation Rate) 10M(83%)->10M(83%)
[57.342s][info][gc] GC(1999) Garbage Collection (Allocation Rate) 10M(83%)->10M(83%)
[57.443s][info][gc] GC(2000) Garbage Collection (Allocation Rate) 10M(83%)->10M(83%)
[57.542s][info][gc] GC(2001) Garbage Collection (Allocation Rate) 10M(83%)->10M(83%)
