[0.008s][info][gc] Using Serial
[0.135s][info][gc] GC(0) Pause Young (Allocation Failure) 4M->2M(15M) 2.498ms
[6.111s][info][gc] GC(1) Pause Young (Allocation Failure) 6M->4M(15M) 4.422ms
[6.205s][info][gc] GC(2) Pause Young (Allocation Failure) 8M->5M(15M) 2.314ms
[6.240s][info][gc] GC(3) Pause Young (Allocation Failure) 9M->5M(15M) 2.013ms
[6.483s][info][gc] GC(4) Pause Young (Allocation Failure) 10M->6M(15M) 2.155ms
[12.643s][info][gc] GC(5) Pause Young (Allocation Failure) 10M->6M(15M) 2.717ms
[46.666s][info][gc] GC(6) Pause Young (Allocation Failure) 10M->6M(15M) 1.548ms
[83.695s][info][gc] GC(7) Pause Young (Allocation Failure) 10M->6M(15M) 0.466ms
[122.687s][info][gc] GC(8) Pause Young (Allocation Failure) 10M->6M(15M) 0.427ms
[160.755s][info][gc] GC(9) Pause Young (Allocation Failure) 10M->6M(15M) 0.558ms
[199.779s][info][gc] GC(10) Pause Young (Allocation Failure) 10M->6M(15M) 0.475ms
[238.804s][info][gc] GC(11) Pause Young (Allocation Failure) 10M->6M(15M) 0.709ms
[277.833s][info][gc] GC(12) Pause Young (Allocation Failure) 10M->6M(15M) 0.446ms
[316.861s][info][gc] GC(13) Pause Young (Allocation Failure) 10M->6M(15M) 0.519ms
[355.816s][info][gc] GC(14) Pause Young (Allocation Failure) 10M->6M(15M) 0.587ms
[394.830s][info][gc] GC(15) Pause Young (Allocation Failure) 10M->6M(15M) 0.508ms
[433.948s][info][gc] GC(16) Pause Young (Allocation Failure) 10M->6M(15M) 0.518ms
[471.975s][info][gc] GC(17) Pause Young (Allocation Failure) 10M->6M(15M) 0.552ms
[511.881s][info][gc] GC(18) Pause Young (Allocation Failure) 10M->6M(15M) 0.486ms
[551.038s][info][gc] GC(19) Pause Young (Allocation Failure) 10M->6M(15M) 0.523ms
[590.062s][info][gc] GC(20) Pause Young (Allocation Failure) 10M->6M(15M) 0.531ms
[630.095s][info][gc] GC(21) Pause Young (Allocation Failure) 10M->6M(15M) 0.569ms
[670.126s][info][gc] GC(22) Pause Young (Allocation Failure) 10M->6M(15M) 0.399ms
[710.154s][info][gc] GC(23) Pause Young (Allocation Failure) 10M->6M(15M) 0.339ms
[750.179s][info][gc] GC(24) Pause Young (Allocation Failure) 10M->6M(15M) 0.362ms
[790.017s][info][gc] GC(25) Pause Young (Allocation Failure) 10M->6M(15M) 0.311ms
[830.035s][info][gc] GC(26) Pause Young (Allocation Failure) 10M->6M(15M) 0.321ms
[870.054s][info][gc] GC(27) Pause Young (Allocation Failure) 10M->6M(15M) 0.286ms
[909.310s][info][gc] GC(28) Pause Young (Allocation Failure) 10M->6M(15M) 0.346ms
[949.343s][info][gc] GC(29) Pause Young (Allocation Failure) 10M->6M(15M) 0.524ms
[958.835s][info][gc] GC(30) Pause Young (Allocation Failure) 10M->8M(15M) 2.808ms
[974.365s][info][gc] GC(31) Pause Young (Allocation Failure) 12M->9M(15M) 2.563ms
[1014.390s][info][gc] GC(32) Pause Young (Allocation Failure) 14M->14M(15M) 0.030ms
[1014.418s][info][gc] GC(33) Pause Full (Allocation Failure) 14M->7M(15M) 27.723ms
[1054.419s][info][gc] GC(34) Pause Young (Allocation Failure) 11M->7M(15M) 1.510ms
[1093.452s][info][gc] GC(35) Pause Young (Allocation Failure) 11M->7M(15M) 0.291ms
[1134.215s][info][gc] GC(36) Pause Young (Allocation Failure) 11M->7M(15M) 0.279ms
[1174.502s][info][gc] GC(37) Pause Young (Allocation Failure) 11M->7M(15M) 0.366ms
[1213.532s][info][gc] GC(38) Pause Young (Allocation Failure) 11M->7M(15M) 0.313ms
[1253.561s][info][gc] GC(39) Pause Young (Allocation Failure) 11M->7M(15M) 0.324ms
[1293.594s][info][gc] GC(40) Pause Young (Allocation Failure) 11M->7M(15M) 0.343ms
[1333.624s][info][gc] GC(41) Pause Young (Allocation Failure) 11M->7M(15M) 0.320ms
[1370.653s][info][gc] GC(42) Pause Young (Allocation Failure) 11M->7M(15M) 0.341ms
[1409.354s][info][gc] GC(43) Pause Young (Allocation Failure) 11M->7M(15M) 0.326ms
[1448.711s][info][gc] GC(44) Pause Young (Allocation Failure) 11M->7M(15M) 0.293ms
[1488.739s][info][gc] GC(45) Pause Young (Allocation Failure) 11M->7M(15M) 0.329ms
[1528.412s][info][gc] GC(46) Pause Young (Allocation Failure) 11M->7M(15M) 0.445ms
[1567.787s][info][gc] GC(47) Pause Young (Allocation Failure) 11M->7M(15M) 0.529ms
[1607.816s][info][gc] GC(48) Pause Young (Allocation Failure) 11M->7M(15M) 0.512ms
[1647.850s][info][gc] GC(49) Pause Young (Allocation Failure) 11M->7M(15M) 0.420ms
[1687.881s][info][gc] GC(50) Pause Young (Allocation Failure) 11M->7M(15M) 0.521ms
[1728.907s][info][gc] GC(51) Pause Young (Allocation Failure) 11M->7M(15M) 0.443ms
[1766.135s][info][gc] GC(52) Pause Young (Allocation Failure) 11M->7M(15M) 1.055ms
[1766.163s][info][gc] GC(53) Pause Young (Allocation Failure) 11M->9M(15M) 5.265ms
[1766.182s][info][gc] GC(54) Pause Young (Allocation Failure) 14M->14M(15M) 0.034ms
[1766.217s][info][gc] GC(55) Pause Full (Allocation Failure) 14M->10M(15M) 34.515ms
[1766.234s][info][gc] GC(56) Pause Young (Allocation Failure) 14M->14M(15M) 0.067ms
[1766.260s][info][gc] GC(57) Pause Full (Allocation Failure) 14M->8M(15M) 26.091ms
[1766.275s][info][gc] GC(58) Pause Young (Allocation Failure) 13M->13M(15M) 0.052ms
[1766.300s][info][gc] GC(59) Pause Full (Allocation Failure) 13M->8M(15M) 25.129ms
[1766.316s][info][gc] GC(60) Pause Young (Allocation Failure) 12M->11M(15M) 4.695ms
[1766.328s][info][gc] GC(61) Pause Young (Allocation Failure) 15M->15M(15M) 0.050ms
[1766.352s][info][gc] GC(62) Pause Full (Allocation Failure) 15M->10M(15M) 23.867ms
[1780.954s][info][gc] GC(63) Pause Young (Allocation Failure) 14M->14M(15M) 0.070ms
[1780.976s][info][gc] GC(64) Pause Full (Allocation Failure) 14M->7M(15M) 21.973ms
[1820.989s][info][gc] GC(65) Pause Young (Allocation Failure) 12M->7M(15M) 0.957ms
[1861.022s][info][gc] GC(66) Pause Young (Allocation Failure) 12M->7M(15M) 0.303ms
[1901.050s][info][gc] GC(67) Pause Young (Allocation Failure) 12M->7M(15M) 0.335ms
[1942.079s][info][gc] GC(68) Pause Young (Allocation Failure) 12M->7M(15M) 0.284ms
