[0.017s][info][gc] Using Serial
[0.226s][info][gc] GC(0) Pause Young (Allocation Failure) 4M->2M(15M) 5.546ms
[42.157s][info][gc] GC(1) Pause Young (Allocation Failure) 6M->4M(15M) 4.878ms
[42.282s][info][gc] GC(2) Pause Young (Allocation Failure) 9M->5M(15M) 2.854ms
[42.344s][info][gc] GC(3) Pause Young (Allocation Failure) 9M->5M(15M) 2.930ms
[42.654s][info][gc] GC(4) Pause Young (Allocation Failure) 10M->7M(15M) 3.954ms
[48.971s][info][gc] GC(5) Pause Young (Allocation Failure) 11M->7M(15M) 3.283ms
[83.987s][info][gc] GC(6) Pause Young (Allocation Failure) 11M->7M(15M) 1.796ms
[121.002s][info][gc] GC(7) Pause Young (Allocation Failure) 11M->7M(15M) 0.463ms
[159.077s][info][gc] GC(8) Pause Young (Allocation Failure) 11M->7M(15M) 0.454ms
[198.037s][info][gc] GC(9) Pause Young (Allocation Failure) 11M->7M(15M) 0.443ms
[236.151s][info][gc] GC(10) Pause Young (Allocation Failure) 11M->7M(15M) 1.092ms
[275.184s][info][gc] GC(11) Pause Young (Allocation Failure) 11M->7M(15M) 0.579ms
[314.228s][info][gc] GC(12) Pause Young (Allocation Failure) 11M->7M(15M) 0.863ms
[353.264s][info][gc] GC(13) Pause Young (Allocation Failure) 11M->7M(15M) 0.823ms
[392.300s][info][gc] GC(14) Pause Young (Allocation Failure) 11M->7M(15M) 0.549ms
[431.331s][info][gc] GC(15) Pause Young (Allocation Failure) 11M->7M(15M) 0.655ms
[471.169s][info][gc] GC(16) Pause Young (Allocation Failure) 11M->7M(15M) 0.690ms
[510.406s][info][gc] GC(17) Pause Young (Allocation Failure) 11M->7M(15M) 0.474ms
[549.437s][info][gc] GC(18) Pause Young (Allocation Failure) 11M->7M(15M) 0.478ms
[588.473s][info][gc] GC(19) Pause Young (Allocation Failure) 11M->7M(15M) 0.798ms
[628.505s][info][gc] GC(20) Pause Young (Allocation Failure) 11M->7M(15M) 0.928ms
[667.540s][info][gc] GC(21) Pause Young (Allocation Failure) 11M->7M(15M) 0.662ms
[707.562s][info][gc] GC(22) Pause Young (Allocation Failure) 11M->7M(15M) 0.411ms
[747.592s][info][gc] GC(23) Pause Young (Allocation Failure) 11M->7M(15M) 0.389ms
[787.616s][info][gc] GC(24) Pause Young (Allocation Failure) 11M->7M(15M) 0.376ms
[827.639s][info][gc] GC(25) Pause Young (Allocation Failure) 11M->7M(15M) 0.332ms
[867.674s][info][gc] GC(26) Pause Young (Allocation Failure) 11M->7M(15M) 0.407ms
[907.705s][info][gc] GC(27) Pause Young (Allocation Failure) 11M->7M(15M) 0.341ms
[946.733s][info][gc] GC(28) Pause Young (Allocation Failure) 11M->7M(15M) 0.395ms
[964.218s][info][gc] GC(29) Pause Young (Allocation Failure) 11M->7M(15M) 0.438ms
[964.227s][info][gc] GC(30) Pause Young (Allocation Failure) 12M->7M(15M) 0.351ms
[964.234s][info][gc] GC(31) Pause Young (Allocation Failure) 12M->7M(15M) 0.392ms
[964.241s][info][gc] GC(32) Pause Young (Allocation Failure) 12M->7M(15M) 0.652ms
[964.247s][info][gc] GC(33) Pause Young (Allocation Failure) 12M->7M(15M) 0.483ms
[964.252s][info][gc] GC(34) Pause Young (Allocation Failure) 12M->7M(15M) 0.372ms
[964.257s][info][gc] GC(35) Pause Young (Allocation Failure) 12M->7M(15M) 0.278ms
[964.262s][info][gc] GC(36) Pause Young (Allocation Failure) 12M->7M(15M) 0.356ms
[964.267s][info][gc] GC(37) Pause Young (Allocation Failure) 12M->7M(15M) 0.333ms
[964.271s][info][gc] GC(38) Pause Young (Allocation Failure) 12M->7M(15M) 0.257ms
[964.275s][info][gc] GC(39) Pause Young (Allocation Failure) 12M->7M(15M) 0.269ms
[964.279s][info][gc] GC(40) Pause Young (Allocation Failure) 12M->7M(15M) 0.315ms
[964.282s][info][gc] GC(41) Pause Young (Allocation Failure) 12M->7M(15M) 0.230ms
[964.285s][info][gc] GC(42) Pause Young (Allocation Failure) 12M->7M(15M) 0.271ms
[964.288s][info][gc] GC(43) Pause Young (Allocation Failure) 12M->7M(15M) 0.285ms
[964.291s][info][gc] GC(44) Pause Young (Allocation Failure) 12M->7M(15M) 0.217ms
[964.294s][info][gc] GC(45) Pause Young (Allocation Failure) 12M->7M(15M) 0.217ms
[964.296s][info][gc] GC(46) Pause Young (Allocation Failure) 12M->7M(15M) 0.264ms
[964.299s][info][gc] GC(47) Pause Young (Allocation Failure) 12M->7M(15M) 0.188ms
[997.770s][info][gc] GC(48) Pause Young (Allocation Failure) 12M->7M(15M) 0.395ms
[1037.801s][info][gc] GC(49) Pause Young (Allocation Failure) 12M->7M(15M) 0.351ms
[1076.834s][info][gc] GC(50) Pause Young (Allocation Failure) 12M->7M(15M) 0.357ms
[1116.863s][info][gc] GC(51) Pause Young (Allocation Failure) 12M->7M(15M) 0.385ms
[1136.546s][info][gc] GC(52) Pause Young (Allocation Failure) 12M->7M(15M) 0.362ms
[1136.551s][info][gc] GC(53) Pause Young (Allocation Failure) 12M->7M(15M) 0.325ms
[1136.554s][info][gc] GC(54) Pause Young (Allocation Failure) 12M->7M(15M) 0.274ms
[1136.557s][info][gc] GC(55) Pause Young (Allocation Failure) 12M->7M(15M) 0.281ms
[1136.560s][info][gc] GC(56) Pause Young (Allocation Failure) 12M->7M(15M) 0.179ms
[1136.562s][info][gc] GC(57) Pause Young (Allocation Failure) 12M->7M(15M) 0.212ms
[1136.565s][info][gc] GC(58) Pause Young (Allocation Failure) 12M->7M(15M) 0.242ms
[1136.569s][info][gc] GC(59) Pause Young (Allocation Failure) 12M->7M(15M) 0.258ms
[1136.572s][info][gc] GC(60) Pause Young (Allocation Failure) 12M->7M(15M) 0.244ms
[1136.574s][info][gc] GC(61) Pause Young (Allocation Failure) 12M->7M(15M) 0.261ms
[1136.577s][info][gc] GC(62) Pause Young (Allocation Failure) 12M->7M(15M) 0.200ms
[1136.580s][info][gc] GC(63) Pause Young (Allocation Failure) 12M->7M(15M) 0.227ms
[1136.582s][info][gc] GC(64) Pause Young (Allocation Failure) 12M->7M(15M) 0.173ms
[1136.584s][info][gc] GC(65) Pause Young (Allocation Failure) 12M->7M(15M) 0.206ms
[1136.587s][info][gc] GC(66) Pause Young (Allocation Failure) 12M->7M(15M) 0.236ms
[1136.589s][info][gc] GC(67) Pause Young (Allocation Failure) 12M->7M(15M) 0.173ms
[1136.591s][info][gc] GC(68) Pause Young (Allocation Failure) 12M->7M(15M) 0.202ms
[1136.594s][info][gc] GC(69) Pause Young (Allocation Failure) 12M->7M(15M) 0.221ms
[1136.596s][info][gc] GC(70) Pause Young (Allocation Failure) 12M->7M(15M) 0.178ms
[1170.903s][info][gc] GC(71) Pause Young (Allocation Failure) 12M->7M(15M) 0.409ms
[1210.933s][info][gc] GC(72) Pause Young (Allocation Failure) 12M->7M(15M) 0.357ms
[1251.533s][info][gc] GC(73) Pause Young (Allocation Failure) 12M->7M(15M) 0.310ms
[1291.005s][info][gc] GC(74) Pause Young (Allocation Failure) 12M->7M(15M) 0.389ms
[1331.031s][info][gc] GC(75) Pause Young (Allocation Failure) 12M->7M(15M) 0.381ms
[1350.596s][info][gc] GC(76) Pause Young (Allocation Failure) 12M->7M(15M) 0.389ms
[1350.599s][info][gc] GC(77) Pause Young (Allocation Failure) 12M->7M(15M) 0.324ms
[1350.601s][info][gc] GC(78) Pause Young (Allocation Failure) 12M->7M(15M) 0.207ms
[1350.603s][info][gc] GC(79) Pause Young (Allocation Failure) 12M->7M(15M) 0.214ms
[1350.606s][info][gc] GC(80) Pause Young (Allocation Failure) 12M->7M(15M) 0.220ms
[1350.608s][info][gc] GC(81) Pause Young (Allocation Failure) 12M->7M(15M) 0.364ms
[1350.611s][info][gc] GC(82) Pause Young (Allocation Failure) 12M->7M(15M) 0.302ms
[1350.614s][info][gc] GC(83) Pause Young (Allocation Failure) 12M->7M(15M) 0.229ms
[1350.616s][info][gc] GC(84) Pause Young (Allocation Failure) 12M->7M(15M) 0.196ms
[1350.618s][info][gc] GC(85) Pause Young (Allocation Failure) 12M->7M(15M) 0.229ms
[1350.621s][info][gc] GC(86) Pause Young (Allocation Failure) 12M->7M(15M) 0.178ms
[1350.623s][info][gc] GC(87) Pause Young (Allocation Failure) 12M->7M(15M) 0.214ms
[1350.625s][info][gc] GC(88) Pause Young (Allocation Failure) 12M->7M(15M) 0.304ms
[1350.628s][info][gc] GC(89) Pause Young (Allocation Failure) 12M->7M(15M) 0.202ms
[1350.630s][info][gc] GC(90) Pause Young (Allocation Failure) 12M->7M(15M) 0.212ms
[1350.632s][info][gc] GC(91) Pause Young (Allocation Failure) 12M->7M(15M) 0.154ms
[1350.635s][info][gc] GC(92) Pause Young (Allocation Failure) 12M->7M(15M) 0.185ms
[1350.637s][info][gc] GC(93) Pause Young (Allocation Failure) 12M->7M(15M) 0.218ms
[1350.639s][info][gc] GC(94) Pause Young (Allocation Failure) 12M->7M(15M) 0.160ms
[1383.596s][info][gc] GC(95) Pause Young (Allocation Failure) 12M->7M(15M) 0.421ms
[1424.097s][info][gc] GC(96) Pause Young (Allocation Failure) 12M->7M(15M) 0.377ms
[1464.131s][info][gc] GC(97) Pause Young (Allocation Failure) 12M->7M(15M) 0.337ms
[1504.163s][info][gc] GC(98) Pause Young (Allocation Failure) 12M->7M(15M) 0.391ms
[1544.198s][info][gc] GC(99) Pause Young (Allocation Failure) 12M->7M(15M) 0.380ms
[1584.231s][info][gc] GC(100) Pause Young (Allocation Failure) 12M->7M(15M) 0.340ms
[1624.706s][info][gc] GC(101) Pause Young (Allocation Failure) 12M->7M(15M) 0.375ms
[1665.306s][info][gc] GC(102) Pause Young (Allocation Failure) 12M->7M(15M) 0.350ms
[1705.745s][info][gc] GC(103) Pause Young (Allocation Failure) 12M->7M(15M) 0.348ms
[1746.368s][info][gc] GC(104) Pause Young (Allocation Failure) 12M->7M(15M) 0.388ms
[1787.401s][info][gc] GC(105) Pause Young (Allocation Failure) 12M->7M(15M) 0.318ms
[1823.800s][info][gc] GC(106) Pause Young (Allocation Failure) 12M->7M(15M) 0.358ms
[1828.244s][info][gc] GC(107) Pause Young (Allocation Failure) 12M->7M(15M) 0.404ms
[1830.145s][info][gc] GC(108) Pause Young (Allocation Failure) 12M->7M(15M) 0.415ms
[1832.044s][info][gc] GC(109) Pause Young (Allocation Failure) 12M->7M(15M) 0.446ms
[1833.945s][info][gc] GC(110) Pause Young (Allocation Failure) 12M->7M(15M) 0.471ms
[1835.844s][info][gc] GC(111) Pause Young (Allocation Failure) 12M->7M(15M) 0.371ms
[1837.743s][info][gc] GC(112) Pause Young (Allocation Failure) 12M->7M(15M) 0.386ms
[1839.643s][info][gc] GC(113) Pause Young (Allocation Failure) 12M->7M(15M) 0.366ms
[1841.447s][info][gc] GC(114) Pause Young (Allocation Failure) 12M->7M(15M) 0.397ms
[1843.443s][info][gc] GC(115) Pause Young (Allocation Failure) 12M->7M(15M) 0.395ms
[1845.344s][info][gc] GC(116) Pause Young (Allocation Failure) 12M->7M(15M) 0.361ms
[1847.244s][info][gc] GC(117) Pause Young (Allocation Failure) 12M->7M(15M) 0.398ms
[1849.144s][info][gc] GC(118) Pause Young (Allocation Failure) 12M->7M(15M) 0.369ms
[1851.043s][info][gc] GC(119) Pause Young (Allocation Failure) 12M->7M(15M) 0.358ms
[1852.944s][info][gc] GC(120) Pause Young (Allocation Failure) 12M->7M(15M) 0.334ms
[1854.844s][info][gc] GC(121) Pause Young (Allocation Failure) 12M->7M(15M) 0.354ms
[1856.744s][info][gc] GC(122) Pause Young (Allocation Failure) 12M->7M(15M) 0.352ms
[1858.644s][info][gc] GC(123) Pause Young (Allocation Failure) 12M->7M(15M) 0.403ms
[1860.645s][info][gc] GC(124) Pause Young (Allocation Failure) 12M->7M(15M) 0.323ms
[1862.644s][info][gc] GC(125) Pause Young (Allocation Failure) 12M->7M(15M) 0.313ms
[1864.743s][info][gc] GC(126) Pause Young (Allocation Failure) 12M->7M(15M) 0.236ms
[1866.743s][info][gc] GC(127) Pause Young (Allocation Failure) 12M->7M(15M) 0.286ms
[1868.744s][info][gc] GC(128) Pause Young (Allocation Failure) 12M->7M(15M) 0.277ms
[1870.743s][info][gc] GC(129) Pause Young (Allocation Failure) 12M->7M(15M) 0.284ms
[1872.744s][info][gc] GC(130) Pause Young (Allocation Failure) 12M->7M(15M) 0.298ms
[1874.744s][info][gc] GC(131) Pause Young (Allocation Failure) 12M->7M(15M) 0.307ms
[1876.744s][info][gc] GC(132) Pause Young (Allocation Failure) 12M->7M(15M) 0.317ms
[1878.745s][info][gc] GC(133) Pause Young (Allocation Failure) 12M->7M(15M) 0.284ms
[1880.745s][info][gc] GC(134) Pause Young (Allocation Failure) 12M->7M(15M) 0.304ms
[1882.834s][info][gc] GC(135) Pause Young (Allocation Failure) 12M->7M(15M) 0.252ms
[1884.844s][info][gc] GC(136) Pause Young (Allocation Failure) 12M->7M(15M) 0.258ms
[1886.844s][info][gc] GC(137) Pause Young (Allocation Failure) 12M->7M(15M) 0.363ms
[1888.845s][info][gc] GC(138) Pause Young (Allocation Failure) 12M->7M(15M) 0.266ms
[1890.844s][info][gc] GC(139) Pause Young (Allocation Failure) 12M->7M(15M) 0.294ms
[1892.844s][info][gc] GC(140) Pause Young (Allocation Failure) 12M->7M(15M) 0.299ms
[1894.844s][info][gc] GC(141) Pause Young (Allocation Failure) 12M->7M(15M) 0.300ms
[1896.844s][info][gc] GC(142) Pause Young (Allocation Failure) 12M->7M(15M) 0.312ms
[1898.844s][info][gc] GC(143) Pause Young (Allocation Failure) 12M->7M(15M) 0.401ms
[1900.944s][info][gc] GC(144) Pause Young (Allocation Failure) 12M->7M(15M) 0.269ms
[1902.944s][info][gc] GC(145) Pause Young (Allocation Failure) 12M->7M(15M) 0.265ms
[1904.844s][info][gc] GC(146) Pause Young (Allocation Failure) 12M->7M(15M) 0.325ms
[1906.743s][info][gc] GC(147) Pause Young (Allocation Failure) 12M->7M(15M) 0.315ms
[1908.644s][info][gc] GC(148) Pause Young (Allocation Failure) 12M->7M(15M) 0.347ms
[1910.543s][info][gc] GC(149) Pause Young (Allocation Failure) 12M->7M(15M) 0.325ms
[1912.445s][info][gc] GC(150) Pause Young (Allocation Failure) 12M->7M(15M) 0.324ms
[1914.344s][info][gc] GC(151) Pause Young (Allocation Failure) 12M->7M(15M) 0.356ms
[1916.244s][info][gc] GC(152) Pause Young (Allocation Failure) 12M->7M(15M) 0.320ms
[1918.144s][info][gc] GC(153) Pause Young (Allocation Failure) 12M->7M(15M) 0.308ms
[1920.044s][info][gc] GC(154) Pause Young (Allocation Failure) 12M->7M(15M) 0.334ms
[1921.944s][info][gc] GC(155) Pause Young (Allocation Failure) 12M->7M(15M) 0.347ms
[1923.844s][info][gc] GC(156) Pause Young (Allocation Failure) 12M->7M(15M) 0.343ms
[1925.744s][info][gc] GC(157) Pause Young (Allocation Failure) 12M->7M(15M) 0.324ms
[1927.645s][info][gc] GC(158) Pause Young (Allocation Failure) 12M->7M(15M) 0.361ms
[1929.545s][info][gc] GC(159) Pause Young (Allocation Failure) 12M->7M(15M) 0.367ms
[1931.543s][info][gc] GC(160) Pause Young (Allocation Failure) 12M->7M(15M) 0.305ms
[1933.445s][info][gc] GC(161) Pause Young (Allocation Failure) 12M->7M(15M) 0.314ms
[1935.444s][info][gc] GC(162) Pause Young (Allocation Failure) 12M->7M(15M) 0.315ms
[1937.444s][info][gc] GC(163) Pause Young (Allocation Failure) 12M->7M(15M) 0.316ms
[1939.445s][info][gc] GC(164) Pause Young (Allocation Failure) 12M->7M(15M) 0.320ms
[1941.445s][info][gc] GC(165) Pause Young (Allocation Failure) 12M->7M(15M) 0.318ms
[1943.526s][info][gc] GC(166) Pause Young (Allocation Failure) 12M->7M(15M) 0.239ms
[1945.528s][info][gc] GC(167) Pause Young (Allocation Failure) 12M->7M(15M) 0.277ms
[1947.529s][info][gc] GC(168) Pause Young (Allocation Failure) 12M->7M(15M) 0.280ms
[1949.530s][info][gc] GC(169) Pause Young (Allocation Failure) 12M->7M(15M) 0.304ms
[1951.544s][info][gc] GC(170) Pause Young (Allocation Failure) 12M->7M(15M) 0.291ms
[1953.544s][info][gc] GC(171) Pause Young (Allocation Failure) 12M->7M(15M) 0.279ms
[1955.545s][info][gc] GC(172) Pause Young (Allocation Failure) 12M->7M(15M) 0.370ms
[1957.544s][info][gc] GC(173) Pause Young (Allocation Failure) 12M->7M(15M) 0.296ms
[1959.543s][info][gc] GC(174) Pause Young (Allocation Failure) 12M->7M(15M) 0.287ms
[1961.553s][info][gc] GC(175) Pause Young (Allocation Failure) 12M->7M(15M) 0.300ms
[1963.444s][info][gc] GC(176) Pause Young (Allocation Failure) 12M->7M(15M) 0.323ms
[1965.344s][info][gc] GC(177) Pause Young (Allocation Failure) 12M->7M(15M) 0.336ms
[1967.245s][info][gc] GC(178) Pause Young (Allocation Failure) 12M->7M(15M) 0.329ms
[1969.144s][info][gc] GC(179) Pause Young (Allocation Failure) 12M->7M(15M) 0.326ms
[1971.044s][info][gc] GC(180) Pause Young (Allocation Failure) 12M->7M(15M) 0.349ms
[1972.944s][info][gc] GC(181) Pause Young (Allocation Failure) 12M->7M(15M) 0.336ms
[1974.875s][info][gc] GC(182) Pause Young (Allocation Failure) 12M->7M(15M) 0.376ms
[1976.844s][info][gc] GC(183) Pause Young (Allocation Failure) 12M->7M(15M) 0.342ms
[1978.744s][info][gc] GC(184) Pause Young (Allocation Failure) 12M->7M(15M) 0.307ms
[1980.644s][info][gc] GC(185) Pause Young (Allocation Failure) 12M->7M(15M) 0.313ms
[1982.545s][info][gc] GC(186) Pause Young (Allocation Failure) 12M->7M(15M) 0.360ms
[1984.445s][info][gc] GC(187) Pause Young (Allocation Failure) 12M->7M(15M) 0.336ms
[1986.345s][info][gc] GC(188) Pause Young (Allocation Failure) 12M->7M(15M) 0.376ms
[1988.343s][info][gc] GC(189) Pause Young (Allocation Failure) 12M->7M(15M) 0.307ms
[1990.244s][info][gc] GC(190) Pause Young (Allocation Failure) 12M->7M(15M) 0.503ms
[1992.144s][info][gc] GC(191) Pause Young (Allocation Failure) 12M->7M(15M) 0.292ms
[1994.044s][info][gc] GC(192) Pause Young (Allocation Failure) 12M->7M(15M) 0.304ms
[1996.044s][info][gc] GC(193) Pause Young (Allocation Failure) 12M->7M(15M) 0.292ms
[1998.045s][info][gc] GC(194) Pause Young (Allocation Failure) 12M->7M(15M) 0.348ms
[2000.143s][info][gc] GC(195) Pause Young (Allocation Failure) 12M->7M(15M) 0.274ms
[2002.144s][info][gc] GC(196) Pause Young (Allocation Failure) 12M->7M(15M) 0.258ms
[2004.143s][info][gc] GC(197) Pause Young (Allocation Failure) 12M->7M(15M) 0.302ms
[2006.144s][info][gc] GC(198) Pause Young (Allocation Failure) 12M->7M(15M) 0.271ms
[2008.144s][info][gc] GC(199) Pause Young (Allocation Failure) 12M->7M(15M) 0.306ms
[2010.145s][info][gc] GC(200) Pause Young (Allocation Failure) 12M->7M(15M) 0.305ms
[2012.144s][info][gc] GC(201) Pause Young (Allocation Failure) 12M->7M(15M) 0.309ms
[2014.145s][info][gc] GC(202) Pause Young (Allocation Failure) 12M->7M(15M) 0.461ms
[2016.244s][info][gc] GC(203) Pause Young (Allocation Failure) 12M->7M(15M) 0.276ms
[2018.244s][info][gc] GC(204) Pause Young (Allocation Failure) 12M->7M(15M) 0.262ms
[2020.243s][info][gc] GC(205) Pause Young (Allocation Failure) 12M->7M(15M) 0.272ms
[2022.245s][info][gc] GC(206) Pause Young (Allocation Failure) 12M->7M(15M) 0.306ms
[2024.245s][info][gc] GC(207) Pause Young (Allocation Failure) 12M->7M(15M) 0.301ms
[2026.243s][info][gc] GC(208) Pause Young (Allocation Failure) 12M->7M(15M) 0.322ms
[2028.244s][info][gc] GC(209) Pause Young (Allocation Failure) 12M->7M(15M) 0.291ms
[2030.245s][info][gc] GC(210) Pause Young (Allocation Failure) 12M->7M(15M) 0.324ms
[2032.344s][info][gc] GC(211) Pause Young (Allocation Failure) 12M->7M(15M) 0.249ms
[2034.344s][info][gc] GC(212) Pause Young (Allocation Failure) 12M->7M(15M) 0.268ms
[2036.343s][info][gc] GC(213) Pause Young (Allocation Failure) 12M->7M(15M) 0.281ms
[2038.344s][info][gc] GC(214) Pause Young (Allocation Failure) 12M->7M(15M) 0.277ms
[2040.344s][info][gc] GC(215) Pause Young (Allocation Failure) 12M->7M(15M) 0.306ms
[2042.344s][info][gc] GC(216) Pause Young (Allocation Failure) 12M->7M(15M) 0.301ms
[2044.344s][info][gc] GC(217) Pause Young (Allocation Failure) 12M->7M(15M) 0.309ms
[2046.344s][info][gc] GC(218) Pause Young (Allocation Failure) 12M->7M(15M) 0.291ms
[2048.444s][info][gc] GC(219) Pause Young (Allocation Failure) 12M->7M(15M) 0.264ms
[2050.444s][info][gc] GC(220) Pause Young (Allocation Failure) 12M->7M(15M) 0.261ms
[2052.443s][info][gc] GC(221) Pause Young (Allocation Failure) 12M->7M(15M) 0.289ms
[2054.543s][info][gc] GC(222) Pause Young (Allocation Failure) 12M->7M(15M) 0.334ms
[2056.626s][info][gc] GC(223) Pause Young (Allocation Failure) 12M->7M(15M) 0.267ms
[2058.744s][info][gc] GC(224) Pause Young (Allocation Failure) 12M->7M(15M) 0.316ms
[2060.844s][info][gc] GC(225) Pause Young (Allocation Failure) 12M->7M(15M) 0.293ms
[2062.945s][info][gc] GC(226) Pause Young (Allocation Failure) 12M->7M(15M) 0.289ms
[2065.143s][info][gc] GC(227) Pause Young (Allocation Failure) 12M->7M(15M) 0.215ms
[2067.244s][info][gc] GC(228) Pause Young (Allocation Failure) 12M->7M(15M) 0.262ms
[2069.343s][info][gc] GC(229) Pause Young (Allocation Failure) 12M->7M(15M) 0.264ms
[2071.445s][info][gc] GC(230) Pause Young (Allocation Failure) 12M->7M(15M) 0.282ms
[2073.641s][info][gc] GC(231) Pause Young (Allocation Failure) 12M->7M(15M) 0.273ms
[2075.645s][info][gc] GC(232) Pause Young (Allocation Failure) 12M->7M(15M) 0.303ms
[2077.645s][info][gc] GC(233) Pause Young (Allocation Failure) 12M->7M(15M) 0.406ms
[2079.545s][info][gc] GC(234) Pause Young (Allocation Failure) 12M->7M(15M) 0.350ms
[2081.445s][info][gc] GC(235) Pause Young (Allocation Failure) 12M->7M(15M) 0.463ms
[2083.345s][info][gc] GC(236) Pause Young (Allocation Failure) 12M->7M(15M) 0.385ms
[2085.344s][info][gc] GC(237) Pause Young (Allocation Failure) 12M->7M(15M) 0.295ms
[2087.243s][info][gc] GC(238) Pause Young (Allocation Failure) 12M->7M(15M) 0.296ms
[2089.144s][info][gc] GC(239) Pause Young (Allocation Failure) 12M->7M(15M) 0.300ms
[2091.043s][info][gc] GC(240) Pause Young (Allocation Failure) 12M->7M(15M) 0.291ms
[2092.944s][info][gc] GC(241) Pause Young (Allocation Failure) 12M->7M(15M) 0.322ms
[2094.844s][info][gc] GC(242) Pause Young (Allocation Failure) 12M->7M(15M) 0.345ms
[2096.744s][info][gc] GC(243) Pause Young (Allocation Failure) 12M->7M(15M) 0.343ms
[2098.662s][info][gc] GC(244) Pause Young (Allocation Failure) 12M->7M(15M) 0.579ms
[2100.744s][info][gc] GC(245) Pause Young (Allocation Failure) 12M->7M(15M) 0.279ms
[2102.744s][info][gc] GC(246) Pause Young (Allocation Failure) 12M->7M(15M) 0.266ms
[2104.744s][info][gc] GC(247) Pause Young (Allocation Failure) 12M->7M(15M) 0.286ms
[2106.743s][info][gc] GC(248) Pause Young (Allocation Failure) 12M->7M(15M) 0.301ms
[2108.745s][info][gc] GC(249) Pause Young (Allocation Failure) 12M->7M(15M) 0.317ms
[2110.745s][info][gc] GC(250) Pause Young (Allocation Failure) 12M->7M(15M) 0.287ms
[2112.643s][info][gc] GC(251) Pause Young (Allocation Failure) 12M->7M(15M) 0.308ms
[2114.544s][info][gc] GC(252) Pause Young (Allocation Failure) 12M->7M(15M) 0.321ms
[2116.444s][info][gc] GC(253) Pause Young (Allocation Failure) 12M->7M(15M) 0.309ms
[2118.344s][info][gc] GC(254) Pause Young (Allocation Failure) 12M->7M(15M) 0.291ms
[2120.244s][info][gc] GC(255) Pause Young (Allocation Failure) 12M->7M(15M) 0.341ms
[2122.045s][info][gc] GC(256) Pause Young (Allocation Failure) 12M->7M(15M) 0.336ms
[2123.945s][info][gc] GC(257) Pause Young (Allocation Failure) 12M->7M(15M) 0.324ms
[2125.844s][info][gc] GC(258) Pause Young (Allocation Failure) 12M->7M(15M) 0.313ms
[2127.745s][info][gc] GC(259) Pause Young (Allocation Failure) 12M->7M(15M) 0.306ms
[2129.690s][info][gc] GC(260) Pause Young (Allocation Failure) 12M->7M(15M) 0.295ms
[2131.644s][info][gc] GC(261) Pause Young (Allocation Failure) 12M->7M(15M) 0.323ms
[2133.545s][info][gc] GC(262) Pause Young (Allocation Failure) 12M->7M(15M) 0.321ms
[2135.444s][info][gc] GC(263) Pause Young (Allocation Failure) 12M->7M(15M) 0.318ms
[2137.344s][info][gc] GC(264) Pause Young (Allocation Failure) 12M->7M(15M) 0.329ms
[2139.244s][info][gc] GC(265) Pause Young (Allocation Failure) 12M->7M(15M) 0.336ms
[2141.144s][info][gc] GC(266) Pause Young (Allocation Failure) 12M->7M(15M) 0.338ms
[2143.044s][info][gc] GC(267) Pause Young (Allocation Failure) 12M->7M(15M) 0.313ms
[2145.045s][info][gc] GC(268) Pause Young (Allocation Failure) 12M->7M(15M) 0.423ms
[2147.144s][info][gc] GC(269) Pause Young (Allocation Failure) 12M->7M(15M) 0.286ms
[2149.143s][info][gc] GC(270) Pause Young (Allocation Failure) 12M->7M(15M) 0.253ms
[2151.145s][info][gc] GC(271) Pause Young (Allocation Failure) 12M->7M(15M) 0.285ms
[2153.144s][info][gc] GC(272) Pause Young (Allocation Failure) 12M->7M(15M) 0.298ms
[2155.144s][info][gc] GC(273) Pause Young (Allocation Failure) 12M->7M(15M) 0.313ms
[2157.144s][info][gc] GC(274) Pause Young (Allocation Failure) 12M->7M(15M) 0.305ms
[2159.244s][info][gc] GC(275) Pause Young (Allocation Failure) 12M->7M(15M) 0.273ms
[2161.244s][info][gc] GC(276) Pause Young (Allocation Failure) 12M->7M(15M) 0.289ms
[2163.243s][info][gc] GC(277) Pause Young (Allocation Failure) 12M->7M(15M) 0.256ms
[2165.244s][info][gc] GC(278) Pause Young (Allocation Failure) 12M->7M(15M) 0.292ms
[2167.245s][info][gc] GC(279) Pause Young (Allocation Failure) 12M->7M(15M) 0.310ms
[2169.244s][info][gc] GC(280) Pause Young (Allocation Failure) 12M->7M(15M) 0.293ms
[2171.245s][info][gc] GC(281) Pause Young (Allocation Failure) 12M->7M(15M) 0.316ms
[2173.344s][info][gc] GC(282) Pause Young (Allocation Failure) 12M->7M(15M) 0.329ms
[2175.344s][info][gc] GC(283) Pause Young (Allocation Failure) 12M->7M(15M) 0.250ms
[2177.344s][info][gc] GC(284) Pause Young (Allocation Failure) 12M->7M(15M) 0.278ms
[2179.344s][info][gc] GC(285) Pause Young (Allocation Failure) 12M->7M(15M) 0.283ms
[2181.344s][info][gc] GC(286) Pause Young (Allocation Failure) 12M->7M(15M) 0.287ms
[2183.344s][info][gc] GC(287) Pause Young (Allocation Failure) 12M->7M(15M) 0.301ms
[2185.445s][info][gc] GC(288) Pause Young (Allocation Failure) 12M->7M(15M) 0.318ms
[2187.444s][info][gc] GC(289) Pause Young (Allocation Failure) 12M->7M(15M) 0.260ms
[2189.444s][info][gc] GC(290) Pause Young (Allocation Failure) 12M->7M(15M) 0.268ms
[2191.444s][info][gc] GC(291) Pause Young (Allocation Failure) 12M->7M(15M) 0.334ms
[2193.444s][info][gc] GC(292) Pause Young (Allocation Failure) 12M->7M(15M) 0.284ms
[2195.445s][info][gc] GC(293) Pause Young (Allocation Failure) 12M->7M(15M) 0.306ms
[2197.445s][info][gc] GC(294) Pause Young (Allocation Failure) 12M->7M(15M) 0.303ms
[2199.544s][info][gc] GC(295) Pause Young (Allocation Failure) 12M->7M(15M) 0.240ms
[2201.444s][info][gc] GC(296) Pause Young (Allocation Failure) 12M->7M(15M) 0.329ms
[2203.344s][info][gc] GC(297) Pause Young (Allocation Failure) 12M->7M(15M) 0.266ms
[2205.244s][info][gc] GC(298) Pause Young (Allocation Failure) 12M->7M(15M) 0.269ms
[2207.144s][info][gc] GC(299) Pause Young (Allocation Failure) 12M->7M(15M) 0.294ms
[2209.044s][info][gc] GC(300) Pause Young (Allocation Failure) 12M->7M(15M) 0.354ms
[2210.945s][info][gc] GC(301) Pause Young (Allocation Failure) 12M->7M(15M) 0.328ms
[2212.844s][info][gc] GC(302) Pause Young (Allocation Failure) 12M->7M(15M) 0.319ms
[2214.757s][info][gc] GC(303) Pause Young (Allocation Failure) 12M->7M(15M) 0.287ms
[2216.744s][info][gc] GC(304) Pause Young (Allocation Failure) 12M->7M(15M) 0.307ms
[2218.644s][info][gc] GC(305) Pause Young (Allocation Failure) 12M->7M(15M) 0.304ms
[2220.645s][info][gc] GC(306) Pause Young (Allocation Failure) 12M->7M(15M) 0.304ms
[2222.744s][info][gc] GC(307) Pause Young (Allocation Failure) 12M->7M(15M) 0.359ms
[2224.744s][info][gc] GC(308) Pause Young (Allocation Failure) 12M->7M(15M) 0.309ms
[2226.744s][info][gc] GC(309) Pause Young (Allocation Failure) 12M->7M(15M) 0.281ms
[2228.744s][info][gc] GC(310) Pause Young (Allocation Failure) 12M->7M(15M) 0.294ms
[2230.745s][info][gc] GC(311) Pause Young (Allocation Failure) 12M->7M(15M) 0.304ms
[2232.744s][info][gc] GC(312) Pause Young (Allocation Failure) 12M->7M(15M) 0.296ms
[2234.775s][info][gc] GC(313) Pause Young (Allocation Failure) 12M->7M(15M) 0.228ms
[2236.777s][info][gc] GC(314) Pause Young (Allocation Failure) 12M->7M(15M) 0.244ms
[2238.779s][info][gc] GC(315) Pause Young (Allocation Failure) 12M->7M(15M) 0.268ms
[2240.843s][info][gc] GC(316) Pause Young (Allocation Failure) 12M->7M(15M) 0.242ms
[2242.844s][info][gc] GC(317) Pause Young (Allocation Failure) 12M->7M(15M) 0.256ms
[2244.845s][info][gc] GC(318) Pause Young (Allocation Failure) 12M->7M(15M) 0.261ms
[2246.843s][info][gc] GC(319) Pause Young (Allocation Failure) 12M->7M(15M) 0.272ms
[2248.844s][info][gc] GC(320) Pause Young (Allocation Failure) 12M->7M(15M) 0.303ms
[2250.844s][info][gc] GC(321) Pause Young (Allocation Failure) 12M->7M(15M) 0.290ms
[2252.845s][info][gc] GC(322) Pause Young (Allocation Failure) 12M->7M(15M) 0.311ms
[2254.944s][info][gc] GC(323) Pause Young (Allocation Failure) 12M->7M(15M) 0.256ms
[2256.944s][info][gc] GC(324) Pause Young (Allocation Failure) 12M->7M(15M) 0.298ms
[2258.944s][info][gc] GC(325) Pause Young (Allocation Failure) 12M->7M(15M) 0.288ms
[2260.945s][info][gc] GC(326) Pause Young (Allocation Failure) 12M->7M(15M) 0.305ms
[2262.944s][info][gc] GC(327) Pause Young (Allocation Failure) 12M->7M(15M) 0.300ms
[2264.945s][info][gc] GC(328) Pause Young (Allocation Failure) 12M->7M(15M) 0.304ms
[2267.020s][info][gc] GC(329) Pause Young (Allocation Failure) 12M->7M(15M) 0.253ms
[2269.044s][info][gc] GC(330) Pause Young (Allocation Failure) 12M->7M(15M) 0.236ms
[2271.044s][info][gc] GC(331) Pause Young (Allocation Failure) 12M->7M(15M) 0.289ms
[2273.044s][info][gc] GC(332) Pause Young (Allocation Failure) 12M->7M(15M) 0.275ms
[2275.043s][info][gc] GC(333) Pause Young (Allocation Failure) 12M->7M(15M) 0.283ms
[2277.044s][info][gc] GC(334) Pause Young (Allocation Failure) 12M->7M(15M) 0.269ms
[2279.144s][info][gc] GC(335) Pause Young (Allocation Failure) 12M->7M(15M) 0.290ms
[2281.244s][info][gc] GC(336) Pause Young (Allocation Failure) 12M->7M(15M) 0.290ms
[2283.443s][info][gc] GC(337) Pause Young (Allocation Failure) 12M->7M(15M) 0.227ms
[2285.544s][info][gc] GC(338) Pause Young (Allocation Failure) 12M->7M(15M) 0.336ms
[2287.644s][info][gc] GC(339) Pause Young (Allocation Failure) 12M->7M(15M) 0.306ms
[2289.745s][info][gc] GC(340) Pause Young (Allocation Failure) 12M->7M(15M) 0.298ms
[2291.845s][info][gc] GC(341) Pause Young (Allocation Failure) 12M->7M(15M) 0.298ms
[2294.044s][info][gc] GC(342) Pause Young (Allocation Failure) 12M->7M(15M) 0.249ms
[2296.144s][info][gc] GC(343) Pause Young (Allocation Failure) 12M->7M(15M) 0.308ms
[2298.245s][info][gc] GC(344) Pause Young (Allocation Failure) 12M->7M(15M) 0.304ms
[2300.444s][info][gc] GC(345) Pause Young (Allocation Failure) 12M->7M(15M) 0.275ms
[2302.544s][info][gc] GC(346) Pause Young (Allocation Failure) 12M->7M(15M) 0.266ms
[2304.644s][info][gc] GC(347) Pause Young (Allocation Failure) 12M->7M(15M) 0.289ms
[2306.644s][info][gc] GC(348) Pause Young (Allocation Failure) 12M->7M(15M) 0.342ms
[2308.544s][info][gc] GC(349) Pause Young (Allocation Failure) 12M->7M(15M) 0.312ms
[2310.444s][info][gc] GC(350) Pause Young (Allocation Failure) 12M->7M(15M) 0.316ms
[2312.344s][info][gc] GC(351) Pause Young (Allocation Failure) 12M->7M(15M) 0.318ms
[2314.244s][info][gc] GC(352) Pause Young (Allocation Failure) 12M->7M(15M) 0.276ms
[2316.144s][info][gc] GC(353) Pause Young (Allocation Failure) 12M->7M(15M) 0.265ms
[2318.044s][info][gc] GC(354) Pause Young (Allocation Failure) 12M->7M(15M) 0.291ms
[2319.944s][info][gc] GC(355) Pause Young (Allocation Failure) 12M->7M(15M) 0.255ms
[2321.844s][info][gc] GC(356) Pause Young (Allocation Failure) 12M->7M(15M) 0.306ms
[2323.744s][info][gc] GC(357) Pause Young (Allocation Failure) 12M->7M(15M) 0.328ms
[2325.644s][info][gc] GC(358) Pause Young (Allocation Failure) 12M->7M(15M) 0.329ms
[2327.544s][info][gc] GC(359) Pause Young (Allocation Failure) 12M->7M(15M) 0.353ms
[2329.444s][info][gc] GC(360) Pause Young (Allocation Failure) 12M->7M(15M) 0.342ms
[2331.344s][info][gc] GC(361) Pause Young (Allocation Failure) 12M->7M(15M) 0.345ms
[2333.343s][info][gc] GC(362) Pause Young (Allocation Failure) 12M->7M(15M) 0.287ms
[2335.244s][info][gc] GC(363) Pause Young (Allocation Failure) 12M->7M(15M) 0.294ms
[2337.143s][info][gc] GC(364) Pause Young (Allocation Failure) 12M->7M(15M) 0.259ms
[2339.045s][info][gc] GC(365) Pause Young (Allocation Failure) 12M->7M(15M) 0.318ms
[2341.058s][info][gc] GC(366) Pause Young (Allocation Failure) 12M->7M(15M) 0.237ms
[2343.143s][info][gc] GC(367) Pause Young (Allocation Failure) 12M->7M(15M) 0.263ms
[2345.144s][info][gc] GC(368) Pause Young (Allocation Failure) 12M->7M(15M) 0.257ms
[2347.145s][info][gc] GC(369) Pause Young (Allocation Failure) 12M->7M(15M) 0.270ms
[2349.145s][info][gc] GC(370) Pause Young (Allocation Failure) 12M->7M(15M) 0.298ms
[2351.144s][info][gc] GC(371) Pause Young (Allocation Failure) 12M->7M(15M) 0.320ms
[2353.144s][info][gc] GC(372) Pause Young (Allocation Failure) 12M->7M(15M) 0.318ms
[2355.243s][info][gc] GC(373) Pause Young (Allocation Failure) 12M->7M(15M) 0.247ms
[2357.245s][info][gc] GC(374) Pause Young (Allocation Failure) 12M->7M(15M) 0.269ms
[2359.244s][info][gc] GC(375) Pause Young (Allocation Failure) 12M->7M(15M) 0.260ms
[2361.244s][info][gc] GC(376) Pause Young (Allocation Failure) 12M->7M(15M) 0.300ms
[2363.244s][info][gc] GC(377) Pause Young (Allocation Failure) 12M->7M(15M) 0.301ms
[2365.245s][info][gc] GC(378) Pause Young (Allocation Failure) 12M->7M(15M) 0.298ms
[2367.245s][info][gc] GC(379) Pause Young (Allocation Failure) 12M->7M(15M) 0.311ms
[2369.344s][info][gc] GC(380) Pause Young (Allocation Failure) 12M->7M(15M) 0.263ms
[2371.345s][info][gc] GC(381) Pause Young (Allocation Failure) 12M->7M(15M) 0.482ms
[2373.344s][info][gc] GC(382) Pause Young (Allocation Failure) 12M->7M(15M) 0.300ms
[2375.344s][info][gc] GC(383) Pause Young (Allocation Failure) 12M->7M(15M) 0.300ms
[2377.344s][info][gc] GC(384) Pause Young (Allocation Failure) 12M->7M(15M) 0.299ms
[2379.344s][info][gc] GC(385) Pause Young (Allocation Failure) 12M->7M(15M) 0.303ms
[2381.444s][info][gc] GC(386) Pause Young (Allocation Failure) 12M->7M(15M) 0.245ms
[2383.443s][info][gc] GC(387) Pause Young (Allocation Failure) 12M->7M(15M) 0.258ms
[2385.444s][info][gc] GC(388) Pause Young (Allocation Failure) 12M->7M(15M) 0.270ms
[2387.444s][info][gc] GC(389) Pause Young (Allocation Failure) 12M->7M(15M) 0.270ms
[2389.444s][info][gc] GC(390) Pause Young (Allocation Failure) 12M->7M(15M) 0.292ms
[2391.445s][info][gc] GC(391) Pause Young (Allocation Failure) 12M->7M(15M) 0.295ms
[2393.543s][info][gc] GC(392) Pause Young (Allocation Failure) 12M->7M(15M) 0.246ms
[2395.544s][info][gc] GC(393) Pause Young (Allocation Failure) 12M->7M(15M) 0.253ms
[2397.543s][info][gc] GC(394) Pause Young (Allocation Failure) 12M->7M(15M) 0.261ms
[2399.644s][info][gc] GC(395) Pause Young (Allocation Failure) 12M->7M(15M) 0.301ms
[2401.744s][info][gc] GC(396) Pause Young (Allocation Failure) 12M->7M(15M) 0.278ms
[2403.844s][info][gc] GC(397) Pause Young (Allocation Failure) 12M->7M(15M) 0.290ms
[2405.943s][info][gc] GC(398) Pause Young (Allocation Failure) 12M->7M(15M) 0.277ms
[2408.090s][info][gc] GC(399) Pause Young (Allocation Failure) 12M->7M(15M) 0.259ms
[2410.245s][info][gc] GC(400) Pause Young (Allocation Failure) 12M->7M(15M) 0.246ms
[2412.344s][info][gc] GC(401) Pause Young (Allocation Failure) 12M->7M(15M) 0.296ms
[2414.444s][info][gc] GC(402) Pause Young (Allocation Failure) 12M->7M(15M) 0.297ms
[2416.644s][info][gc] GC(403) Pause Young (Allocation Failure) 12M->7M(15M) 0.255ms
[2418.744s][info][gc] GC(404) Pause Young (Allocation Failure) 12M->7M(15M) 0.275ms
[2420.844s][info][gc] GC(405) Pause Young (Allocation Failure) 12M->7M(15M) 0.292ms
[2422.944s][info][gc] GC(406) Pause Young (Allocation Failure) 12M->7M(15M) 0.298ms
[2425.098s][info][gc] GC(407) Pause Young (Allocation Failure) 12M->7M(15M) 0.242ms
[2427.244s][info][gc] GC(408) Pause Young (Allocation Failure) 12M->7M(15M) 0.236ms
[2429.344s][info][gc] GC(409) Pause Young (Allocation Failure) 12M->7M(15M) 0.291ms
[2431.245s][info][gc] GC(410) Pause Young (Allocation Failure) 12M->7M(15M) 0.350ms
[2433.244s][info][gc] GC(411) Pause Young (Allocation Failure) 12M->7M(15M) 0.280ms
[2435.144s][info][gc] GC(412) Pause Young (Allocation Failure) 12M->7M(15M) 0.268ms
[2437.044s][info][gc] GC(413) Pause Young (Allocation Failure) 12M->7M(15M) 0.301ms
[2438.944s][info][gc] GC(414) Pause Young (Allocation Failure) 12M->7M(15M) 0.344ms
[2440.844s][info][gc] GC(415) Pause Young (Allocation Failure) 12M->7M(15M) 0.336ms
[2442.844s][info][gc] GC(416) Pause Young (Allocation Failure) 12M->7M(15M) 0.293ms
[2444.744s][info][gc] GC(417) Pause Young (Allocation Failure) 12M->7M(15M) 0.292ms
[2446.643s][info][gc] GC(418) Pause Young (Allocation Failure) 12M->7M(15M) 0.270ms
[2448.544s][info][gc] GC(419) Pause Young (Allocation Failure) 12M->7M(15M) 0.280ms
[2450.445s][info][gc] GC(420) Pause Young (Allocation Failure) 12M->7M(15M) 0.319ms
[2452.344s][info][gc] GC(421) Pause Young (Allocation Failure) 12M->7M(15M) 0.319ms
[2454.245s][info][gc] GC(422) Pause Young (Allocation Failure) 12M->7M(15M) 0.306ms
[2456.144s][info][gc] GC(423) Pause Young (Allocation Failure) 12M->7M(15M) 0.315ms
[2458.045s][info][gc] GC(424) Pause Young (Allocation Failure) 12M->7M(15M) 0.309ms
[2460.045s][info][gc] GC(425) Pause Young (Allocation Failure) 12M->7M(15M) 0.311ms
[2462.144s][info][gc] GC(426) Pause Young (Allocation Failure) 12M->7M(15M) 0.276ms
[2464.145s][info][gc] GC(427) Pause Young (Allocation Failure) 12M->7M(15M) 0.248ms
[2466.143s][info][gc] GC(428) Pause Young (Allocation Failure) 12M->7M(15M) 0.293ms
[2468.144s][info][gc] GC(429) Pause Young (Allocation Failure) 12M->7M(15M) 0.284ms
[2470.143s][info][gc] GC(430) Pause Young (Allocation Failure) 12M->7M(15M) 0.302ms
[2472.144s][info][gc] GC(431) Pause Young (Allocation Failure) 12M->7M(15M) 0.333ms
[2474.145s][info][gc] GC(432) Pause Young (Allocation Failure) 12M->7M(15M) 0.287ms
[2476.244s][info][gc] GC(433) Pause Young (Allocation Failure) 12M->7M(15M) 0.245ms
[2478.243s][info][gc] GC(434) Pause Young (Allocation Failure) 12M->7M(15M) 0.258ms
[2480.244s][info][gc] GC(435) Pause Young (Allocation Failure) 12M->7M(15M) 0.274ms
[2482.244s][info][gc] GC(436) Pause Young (Allocation Failure) 12M->7M(15M) 0.289ms
[2484.244s][info][gc] GC(437) Pause Young (Allocation Failure) 12M->7M(15M) 0.283ms
[2486.245s][info][gc] GC(438) Pause Young (Allocation Failure) 12M->7M(15M) 0.296ms
[2488.343s][info][gc] GC(439) Pause Young (Allocation Failure) 12M->7M(15M) 0.247ms
[2490.343s][info][gc] GC(440) Pause Young (Allocation Failure) 12M->7M(15M) 0.283ms
[2492.344s][info][gc] GC(441) Pause Young (Allocation Failure) 12M->7M(15M) 0.265ms
[2494.344s][info][gc] GC(442) Pause Young (Allocation Failure) 12M->7M(15M) 0.308ms
[2496.345s][info][gc] GC(443) Pause Young (Allocation Failure) 12M->7M(15M) 0.267ms
[2498.344s][info][gc] GC(444) Pause Young (Allocation Failure) 12M->7M(15M) 0.295ms
[2500.444s][info][gc] GC(445) Pause Young (Allocation Failure) 12M->7M(15M) 0.244ms
[2502.444s][info][gc] GC(446) Pause Young (Allocation Failure) 12M->7M(15M) 0.295ms
[2504.444s][info][gc] GC(447) Pause Young (Allocation Failure) 12M->7M(15M) 0.279ms
[2506.443s][info][gc] GC(448) Pause Young (Allocation Failure) 12M->7M(15M) 0.296ms
[2508.444s][info][gc] GC(449) Pause Young (Allocation Failure) 12M->7M(15M) 0.452ms
[2510.445s][info][gc] GC(450) Pause Young (Allocation Failure) 12M->7M(15M) 0.294ms
[2512.445s][info][gc] GC(451) Pause Young (Allocation Failure) 12M->7M(15M) 0.324ms
[2514.443s][info][gc] GC(452) Pause Young (Allocation Failure) 12M->7M(15M) 0.311ms
[2516.343s][info][gc] GC(453) Pause Young (Allocation Failure) 12M->7M(15M) 0.291ms
[2518.244s][info][gc] GC(454) Pause Young (Allocation Failure) 12M->7M(15M) 0.452ms
[2520.045s][info][gc] GC(455) Pause Young (Allocation Failure) 12M->7M(15M) 0.342ms
[2521.944s][info][gc] GC(456) Pause Young (Allocation Failure) 12M->7M(15M) 0.323ms
[2523.845s][info][gc] GC(457) Pause Young (Allocation Failure) 12M->7M(15M) 0.370ms
[2525.745s][info][gc] GC(458) Pause Young (Allocation Failure) 12M->7M(15M) 0.322ms
[2527.645s][info][gc] GC(459) Pause Young (Allocation Failure) 12M->7M(15M) 0.329ms
[2529.545s][info][gc] GC(460) Pause Young (Allocation Failure) 12M->8M(15M) 0.330ms
[2531.544s][info][gc] GC(461) Pause Young (Allocation Failure) 12M->7M(15M) 0.261ms
[2533.444s][info][gc] GC(462) Pause Young (Allocation Failure) 12M->7M(15M) 0.316ms
[2535.345s][info][gc] GC(463) Pause Young (Allocation Failure) 12M->7M(15M) 0.294ms
[2537.244s][info][gc] GC(464) Pause Young (Allocation Failure) 12M->7M(15M) 0.293ms
[2539.146s][info][gc] GC(465) Pause Young (Allocation Failure) 12M->7M(15M) 0.305ms
[2541.044s][info][gc] GC(466) Pause Young (Allocation Failure) 12M->7M(15M) 0.291ms
[2543.036s][info][gc] GC(467) Pause Young (Allocation Failure) 12M->7M(15M) 0.332ms
[2544.944s][info][gc] GC(468) Pause Young (Allocation Failure) 12M->7M(15M) 0.279ms
[2546.844s][info][gc] GC(469) Pause Young (Allocation Failure) 12M->7M(15M) 0.292ms
[2548.744s][info][gc] GC(470) Pause Young (Allocation Failure) 12M->7M(15M) 0.304ms
[2550.643s][info][gc] GC(471) Pause Young (Allocation Failure) 12M->8M(15M) 0.322ms
[2552.544s][info][gc] GC(472) Pause Young (Allocation Failure) 12M->8M(15M) 0.342ms
[2554.444s][info][gc] GC(473) Pause Young (Allocation Failure) 12M->8M(15M) 0.322ms
[2556.344s][info][gc] GC(474) Pause Young (Allocation Failure) 12M->8M(15M) 0.324ms
[2558.244s][info][gc] GC(475) Pause Young (Allocation Failure) 12M->8M(15M) 0.340ms
[2560.244s][info][gc] GC(476) Pause Young (Allocation Failure) 12M->7M(15M) 0.268ms
[2562.143s][info][gc] GC(477) Pause Young (Allocation Failure) 12M->7M(15M) 0.297ms
[2564.044s][info][gc] GC(478) Pause Young (Allocation Failure) 12M->8M(15M) 0.327ms
[2565.945s][info][gc] GC(479) Pause Young (Allocation Failure) 12M->8M(15M) 0.479ms
[2567.943s][info][gc] GC(480) Pause Young (Allocation Failure) 12M->7M(15M) 0.275ms
[2569.843s][info][gc] GC(481) Pause Young (Allocation Failure) 12M->7M(15M) 0.309ms
[2571.744s][info][gc] GC(482) Pause Young (Allocation Failure) 12M->7M(15M) 0.291ms
[2573.644s][info][gc] GC(483) Pause Young (Allocation Failure) 12M->7M(15M) 0.309ms
[2575.544s][info][gc] GC(484) Pause Young (Allocation Failure) 12M->8M(15M) 0.315ms
[2577.444s][info][gc] GC(485) Pause Young (Allocation Failure) 12M->8M(15M) 0.328ms
[2579.444s][info][gc] GC(486) Pause Young (Allocation Failure) 12M->7M(15M) 0.291ms
[2581.444s][info][gc] GC(487) Pause Young (Allocation Failure) 12M->7M(15M) 0.292ms
[2583.444s][info][gc] GC(488) Pause Young (Allocation Failure) 12M->7M(15M) 0.310ms
[2585.445s][info][gc] GC(489) Pause Young (Allocation Failure) 12M->7M(15M) 0.316ms
[2587.544s][info][gc] GC(490) Pause Young (Allocation Failure) 12M->7M(15M) 0.250ms
[2589.544s][info][gc] GC(491) Pause Young (Allocation Failure) 12M->7M(15M) 0.259ms
[2591.544s][info][gc] GC(492) Pause Young (Allocation Failure) 12M->7M(15M) 0.278ms
[2593.544s][info][gc] GC(493) Pause Young (Allocation Failure) 12M->7M(15M) 0.301ms
[2595.544s][info][gc] GC(494) Pause Young (Allocation Failure) 12M->7M(15M) 0.273ms
[2597.544s][info][gc] GC(495) Pause Young (Allocation Failure) 12M->7M(15M) 0.303ms
[2599.544s][info][gc] GC(496) Pause Young (Allocation Failure) 12M->7M(15M) 0.293ms
[2601.644s][info][gc] GC(497) Pause Young (Allocation Failure) 12M->7M(15M) 0.291ms
[2603.644s][info][gc] GC(498) Pause Young (Allocation Failure) 12M->7M(15M) 0.265ms
[2605.644s][info][gc] GC(499) Pause Young (Allocation Failure) 12M->7M(15M) 0.270ms
[2607.644s][info][gc] GC(500) Pause Young (Allocation Failure) 12M->7M(15M) 0.281ms
[2609.645s][info][gc] GC(501) Pause Young (Allocation Failure) 12M->7M(15M) 0.295ms
[2611.644s][info][gc] GC(502) Pause Young (Allocation Failure) 12M->7M(15M) 0.298ms
[2613.744s][info][gc] GC(503) Pause Young (Allocation Failure) 12M->7M(15M) 0.273ms
[2615.744s][info][gc] GC(504) Pause Young (Allocation Failure) 12M->7M(15M) 0.241ms
[2617.744s][info][gc] GC(505) Pause Young (Allocation Failure) 12M->7M(15M) 0.334ms
[2619.744s][info][gc] GC(506) Pause Young (Allocation Failure) 12M->7M(15M) 0.280ms
[2621.744s][info][gc] GC(507) Pause Young (Allocation Failure) 12M->7M(15M) 0.298ms
[2623.745s][info][gc] GC(508) Pause Young (Allocation Failure) 12M->7M(15M) 0.277ms
[2625.744s][info][gc] GC(509) Pause Young (Allocation Failure) 12M->7M(15M) 0.288ms
[2627.844s][info][gc] GC(510) Pause Young (Allocation Failure) 12M->7M(15M) 0.252ms
[2629.844s][info][gc] GC(511) Pause Young (Allocation Failure) 12M->7M(15M) 0.294ms
[2631.844s][info][gc] GC(512) Pause Young (Allocation Failure) 12M->7M(15M) 0.275ms
[2633.845s][info][gc] GC(513) Pause Young (Allocation Failure) 12M->7M(15M) 0.289ms
[2635.845s][info][gc] GC(514) Pause Young (Allocation Failure) 12M->7M(15M) 0.297ms
[2637.845s][info][gc] GC(515) Pause Young (Allocation Failure) 12M->7M(15M) 0.296ms
[2640.044s][info][gc] GC(516) Pause Young (Allocation Failure) 12M->7M(15M) 0.221ms
[2642.120s][info][gc] GC(517) Pause Young (Allocation Failure) 12M->7M(15M) 0.287ms
[2644.245s][info][gc] GC(518) Pause Young (Allocation Failure) 12M->7M(15M) 0.249ms
[2646.343s][info][gc] GC(519) Pause Young (Allocation Failure) 12M->7M(15M) 0.261ms
[2648.444s][info][gc] GC(520) Pause Young (Allocation Failure) 12M->7M(15M) 0.292ms
[2650.644s][info][gc] GC(521) Pause Young (Allocation Failure) 12M->7M(15M) 0.276ms
[2652.744s][info][gc] GC(522) Pause Young (Allocation Failure) 12M->7M(15M) 0.271ms
[2654.845s][info][gc] GC(523) Pause Young (Allocation Failure) 12M->7M(15M) 0.310ms
[2656.945s][info][gc] GC(524) Pause Young (Allocation Failure) 12M->7M(15M) 0.297ms
[2659.134s][info][gc] GC(525) Pause Young (Allocation Failure) 12M->7M(15M) 0.299ms
[2661.243s][info][gc] GC(526) Pause Young (Allocation Failure) 12M->7M(15M) 0.224ms
[2663.344s][info][gc] GC(527) Pause Young (Allocation Failure) 12M->7M(15M) 0.285ms
[2665.445s][info][gc] GC(528) Pause Young (Allocation Failure) 12M->7M(15M) 0.296ms
[2667.544s][info][gc] GC(529) Pause Young (Allocation Failure) 12M->7M(15M) 0.292ms
[2669.644s][info][gc] GC(530) Pause Young (Allocation Failure) 12M->7M(15M) 0.306ms
[2671.544s][info][gc] GC(531) Pause Young (Allocation Failure) 12M->7M(15M) 0.288ms
[2673.444s][info][gc] GC(532) Pause Young (Allocation Failure) 12M->7M(15M) 0.331ms
[2675.344s][info][gc] GC(533) Pause Young (Allocation Failure) 12M->7M(15M) 0.278ms
[2677.243s][info][gc] GC(534) Pause Young (Allocation Failure) 12M->7M(15M) 0.284ms
[2679.145s][info][gc] GC(535) Pause Young (Allocation Failure) 12M->8M(15M) 0.336ms
[2681.046s][info][gc] GC(536) Pause Young (Allocation Failure) 12M->8M(15M) 0.327ms
[2682.944s][info][gc] GC(537) Pause Young (Allocation Failure) 12M->8M(15M) 0.331ms
[2684.943s][info][gc] GC(538) Pause Young (Allocation Failure) 12M->7M(15M) 0.272ms
[2686.843s][info][gc] GC(539) Pause Young (Allocation Failure) 12M->7M(15M) 0.273ms
[2688.743s][info][gc] GC(540) Pause Young (Allocation Failure) 12M->7M(15M) 0.331ms
[2690.644s][info][gc] GC(541) Pause Young (Allocation Failure) 12M->7M(15M) 0.314ms
[2692.544s][info][gc] GC(542) Pause Young (Allocation Failure) 12M->7M(15M) 0.357ms
[2694.443s][info][gc] GC(543) Pause Young (Allocation Failure) 12M->8M(15M) 0.322ms
[2696.344s][info][gc] GC(544) Pause Young (Allocation Failure) 12M->8M(15M) 0.306ms
[2698.244s][info][gc] GC(545) Pause Young (Allocation Failure) 12M->8M(15M) 0.302ms
[2700.245s][info][gc] GC(546) Pause Young (Allocation Failure) 12M->8M(15M) 0.307ms
[2702.343s][info][gc] GC(547) Pause Young (Allocation Failure) 12M->7M(15M) 0.239ms
[2704.344s][info][gc] GC(548) Pause Young (Allocation Failure) 12M->7M(15M) 0.261ms
[2706.344s][info][gc] GC(549) Pause Young (Allocation Failure) 12M->7M(15M) 0.257ms
[2708.344s][info][gc] GC(550) Pause Young (Allocation Failure) 12M->7M(15M) 0.258ms
[2710.344s][info][gc] GC(551) Pause Young (Allocation Failure) 12M->8M(15M) 0.297ms
[2712.345s][info][gc] GC(552) Pause Young (Allocation Failure) 12M->8M(15M) 0.289ms
[2714.345s][info][gc] GC(553) Pause Young (Allocation Failure) 12M->8M(15M) 0.314ms
[2716.444s][info][gc] GC(554) Pause Young (Allocation Failure) 12M->7M(15M) 0.241ms
[2718.345s][info][gc] GC(555) Pause Young (Allocation Failure) 12M->7M(15M) 0.303ms
[2720.244s][info][gc] GC(556) Pause Young (Allocation Failure) 12M->7M(15M) 0.282ms
[2722.144s][info][gc] GC(557) Pause Young (Allocation Failure) 12M->8M(15M) 0.295ms
[2724.044s][info][gc] GC(558) Pause Young (Allocation Failure) 12M->8M(15M) 0.313ms
[2725.944s][info][gc] GC(559) Pause Young (Allocation Failure) 12M->8M(15M) 0.314ms
[2727.843s][info][gc] GC(560) Pause Young (Allocation Failure) 12M->8M(15M) 0.310ms
[2729.744s][info][gc] GC(561) Pause Young (Allocation Failure) 12M->8M(15M) 0.336ms
[2731.644s][info][gc] GC(562) Pause Young (Allocation Failure) 12M->8M(15M) 0.322ms
[2733.544s][info][gc] GC(563) Pause Young (Allocation Failure) 12M->8M(15M) 0.320ms
[2735.444s][info][gc] GC(564) Pause Young (Allocation Failure) 12M->8M(15M) 0.329ms
[2737.444s][info][gc] GC(565) Pause Young (Allocation Failure) 12M->7M(15M) 0.327ms
[2739.343s][info][gc] GC(566) Pause Young (Allocation Failure) 12M->7M(15M) 0.282ms
[2741.243s][info][gc] GC(567) Pause Young (Allocation Failure) 12M->8M(15M) 0.301ms
[2743.144s][info][gc] GC(568) Pause Young (Allocation Failure) 12M->8M(15M) 0.317ms
[2745.144s][info][gc] GC(569) Pause Young (Allocation Failure) 12M->8M(15M) 0.319ms
[2747.144s][info][gc] GC(570) Pause Young (Allocation Failure) 12M->8M(15M) 0.328ms
[2749.209s][info][gc] GC(571) Pause Young (Allocation Failure) 12M->7M(15M) 0.250ms
[2751.211s][info][gc] GC(572) Pause Young (Allocation Failure) 12M->7M(15M) 0.552ms
[2753.244s][info][gc] GC(573) Pause Young (Allocation Failure) 12M->7M(15M) 0.282ms
[2755.244s][info][gc] GC(574) Pause Young (Allocation Failure) 12M->7M(15M) 0.298ms
[2757.244s][info][gc] GC(575) Pause Young (Allocation Failure) 12M->7M(15M) 0.269ms
[2759.244s][info][gc] GC(576) Pause Young (Allocation Failure) 12M->8M(15M) 0.284ms
[2761.244s][info][gc] GC(577) Pause Young (Allocation Failure) 12M->8M(15M) 0.307ms
[2763.244s][info][gc] GC(578) Pause Young (Allocation Failure) 12M->8M(15M) 0.297ms
[2765.244s][info][gc] GC(579) Pause Young (Allocation Failure) 12M->8M(15M) 0.310ms
[2767.268s][info][gc] GC(580) Pause Young (Allocation Failure) 12M->7M(15M) 0.235ms
[2769.344s][info][gc] GC(581) Pause Young (Allocation Failure) 12M->7M(15M) 0.260ms
[2771.344s][info][gc] GC(582) Pause Young (Allocation Failure) 12M->7M(15M) 0.328ms
[2773.344s][info][gc] GC(583) Pause Young (Allocation Failure) 12M->8M(15M) 0.315ms
[2775.344s][info][gc] GC(584) Pause Young (Allocation Failure) 12M->8M(15M) 0.279ms
[2777.344s][info][gc] GC(585) Pause Young (Allocation Failure) 12M->8M(15M) 0.296ms
[2779.345s][info][gc] GC(586) Pause Young (Allocation Failure) 12M->8M(15M) 0.325ms
[2781.444s][info][gc] GC(587) Pause Young (Allocation Failure) 12M->7M(15M) 0.280ms
[2783.445s][info][gc] GC(588) Pause Young (Allocation Failure) 12M->7M(15M) 0.245ms
[2785.444s][info][gc] GC(589) Pause Young (Allocation Failure) 12M->8M(15M) 0.273ms
[2787.444s][info][gc] GC(590) Pause Young (Allocation Failure) 12M->8M(15M) 0.266ms
[2789.345s][info][gc] GC(591) Pause Young (Allocation Failure) 12M->8M(15M) 0.393ms
[2791.244s][info][gc] GC(592) Pause Young (Allocation Failure) 12M->7M(15M) 0.307ms
[2793.145s][info][gc] GC(593) Pause Young (Allocation Failure) 12M->8M(15M) 0.336ms
[2795.044s][info][gc] GC(594) Pause Young (Allocation Failure) 12M->8M(15M) 0.324ms
[2796.945s][info][gc] GC(595) Pause Young (Allocation Failure) 12M->8M(15M) 0.331ms
[2798.943s][info][gc] GC(596) Pause Young (Allocation Failure) 12M->7M(15M) 0.280ms
[2800.844s][info][gc] GC(597) Pause Young (Allocation Failure) 12M->7M(15M) 0.281ms
[2802.743s][info][gc] GC(598) Pause Young (Allocation Failure) 12M->8M(15M) 0.300ms
[2804.643s][info][gc] GC(599) Pause Young (Allocation Failure) 12M->8M(15M) 0.285ms
[2806.544s][info][gc] GC(600) Pause Young (Allocation Failure) 12M->8M(15M) 0.383ms
[2808.444s][info][gc] GC(601) Pause Young (Allocation Failure) 12M->8M(15M) 0.302ms
[2810.344s][info][gc] GC(602) Pause Young (Allocation Failure) 12M->8M(15M) 0.291ms
[2812.265s][info][gc] GC(603) Pause Young (Allocation Failure) 12M->7M(15M) 0.303ms
[2814.243s][info][gc] GC(604) Pause Young (Allocation Failure) 12M->7M(15M) 0.291ms
[2816.144s][info][gc] GC(605) Pause Young (Allocation Failure) 12M->8M(15M) 0.297ms
[2818.044s][info][gc] GC(606) Pause Young (Allocation Failure) 12M->8M(15M) 0.287ms
[2820.043s][info][gc] GC(607) Pause Young (Allocation Failure) 12M->8M(15M) 0.301ms
[2822.044s][info][gc] GC(608) Pause Young (Allocation Failure) 12M->8M(15M) 0.298ms
[2824.044s][info][gc] GC(609) Pause Young (Allocation Failure) 12M->8M(15M) 0.303ms
[2826.044s][info][gc] GC(610) Pause Young (Allocation Failure) 12M->8M(15M) 0.304ms
[2828.142s][info][gc] GC(611) Pause Young (Allocation Failure) 12M->7M(15M) 0.248ms
[2830.144s][info][gc] GC(612) Pause Young (Allocation Failure) 12M->7M(15M) 0.253ms
[2832.144s][info][gc] GC(613) Pause Young (Allocation Failure) 12M->8M(15M) 0.269ms
[2834.143s][info][gc] GC(614) Pause Young (Allocation Failure) 12M->8M(15M) 0.296ms
[2836.144s][info][gc] GC(615) Pause Young (Allocation Failure) 12M->8M(15M) 0.308ms
[2838.144s][info][gc] GC(616) Pause Young (Allocation Failure) 12M->8M(15M) 0.296ms
[2840.243s][info][gc] GC(617) Pause Young (Allocation Failure) 12M->7M(15M) 0.231ms
[2842.244s][info][gc] GC(618) Pause Young (Allocation Failure) 12M->7M(15M) 0.279ms
[2844.244s][info][gc] GC(619) Pause Young (Allocation Failure) 12M->8M(15M) 0.286ms
[2846.244s][info][gc] GC(620) Pause Young (Allocation Failure) 12M->8M(15M) 0.293ms
[2848.244s][info][gc] GC(621) Pause Young (Allocation Failure) 12M->8M(15M) 0.344ms
[2850.244s][info][gc] GC(622) Pause Young (Allocation Failure) 12M->8M(15M) 0.292ms
[2852.244s][info][gc] GC(623) Pause Young (Allocation Failure) 12M->8M(15M) 0.327ms
[2854.300s][info][gc] GC(624) Pause Young (Allocation Failure) 12M->7M(15M) 0.348ms
[2856.301s][info][gc] GC(625) Pause Young (Allocation Failure) 12M->7M(15M) 0.275ms
[2858.302s][info][gc] GC(626) Pause Young (Allocation Failure) 12M->7M(15M) 0.312ms
[2860.343s][info][gc] GC(627) Pause Young (Allocation Failure) 12M->7M(15M) 0.305ms
[2862.343s][info][gc] GC(628) Pause Young (Allocation Failure) 12M->7M(15M) 0.266ms
[2864.344s][info][gc] GC(629) Pause Young (Allocation Failure) 12M->8M(15M) 0.344ms
[2866.344s][info][gc] GC(630) Pause Young (Allocation Failure) 12M->8M(15M) 0.285ms
[2868.343s][info][gc] GC(631) Pause Young (Allocation Failure) 12M->8M(15M) 0.320ms
[2870.344s][info][gc] GC(632) Pause Young (Allocation Failure) 12M->8M(15M) 0.303ms
[2872.344s][info][gc] GC(633) Pause Young (Allocation Failure) 12M->8M(15M) 0.318ms
[2874.444s][info][gc] GC(634) Pause Young (Allocation Failure) 12M->7M(15M) 0.248ms
[2876.444s][info][gc] GC(635) Pause Young (Allocation Failure) 12M->8M(15M) 0.296ms
[2878.444s][info][gc] GC(636) Pause Young (Allocation Failure) 12M->8M(15M) 0.324ms
[2880.544s][info][gc] GC(637) Pause Young (Allocation Failure) 12M->8M(15M) 0.328ms
[2882.743s][info][gc] GC(638) Pause Young (Allocation Failure) 12M->7M(15M) 0.239ms
[2884.844s][info][gc] GC(639) Pause Young (Allocation Failure) 12M->8M(15M) 0.319ms
[2886.944s][info][gc] GC(640) Pause Young (Allocation Failure) 12M->8M(15M) 0.314ms
[2888.945s][info][gc] GC(641) Pause Young (Allocation Failure) 12M->8M(15M) 0.356ms
[2890.845s][info][gc] GC(642) Pause Young (Allocation Failure) 12M->8M(15M) 0.352ms
[2892.744s][info][gc] GC(643) Pause Young (Allocation Failure) 12M->8M(15M) 0.344ms
[2894.644s][info][gc] GC(644) Pause Young (Allocation Failure) 12M->8M(15M) 0.357ms
[2896.545s][info][gc] GC(645) Pause Young (Allocation Failure) 12M->8M(15M) 0.349ms
[2898.444s][info][gc] GC(646) Pause Young (Allocation Failure) 12M->8M(15M) 0.349ms
[2900.444s][info][gc] GC(647) Pause Young (Allocation Failure) 12M->7M(15M) 0.642ms
[2902.343s][info][gc] GC(648) Pause Young (Allocation Failure) 12M->8M(15M) 0.310ms
[2904.244s][info][gc] GC(649) Pause Young (Allocation Failure) 12M->8M(15M) 0.350ms
[2906.145s][info][gc] GC(650) Pause Young (Allocation Failure) 12M->8M(15M) 0.376ms
[2908.144s][info][gc] GC(651) Pause Young (Allocation Failure) 12M->7M(15M) 0.370ms
[2909.944s][info][gc] GC(652) Pause Young (Allocation Failure) 12M->8M(15M) 0.573ms
[2911.843s][info][gc] GC(653) Pause Young (Allocation Failure) 12M->8M(15M) 0.330ms
[2913.744s][info][gc] GC(654) Pause Young (Allocation Failure) 12M->8M(15M) 0.383ms
[2915.644s][info][gc] GC(655) Pause Young (Allocation Failure) 12M->8M(15M) 0.655ms
[2917.545s][info][gc] GC(656) Pause Young (Allocation Failure) 12M->8M(15M) 0.379ms
[2919.444s][info][gc] GC(657) Pause Young (Allocation Failure) 12M->8M(15M) 0.324ms
[2921.345s][info][gc] GC(658) Pause Young (Allocation Failure) 12M->8M(15M) 0.387ms
[2923.244s][info][gc] GC(659) Pause Young (Allocation Failure) 12M->8M(15M) 0.581ms
[2925.144s][info][gc] GC(660) Pause Young (Allocation Failure) 12M->8M(15M) 0.509ms
[2927.043s][info][gc] GC(661) Pause Young (Allocation Failure) 12M->8M(15M) 0.449ms
[2928.943s][info][gc] GC(662) Pause Young (Allocation Failure) 12M->8M(15M) 0.466ms
[2930.843s][info][gc] GC(663) Pause Young (Allocation Failure) 12M->8M(15M) 0.345ms
[2932.745s][info][gc] GC(664) Pause Young (Allocation Failure) 12M->8M(15M) 0.530ms
[2934.644s][info][gc] GC(665) Pause Young (Allocation Failure) 12M->8M(15M) 0.574ms
[2936.545s][info][gc] GC(666) Pause Young (Allocation Failure) 12M->8M(15M) 0.503ms
[2938.444s][info][gc] GC(667) Pause Young (Allocation Failure) 12M->8M(15M) 0.356ms
[2940.444s][info][gc] GC(668) Pause Young (Allocation Failure) 12M->8M(15M) 0.274ms
[2942.344s][info][gc] GC(669) Pause Young (Allocation Failure) 12M->8M(15M) 0.435ms
[2944.245s][info][gc] GC(670) Pause Young (Allocation Failure) 12M->8M(15M) 0.365ms
[2946.243s][info][gc] GC(671) Pause Young (Allocation Failure) 12M->7M(15M) 0.255ms
[2948.144s][info][gc] GC(672) Pause Young (Allocation Failure) 12M->8M(15M) 0.260ms
[2950.045s][info][gc] GC(673) Pause Young (Allocation Failure) 12M->8M(15M) 0.322ms
[2951.944s][info][gc] GC(674) Pause Young (Allocation Failure) 12M->8M(15M) 0.300ms
[2953.844s][info][gc] GC(675) Pause Young (Allocation Failure) 12M->8M(15M) 0.318ms
[2955.844s][info][gc] GC(676) Pause Young (Allocation Failure) 12M->8M(15M) 0.316ms
[2957.943s][info][gc] GC(677) Pause Young (Allocation Failure) 12M->7M(15M) 0.254ms
[2959.944s][info][gc] GC(678) Pause Young (Allocation Failure) 12M->8M(15M) 0.268ms
[2961.944s][info][gc] GC(679) Pause Young (Allocation Failure) 12M->8M(15M) 0.290ms
[2963.944s][info][gc] GC(680) Pause Young (Allocation Failure) 12M->8M(15M) 0.300ms
[2965.943s][info][gc] GC(681) Pause Young (Allocation Failure) 12M->8M(15M) 0.306ms
[2967.944s][info][gc] GC(682) Pause Young (Allocation Failure) 12M->8M(15M) 0.330ms
[2969.944s][info][gc] GC(683) Pause Young (Allocation Failure) 12M->8M(15M) 0.323ms
[2972.043s][info][gc] GC(684) Pause Young (Allocation Failure) 12M->8M(15M) 0.252ms
[2974.043s][info][gc] GC(685) Pause Young (Allocation Failure) 12M->8M(15M) 0.284ms
[2976.043s][info][gc] GC(686) Pause Young (Allocation Failure) 12M->8M(15M) 0.287ms
[2978.043s][info][gc] GC(687) Pause Young (Allocation Failure) 12M->8M(15M) 0.294ms
[2980.044s][info][gc] GC(688) Pause Young (Allocation Failure) 12M->8M(15M) 0.445ms
[2982.044s][info][gc] GC(689) Pause Young (Allocation Failure) 12M->8M(15M) 0.308ms
[2984.143s][info][gc] GC(690) Pause Young (Allocation Failure) 12M->7M(15M) 0.275ms
[2986.144s][info][gc] GC(691) Pause Young (Allocation Failure) 12M->8M(15M) 0.303ms
[2988.144s][info][gc] GC(692) Pause Young (Allocation Failure) 12M->8M(15M) 0.273ms
[2990.144s][info][gc] GC(693) Pause Young (Allocation Failure) 12M->8M(15M) 0.277ms
[2992.144s][info][gc] GC(694) Pause Young (Allocation Failure) 12M->8M(15M) 0.390ms
[2994.144s][info][gc] GC(695) Pause Young (Allocation Failure) 12M->8M(15M) 0.311ms
[2996.143s][info][gc] GC(696) Pause Young (Allocation Failure) 12M->8M(15M) 0.318ms
[2998.243s][info][gc] GC(697) Pause Young (Allocation Failure) 12M->7M(15M) 0.239ms
[3000.244s][info][gc] GC(698) Pause Young (Allocation Failure) 12M->8M(15M) 0.283ms
[3002.244s][info][gc] GC(699) Pause Young (Allocation Failure) 12M->8M(15M) 0.290ms
[3004.244s][info][gc] GC(700) Pause Young (Allocation Failure) 12M->8M(15M) 0.324ms
[3006.244s][info][gc] GC(701) Pause Young (Allocation Failure) 12M->8M(15M) 0.291ms
[3008.244s][info][gc] GC(702) Pause Young (Allocation Failure) 12M->8M(15M) 0.469ms
[3010.343s][info][gc] GC(703) Pause Young (Allocation Failure) 12M->7M(15M) 0.250ms
[3012.344s][info][gc] GC(704) Pause Young (Allocation Failure) 12M->8M(15M) 0.248ms
[3014.344s][info][gc] GC(705) Pause Young (Allocation Failure) 12M->8M(15M) 0.323ms
[3016.444s][info][gc] GC(706) Pause Young (Allocation Failure) 12M->8M(15M) 0.337ms
[3018.544s][info][gc] GC(707) Pause Young (Allocation Failure) 12M->8M(15M) 0.651ms
[3020.743s][info][gc] GC(708) Pause Young (Allocation Failure) 12M->8M(15M) 0.270ms
[3022.745s][info][gc] GC(709) Pause Young (Allocation Failure) 12M->8M(15M) 0.357ms
[3024.643s][info][gc] GC(710) Pause Young (Allocation Failure) 12M->8M(15M) 0.317ms
[3026.544s][info][gc] GC(711) Pause Young (Allocation Failure) 12M->8M(15M) 0.307ms
[3028.443s][info][gc] GC(712) Pause Young (Allocation Failure) 12M->8M(15M) 0.319ms
[3030.344s][info][gc] GC(713) Pause Young (Allocation Failure) 12M->8M(15M) 0.354ms
[3032.244s][info][gc] GC(714) Pause Young (Allocation Failure) 12M->8M(15M) 0.349ms
[3034.144s][info][gc] GC(715) Pause Young (Allocation Failure) 12M->8M(15M) 0.340ms
[3036.045s][info][gc] GC(716) Pause Young (Allocation Failure) 12M->8M(15M) 0.340ms
[3038.043s][info][gc] GC(717) Pause Young (Allocation Failure) 12M->8M(15M) 0.312ms
[3039.943s][info][gc] GC(718) Pause Young (Allocation Failure) 12M->8M(15M) 0.279ms
[3041.844s][info][gc] GC(719) Pause Young (Allocation Failure) 12M->8M(15M) 0.299ms
[3043.744s][info][gc] GC(720) Pause Young (Allocation Failure) 12M->8M(15M) 0.323ms
[3045.744s][info][gc] GC(721) Pause Young (Allocation Failure) 12M->8M(15M) 0.332ms
[3047.743s][info][gc] GC(722) Pause Young (Allocation Failure) 12M->8M(15M) 0.346ms
[3049.744s][info][gc] GC(723) Pause Young (Allocation Failure) 12M->8M(15M) 0.329ms
[3051.843s][info][gc] GC(724) Pause Young (Allocation Failure) 12M->8M(15M) 0.262ms
[3053.844s][info][gc] GC(725) Pause Young (Allocation Failure) 12M->8M(15M) 0.270ms
[3055.844s][info][gc] GC(726) Pause Young (Allocation Failure) 12M->8M(15M) 0.326ms
[3057.844s][info][gc] GC(727) Pause Young (Allocation Failure) 12M->8M(15M) 0.294ms
[3059.844s][info][gc] GC(728) Pause Young (Allocation Failure) 12M->8M(15M) 0.406ms
[3061.845s][info][gc] GC(729) Pause Young (Allocation Failure) 12M->8M(15M) 0.544ms
[3063.942s][info][gc] GC(730) Pause Young (Allocation Failure) 12M->8M(15M) 0.305ms
[3065.944s][info][gc] GC(731) Pause Young (Allocation Failure) 12M->8M(15M) 0.469ms
[3067.944s][info][gc] GC(732) Pause Young (Allocation Failure) 12M->8M(15M) 0.301ms
[3069.943s][info][gc] GC(733) Pause Young (Allocation Failure) 12M->8M(15M) 0.315ms
[3071.944s][info][gc] GC(734) Pause Young (Allocation Failure) 12M->8M(15M) 0.346ms
[3073.945s][info][gc] GC(735) Pause Young (Allocation Failure) 12M->8M(15M) 0.334ms
[3075.945s][info][gc] GC(736) Pause Young (Allocation Failure) 12M->8M(15M) 0.534ms
[3078.043s][info][gc] GC(737) Pause Young (Allocation Failure) 12M->8M(15M) 0.332ms
[3080.044s][info][gc] GC(738) Pause Young (Allocation Failure) 12M->8M(15M) 0.365ms
[3082.044s][info][gc] GC(739) Pause Young (Allocation Failure) 12M->8M(15M) 0.293ms
[3084.043s][info][gc] GC(740) Pause Young (Allocation Failure) 12M->8M(15M) 0.335ms
[3086.044s][info][gc] GC(741) Pause Young (Allocation Failure) 12M->8M(15M) 0.384ms
[3088.045s][info][gc] GC(742) Pause Young (Allocation Failure) 12M->8M(15M) 0.351ms
[3090.144s][info][gc] GC(743) Pause Young (Allocation Failure) 12M->8M(15M) 0.238ms
[3092.144s][info][gc] GC(744) Pause Young (Allocation Failure) 12M->8M(15M) 0.273ms
[3094.143s][info][gc] GC(745) Pause Young (Allocation Failure) 12M->8M(15M) 0.301ms
[3096.043s][info][gc] GC(746) Pause Young (Allocation Failure) 12M->8M(15M) 0.304ms
[3097.844s][info][gc] GC(747) Pause Young (Allocation Failure) 12M->8M(15M) 0.341ms
[3099.744s][info][gc] GC(748) Pause Young (Allocation Failure) 12M->8M(15M) 0.362ms
[3101.643s][info][gc] GC(749) Pause Young (Allocation Failure) 12M->8M(15M) 0.347ms
[3103.544s][info][gc] GC(750) Pause Young (Allocation Failure) 12M->8M(15M) 0.345ms
[3105.544s][info][gc] GC(751) Pause Young (Allocation Failure) 12M->8M(15M) 0.277ms
[3107.443s][info][gc] GC(752) Pause Young (Allocation Failure) 12M->8M(15M) 0.405ms
[3109.344s][info][gc] GC(753) Pause Young (Allocation Failure) 12M->8M(15M) 0.372ms
[3111.244s][info][gc] GC(754) Pause Young (Allocation Failure) 12M->8M(15M) 0.365ms
[3113.243s][info][gc] GC(755) Pause Young (Allocation Failure) 12M->8M(15M) 0.280ms
[3115.144s][info][gc] GC(756) Pause Young (Allocation Failure) 12M->8M(15M) 0.291ms
[3117.044s][info][gc] GC(757) Pause Young (Allocation Failure) 12M->8M(15M) 0.300ms
[3118.944s][info][gc] GC(758) Pause Young (Allocation Failure) 12M->8M(15M) 0.430ms
[3120.944s][info][gc] GC(759) Pause Young (Allocation Failure) 12M->8M(15M) 0.308ms
[3123.045s][info][gc] GC(760) Pause Young (Allocation Failure) 12M->8M(15M) 0.257ms
[3125.043s][info][gc] GC(761) Pause Young (Allocation Failure) 12M->8M(15M) 0.295ms
[3127.044s][info][gc] GC(762) Pause Young (Allocation Failure) 12M->8M(15M) 0.311ms
[3129.044s][info][gc] GC(763) Pause Young (Allocation Failure) 12M->8M(15M) 0.294ms
[3131.044s][info][gc] GC(764) Pause Young (Allocation Failure) 12M->8M(15M) 0.312ms
[3133.044s][info][gc] GC(765) Pause Young (Allocation Failure) 12M->8M(15M) 0.297ms
[3135.044s][info][gc] GC(766) Pause Young (Allocation Failure) 12M->8M(15M) 0.333ms
[3137.044s][info][gc] GC(767) Pause Young (Allocation Failure) 12M->8M(15M) 0.300ms
[3138.844s][info][gc] GC(768) Pause Young (Allocation Failure) 12M->8M(15M) 0.327ms
[3140.744s][info][gc] GC(769) Pause Young (Allocation Failure) 12M->8M(15M) 0.346ms
[3142.644s][info][gc] GC(770) Pause Young (Allocation Failure) 12M->8M(15M) 0.361ms
[3144.551s][info][gc] GC(771) Pause Young (Allocation Failure) 12M->8M(15M) 0.319ms
[3146.543s][info][gc] GC(772) Pause Young (Allocation Failure) 12M->8M(15M) 0.325ms
[3148.444s][info][gc] GC(773) Pause Young (Allocation Failure) 12M->8M(15M) 0.331ms
[3150.343s][info][gc] GC(774) Pause Young (Allocation Failure) 12M->8M(15M) 0.473ms
[3152.244s][info][gc] GC(775) Pause Young (Allocation Failure) 12M->8M(15M) 0.323ms
[3154.144s][info][gc] GC(776) Pause Young (Allocation Failure) 12M->8M(15M) 0.349ms
[3156.143s][info][gc] GC(777) Pause Young (Allocation Failure) 12M->8M(15M) 0.296ms
[3158.044s][info][gc] GC(778) Pause Young (Allocation Failure) 12M->8M(15M) 0.297ms
[3159.944s][info][gc] GC(779) Pause Young (Allocation Failure) 12M->8M(15M) 0.309ms
[3161.844s][info][gc] GC(780) Pause Young (Allocation Failure) 12M->8M(15M) 0.466ms
[3163.743s][info][gc] GC(781) Pause Young (Allocation Failure) 12M->8M(15M) 0.308ms
[3165.744s][info][gc] GC(782) Pause Young (Allocation Failure) 12M->8M(15M) 0.307ms
[3167.843s][info][gc] GC(783) Pause Young (Allocation Failure) 12M->8M(15M) 0.228ms
[3169.844s][info][gc] GC(784) Pause Young (Allocation Failure) 12M->8M(15M) 0.261ms
[3171.844s][info][gc] GC(785) Pause Young (Allocation Failure) 12M->8M(15M) 0.291ms
[3173.844s][info][gc] GC(786) Pause Young (Allocation Failure) 12M->8M(15M) 0.304ms
[3175.844s][info][gc] GC(787) Pause Young (Allocation Failure) 12M->8M(15M) 0.300ms
[3177.843s][info][gc] GC(788) Pause Young (Allocation Failure) 12M->8M(15M) 0.328ms
[3179.844s][info][gc] GC(789) Pause Young (Allocation Failure) 12M->8M(15M) 0.454ms
[3181.944s][info][gc] GC(790) Pause Young (Allocation Failure) 12M->8M(15M) 0.266ms
[3183.944s][info][gc] GC(791) Pause Young (Allocation Failure) 12M->8M(15M) 0.282ms
[3185.944s][info][gc] GC(792) Pause Young (Allocation Failure) 12M->8M(15M) 0.290ms
[3187.944s][info][gc] GC(793) Pause Young (Allocation Failure) 12M->8M(15M) 0.395ms
[3189.944s][info][gc] GC(794) Pause Young (Allocation Failure) 12M->8M(15M) 0.344ms
[3191.944s][info][gc] GC(795) Pause Young (Allocation Failure) 12M->8M(15M) 0.325ms
[3194.044s][info][gc] GC(796) Pause Young (Allocation Failure) 12M->8M(15M) 0.287ms
[3196.044s][info][gc] GC(797) Pause Young (Allocation Failure) 12M->8M(15M) 0.376ms
[3198.044s][info][gc] GC(798) Pause Young (Allocation Failure) 12M->8M(15M) 0.429ms
[3200.045s][info][gc] GC(799) Pause Young (Allocation Failure) 12M->8M(15M) 0.504ms
[3202.045s][info][gc] GC(800) Pause Young (Allocation Failure) 12M->8M(15M) 0.327ms
[3204.044s][info][gc] GC(801) Pause Young (Allocation Failure) 12M->8M(15M) 0.376ms
[3206.143s][info][gc] GC(802) Pause Young (Allocation Failure) 12M->8M(15M) 0.398ms
[3208.144s][info][gc] GC(803) Pause Young (Allocation Failure) 12M->8M(15M) 0.513ms
[3210.144s][info][gc] GC(804) Pause Young (Allocation Failure) 12M->8M(15M) 0.323ms
[3212.145s][info][gc] GC(805) Pause Young (Allocation Failure) 12M->8M(15M) 0.699ms
[3214.144s][info][gc] GC(806) Pause Young (Allocation Failure) 12M->8M(15M) 0.587ms
[3216.146s][info][gc] GC(807) Pause Young (Allocation Failure) 12M->8M(15M) 0.537ms
[3218.244s][info][gc] GC(808) Pause Young (Allocation Failure) 12M->8M(15M) 0.332ms
[3220.244s][info][gc] GC(809) Pause Young (Allocation Failure) 12M->8M(15M) 0.353ms
[3222.244s][info][gc] GC(810) Pause Young (Allocation Failure) 12M->8M(15M) 0.280ms
[3224.344s][info][gc] GC(811) Pause Young (Allocation Failure) 12M->8M(15M) 0.280ms
[3226.443s][info][gc] GC(812) Pause Young (Allocation Failure) 12M->8M(15M) 0.289ms
[3228.543s][info][gc] GC(813) Pause Young (Allocation Failure) 12M->8M(15M) 0.330ms
[3230.644s][info][gc] GC(814) Pause Young (Allocation Failure) 12M->8M(15M) 0.355ms
[3232.744s][info][gc] GC(815) Pause Young (Allocation Failure) 12M->8M(15M) 0.316ms
[3234.944s][info][gc] GC(816) Pause Young (Allocation Failure) 12M->8M(15M) 0.287ms
[3237.043s][info][gc] GC(817) Pause Young (Allocation Failure) 12M->8M(15M) 0.279ms
[3239.144s][info][gc] GC(818) Pause Young (Allocation Failure) 12M->8M(15M) 0.294ms
[3241.344s][info][gc] GC(819) Pause Young (Allocation Failure) 12M->8M(15M) 0.237ms
[3243.444s][info][gc] GC(820) Pause Young (Allocation Failure) 12M->8M(15M) 0.288ms
[3245.544s][info][gc] GC(821) Pause Young (Allocation Failure) 12M->8M(15M) 0.306ms
[3247.644s][info][gc] GC(822) Pause Young (Allocation Failure) 12M->8M(15M) 0.358ms
[3249.745s][info][gc] GC(823) Pause Young (Allocation Failure) 12M->8M(15M) 0.303ms
[3251.844s][info][gc] GC(824) Pause Young (Allocation Failure) 12M->8M(15M) 0.359ms
[3253.744s][info][gc] GC(825) Pause Young (Allocation Failure) 12M->8M(15M) 0.372ms
[3255.644s][info][gc] GC(826) Pause Young (Allocation Failure) 12M->8M(15M) 0.357ms
[3257.545s][info][gc] GC(827) Pause Young (Allocation Failure) 12M->8M(15M) 0.411ms
[3259.543s][info][gc] GC(828) Pause Young (Allocation Failure) 12M->8M(15M) 0.285ms
[3261.444s][info][gc] GC(829) Pause Young (Allocation Failure) 12M->8M(15M) 0.309ms
[3263.343s][info][gc] GC(830) Pause Young (Allocation Failure) 12M->8M(15M) 0.348ms
[3265.244s][info][gc] GC(831) Pause Young (Allocation Failure) 12M->8M(15M) 0.326ms
[3267.144s][info][gc] GC(832) Pause Young (Allocation Failure) 12M->8M(15M) 0.340ms
[3269.144s][info][gc] GC(833) Pause Young (Allocation Failure) 12M->8M(15M) 0.291ms
[3271.144s][info][gc] GC(834) Pause Young (Allocation Failure) 12M->8M(15M) 0.308ms
[3273.144s][info][gc] GC(835) Pause Young (Allocation Failure) 12M->8M(15M) 0.312ms
[3275.145s][info][gc] GC(836) Pause Young (Allocation Failure) 12M->8M(15M) 0.489ms
[3277.144s][info][gc] GC(837) Pause Young (Allocation Failure) 12M->8M(15M) 0.339ms
[3279.143s][info][gc] GC(838) Pause Young (Allocation Failure) 12M->8M(15M) 0.336ms
[3281.243s][info][gc] GC(839) Pause Young (Allocation Failure) 12M->8M(15M) 0.256ms
[3283.244s][info][gc] GC(840) Pause Young (Allocation Failure) 12M->8M(15M) 0.293ms
[3285.243s][info][gc] GC(841) Pause Young (Allocation Failure) 12M->8M(15M) 0.368ms
[3287.244s][info][gc] GC(842) Pause Young (Allocation Failure) 12M->8M(15M) 0.301ms
[3289.144s][info][gc] GC(843) Pause Young (Allocation Failure) 12M->8M(15M) 0.353ms
[3291.044s][info][gc] GC(844) Pause Young (Allocation Failure) 12M->8M(15M) 0.378ms
[3292.944s][info][gc] GC(845) Pause Young (Allocation Failure) 12M->8M(15M) 0.337ms
[3294.844s][info][gc] GC(846) Pause Young (Allocation Failure) 12M->8M(15M) 0.345ms
[3296.745s][info][gc] GC(847) Pause Young (Allocation Failure) 12M->8M(15M) 0.328ms
[3298.680s][info][gc] GC(848) Pause Young (Allocation Failure) 12M->8M(15M) 0.276ms
[3300.644s][info][gc] GC(849) Pause Young (Allocation Failure) 12M->8M(15M) 0.366ms
[3302.543s][info][gc] GC(850) Pause Young (Allocation Failure) 12M->8M(15M) 0.318ms
[3304.444s][info][gc] GC(851) Pause Young (Allocation Failure) 12M->8M(15M) 0.328ms
[3306.344s][info][gc] GC(852) Pause Young (Allocation Failure) 12M->8M(15M) 0.423ms
[3308.244s][info][gc] GC(853) Pause Young (Allocation Failure) 12M->8M(15M) 0.406ms
[3310.145s][info][gc] GC(854) Pause Young (Allocation Failure) 12M->8M(15M) 0.338ms
[3312.143s][info][gc] GC(855) Pause Young (Allocation Failure) 12M->8M(15M) 0.302ms
[3314.044s][info][gc] GC(856) Pause Young (Allocation Failure) 12M->8M(15M) 0.368ms
[3316.044s][info][gc] GC(857) Pause Young (Allocation Failure) 12M->8M(15M) 0.358ms
[3318.044s][info][gc] GC(858) Pause Young (Allocation Failure) 12M->8M(15M) 0.394ms
[3320.044s][info][gc] GC(859) Pause Young (Allocation Failure) 12M->8M(15M) 0.340ms
[3322.143s][info][gc] GC(860) Pause Young (Allocation Failure) 12M->8M(15M) 0.426ms
[3324.144s][info][gc] GC(861) Pause Young (Allocation Failure) 12M->8M(15M) 0.589ms
[3326.144s][info][gc] GC(862) Pause Young (Allocation Failure) 12M->8M(15M) 0.462ms
[3328.145s][info][gc] GC(863) Pause Young (Allocation Failure) 12M->8M(15M) 0.291ms
[3330.144s][info][gc] GC(864) Pause Young (Allocation Failure) 12M->8M(15M) 0.367ms
[3332.145s][info][gc] GC(865) Pause Young (Allocation Failure) 12M->8M(15M) 0.530ms
[3334.145s][info][gc] GC(866) Pause Young (Allocation Failure) 12M->8M(15M) 0.400ms
[3336.244s][info][gc] GC(867) Pause Young (Allocation Failure) 12M->8M(15M) 0.366ms
[3338.244s][info][gc] GC(868) Pause Young (Allocation Failure) 12M->8M(15M) 0.299ms
[3340.244s][info][gc] GC(869) Pause Young (Allocation Failure) 12M->8M(15M) 0.303ms
[3342.244s][info][gc] GC(870) Pause Young (Allocation Failure) 12M->8M(15M) 0.325ms
[3344.245s][info][gc] GC(871) Pause Young (Allocation Failure) 12M->8M(15M) 0.445ms
[3346.245s][info][gc] GC(872) Pause Young (Allocation Failure) 12M->8M(15M) 0.516ms
[3348.246s][info][gc] GC(873) Pause Young (Allocation Failure) 12M->8M(15M) 0.670ms
[3350.344s][info][gc] GC(874) Pause Young (Allocation Failure) 12M->8M(15M) 0.406ms
[3352.345s][info][gc] GC(875) Pause Young (Allocation Failure) 12M->8M(15M) 0.275ms
[3354.345s][info][gc] GC(876) Pause Young (Allocation Failure) 12M->8M(15M) 0.497ms
[3356.345s][info][gc] GC(877) Pause Young (Allocation Failure) 12M->8M(15M) 0.857ms
[3358.244s][info][gc] GC(878) Pause Young (Allocation Failure) 12M->8M(15M) 0.469ms
[3360.144s][info][gc] GC(879) Pause Young (Allocation Failure) 12M->8M(15M) 0.371ms
[3362.043s][info][gc] GC(880) Pause Young (Allocation Failure) 12M->8M(15M) 0.323ms
[3363.944s][info][gc] GC(881) Pause Young (Allocation Failure) 12M->8M(15M) 0.367ms
[3365.843s][info][gc] GC(882) Pause Young (Allocation Failure) 12M->8M(15M) 0.319ms
[3367.744s][info][gc] GC(883) Pause Young (Allocation Failure) 12M->8M(15M) 0.412ms
[3369.644s][info][gc] GC(884) Pause Young (Allocation Failure) 12M->8M(15M) 0.339ms
[3371.543s][info][gc] GC(885) Pause Young (Allocation Failure) 12M->8M(15M) 0.337ms
[3373.444s][info][gc] GC(886) Pause Young (Allocation Failure) 12M->8M(15M) 0.349ms
[3375.344s][info][gc] GC(887) Pause Young (Allocation Failure) 12M->8M(15M) 0.366ms
[3377.344s][info][gc] GC(888) Pause Young (Allocation Failure) 12M->8M(15M) 0.289ms
[3379.244s][info][gc] GC(889) Pause Young (Allocation Failure) 12M->8M(15M) 0.290ms
[3381.144s][info][gc] GC(890) Pause Young (Allocation Failure) 12M->8M(15M) 0.400ms
[3383.044s][info][gc] GC(891) Pause Young (Allocation Failure) 12M->8M(15M) 0.356ms
[3384.944s][info][gc] GC(892) Pause Young (Allocation Failure) 12M->8M(15M) 0.330ms
[3386.844s][info][gc] GC(893) Pause Young (Allocation Failure) 12M->8M(15M) 0.374ms
[3388.768s][info][gc] GC(894) Pause Young (Allocation Failure) 12M->8M(15M) 0.275ms
[3390.769s][info][gc] GC(895) Pause Young (Allocation Failure) 12M->8M(15M) 0.301ms
[3392.844s][info][gc] GC(896) Pause Young (Allocation Failure) 12M->8M(15M) 0.264ms
[3394.844s][info][gc] GC(897) Pause Young (Allocation Failure) 12M->8M(15M) 0.279ms
[3396.844s][info][gc] GC(898) Pause Young (Allocation Failure) 12M->8M(15M) 0.283ms
[3398.844s][info][gc] GC(899) Pause Young (Allocation Failure) 12M->8M(15M) 0.344ms
[3400.844s][info][gc] GC(900) Pause Young (Allocation Failure) 12M->8M(15M) 0.307ms
[3402.844s][info][gc] GC(901) Pause Young (Allocation Failure) 12M->8M(15M) 0.436ms
[3404.944s][info][gc] GC(902) Pause Young (Allocation Failure) 12M->8M(15M) 0.263ms
[3406.943s][info][gc] GC(903) Pause Young (Allocation Failure) 12M->8M(15M) 0.276ms
[3408.944s][info][gc] GC(904) Pause Young (Allocation Failure) 12M->8M(15M) 0.409ms
[3410.944s][info][gc] GC(905) Pause Young (Allocation Failure) 12M->8M(15M) 0.364ms
[3412.943s][info][gc] GC(906) Pause Young (Allocation Failure) 12M->8M(15M) 0.394ms
[3414.944s][info][gc] GC(907) Pause Young (Allocation Failure) 12M->8M(15M) 0.322ms
[3416.944s][info][gc] GC(908) Pause Young (Allocation Failure) 12M->8M(15M) 0.322ms
[3419.044s][info][gc] GC(909) Pause Young (Allocation Failure) 12M->8M(15M) 0.276ms
[3421.044s][info][gc] GC(910) Pause Young (Allocation Failure) 12M->8M(15M) 0.410ms
[3423.045s][info][gc] GC(911) Pause Young (Allocation Failure) 12M->8M(15M) 0.307ms
[3425.044s][info][gc] GC(912) Pause Young (Allocation Failure) 12M->8M(15M) 0.402ms
[3427.044s][info][gc] GC(913) Pause Young (Allocation Failure) 12M->8M(15M) 0.305ms
[3429.044s][info][gc] GC(914) Pause Young (Allocation Failure) 12M->8M(15M) 0.325ms
[3431.143s][info][gc] GC(915) Pause Young (Allocation Failure) 12M->8M(15M) 0.263ms
[3433.143s][info][gc] GC(916) Pause Young (Allocation Failure) 12M->8M(15M) 0.269ms
[3435.144s][info][gc] GC(917) Pause Young (Allocation Failure) 12M->8M(15M) 0.298ms
[3437.144s][info][gc] GC(918) Pause Young (Allocation Failure) 12M->8M(15M) 0.316ms
[3439.144s][info][gc] GC(919) Pause Young (Allocation Failure) 12M->8M(15M) 0.296ms
[3441.145s][info][gc] GC(920) Pause Young (Allocation Failure) 12M->8M(15M) 0.315ms
[3443.243s][info][gc] GC(921) Pause Young (Allocation Failure) 12M->8M(15M) 0.250ms
[3445.244s][info][gc] GC(922) Pause Young (Allocation Failure) 12M->8M(15M) 0.273ms
[3447.244s][info][gc] GC(923) Pause Young (Allocation Failure) 12M->8M(15M) 0.292ms
[3449.244s][info][gc] GC(924) Pause Young (Allocation Failure) 12M->8M(15M) 0.345ms
[3451.444s][info][gc] GC(925) Pause Young (Allocation Failure) 12M->8M(15M) 0.290ms
[3453.544s][info][gc] GC(926) Pause Young (Allocation Failure) 12M->8M(15M) 0.403ms
[3455.645s][info][gc] GC(927) Pause Young (Allocation Failure) 12M->8M(15M) 0.319ms
[3457.819s][info][gc] GC(928) Pause Young (Allocation Failure) 12M->8M(15M) 0.249ms
[3459.844s][info][gc] GC(929) Pause Young (Allocation Failure) 12M->8M(15M) 0.430ms
[3462.044s][info][gc] GC(930) Pause Young (Allocation Failure) 12M->8M(15M) 0.386ms
[3464.145s][info][gc] GC(931) Pause Young (Allocation Failure) 12M->8M(15M) 0.606ms
[3466.245s][info][gc] GC(932) Pause Young (Allocation Failure) 12M->8M(15M) 0.298ms
[3468.444s][info][gc] GC(933) Pause Young (Allocation Failure) 12M->8M(15M) 0.260ms
[3470.544s][info][gc] GC(934) Pause Young (Allocation Failure) 12M->8M(15M) 0.316ms
[3472.644s][info][gc] GC(935) Pause Young (Allocation Failure) 12M->8M(15M) 0.386ms
[3474.832s][info][gc] GC(936) Pause Young (Allocation Failure) 12M->8M(15M) 0.248ms
[3476.844s][info][gc] GC(937) Pause Young (Allocation Failure) 12M->8M(15M) 0.338ms
[3478.744s][info][gc] GC(938) Pause Young (Allocation Failure) 12M->8M(15M) 0.545ms
[3480.644s][info][gc] GC(939) Pause Young (Allocation Failure) 12M->8M(15M) 0.536ms
[3482.545s][info][gc] GC(940) Pause Young (Allocation Failure) 12M->8M(15M) 1.007ms
[3484.444s][info][gc] GC(941) Pause Young (Allocation Failure) 12M->8M(15M) 0.329ms
[3486.345s][info][gc] GC(942) Pause Young (Allocation Failure) 12M->8M(15M) 0.306ms
[3488.244s][info][gc] GC(943) Pause Young (Allocation Failure) 12M->8M(15M) 0.287ms
[3490.144s][info][gc] GC(944) Pause Young (Allocation Failure) 12M->8M(15M) 0.474ms
[3492.044s][info][gc] GC(945) Pause Young (Allocation Failure) 12M->8M(15M) 0.315ms
[3493.944s][info][gc] GC(946) Pause Young (Allocation Failure) 12M->8M(15M) 0.318ms
[3495.855s][info][gc] GC(947) Pause Young (Allocation Failure) 12M->8M(15M) 0.260ms
[3497.844s][info][gc] GC(948) Pause Young (Allocation Failure) 12M->8M(15M) 0.300ms
[3499.743s][info][gc] GC(949) Pause Young (Allocation Failure) 12M->8M(15M) 0.433ms
[3501.644s][info][gc] GC(950) Pause Young (Allocation Failure) 12M->8M(15M) 0.359ms
[3503.545s][info][gc] GC(951) Pause Young (Allocation Failure) 12M->8M(15M) 0.360ms
[3505.444s][info][gc] GC(952) Pause Young (Allocation Failure) 12M->8M(15M) 0.382ms
[3507.344s][info][gc] GC(953) Pause Young (Allocation Failure) 12M->8M(15M) 0.532ms
[3509.344s][info][gc] GC(954) Pause Young (Allocation Failure) 12M->8M(15M) 0.378ms
[3511.344s][info][gc] GC(955) Pause Young (Allocation Failure) 12M->8M(15M) 0.308ms
[3513.343s][info][gc] GC(956) Pause Young (Allocation Failure) 12M->8M(15M) 0.405ms
[3515.344s][info][gc] GC(957) Pause Young (Allocation Failure) 12M->8M(15M) 0.475ms
[3517.344s][info][gc] GC(958) Pause Young (Allocation Failure) 12M->8M(15M) 0.335ms
[3519.444s][info][gc] GC(959) Pause Young (Allocation Failure) 12M->8M(15M) 0.287ms
[3521.444s][info][gc] GC(960) Pause Young (Allocation Failure) 12M->8M(15M) 0.278ms
[3523.444s][info][gc] GC(961) Pause Young (Allocation Failure) 12M->8M(15M) 0.284ms
[3525.444s][info][gc] GC(962) Pause Young (Allocation Failure) 12M->8M(15M) 0.320ms
[3527.444s][info][gc] GC(963) Pause Young (Allocation Failure) 12M->8M(15M) 0.434ms
[3529.444s][info][gc] GC(964) Pause Young (Allocation Failure) 12M->8M(15M) 0.302ms
[3531.544s][info][gc] GC(965) Pause Young (Allocation Failure) 12M->8M(15M) 0.241ms
[3533.543s][info][gc] GC(966) Pause Young (Allocation Failure) 12M->8M(15M) 0.274ms
[3535.544s][info][gc] GC(967) Pause Young (Allocation Failure) 12M->8M(15M) 0.277ms
[3537.544s][info][gc] GC(968) Pause Young (Allocation Failure) 12M->8M(15M) 0.307ms
[3539.544s][info][gc] GC(969) Pause Young (Allocation Failure) 12M->8M(15M) 0.259ms
[3541.544s][info][gc] GC(970) Pause Young (Allocation Failure) 12M->8M(15M) 0.309ms
[3543.644s][info][gc] GC(971) Pause Young (Allocation Failure) 12M->8M(15M) 0.240ms
[3545.643s][info][gc] GC(972) Pause Young (Allocation Failure) 12M->8M(15M) 0.258ms
[3547.644s][info][gc] GC(973) Pause Young (Allocation Failure) 12M->8M(15M) 0.289ms
[3549.644s][info][gc] GC(974) Pause Young (Allocation Failure) 12M->8M(15M) 0.283ms
[3551.644s][info][gc] GC(975) Pause Young (Allocation Failure) 12M->8M(15M) 0.301ms
[3553.644s][info][gc] GC(976) Pause Young (Allocation Failure) 12M->8M(15M) 0.328ms
[3555.644s][info][gc] GC(977) Pause Young (Allocation Failure) 12M->8M(15M) 0.305ms
[3557.687s][info][gc] GC(978) Pause Young (Allocation Failure) 12M->8M(15M) 0.266ms
[3559.744s][info][gc] GC(979) Pause Young (Allocation Failure) 12M->8M(15M) 0.250ms
[3561.744s][info][gc] GC(980) Pause Young (Allocation Failure) 12M->8M(15M) 0.296ms
[3563.744s][info][gc] GC(981) Pause Young (Allocation Failure) 12M->8M(15M) 0.288ms
[3565.744s][info][gc] GC(982) Pause Young (Allocation Failure) 12M->8M(15M) 0.314ms
[3567.743s][info][gc] GC(983) Pause Young (Allocation Failure) 12M->8M(15M) 0.299ms
[3569.843s][info][gc] GC(984) Pause Young (Allocation Failure) 12M->8M(15M) 0.315ms
[3571.944s][info][gc] GC(985) Pause Young (Allocation Failure) 12M->8M(15M) 0.296ms
[3574.044s][info][gc] GC(986) Pause Young (Allocation Failure) 12M->8M(15M) 0.308ms
[3576.244s][info][gc] GC(987) Pause Young (Allocation Failure) 12M->8M(15M) 0.258ms
[3578.344s][info][gc] GC(988) Pause Young (Allocation Failure) 12M->8M(15M) 0.295ms
[3580.444s][info][gc] GC(989) Pause Young (Allocation Failure) 12M->8M(15M) 0.307ms
[3582.643s][info][gc] GC(990) Pause Young (Allocation Failure) 12M->8M(15M) 0.269ms
[3584.744s][info][gc] GC(991) Pause Young (Allocation Failure) 12M->8M(15M) 0.284ms
[3586.844s][info][gc] GC(992) Pause Young (Allocation Failure) 12M->8M(15M) 0.285ms
[3588.944s][info][gc] GC(993) Pause Young (Allocation Failure) 12M->8M(15M) 0.286ms
[3590.944s][info][gc] GC(994) Pause Young (Allocation Failure) 12M->8M(15M) 0.356ms
[3592.844s][info][gc] GC(995) Pause Young (Allocation Failure) 12M->8M(15M) 0.329ms
[3594.744s][info][gc] GC(996) Pause Young (Allocation Failure) 12M->8M(15M) 0.341ms
[3596.644s][info][gc] GC(997) Pause Young (Allocation Failure) 12M->8M(15M) 0.316ms
[3598.543s][info][gc] GC(998) Pause Young (Allocation Failure) 12M->8M(15M) 0.334ms
[3600.443s][info][gc] GC(999) Pause Young (Allocation Failure) 12M->8M(15M) 0.303ms
[3602.343s][info][gc] GC(1000) Pause Young (Allocation Failure) 12M->8M(15M) 0.316ms
[3604.244s][info][gc] GC(1001) Pause Young (Allocation Failure) 12M->8M(15M) 0.317ms
[3606.144s][info][gc] GC(1002) Pause Young (Allocation Failure) 12M->8M(15M) 0.328ms
[3608.044s][info][gc] GC(1003) Pause Young (Allocation Failure) 12M->8M(15M) 0.337ms
[3609.958s][info][gc] GC(1004) Pause Young (Allocation Failure) 12M->8M(15M) 0.291ms
[3611.944s][info][gc] GC(1005) Pause Young (Allocation Failure) 12M->8M(15M) 0.376ms
[3613.843s][info][gc] GC(1006) Pause Young (Allocation Failure) 12M->8M(15M) 0.313ms
[3615.844s][info][gc] GC(1007) Pause Young (Allocation Failure) 12M->8M(15M) 0.366ms
[3617.844s][info][gc] GC(1008) Pause Young (Allocation Failure) 12M->8M(15M) 0.323ms
[3619.845s][info][gc] GC(1009) Pause Young (Allocation Failure) 12M->8M(15M) 0.462ms
[3621.944s][info][gc] GC(1010) Pause Young (Allocation Failure) 12M->8M(15M) 0.277ms
[3623.944s][info][gc] GC(1011) Pause Young (Allocation Failure) 12M->8M(15M) 0.258ms
[3625.944s][info][gc] GC(1012) Pause Young (Allocation Failure) 12M->8M(15M) 0.284ms
[3627.943s][info][gc] GC(1013) Pause Young (Allocation Failure) 12M->8M(15M) 0.340ms
[3629.944s][info][gc] GC(1014) Pause Young (Allocation Failure) 12M->8M(15M) 0.337ms
[3631.944s][info][gc] GC(1015) Pause Young (Allocation Failure) 12M->8M(15M) 0.394ms
[3633.981s][info][gc] GC(1016) Pause Young (Allocation Failure) 12M->8M(15M) 0.227ms
[3635.984s][info][gc] GC(1017) Pause Young (Allocation Failure) 12M->8M(15M) 0.279ms
[3637.986s][info][gc] GC(1018) Pause Young (Allocation Failure) 12M->8M(15M) 0.264ms
[3640.043s][info][gc] GC(1019) Pause Young (Allocation Failure) 12M->8M(15M) 0.482ms
[3642.044s][info][gc] GC(1020) Pause Young (Allocation Failure) 12M->8M(15M) 0.396ms
[3644.044s][info][gc] GC(1021) Pause Young (Allocation Failure) 12M->8M(15M) 0.424ms
[3646.045s][info][gc] GC(1022) Pause Young (Allocation Failure) 12M->8M(15M) 0.297ms
[3648.044s][info][gc] GC(1023) Pause Young (Allocation Failure) 12M->8M(15M) 0.505ms
[3650.044s][info][gc] GC(1024) Pause Young (Allocation Failure) 12M->8M(15M) 0.322ms
[3652.044s][info][gc] GC(1025) Pause Young (Allocation Failure) 12M->8M(15M) 0.334ms
[3654.144s][info][gc] GC(1026) Pause Young (Allocation Failure) 12M->8M(15M) 0.280ms
[3656.144s][info][gc] GC(1027) Pause Young (Allocation Failure) 12M->8M(15M) 0.289ms
[3658.143s][info][gc] GC(1028) Pause Young (Allocation Failure) 12M->8M(15M) 0.295ms
[3660.144s][info][gc] GC(1029) Pause Young (Allocation Failure) 12M->8M(15M) 0.333ms
[3662.143s][info][gc] GC(1030) Pause Young (Allocation Failure) 12M->8M(15M) 0.382ms
[3664.144s][info][gc] GC(1031) Pause Young (Allocation Failure) 12M->8M(15M) 0.294ms
[3666.242s][info][gc] GC(1032) Pause Young (Allocation Failure) 12M->8M(15M) 0.239ms
[3668.244s][info][gc] GC(1033) Pause Young (Allocation Failure) 12M->8M(15M) 0.286ms
[3670.244s][info][gc] GC(1034) Pause Young (Allocation Failure) 12M->8M(15M) 0.282ms
[3672.244s][info][gc] GC(1035) Pause Young (Allocation Failure) 12M->8M(15M) 0.393ms
[3674.344s][info][gc] GC(1036) Pause Young (Allocation Failure) 12M->8M(15M) 0.288ms
[3676.444s][info][gc] GC(1037) Pause Young (Allocation Failure) 12M->8M(15M) 0.284ms
[3678.544s][info][gc] GC(1038) Pause Young (Allocation Failure) 12M->8M(15M) 0.314ms
[3680.742s][info][gc] GC(1039) Pause Young (Allocation Failure) 12M->8M(15M) 0.243ms
[3682.544s][info][gc] GC(1040) Pause Young (Allocation Failure) 12M->8M(15M) 0.338ms
[3684.444s][info][gc] GC(1041) Pause Young (Allocation Failure) 12M->8M(15M) 0.345ms
[3686.344s][info][gc] GC(1042) Pause Young (Allocation Failure) 12M->8M(15M) 0.330ms
[3688.244s][info][gc] GC(1043) Pause Young (Allocation Failure) 12M->8M(15M) 0.351ms
[3690.144s][info][gc] GC(1044) Pause Young (Allocation Failure) 12M->8M(15M) 0.337ms
[3692.044s][info][gc] GC(1045) Pause Young (Allocation Failure) 12M->8M(15M) 0.342ms
[3694.037s][info][gc] GC(1046) Pause Young (Allocation Failure) 12M->8M(15M) 0.301ms
[3695.944s][info][gc] GC(1047) Pause Young (Allocation Failure) 12M->8M(15M) 0.326ms
[3697.843s][info][gc] GC(1048) Pause Young (Allocation Failure) 12M->8M(15M) 0.336ms
[3699.744s][info][gc] GC(1049) Pause Young (Allocation Failure) 12M->8M(15M) 0.332ms
[3701.644s][info][gc] GC(1050) Pause Young (Allocation Failure) 12M->8M(15M) 0.327ms
[3703.543s][info][gc] GC(1051) Pause Young (Allocation Failure) 12M->8M(15M) 0.302ms
[3705.444s][info][gc] GC(1052) Pause Young (Allocation Failure) 12M->8M(15M) 0.407ms
[3707.343s][info][gc] GC(1053) Pause Young (Allocation Failure) 12M->8M(15M) 0.314ms
[3709.244s][info][gc] GC(1054) Pause Young (Allocation Failure) 12M->8M(15M) 0.420ms
[3711.144s][info][gc] GC(1055) Pause Young (Allocation Failure) 12M->8M(15M) 0.363ms
[3713.056s][info][gc] GC(1056) Pause Young (Allocation Failure) 12M->8M(15M) 0.253ms
[3715.044s][info][gc] GC(1057) Pause Young (Allocation Failure) 12M->8M(15M) 0.267ms
[3716.944s][info][gc] GC(1058) Pause Young (Allocation Failure) 12M->8M(15M) 0.284ms
[3718.843s][info][gc] GC(1059) Pause Young (Allocation Failure) 12M->8M(15M) 0.288ms
[3720.844s][info][gc] GC(1060) Pause Young (Allocation Failure) 12M->8M(15M) 0.303ms
[3722.845s][info][gc] GC(1061) Pause Young (Allocation Failure) 12M->8M(15M) 0.310ms
[3724.844s][info][gc] GC(1062) Pause Young (Allocation Failure) 12M->8M(15M) 0.327ms
[3726.944s][info][gc] GC(1063) Pause Young (Allocation Failure) 12M->8M(15M) 0.264ms
[3728.943s][info][gc] GC(1064) Pause Young (Allocation Failure) 12M->8M(15M) 0.267ms
[3730.944s][info][gc] GC(1065) Pause Young (Allocation Failure) 12M->8M(15M) 0.283ms
[3732.943s][info][gc] GC(1066) Pause Young (Allocation Failure) 12M->8M(15M) 0.294ms
[3734.944s][info][gc] GC(1067) Pause Young (Allocation Failure) 12M->8M(15M) 0.316ms
[3736.944s][info][gc] GC(1068) Pause Young (Allocation Failure) 12M->8M(15M) 0.316ms
[3739.042s][info][gc] GC(1069) Pause Young (Allocation Failure) 12M->8M(15M) 0.224ms
[3741.043s][info][gc] GC(1070) Pause Young (Allocation Failure) 12M->8M(15M) 0.270ms
[3743.044s][info][gc] GC(1071) Pause Young (Allocation Failure) 12M->8M(15M) 0.291ms
[3745.043s][info][gc] GC(1072) Pause Young (Allocation Failure) 12M->8M(15M) 0.308ms
[3747.044s][info][gc] GC(1073) Pause Young (Allocation Failure) 12M->8M(15M) 0.325ms
[3749.044s][info][gc] GC(1074) Pause Young (Allocation Failure) 12M->8M(15M) 0.320ms
[3751.045s][info][gc] GC(1075) Pause Young (Allocation Failure) 12M->8M(15M) 0.309ms
[3753.093s][info][gc] GC(1076) Pause Young (Allocation Failure) 12M->8M(15M) 0.246ms
[3755.094s][info][gc] GC(1077) Pause Young (Allocation Failure) 12M->8M(15M) 0.263ms
[3757.097s][info][gc] GC(1078) Pause Young (Allocation Failure) 12M->8M(15M) 0.241ms
[3759.144s][info][gc] GC(1079) Pause Young (Allocation Failure) 12M->8M(15M) 0.257ms
[3761.144s][info][gc] GC(1080) Pause Young (Allocation Failure) 12M->8M(15M) 0.486ms
[3763.146s][info][gc] GC(1081) Pause Young (Allocation Failure) 12M->8M(15M) 0.856ms
[3765.144s][info][gc] GC(1082) Pause Young (Allocation Failure) 12M->8M(15M) 0.373ms
[3767.144s][info][gc] GC(1083) Pause Young (Allocation Failure) 12M->8M(15M) 0.312ms
[3769.144s][info][gc] GC(1084) Pause Young (Allocation Failure) 12M->8M(15M) 0.318ms
[3771.244s][info][gc] GC(1085) Pause Young (Allocation Failure) 12M->8M(15M) 0.333ms
[3773.244s][info][gc] GC(1086) Pause Young (Allocation Failure) 12M->8M(15M) 0.305ms
[3775.244s][info][gc] GC(1087) Pause Young (Allocation Failure) 12M->8M(15M) 0.411ms
[3777.244s][info][gc] GC(1088) Pause Young (Allocation Failure) 12M->8M(15M) 0.386ms
[3779.344s][info][gc] GC(1089) Pause Young (Allocation Failure) 12M->8M(15M) 0.276ms
[3781.445s][info][gc] GC(1090) Pause Young (Allocation Failure) 12M->8M(15M) 0.419ms
[3783.545s][info][gc] GC(1091) Pause Young (Allocation Failure) 12M->8M(15M) 0.667ms
[3785.744s][info][gc] GC(1092) Pause Young (Allocation Failure) 12M->8M(15M) 0.441ms
[3787.844s][info][gc] GC(1093) Pause Young (Allocation Failure) 12M->8M(15M) 0.561ms
[3789.944s][info][gc] GC(1094) Pause Young (Allocation Failure) 12M->8M(15M) 0.431ms
[3792.045s][info][gc] GC(1095) Pause Young (Allocation Failure) 12M->8M(15M) 0.617ms
[3794.144s][info][gc] GC(1096) Pause Young (Allocation Failure) 12M->8M(15M) 0.308ms
[3796.343s][info][gc] GC(1097) Pause Young (Allocation Failure) 12M->8M(15M) 0.263ms
[3798.444s][info][gc] GC(1098) Pause Young (Allocation Failure) 12M->8M(15M) 0.297ms
[3800.544s][info][gc] GC(1099) Pause Young (Allocation Failure) 12M->8M(15M) 0.316ms
[3802.744s][info][gc] GC(1100) Pause Young (Allocation Failure) 12M->8M(15M) 0.240ms
[3804.844s][info][gc] GC(1101) Pause Young (Allocation Failure) 12M->8M(15M) 0.311ms
[3806.944s][info][gc] GC(1102) Pause Young (Allocation Failure) 12M->8M(15M) 0.302ms
[3809.044s][info][gc] GC(1103) Pause Young (Allocation Failure) 12M->8M(15M) 0.294ms
[3811.144s][info][gc] GC(1104) Pause Young (Allocation Failure) 12M->8M(15M) 0.301ms
[3813.344s][info][gc] GC(1105) Pause Young (Allocation Failure) 12M->8M(15M) 0.266ms
[3815.443s][info][gc] GC(1106) Pause Young (Allocation Failure) 12M->8M(15M) 0.281ms
[3817.445s][info][gc] GC(1107) Pause Young (Allocation Failure) 12M->8M(15M) 0.359ms
[3819.344s][info][gc] GC(1108) Pause Young (Allocation Failure) 12M->8M(15M) 0.335ms
[3821.244s][info][gc] GC(1109) Pause Young (Allocation Failure) 12M->8M(15M) 0.351ms
[3823.150s][info][gc] GC(1110) Pause Young (Allocation Failure) 12M->8M(15M) 0.355ms
[3825.143s][info][gc] GC(1111) Pause Young (Allocation Failure) 12M->8M(15M) 0.331ms
[3827.043s][info][gc] GC(1112) Pause Young (Allocation Failure) 12M->8M(15M) 0.344ms
[3828.944s][info][gc] GC(1113) Pause Young (Allocation Failure) 12M->8M(15M) 0.347ms
[3830.844s][info][gc] GC(1114) Pause Young (Allocation Failure) 12M->8M(15M) 0.339ms
[3832.820s][info][gc] GC(1115) Pause Young (Allocation Failure) 12M->8M(15M) 0.485ms
[3834.744s][info][gc] GC(1116) Pause Young (Allocation Failure) 12M->8M(15M) 0.288ms
[3836.644s][info][gc] GC(1117) Pause Young (Allocation Failure) 12M->8M(15M) 0.323ms
[3838.543s][info][gc] GC(1118) Pause Young (Allocation Failure) 12M->8M(15M) 0.294ms
[3840.544s][info][gc] GC(1119) Pause Young (Allocation Failure) 12M->8M(15M) 0.315ms
[3842.545s][info][gc] GC(1120) Pause Young (Allocation Failure) 12M->8M(15M) 0.343ms
[3844.544s][info][gc] GC(1121) Pause Young (Allocation Failure) 12M->8M(15M) 0.331ms
[3846.643s][info][gc] GC(1122) Pause Young (Allocation Failure) 12M->8M(15M) 0.251ms
[3848.643s][info][gc] GC(1123) Pause Young (Allocation Failure) 12M->8M(15M) 0.272ms
[3850.644s][info][gc] GC(1124) Pause Young (Allocation Failure) 12M->8M(15M) 0.279ms
[3852.644s][info][gc] GC(1125) Pause Young (Allocation Failure) 12M->8M(15M) 0.287ms
[3854.644s][info][gc] GC(1126) Pause Young (Allocation Failure) 12M->8M(15M) 0.342ms
[3856.644s][info][gc] GC(1127) Pause Young (Allocation Failure) 12M->8M(15M) 0.321ms
[3858.644s][info][gc] GC(1128) Pause Young (Allocation Failure) 12M->8M(15M) 0.335ms
[3860.743s][info][gc] GC(1129) Pause Young (Allocation Failure) 12M->8M(15M) 0.269ms
[3862.744s][info][gc] GC(1130) Pause Young (Allocation Failure) 12M->8M(15M) 0.261ms
[3864.744s][info][gc] GC(1131) Pause Young (Allocation Failure) 12M->8M(15M) 0.294ms
[3866.744s][info][gc] GC(1132) Pause Young (Allocation Failure) 12M->8M(15M) 0.312ms
[3868.744s][info][gc] GC(1133) Pause Young (Allocation Failure) 12M->8M(15M) 0.310ms
[3870.744s][info][gc] GC(1134) Pause Young (Allocation Failure) 12M->8M(15M) 0.298ms
[3872.834s][info][gc] GC(1135) Pause Young (Allocation Failure) 12M->8M(15M) 0.241ms
[3874.843s][info][gc] GC(1136) Pause Young (Allocation Failure) 12M->8M(15M) 0.249ms
[3876.844s][info][gc] GC(1137) Pause Young (Allocation Failure) 12M->8M(15M) 0.278ms
[3878.844s][info][gc] GC(1138) Pause Young (Allocation Failure) 12M->8M(15M) 0.303ms
[3880.844s][info][gc] GC(1139) Pause Young (Allocation Failure) 12M->8M(15M) 0.298ms
[3882.852s][info][gc] GC(1140) Pause Young (Allocation Failure) 12M->8M(15M) 0.348ms
[3884.744s][info][gc] GC(1141) Pause Young (Allocation Failure) 12M->8M(15M) 0.301ms
[3886.644s][info][gc] GC(1142) Pause Young (Allocation Failure) 12M->8M(15M) 0.321ms
[3888.544s][info][gc] GC(1143) Pause Young (Allocation Failure) 12M->8M(15M) 0.301ms
[3890.444s][info][gc] GC(1144) Pause Young (Allocation Failure) 12M->8M(15M) 0.297ms
[3892.343s][info][gc] GC(1145) Pause Young (Allocation Failure) 12M->8M(15M) 0.265ms
[3894.206s][info][gc] GC(1146) Pause Young (Allocation Failure) 12M->8M(15M) 0.311ms
[3896.144s][info][gc] GC(1147) Pause Young (Allocation Failure) 12M->8M(15M) 0.432ms
[3898.043s][info][gc] GC(1148) Pause Young (Allocation Failure) 12M->8M(15M) 0.272ms
[3899.944s][info][gc] GC(1149) Pause Young (Allocation Failure) 12M->8M(15M) 0.273ms
[3901.844s][info][gc] GC(1150) Pause Young (Allocation Failure) 12M->8M(15M) 0.298ms
[3903.744s][info][gc] GC(1151) Pause Young (Allocation Failure) 12M->8M(15M) 0.297ms
[3905.644s][info][gc] GC(1152) Pause Young (Allocation Failure) 12M->8M(15M) 0.338ms
[3907.544s][info][gc] GC(1153) Pause Young (Allocation Failure) 12M->8M(15M) 0.350ms
[3909.444s][info][gc] GC(1154) Pause Young (Allocation Failure) 12M->8M(15M) 0.328ms
[3911.345s][info][gc] GC(1155) Pause Young (Allocation Failure) 12M->8M(15M) 0.352ms
[3913.245s][info][gc] GC(1156) Pause Young (Allocation Failure) 12M->8M(15M) 0.341ms
[3915.343s][info][gc] GC(1157) Pause Young (Allocation Failure) 12M->8M(15M) 0.397ms
[3917.344s][info][gc] GC(1158) Pause Young (Allocation Failure) 12M->8M(15M) 0.267ms
[3919.343s][info][gc] GC(1159) Pause Young (Allocation Failure) 12M->8M(15M) 0.358ms
[3921.344s][info][gc] GC(1160) Pause Young (Allocation Failure) 12M->8M(15M) 0.315ms
[3923.344s][info][gc] GC(1161) Pause Young (Allocation Failure) 12M->8M(15M) 0.315ms
[3925.344s][info][gc] GC(1162) Pause Young (Allocation Failure) 12M->8M(15M) 0.629ms
[3927.344s][info][gc] GC(1163) Pause Young (Allocation Failure) 12M->8M(15M) 0.347ms
[3929.444s][info][gc] GC(1164) Pause Young (Allocation Failure) 12M->8M(15M) 0.412ms
[3931.444s][info][gc] GC(1165) Pause Young (Allocation Failure) 12M->8M(15M) 0.294ms
[3933.343s][info][gc] GC(1166) Pause Young (Allocation Failure) 12M->8M(15M) 0.307ms
[3935.245s][info][gc] GC(1167) Pause Young (Allocation Failure) 12M->8M(15M) 0.573ms
[3937.144s][info][gc] GC(1168) Pause Young (Allocation Failure) 12M->8M(15M) 0.340ms
[3939.043s][info][gc] GC(1169) Pause Young (Allocation Failure) 12M->8M(15M) 0.321ms
[3940.943s][info][gc] GC(1170) Pause Young (Allocation Failure) 12M->8M(15M) 0.345ms
[3942.844s][info][gc] GC(1171) Pause Young (Allocation Failure) 12M->8M(15M) 0.336ms
[3944.743s][info][gc] GC(1172) Pause Young (Allocation Failure) 12M->8M(15M) 0.323ms
[3946.643s][info][gc] GC(1173) Pause Young (Allocation Failure) 12M->8M(15M) 0.342ms
[3948.544s][info][gc] GC(1174) Pause Young (Allocation Failure) 12M->8M(15M) 0.349ms
[3950.445s][info][gc] GC(1175) Pause Young (Allocation Failure) 12M->8M(15M) 0.334ms
[3952.444s][info][gc] GC(1176) Pause Young (Allocation Failure) 12M->8M(15M) 0.265ms
[3954.343s][info][gc] GC(1177) Pause Young (Allocation Failure) 12M->8M(15M) 0.318ms
[3956.244s][info][gc] GC(1178) Pause Young (Allocation Failure) 12M->8M(15M) 0.333ms
[3958.144s][info][gc] GC(1179) Pause Young (Allocation Failure) 12M->8M(15M) 0.320ms
[3960.144s][info][gc] GC(1180) Pause Young (Allocation Failure) 12M->8M(15M) 0.314ms
[3962.244s][info][gc] GC(1181) Pause Young (Allocation Failure) 12M->8M(15M) 0.250ms
[3964.243s][info][gc] GC(1182) Pause Young (Allocation Failure) 12M->8M(15M) 0.287ms
[3966.243s][info][gc] GC(1183) Pause Young (Allocation Failure) 12M->8M(15M) 0.280ms
[3968.244s][info][gc] GC(1184) Pause Young (Allocation Failure) 12M->8M(15M) 0.307ms
[3970.243s][info][gc] GC(1185) Pause Young (Allocation Failure) 12M->8M(15M) 0.269ms
[3972.243s][info][gc] GC(1186) Pause Young (Allocation Failure) 12M->8M(15M) 0.315ms
[3974.273s][info][gc] GC(1187) Pause Young (Allocation Failure) 12M->8M(15M) 0.243ms
[3976.275s][info][gc] GC(1188) Pause Young (Allocation Failure) 12M->8M(15M) 0.260ms
[3978.276s][info][gc] GC(1189) Pause Young (Allocation Failure) 12M->8M(15M) 0.272ms
[3980.343s][info][gc] GC(1190) Pause Young (Allocation Failure) 12M->8M(15M) 0.244ms
[3982.344s][info][gc] GC(1191) Pause Young (Allocation Failure) 12M->8M(15M) 0.296ms
[3984.344s][info][gc] GC(1192) Pause Young (Allocation Failure) 12M->8M(15M) 0.279ms
[3986.344s][info][gc] GC(1193) Pause Young (Allocation Failure) 12M->8M(15M) 0.303ms
[3988.345s][info][gc] GC(1194) Pause Young (Allocation Failure) 12M->8M(15M) 0.305ms
[3990.344s][info][gc] GC(1195) Pause Young (Allocation Failure) 12M->8M(15M) 0.274ms
[3992.345s][info][gc] GC(1196) Pause Young (Allocation Failure) 12M->8M(15M) 0.297ms
[3994.444s][info][gc] GC(1197) Pause Young (Allocation Failure) 12M->8M(15M) 0.268ms
[3996.444s][info][gc] GC(1198) Pause Young (Allocation Failure) 12M->8M(15M) 0.273ms
[3998.444s][info][gc] GC(1199) Pause Young (Allocation Failure) 12M->8M(15M) 0.262ms
[4000.443s][info][gc] GC(1200) Pause Young (Allocation Failure) 12M->8M(15M) 0.300ms
[4002.445s][info][gc] GC(1201) Pause Young (Allocation Failure) 12M->8M(15M) 0.292ms
[4004.444s][info][gc] GC(1202) Pause Young (Allocation Failure) 12M->8M(15M) 0.281ms
[4006.544s][info][gc] GC(1203) Pause Young (Allocation Failure) 12M->8M(15M) 0.225ms
[4008.544s][info][gc] GC(1204) Pause Young (Allocation Failure) 12M->8M(15M) 0.246ms
[4010.544s][info][gc] GC(1205) Pause Young (Allocation Failure) 12M->8M(15M) 0.263ms
[4012.544s][info][gc] GC(1206) Pause Young (Allocation Failure) 12M->8M(15M) 0.309ms
[4014.544s][info][gc] GC(1207) Pause Young (Allocation Failure) 12M->8M(15M) 0.294ms
[4016.544s][info][gc] GC(1208) Pause Young (Allocation Failure) 12M->8M(15M) 0.304ms
[4018.644s][info][gc] GC(1209) Pause Young (Allocation Failure) 12M->8M(15M) 0.295ms
[4020.744s][info][gc] GC(1210) Pause Young (Allocation Failure) 12M->8M(15M) 0.280ms
[4022.844s][info][gc] GC(1211) Pause Young (Allocation Failure) 12M->8M(15M) 0.292ms
[4025.044s][info][gc] GC(1212) Pause Young (Allocation Failure) 12M->8M(15M) 0.236ms
[4027.143s][info][gc] GC(1213) Pause Young (Allocation Failure) 12M->8M(15M) 0.288ms
[4029.244s][info][gc] GC(1214) Pause Young (Allocation Failure) 12M->8M(15M) 0.275ms
[4031.345s][info][gc] GC(1215) Pause Young (Allocation Failure) 12M->8M(15M) 0.290ms
[4033.445s][info][gc] GC(1216) Pause Young (Allocation Failure) 12M->8M(15M) 0.300ms
[4035.644s][info][gc] GC(1217) Pause Young (Allocation Failure) 12M->8M(15M) 0.240ms
[4037.743s][info][gc] GC(1218) Pause Young (Allocation Failure) 12M->8M(15M) 0.289ms
[4039.844s][info][gc] GC(1219) Pause Young (Allocation Failure) 12M->8M(15M) 0.294ms
[4042.044s][info][gc] GC(1220) Pause Young (Allocation Failure) 12M->8M(15M) 0.278ms
[4044.144s][info][gc] GC(1221) Pause Young (Allocation Failure) 12M->8M(15M) 0.277ms
[4046.244s][info][gc] GC(1222) Pause Young (Allocation Failure) 12M->8M(15M) 0.294ms
[4048.345s][info][gc] GC(1223) Pause Young (Allocation Failure) 12M->8M(15M) 0.290ms
[4050.444s][info][gc] GC(1224) Pause Young (Allocation Failure) 12M->8M(15M) 0.298ms
[4052.643s][info][gc] GC(1225) Pause Young (Allocation Failure) 12M->8M(15M) 0.295ms
[4054.745s][info][gc] GC(1226) Pause Young (Allocation Failure) 12M->8M(15M) 0.291ms
[4056.843s][info][gc] GC(1227) Pause Young (Allocation Failure) 12M->8M(15M) 0.297ms
[4059.043s][info][gc] GC(1228) Pause Young (Allocation Failure) 12M->8M(15M) 0.237ms
[4061.144s][info][gc] GC(1229) Pause Young (Allocation Failure) 12M->8M(15M) 0.353ms
[4063.243s][info][gc] GC(1230) Pause Young (Allocation Failure) 12M->8M(15M) 0.328ms
[4065.045s][info][gc] GC(1231) Pause Young (Allocation Failure) 12M->8M(15M) 0.357ms
[4066.944s][info][gc] GC(1232) Pause Young (Allocation Failure) 12M->8M(15M) 0.325ms
[4068.927s][info][gc] GC(1233) Pause Young (Allocation Failure) 12M->8M(15M) 0.308ms
[4070.744s][info][gc] GC(1234) Pause Young (Allocation Failure) 12M->8M(15M) 0.341ms
[4072.644s][info][gc] GC(1235) Pause Young (Allocation Failure) 12M->8M(15M) 0.319ms
[4074.545s][info][gc] GC(1236) Pause Young (Allocation Failure) 12M->8M(15M) 0.334ms
[4076.445s][info][gc] GC(1237) Pause Young (Allocation Failure) 12M->8M(15M) 0.345ms
[4078.443s][info][gc] GC(1238) Pause Young (Allocation Failure) 12M->8M(15M) 0.327ms
[4080.343s][info][gc] GC(1239) Pause Young (Allocation Failure) 12M->8M(15M) 0.332ms
[4082.244s][info][gc] GC(1240) Pause Young (Allocation Failure) 12M->8M(15M) 0.316ms
[4084.143s][info][gc] GC(1241) Pause Young (Allocation Failure) 12M->8M(15M) 0.320ms
[4086.045s][info][gc] GC(1242) Pause Young (Allocation Failure) 12M->8M(15M) 0.435ms
[4087.945s][info][gc] GC(1243) Pause Young (Allocation Failure) 12M->8M(15M) 0.359ms
[4089.944s][info][gc] GC(1244) Pause Young (Allocation Failure) 12M->8M(15M) 0.326ms
[4091.844s][info][gc] GC(1245) Pause Young (Allocation Failure) 12M->8M(15M) 0.306ms
[4093.744s][info][gc] GC(1246) Pause Young (Allocation Failure) 12M->8M(15M) 0.295ms
[4095.744s][info][gc] GC(1247) Pause Young (Allocation Failure) 12M->8M(15M) 0.279ms
[4097.744s][info][gc] GC(1248) Pause Young (Allocation Failure) 12M->8M(15M) 0.300ms
[4099.744s][info][gc] GC(1249) Pause Young (Allocation Failure) 12M->8M(15M) 0.312ms
[4101.645s][info][gc] GC(1250) Pause Young (Allocation Failure) 12M->8M(15M) 0.351ms
[4103.544s][info][gc] GC(1251) Pause Young (Allocation Failure) 12M->8M(15M) 0.342ms
[4105.445s][info][gc] GC(1252) Pause Young (Allocation Failure) 12M->8M(15M) 0.333ms
[4107.380s][info][gc] GC(1253) Pause Young (Allocation Failure) 12M->8M(15M) 0.255ms
[4109.344s][info][gc] GC(1254) Pause Young (Allocation Failure) 12M->8M(15M) 0.307ms
[4111.245s][info][gc] GC(1255) Pause Young (Allocation Failure) 12M->8M(15M) 0.322ms
[4113.144s][info][gc] GC(1256) Pause Young (Allocation Failure) 12M->8M(15M) 0.326ms
[4115.045s][info][gc] GC(1257) Pause Young (Allocation Failure) 12M->8M(15M) 0.353ms
[4116.953s][info][gc] GC(1258) Pause Young (Allocation Failure) 12M->8M(15M) 0.230ms
[4118.944s][info][gc] GC(1259) Pause Young (Allocation Failure) 12M->8M(15M) 0.296ms
[4120.844s][info][gc] GC(1260) Pause Young (Allocation Failure) 12M->8M(15M) 0.302ms
[4122.744s][info][gc] GC(1261) Pause Young (Allocation Failure) 12M->8M(15M) 0.314ms
[4124.744s][info][gc] GC(1262) Pause Young (Allocation Failure) 12M->8M(15M) 0.271ms
[4126.744s][info][gc] GC(1263) Pause Young (Allocation Failure) 12M->8M(15M) 0.263ms
[4128.743s][info][gc] GC(1264) Pause Young (Allocation Failure) 12M->8M(15M) 0.282ms
[4130.745s][info][gc] GC(1265) Pause Young (Allocation Failure) 12M->8M(15M) 0.312ms
[4132.744s][info][gc] GC(1266) Pause Young (Allocation Failure) 12M->8M(15M) 0.301ms
[4134.745s][info][gc] GC(1267) Pause Young (Allocation Failure) 12M->8M(15M) 0.307ms
[4136.843s][info][gc] GC(1268) Pause Young (Allocation Failure) 12M->8M(15M) 0.278ms
[4138.844s][info][gc] GC(1269) Pause Young (Allocation Failure) 12M->8M(15M) 0.263ms
[4140.844s][info][gc] GC(1270) Pause Young (Allocation Failure) 12M->8M(15M) 0.269ms
[4142.844s][info][gc] GC(1271) Pause Young (Allocation Failure) 12M->8M(15M) 0.276ms
[4144.843s][info][gc] GC(1272) Pause Young (Allocation Failure) 12M->8M(15M) 0.307ms
[4146.845s][info][gc] GC(1273) Pause Young (Allocation Failure) 12M->8M(15M) 0.312ms
[4148.844s][info][gc] GC(1274) Pause Young (Allocation Failure) 12M->8M(15M) 0.311ms
[4150.943s][info][gc] GC(1275) Pause Young (Allocation Failure) 12M->8M(15M) 0.275ms
[4152.944s][info][gc] GC(1276) Pause Young (Allocation Failure) 12M->8M(15M) 0.270ms
[4154.944s][info][gc] GC(1277) Pause Young (Allocation Failure) 12M->8M(15M) 0.265ms
[4156.944s][info][gc] GC(1278) Pause Young (Allocation Failure) 12M->8M(15M) 0.280ms
[4158.944s][info][gc] GC(1279) Pause Young (Allocation Failure) 12M->8M(15M) 0.313ms
[4160.945s][info][gc] GC(1280) Pause Young (Allocation Failure) 12M->8M(15M) 0.304ms
[4162.973s][info][gc] GC(1281) Pause Young (Allocation Failure) 12M->8M(15M) 0.294ms
[4165.044s][info][gc] GC(1282) Pause Young (Allocation Failure) 12M->8M(15M) 0.302ms
[4167.044s][info][gc] GC(1283) Pause Young (Allocation Failure) 12M->8M(15M) 0.262ms
[4169.044s][info][gc] GC(1284) Pause Young (Allocation Failure) 12M->8M(15M) 0.277ms
[4171.044s][info][gc] GC(1285) Pause Young (Allocation Failure) 12M->8M(15M) 0.291ms
[4173.043s][info][gc] GC(1286) Pause Young (Allocation Failure) 12M->8M(15M) 0.274ms
[4175.044s][info][gc] GC(1287) Pause Young (Allocation Failure) 12M->8M(15M) 0.319ms
[4177.144s][info][gc] GC(1288) Pause Young (Allocation Failure) 12M->8M(15M) 0.250ms
[4179.144s][info][gc] GC(1289) Pause Young (Allocation Failure) 12M->8M(15M) 0.260ms
[4181.044s][info][gc] GC(1290) Pause Young (Allocation Failure) 12M->8M(15M) 0.326ms
[4182.944s][info][gc] GC(1291) Pause Young (Allocation Failure) 12M->8M(15M) 0.324ms
[4184.844s][info][gc] GC(1292) Pause Young (Allocation Failure) 12M->8M(15M) 0.321ms
[4186.743s][info][gc] GC(1293) Pause Young (Allocation Failure) 12M->8M(15M) 0.310ms
[4188.644s][info][gc] GC(1294) Pause Young (Allocation Failure) 12M->8M(15M) 0.327ms
[4190.543s][info][gc] GC(1295) Pause Young (Allocation Failure) 12M->8M(15M) 0.313ms
[4192.445s][info][gc] GC(1296) Pause Young (Allocation Failure) 12M->8M(15M) 0.342ms
[4194.443s][info][gc] GC(1297) Pause Young (Allocation Failure) 12M->8M(15M) 0.278ms
[4196.344s][info][gc] GC(1298) Pause Young (Allocation Failure) 12M->8M(15M) 0.369ms
[4198.244s][info][gc] GC(1299) Pause Young (Allocation Failure) 12M->8M(15M) 0.356ms
[4200.144s][info][gc] GC(1300) Pause Young (Allocation Failure) 12M->8M(15M) 0.296ms
[4202.044s][info][gc] GC(1301) Pause Young (Allocation Failure) 12M->8M(15M) 0.315ms
[4203.945s][info][gc] GC(1302) Pause Young (Allocation Failure) 12M->8M(15M) 0.307ms
[4205.844s][info][gc] GC(1303) Pause Young (Allocation Failure) 12M->8M(15M) 0.326ms
[4207.745s][info][gc] GC(1304) Pause Young (Allocation Failure) 12M->8M(15M) 0.341ms
[4209.744s][info][gc] GC(1305) Pause Young (Allocation Failure) 12M->8M(15M) 0.310ms
[4211.643s][info][gc] GC(1306) Pause Young (Allocation Failure) 12M->8M(15M) 0.268ms
[4213.544s][info][gc] GC(1307) Pause Young (Allocation Failure) 12M->8M(15M) 0.274ms
[4215.544s][info][gc] GC(1308) Pause Young (Allocation Failure) 12M->8M(15M) 0.280ms
[4217.544s][info][gc] GC(1309) Pause Young (Allocation Failure) 12M->8M(15M) 0.321ms
[4219.544s][info][gc] GC(1310) Pause Young (Allocation Failure) 12M->8M(15M) 0.297ms
[4221.544s][info][gc] GC(1311) Pause Young (Allocation Failure) 12M->8M(15M) 0.291ms
[4223.644s][info][gc] GC(1312) Pause Young (Allocation Failure) 12M->8M(15M) 0.269ms
[4225.644s][info][gc] GC(1313) Pause Young (Allocation Failure) 12M->8M(15M) 0.274ms
[4227.644s][info][gc] GC(1314) Pause Young (Allocation Failure) 12M->8M(15M) 0.271ms
[4229.644s][info][gc] GC(1315) Pause Young (Allocation Failure) 12M->8M(15M) 0.294ms
[4231.644s][info][gc] GC(1316) Pause Young (Allocation Failure) 12M->8M(15M) 0.288ms
[4233.645s][info][gc] GC(1317) Pause Young (Allocation Failure) 12M->8M(15M) 0.322ms
[4235.744s][info][gc] GC(1318) Pause Young (Allocation Failure) 12M->8M(15M) 0.264ms
[4237.745s][info][gc] GC(1319) Pause Young (Allocation Failure) 12M->8M(15M) 0.310ms
[4239.744s][info][gc] GC(1320) Pause Young (Allocation Failure) 12M->8M(15M) 0.268ms
[4241.744s][info][gc] GC(1321) Pause Young (Allocation Failure) 12M->8M(15M) 0.268ms
[4243.744s][info][gc] GC(1322) Pause Young (Allocation Failure) 12M->8M(15M) 0.293ms
[4245.744s][info][gc] GC(1323) Pause Young (Allocation Failure) 12M->8M(15M) 0.302ms
[4247.745s][info][gc] GC(1324) Pause Young (Allocation Failure) 12M->8M(15M) 0.305ms
[4249.843s][info][gc] GC(1325) Pause Young (Allocation Failure) 12M->8M(15M) 0.268ms
[4251.844s][info][gc] GC(1326) Pause Young (Allocation Failure) 12M->8M(15M) 0.273ms
[4253.844s][info][gc] GC(1327) Pause Young (Allocation Failure) 12M->8M(15M) 0.308ms
[4255.844s][info][gc] GC(1328) Pause Young (Allocation Failure) 12M->8M(15M) 0.295ms
[4257.844s][info][gc] GC(1329) Pause Young (Allocation Failure) 12M->8M(15M) 0.282ms
[4259.844s][info][gc] GC(1330) Pause Young (Allocation Failure) 12M->8M(15M) 0.299ms
[4261.844s][info][gc] GC(1331) Pause Young (Allocation Failure) 12M->8M(15M) 0.296ms
[4263.943s][info][gc] GC(1332) Pause Young (Allocation Failure) 12M->8M(15M) 0.260ms
[4265.944s][info][gc] GC(1333) Pause Young (Allocation Failure) 12M->8M(15M) 0.270ms
[4267.944s][info][gc] GC(1334) Pause Young (Allocation Failure) 12M->8M(15M) 0.282ms
[4269.944s][info][gc] GC(1335) Pause Young (Allocation Failure) 12M->8M(15M) 0.297ms
[4271.944s][info][gc] GC(1336) Pause Young (Allocation Failure) 12M->8M(15M) 0.315ms
[4274.044s][info][gc] GC(1337) Pause Young (Allocation Failure) 12M->8M(15M) 0.270ms
[4276.144s][info][gc] GC(1338) Pause Young (Allocation Failure) 12M->8M(15M) 0.292ms
[4278.244s][info][gc] GC(1339) Pause Young (Allocation Failure) 12M->8M(15M) 0.301ms
[4280.443s][info][gc] GC(1340) Pause Young (Allocation Failure) 12M->8M(15M) 0.254ms
[4282.515s][info][gc] GC(1341) Pause Young (Allocation Failure) 12M->8M(15M) 0.268ms
[4284.644s][info][gc] GC(1342) Pause Young (Allocation Failure) 12M->8M(15M) 0.269ms
[4286.744s][info][gc] GC(1343) Pause Young (Allocation Failure) 12M->8M(15M) 0.300ms
[4288.844s][info][gc] GC(1344) Pause Young (Allocation Failure) 12M->8M(15M) 0.296ms
[4291.045s][info][gc] GC(1345) Pause Young (Allocation Failure) 12M->8M(15M) 0.240ms
[4293.143s][info][gc] GC(1346) Pause Young (Allocation Failure) 12M->8M(15M) 0.264ms
[4295.244s][info][gc] GC(1347) Pause Young (Allocation Failure) 12M->8M(15M) 0.292ms
[4297.444s][info][gc] GC(1348) Pause Young (Allocation Failure) 12M->8M(15M) 0.236ms
[4299.531s][info][gc] GC(1349) Pause Young (Allocation Failure) 12M->8M(15M) 0.278ms
[4301.643s][info][gc] GC(1350) Pause Young (Allocation Failure) 12M->8M(15M) 0.255ms
[4303.644s][info][gc] GC(1351) Pause Young (Allocation Failure) 12M->8M(15M) 0.340ms
[4305.544s][info][gc] GC(1352) Pause Young (Allocation Failure) 12M->8M(15M) 0.306ms
[4307.443s][info][gc] GC(1353) Pause Young (Allocation Failure) 12M->8M(15M) 0.344ms
[4309.344s][info][gc] GC(1354) Pause Young (Allocation Failure) 12M->8M(15M) 0.349ms
[4311.244s][info][gc] GC(1355) Pause Young (Allocation Failure) 12M->8M(15M) 0.343ms
[4313.145s][info][gc] GC(1356) Pause Young (Allocation Failure) 12M->8M(15M) 0.319ms
[4315.044s][info][gc] GC(1357) Pause Young (Allocation Failure) 12M->8M(15M) 0.314ms
[4316.944s][info][gc] GC(1358) Pause Young (Allocation Failure) 12M->8M(15M) 0.339ms
[4318.844s][info][gc] GC(1359) Pause Young (Allocation Failure) 12M->8M(15M) 0.330ms
[4320.744s][info][gc] GC(1360) Pause Young (Allocation Failure) 12M->8M(15M) 0.333ms
[4322.645s][info][gc] GC(1361) Pause Young (Allocation Failure) 12M->8M(15M) 0.343ms
[4324.554s][info][gc] GC(1362) Pause Young (Allocation Failure) 12M->8M(15M) 0.338ms
[4326.544s][info][gc] GC(1363) Pause Young (Allocation Failure) 12M->8M(15M) 0.301ms
[4328.445s][info][gc] GC(1364) Pause Young (Allocation Failure) 12M->8M(15M) 0.406ms
[4330.344s][info][gc] GC(1365) Pause Young (Allocation Failure) 12M->8M(15M) 0.337ms
[4332.244s][info][gc] GC(1366) Pause Young (Allocation Failure) 12M->8M(15M) 0.330ms
[4334.244s][info][gc] GC(1367) Pause Young (Allocation Failure) 12M->8M(15M) 0.376ms
[4336.244s][info][gc] GC(1368) Pause Young (Allocation Failure) 12M->8M(15M) 0.287ms
[4338.244s][info][gc] GC(1369) Pause Young (Allocation Failure) 12M->8M(15M) 0.300ms
[4340.245s][info][gc] GC(1370) Pause Young (Allocation Failure) 12M->8M(15M) 0.311ms
[4342.343s][info][gc] GC(1371) Pause Young (Allocation Failure) 12M->8M(15M) 0.252ms
[4344.344s][info][gc] GC(1372) Pause Young (Allocation Failure) 12M->8M(15M) 0.261ms
[4346.345s][info][gc] GC(1373) Pause Young (Allocation Failure) 12M->8M(15M) 0.337ms
[4348.344s][info][gc] GC(1374) Pause Young (Allocation Failure) 12M->8M(15M) 0.296ms
[4350.344s][info][gc] GC(1375) Pause Young (Allocation Failure) 12M->8M(15M) 0.329ms
[4352.345s][info][gc] GC(1376) Pause Young (Allocation Failure) 12M->8M(15M) 0.306ms
[4354.345s][info][gc] GC(1377) Pause Young (Allocation Failure) 12M->8M(15M) 0.312ms
[4356.444s][info][gc] GC(1378) Pause Young (Allocation Failure) 12M->8M(15M) 0.262ms
[4358.444s][info][gc] GC(1379) Pause Young (Allocation Failure) 12M->8M(15M) 0.318ms
[4360.444s][info][gc] GC(1380) Pause Young (Allocation Failure) 12M->8M(15M) 0.271ms
[4362.443s][info][gc] GC(1381) Pause Young (Allocation Failure) 12M->8M(15M) 0.323ms
[4364.444s][info][gc] GC(1382) Pause Young (Allocation Failure) 12M->8M(15M) 0.312ms
[4366.444s][info][gc] GC(1383) Pause Young (Allocation Failure) 12M->8M(15M) 0.313ms
[4368.544s][info][gc] GC(1384) Pause Young (Allocation Failure) 12M->8M(15M) 0.271ms
[4370.544s][info][gc] GC(1385) Pause Young (Allocation Failure) 12M->8M(15M) 0.319ms
[4372.544s][info][gc] GC(1386) Pause Young (Allocation Failure) 12M->8M(15M) 0.381ms
[4374.544s][info][gc] GC(1387) Pause Young (Allocation Failure) 12M->8M(15M) 0.311ms
[4376.543s][info][gc] GC(1388) Pause Young (Allocation Failure) 12M->8M(15M) 0.270ms
[4378.544s][info][gc] GC(1389) Pause Young (Allocation Failure) 12M->8M(15M) 0.324ms
[4380.544s][info][gc] GC(1390) Pause Young (Allocation Failure) 12M->8M(15M) 0.316ms
[4382.601s][info][gc] GC(1391) Pause Young (Allocation Failure) 12M->8M(15M) 0.258ms
[4384.604s][info][gc] GC(1392) Pause Young (Allocation Failure) 12M->8M(15M) 0.275ms
[4386.605s][info][gc] GC(1393) Pause Young (Allocation Failure) 12M->8M(15M) 0.285ms
[4388.644s][info][gc] GC(1394) Pause Young (Allocation Failure) 12M->8M(15M) 0.289ms
[4390.644s][info][gc] GC(1395) Pause Young (Allocation Failure) 12M->8M(15M) 0.323ms
[4392.644s][info][gc] GC(1396) Pause Young (Allocation Failure) 12M->8M(15M) 0.277ms
[4394.744s][info][gc] GC(1397) Pause Young (Allocation Failure) 12M->8M(15M) 0.281ms
[4396.844s][info][gc] GC(1398) Pause Young (Allocation Failure) 12M->8M(15M) 0.297ms
[4398.945s][info][gc] GC(1399) Pause Young (Allocation Failure) 12M->8M(15M) 0.310ms
[4401.144s][info][gc] GC(1400) Pause Young (Allocation Failure) 12M->8M(15M) 0.308ms
[4403.244s][info][gc] GC(1401) Pause Young (Allocation Failure) 12M->8M(15M) 0.294ms
[4405.344s][info][gc] GC(1402) Pause Young (Allocation Failure) 12M->8M(15M) 0.274ms
[4407.543s][info][gc] GC(1403) Pause Young (Allocation Failure) 12M->8M(15M) 0.258ms
[4409.643s][info][gc] GC(1404) Pause Young (Allocation Failure) 12M->8M(15M) 0.228ms
[4411.745s][info][gc] GC(1405) Pause Young (Allocation Failure) 12M->8M(15M) 0.272ms
[4413.844s][info][gc] GC(1406) Pause Young (Allocation Failure) 12M->8M(15M) 0.276ms
[4416.044s][info][gc] GC(1407) Pause Young (Allocation Failure) 12M->8M(15M) 0.241ms
[4418.144s][info][gc] GC(1408) Pause Young (Allocation Failure) 12M->8M(15M) 0.261ms
[4420.243s][info][gc] GC(1409) Pause Young (Allocation Failure) 12M->8M(15M) 0.321ms
[4422.344s][info][gc] GC(1410) Pause Young (Allocation Failure) 12M->8M(15M) 0.311ms
[4424.544s][info][gc] GC(1411) Pause Young (Allocation Failure) 12M->8M(15M) 0.262ms
[4426.643s][info][gc] GC(1412) Pause Young (Allocation Failure) 12M->8M(15M) 0.235ms
[4428.744s][info][gc] GC(1413) Pause Young (Allocation Failure) 12M->8M(15M) 0.274ms
[4430.645s][info][gc] GC(1414) Pause Young (Allocation Failure) 12M->8M(15M) 0.372ms
[4432.544s][info][gc] GC(1415) Pause Young (Allocation Failure) 12M->8M(15M) 0.351ms
[4434.445s][info][gc] GC(1416) Pause Young (Allocation Failure) 12M->8M(15M) 0.341ms
[4436.345s][info][gc] GC(1417) Pause Young (Allocation Failure) 12M->8M(15M) 0.338ms
[4438.343s][info][gc] GC(1418) Pause Young (Allocation Failure) 12M->8M(15M) 0.297ms
[4440.244s][info][gc] GC(1419) Pause Young (Allocation Failure) 12M->8M(15M) 0.319ms
[4442.143s][info][gc] GC(1420) Pause Young (Allocation Failure) 12M->8M(15M) 0.352ms
[4444.043s][info][gc] GC(1421) Pause Young (Allocation Failure) 12M->8M(15M) 0.319ms
[4445.944s][info][gc] GC(1422) Pause Young (Allocation Failure) 12M->8M(15M) 0.361ms
[4447.844s][info][gc] GC(1423) Pause Young (Allocation Failure) 12M->8M(15M) 0.328ms
[4449.744s][info][gc] GC(1424) Pause Young (Allocation Failure) 12M->8M(15M) 0.343ms
[4451.663s][info][gc] GC(1425) Pause Young (Allocation Failure) 12M->8M(15M) 0.367ms
[4453.644s][info][gc] GC(1426) Pause Young (Allocation Failure) 12M->8M(15M) 0.318ms
[4455.644s][info][gc] GC(1427) Pause Young (Allocation Failure) 12M->8M(15M) 0.321ms
[4457.644s][info][gc] GC(1428) Pause Young (Allocation Failure) 12M->8M(15M) 0.319ms
[4459.645s][info][gc] GC(1429) Pause Young (Allocation Failure) 12M->8M(15M) 0.319ms
[4461.670s][info][gc] GC(1430) Pause Young (Allocation Failure) 12M->8M(15M) 0.250ms
[4463.672s][info][gc] GC(1431) Pause Young (Allocation Failure) 12M->8M(15M) 0.366ms
[4465.743s][info][gc] GC(1432) Pause Young (Allocation Failure) 12M->8M(15M) 0.259ms
[4467.744s][info][gc] GC(1433) Pause Young (Allocation Failure) 12M->8M(15M) 0.266ms
[4469.744s][info][gc] GC(1434) Pause Young (Allocation Failure) 12M->8M(15M) 0.275ms
[4471.744s][info][gc] GC(1435) Pause Young (Allocation Failure) 12M->8M(15M) 0.281ms
[4473.744s][info][gc] GC(1436) Pause Young (Allocation Failure) 12M->8M(15M) 0.303ms
[4475.744s][info][gc] GC(1437) Pause Young (Allocation Failure) 12M->8M(15M) 0.417ms
[4477.744s][info][gc] GC(1438) Pause Young (Allocation Failure) 12M->8M(15M) 0.317ms
[4479.844s][info][gc] GC(1439) Pause Young (Allocation Failure) 12M->8M(15M) 0.245ms
[4481.844s][info][gc] GC(1440) Pause Young (Allocation Failure) 12M->8M(15M) 0.312ms
[4483.644s][info][gc] GC(1441) Pause Young (Allocation Failure) 12M->8M(15M) 0.335ms
[4485.544s][info][gc] GC(1442) Pause Young (Allocation Failure) 12M->8M(15M) 0.330ms
[4487.445s][info][gc] GC(1443) Pause Young (Allocation Failure) 12M->8M(15M) 0.332ms
[4489.345s][info][gc] GC(1444) Pause Young (Allocation Failure) 12M->8M(15M) 0.327ms
[4491.245s][info][gc] GC(1445) Pause Young (Allocation Failure) 12M->8M(15M) 0.317ms
[4493.244s][info][gc] GC(1446) Pause Young (Allocation Failure) 12M->8M(15M) 0.282ms
[4495.144s][info][gc] GC(1447) Pause Young (Allocation Failure) 12M->8M(15M) 0.272ms
[4497.044s][info][gc] GC(1448) Pause Young (Allocation Failure) 12M->8M(15M) 0.330ms
[4498.944s][info][gc] GC(1449) Pause Young (Allocation Failure) 12M->8M(15M) 0.303ms
[4500.844s][info][gc] GC(1450) Pause Young (Allocation Failure) 12M->8M(15M) 0.323ms
[4502.744s][info][gc] GC(1451) Pause Young (Allocation Failure) 12M->8M(15M) 0.320ms
[4504.704s][info][gc] GC(1452) Pause Young (Allocation Failure) 12M->8M(15M) 0.333ms
[4506.645s][info][gc] GC(1453) Pause Young (Allocation Failure) 12M->8M(15M) 0.334ms
[4508.544s][info][gc] GC(1454) Pause Young (Allocation Failure) 12M->8M(15M) 0.304ms
[4510.444s][info][gc] GC(1455) Pause Young (Allocation Failure) 12M->8M(15M) 0.344ms
[4512.344s][info][gc] GC(1456) Pause Young (Allocation Failure) 12M->8M(15M) 0.340ms
[4514.344s][info][gc] GC(1457) Pause Young (Allocation Failure) 12M->8M(15M) 0.347ms
[4516.344s][info][gc] GC(1458) Pause Young (Allocation Failure) 12M->8M(15M) 0.446ms
[4518.344s][info][gc] GC(1459) Pause Young (Allocation Failure) 12M->8M(15M) 0.276ms
[4520.345s][info][gc] GC(1460) Pause Young (Allocation Failure) 12M->8M(15M) 0.304ms
[4522.344s][info][gc] GC(1461) Pause Young (Allocation Failure) 12M->8M(15M) 0.286ms
[4524.444s][info][gc] GC(1462) Pause Young (Allocation Failure) 12M->8M(15M) 0.248ms
[4526.444s][info][gc] GC(1463) Pause Young (Allocation Failure) 12M->8M(15M) 0.242ms
[4528.444s][info][gc] GC(1464) Pause Young (Allocation Failure) 12M->8M(15M) 0.272ms
[4530.444s][info][gc] GC(1465) Pause Young (Allocation Failure) 12M->8M(15M) 0.260ms
[4532.444s][info][gc] GC(1466) Pause Young (Allocation Failure) 12M->8M(15M) 0.313ms
[4534.444s][info][gc] GC(1467) Pause Young (Allocation Failure) 12M->8M(15M) 0.307ms
[4536.443s][info][gc] GC(1468) Pause Young (Allocation Failure) 12M->8M(15M) 0.311ms
[4538.544s][info][gc] GC(1469) Pause Young (Allocation Failure) 12M->8M(15M) 0.282ms
[4540.544s][info][gc] GC(1470) Pause Young (Allocation Failure) 12M->8M(15M) 0.253ms
[4542.543s][info][gc] GC(1471) Pause Young (Allocation Failure) 12M->8M(15M) 0.283ms
[4544.544s][info][gc] GC(1472) Pause Young (Allocation Failure) 12M->8M(15M) 0.306ms
[4546.544s][info][gc] GC(1473) Pause Young (Allocation Failure) 12M->8M(15M) 0.307ms
[4548.544s][info][gc] GC(1474) Pause Young (Allocation Failure) 12M->8M(15M) 0.301ms
[4550.544s][info][gc] GC(1475) Pause Young (Allocation Failure) 12M->8M(15M) 0.312ms
[4552.643s][info][gc] GC(1476) Pause Young (Allocation Failure) 12M->8M(15M) 0.315ms
[4554.444s][info][gc] GC(1477) Pause Young (Allocation Failure) 12M->8M(15M) 0.331ms
[4556.443s][info][gc] GC(1478) Pause Young (Allocation Failure) 12M->8M(15M) 0.279ms
[4558.344s][info][gc] GC(1479) Pause Young (Allocation Failure) 12M->8M(15M) 0.364ms
[4560.244s][info][gc] GC(1480) Pause Young (Allocation Failure) 12M->8M(15M) 0.280ms
[4562.144s][info][gc] GC(1481) Pause Young (Allocation Failure) 12M->8M(15M) 0.314ms
[4564.044s][info][gc] GC(1482) Pause Young (Allocation Failure) 12M->8M(15M) 0.355ms
[4565.944s][info][gc] GC(1483) Pause Young (Allocation Failure) 12M->8M(15M) 0.302ms
[4567.844s][info][gc] GC(1484) Pause Young (Allocation Failure) 12M->8M(15M) 0.330ms
[4569.757s][info][gc] GC(1485) Pause Young (Allocation Failure) 12M->8M(15M) 0.295ms
[4571.744s][info][gc] GC(1486) Pause Young (Allocation Failure) 12M->8M(15M) 0.312ms
[4573.644s][info][gc] GC(1487) Pause Young (Allocation Failure) 12M->8M(15M) 0.308ms
[4575.645s][info][gc] GC(1488) Pause Young (Allocation Failure) 12M->8M(15M) 0.326ms
[4577.645s][info][gc] GC(1489) Pause Young (Allocation Failure) 12M->8M(15M) 0.312ms
[4579.744s][info][gc] GC(1490) Pause Young (Allocation Failure) 12M->8M(15M) 0.299ms
[4581.744s][info][gc] GC(1491) Pause Young (Allocation Failure) 12M->8M(15M) 0.283ms
[4583.745s][info][gc] GC(1492) Pause Young (Allocation Failure) 12M->8M(15M) 0.288ms
[4585.744s][info][gc] GC(1493) Pause Young (Allocation Failure) 12M->8M(15M) 0.291ms
[4587.744s][info][gc] GC(1494) Pause Young (Allocation Failure) 12M->8M(15M) 0.285ms
[4589.744s][info][gc] GC(1495) Pause Young (Allocation Failure) 12M->8M(15M) 0.279ms
[4591.773s][info][gc] GC(1496) Pause Young (Allocation Failure) 12M->8M(15M) 0.260ms
[4593.775s][info][gc] GC(1497) Pause Young (Allocation Failure) 12M->8M(15M) 0.237ms
[4595.776s][info][gc] GC(1498) Pause Young (Allocation Failure) 12M->8M(15M) 0.246ms
[4597.844s][info][gc] GC(1499) Pause Young (Allocation Failure) 12M->8M(15M) 0.256ms
[4599.844s][info][gc] GC(1500) Pause Young (Allocation Failure) 12M->8M(15M) 0.235ms
[4601.844s][info][gc] GC(1501) Pause Young (Allocation Failure) 12M->8M(15M) 0.281ms
[4603.844s][info][gc] GC(1502) Pause Young (Allocation Failure) 12M->8M(15M) 0.284ms
[4605.844s][info][gc] GC(1503) Pause Young (Allocation Failure) 12M->8M(15M) 0.262ms
[4607.844s][info][gc] GC(1504) Pause Young (Allocation Failure) 12M->8M(15M) 0.273ms
[4609.844s][info][gc] GC(1505) Pause Young (Allocation Failure) 12M->8M(15M) 0.305ms
[4611.943s][info][gc] GC(1506) Pause Young (Allocation Failure) 12M->8M(15M) 0.239ms
[4613.944s][info][gc] GC(1507) Pause Young (Allocation Failure) 12M->8M(15M) 0.257ms
[4615.944s][info][gc] GC(1508) Pause Young (Allocation Failure) 12M->8M(15M) 0.273ms
[4617.944s][info][gc] GC(1509) Pause Young (Allocation Failure) 12M->8M(15M) 0.398ms
[4619.944s][info][gc] GC(1510) Pause Young (Allocation Failure) 12M->8M(15M) 0.302ms
[4621.945s][info][gc] GC(1511) Pause Young (Allocation Failure) 12M->8M(15M) 0.299ms
[4624.044s][info][gc] GC(1512) Pause Young (Allocation Failure) 12M->8M(15M) 0.264ms
[4626.044s][info][gc] GC(1513) Pause Young (Allocation Failure) 12M->8M(15M) 0.296ms
[4628.044s][info][gc] GC(1514) Pause Young (Allocation Failure) 12M->8M(15M) 0.264ms
[4630.044s][info][gc] GC(1515) Pause Young (Allocation Failure) 12M->8M(15M) 0.290ms
[4632.045s][info][gc] GC(1516) Pause Young (Allocation Failure) 12M->8M(15M) 0.307ms
[4634.145s][info][gc] GC(1517) Pause Young (Allocation Failure) 12M->8M(15M) 0.283ms
[4636.244s][info][gc] GC(1518) Pause Young (Allocation Failure) 12M->8M(15M) 0.319ms
[4638.344s][info][gc] GC(1519) Pause Young (Allocation Failure) 12M->8M(15M) 0.289ms
[4640.544s][info][gc] GC(1520) Pause Young (Allocation Failure) 12M->8M(15M) 0.236ms
[4642.645s][info][gc] GC(1521) Pause Young (Allocation Failure) 12M->8M(15M) 0.269ms
[4644.744s][info][gc] GC(1522) Pause Young (Allocation Failure) 12M->8M(15M) 0.275ms
[4646.844s][info][gc] GC(1523) Pause Young (Allocation Failure) 12M->8M(15M) 0.285ms
[4648.944s][info][gc] GC(1524) Pause Young (Allocation Failure) 12M->8M(15M) 0.298ms
[4651.144s][info][gc] GC(1525) Pause Young (Allocation Failure) 12M->8M(15M) 0.274ms
[4653.244s][info][gc] GC(1526) Pause Young (Allocation Failure) 12M->8M(15M) 0.282ms
[4655.344s][info][gc] GC(1527) Pause Young (Allocation Failure) 12M->8M(15M) 0.301ms
[4657.544s][info][gc] GC(1528) Pause Young (Allocation Failure) 12M->8M(15M) 0.242ms
[4659.644s][info][gc] GC(1529) Pause Young (Allocation Failure) 12M->8M(15M) 0.308ms
[4661.744s][info][gc] GC(1530) Pause Young (Allocation Failure) 12M->8M(15M) 0.292ms
[4663.844s][info][gc] GC(1531) Pause Young (Allocation Failure) 12M->8M(15M) 0.287ms
[4666.043s][info][gc] GC(1532) Pause Young (Allocation Failure) 12M->8M(15M) 0.240ms
[4668.143s][info][gc] GC(1533) Pause Young (Allocation Failure) 12M->8M(15M) 0.278ms
[4670.244s][info][gc] GC(1534) Pause Young (Allocation Failure) 12M->8M(15M) 0.284ms
[4672.344s][info][gc] GC(1535) Pause Young (Allocation Failure) 12M->8M(15M) 0.292ms
[4674.545s][info][gc] GC(1536) Pause Young (Allocation Failure) 12M->8M(15M) 0.257ms
[4676.444s][info][gc] GC(1537) Pause Young (Allocation Failure) 12M->8M(15M) 0.302ms
[4678.344s][info][gc] GC(1538) Pause Young (Allocation Failure) 12M->8M(15M) 0.299ms
[4680.244s][info][gc] GC(1539) Pause Young (Allocation Failure) 12M->8M(15M) 0.305ms
[4682.144s][info][gc] GC(1540) Pause Young (Allocation Failure) 12M->8M(15M) 0.358ms
[4684.044s][info][gc] GC(1541) Pause Young (Allocation Failure) 12M->8M(15M) 0.295ms
[4685.944s][info][gc] GC(1542) Pause Young (Allocation Failure) 12M->8M(15M) 0.293ms
[4687.844s][info][gc] GC(1543) Pause Young (Allocation Failure) 12M->8M(15M) 0.317ms
[4689.744s][info][gc] GC(1544) Pause Young (Allocation Failure) 12M->8M(15M) 0.299ms
[4691.645s][info][gc] GC(1545) Pause Young (Allocation Failure) 12M->8M(15M) 0.340ms
[4693.545s][info][gc] GC(1546) Pause Young (Allocation Failure) 12M->8M(15M) 0.321ms
[4695.543s][info][gc] GC(1547) Pause Young (Allocation Failure) 12M->8M(15M) 0.280ms
[4697.444s][info][gc] GC(1548) Pause Young (Allocation Failure) 12M->8M(15M) 0.295ms
[4699.344s][info][gc] GC(1549) Pause Young (Allocation Failure) 12M->8M(15M) 0.309ms
[4701.244s][info][gc] GC(1550) Pause Young (Allocation Failure) 12M->8M(15M) 0.319ms
[4703.144s][info][gc] GC(1551) Pause Young (Allocation Failure) 12M->8M(15M) 0.338ms
[4705.045s][info][gc] GC(1552) Pause Young (Allocation Failure) 12M->8M(15M) 0.358ms
[4706.945s][info][gc] GC(1553) Pause Young (Allocation Failure) 12M->8M(15M) 0.321ms
[4708.944s][info][gc] GC(1554) Pause Young (Allocation Failure) 12M->8M(15M) 0.300ms
[4710.944s][info][gc] GC(1555) Pause Young (Allocation Failure) 12M->8M(15M) 0.291ms
[4712.944s][info][gc] GC(1556) Pause Young (Allocation Failure) 12M->8M(15M) 0.306ms
[4714.944s][info][gc] GC(1557) Pause Young (Allocation Failure) 12M->8M(15M) 0.350ms
[4716.944s][info][gc] GC(1558) Pause Young (Allocation Failure) 12M->8M(15M) 0.293ms
[4719.044s][info][gc] GC(1559) Pause Young (Allocation Failure) 12M->8M(15M) 0.249ms
[4721.044s][info][gc] GC(1560) Pause Young (Allocation Failure) 12M->8M(15M) 0.267ms
[4723.045s][info][gc] GC(1561) Pause Young (Allocation Failure) 12M->8M(15M) 0.281ms
[4725.044s][info][gc] GC(1562) Pause Young (Allocation Failure) 12M->8M(15M) 0.371ms
[4727.044s][info][gc] GC(1563) Pause Young (Allocation Failure) 12M->8M(15M) 0.315ms
[4729.044s][info][gc] GC(1564) Pause Young (Allocation Failure) 12M->8M(15M) 0.371ms
[4731.143s][info][gc] GC(1565) Pause Young (Allocation Failure) 12M->8M(15M) 0.273ms
[4733.144s][info][gc] GC(1566) Pause Young (Allocation Failure) 12M->8M(15M) 0.252ms
[4735.144s][info][gc] GC(1567) Pause Young (Allocation Failure) 12M->8M(15M) 0.274ms
[4737.144s][info][gc] GC(1568) Pause Young (Allocation Failure) 12M->8M(15M) 0.308ms
[4739.144s][info][gc] GC(1569) Pause Young (Allocation Failure) 12M->8M(15M) 0.293ms
[4741.144s][info][gc] GC(1570) Pause Young (Allocation Failure) 12M->8M(15M) 0.303ms
[4743.243s][info][gc] GC(1571) Pause Young (Allocation Failure) 12M->8M(15M) 0.238ms
[4745.244s][info][gc] GC(1572) Pause Young (Allocation Failure) 12M->8M(15M) 0.258ms
[4747.243s][info][gc] GC(1573) Pause Young (Allocation Failure) 12M->8M(15M) 0.343ms
[4749.244s][info][gc] GC(1574) Pause Young (Allocation Failure) 12M->8M(15M) 0.278ms
[4751.244s][info][gc] GC(1575) Pause Young (Allocation Failure) 12M->8M(15M) 0.287ms
[4753.244s][info][gc] GC(1576) Pause Young (Allocation Failure) 12M->8M(15M) 0.307ms
[4755.279s][info][gc] GC(1577) Pause Young (Allocation Failure) 12M->8M(15M) 0.235ms
[4757.344s][info][gc] GC(1578) Pause Young (Allocation Failure) 12M->8M(15M) 0.242ms
[4759.343s][info][gc] GC(1579) Pause Young (Allocation Failure) 12M->8M(15M) 0.240ms
[4761.344s][info][gc] GC(1580) Pause Young (Allocation Failure) 12M->8M(15M) 0.300ms
[4763.344s][info][gc] GC(1581) Pause Young (Allocation Failure) 12M->8M(15M) 0.295ms
[4765.345s][info][gc] GC(1582) Pause Young (Allocation Failure) 12M->8M(15M) 0.296ms
[4767.346s][info][gc] GC(1583) Pause Young (Allocation Failure) 12M->8M(15M) 0.339ms
[4769.444s][info][gc] GC(1584) Pause Young (Allocation Failure) 12M->8M(15M) 0.291ms
[4771.644s][info][gc] GC(1585) Pause Young (Allocation Failure) 12M->8M(15M) 0.299ms
[4773.745s][info][gc] GC(1586) Pause Young (Allocation Failure) 12M->8M(15M) 0.312ms
[4775.845s][info][gc] GC(1587) Pause Young (Allocation Failure) 12M->8M(15M) 0.464ms
[4777.944s][info][gc] GC(1588) Pause Young (Allocation Failure) 12M->8M(15M) 0.575ms
[4780.044s][info][gc] GC(1589) Pause Young (Allocation Failure) 12M->8M(15M) 0.532ms
[4782.244s][info][gc] GC(1590) Pause Young (Allocation Failure) 12M->8M(15M) 0.263ms
[4784.344s][info][gc] GC(1591) Pause Young (Allocation Failure) 12M->8M(15M) 0.280ms
[4786.444s][info][gc] GC(1592) Pause Young (Allocation Failure) 12M->8M(15M) 0.275ms
[4788.643s][info][gc] GC(1593) Pause Young (Allocation Failure) 12M->8M(15M) 0.255ms
[4790.744s][info][gc] GC(1594) Pause Young (Allocation Failure) 12M->8M(15M) 0.265ms
[4792.844s][info][gc] GC(1595) Pause Young (Allocation Failure) 12M->8M(15M) 0.335ms
[4794.944s][info][gc] GC(1596) Pause Young (Allocation Failure) 12M->8M(15M) 0.384ms
[4797.045s][info][gc] GC(1597) Pause Young (Allocation Failure) 12M->8M(15M) 0.406ms
[4799.244s][info][gc] GC(1598) Pause Young (Allocation Failure) 12M->8M(15M) 0.409ms
[4801.343s][info][gc] GC(1599) Pause Young (Allocation Failure) 12M->8M(15M) 0.290ms
[4803.445s][info][gc] GC(1600) Pause Young (Allocation Failure) 12M->8M(15M) 0.365ms
[4805.344s][info][gc] GC(1601) Pause Young (Allocation Failure) 12M->8M(15M) 0.354ms
[4807.244s][info][gc] GC(1602) Pause Young (Allocation Failure) 12M->8M(15M) 0.309ms
[4809.144s][info][gc] GC(1603) Pause Young (Allocation Failure) 12M->8M(15M) 0.341ms
[4811.044s][info][gc] GC(1604) Pause Young (Allocation Failure) 12M->8M(15M) 0.345ms
[4812.955s][info][gc] GC(1605) Pause Young (Allocation Failure) 12M->8M(15M) 0.376ms
[4814.944s][info][gc] GC(1606) Pause Young (Allocation Failure) 12M->8M(15M) 0.319ms
[4816.844s][info][gc] GC(1607) Pause Young (Allocation Failure) 12M->8M(15M) 0.335ms
[4818.744s][info][gc] GC(1608) Pause Young (Allocation Failure) 12M->8M(15M) 0.323ms
[4820.644s][info][gc] GC(1609) Pause Young (Allocation Failure) 12M->8M(15M) 0.376ms
[4822.545s][info][gc] GC(1610) Pause Young (Allocation Failure) 12M->8M(15M) 0.342ms
[4824.543s][info][gc] GC(1611) Pause Young (Allocation Failure) 12M->8M(15M) 0.301ms
[4826.444s][info][gc] GC(1612) Pause Young (Allocation Failure) 12M->8M(15M) 0.295ms
[4828.343s][info][gc] GC(1613) Pause Young (Allocation Failure) 12M->8M(15M) 0.352ms
[4830.344s][info][gc] GC(1614) Pause Young (Allocation Failure) 12M->8M(15M) 0.317ms
[4832.344s][info][gc] GC(1615) Pause Young (Allocation Failure) 12M->8M(15M) 0.312ms
[4834.343s][info][gc] GC(1616) Pause Young (Allocation Failure) 12M->8M(15M) 0.338ms
[4836.344s][info][gc] GC(1617) Pause Young (Allocation Failure) 12M->8M(15M) 0.309ms
[4838.344s][info][gc] GC(1618) Pause Young (Allocation Failure) 12M->8M(15M) 0.303ms
[4840.444s][info][gc] GC(1619) Pause Young (Allocation Failure) 12M->8M(15M) 0.249ms
[4842.443s][info][gc] GC(1620) Pause Young (Allocation Failure) 12M->8M(15M) 0.300ms
[4844.443s][info][gc] GC(1621) Pause Young (Allocation Failure) 12M->8M(15M) 0.305ms
[4846.444s][info][gc] GC(1622) Pause Young (Allocation Failure) 12M->8M(15M) 0.312ms
[4848.444s][info][gc] GC(1623) Pause Young (Allocation Failure) 12M->8M(15M) 0.313ms
[4850.444s][info][gc] GC(1624) Pause Young (Allocation Failure) 12M->8M(15M) 0.354ms
[4852.444s][info][gc] GC(1625) Pause Young (Allocation Failure) 12M->8M(15M) 0.328ms
[4854.544s][info][gc] GC(1626) Pause Young (Allocation Failure) 12M->8M(15M) 0.244ms
[4856.544s][info][gc] GC(1627) Pause Young (Allocation Failure) 12M->8M(15M) 0.330ms
[4858.544s][info][gc] GC(1628) Pause Young (Allocation Failure) 12M->8M(15M) 0.286ms
[4860.544s][info][gc] GC(1629) Pause Young (Allocation Failure) 12M->8M(15M) 0.327ms
[4862.544s][info][gc] GC(1630) Pause Young (Allocation Failure) 12M->8M(15M) 0.303ms
[4864.544s][info][gc] GC(1631) Pause Young (Allocation Failure) 12M->8M(15M) 0.292ms
[4866.644s][info][gc] GC(1632) Pause Young (Allocation Failure) 12M->8M(15M) 0.240ms
[4868.644s][info][gc] GC(1633) Pause Young (Allocation Failure) 12M->8M(15M) 0.302ms
[4870.645s][info][gc] GC(1634) Pause Young (Allocation Failure) 12M->8M(15M) 0.319ms
[4872.644s][info][gc] GC(1635) Pause Young (Allocation Failure) 12M->8M(15M) 0.300ms
[4874.643s][info][gc] GC(1636) Pause Young (Allocation Failure) 12M->8M(15M) 0.302ms
[4876.645s][info][gc] GC(1637) Pause Young (Allocation Failure) 12M->8M(15M) 0.311ms
[4878.645s][info][gc] GC(1638) Pause Young (Allocation Failure) 12M->8M(15M) 0.295ms
[4880.744s][info][gc] GC(1639) Pause Young (Allocation Failure) 12M->8M(15M) 0.252ms
[4882.545s][info][gc] GC(1640) Pause Young (Allocation Failure) 12M->8M(15M) 0.383ms
[4884.445s][info][gc] GC(1641) Pause Young (Allocation Failure) 12M->8M(15M) 0.507ms
[4886.344s][info][gc] GC(1642) Pause Young (Allocation Failure) 12M->8M(15M) 0.340ms
[4888.245s][info][gc] GC(1643) Pause Young (Allocation Failure) 12M->8M(15M) 0.329ms
[4890.145s][info][gc] GC(1644) Pause Young (Allocation Failure) 12M->8M(15M) 0.313ms
[4892.044s][info][gc] GC(1645) Pause Young (Allocation Failure) 12M->8M(15M) 0.289ms
[4893.944s][info][gc] GC(1646) Pause Young (Allocation Failure) 12M->8M(15M) 0.321ms
[4895.844s][info][gc] GC(1647) Pause Young (Allocation Failure) 12M->8M(15M) 0.331ms
[4897.745s][info][gc] GC(1648) Pause Young (Allocation Failure) 12M->8M(15M) 0.428ms
[4899.645s][info][gc] GC(1649) Pause Young (Allocation Failure) 12M->8M(15M) 0.335ms
[4901.544s][info][gc] GC(1650) Pause Young (Allocation Failure) 12M->8M(15M) 0.467ms
[4903.445s][info][gc] GC(1651) Pause Young (Allocation Failure) 12M->8M(15M) 0.321ms
[4905.444s][info][gc] GC(1652) Pause Young (Allocation Failure) 12M->8M(15M) 0.331ms
[4907.345s][info][gc] GC(1653) Pause Young (Allocation Failure) 12M->8M(15M) 0.364ms
[4909.245s][info][gc] GC(1654) Pause Young (Allocation Failure) 12M->8M(15M) 0.553ms
[4911.145s][info][gc] GC(1655) Pause Young (Allocation Failure) 12M->8M(15M) 0.594ms
[4913.046s][info][gc] GC(1656) Pause Young (Allocation Failure) 12M->8M(15M) 0.631ms
[4915.039s][info][gc] GC(1657) Pause Young (Allocation Failure) 12M->8M(15M) 0.272ms
[4916.944s][info][gc] GC(1658) Pause Young (Allocation Failure) 12M->8M(15M) 0.378ms
[4918.846s][info][gc] GC(1659) Pause Young (Allocation Failure) 12M->8M(15M) 0.477ms
[4920.743s][info][gc] GC(1660) Pause Young (Allocation Failure) 12M->8M(15M) 0.286ms
[4922.546s][info][gc] GC(1661) Pause Young (Allocation Failure) 12M->8M(15M) 0.637ms
[4924.444s][info][gc] GC(1662) Pause Young (Allocation Failure) 12M->8M(15M) 0.417ms
[4926.344s][info][gc] GC(1663) Pause Young (Allocation Failure) 12M->8M(15M) 0.429ms
[4928.246s][info][gc] GC(1664) Pause Young (Allocation Failure) 12M->8M(15M) 0.882ms
[4930.244s][info][gc] GC(1665) Pause Young (Allocation Failure) 12M->8M(15M) 0.303ms
[4932.143s][info][gc] GC(1666) Pause Young (Allocation Failure) 12M->8M(15M) 0.354ms
[4934.044s][info][gc] GC(1667) Pause Young (Allocation Failure) 12M->8M(15M) 0.366ms
[4935.944s][info][gc] GC(1668) Pause Young (Allocation Failure) 12M->8M(15M) 0.356ms
[4937.844s][info][gc] GC(1669) Pause Young (Allocation Failure) 12M->8M(15M) 0.346ms
[4939.844s][info][gc] GC(1670) Pause Young (Allocation Failure) 12M->8M(15M) 0.283ms
[4941.743s][info][gc] GC(1671) Pause Young (Allocation Failure) 12M->8M(15M) 0.347ms
[4943.644s][info][gc] GC(1672) Pause Young (Allocation Failure) 12M->8M(15M) 0.416ms
[4945.544s][info][gc] GC(1673) Pause Young (Allocation Failure) 12M->8M(15M) 0.308ms
[4947.444s][info][gc] GC(1674) Pause Young (Allocation Failure) 12M->8M(15M) 0.326ms
[4949.444s][info][gc] GC(1675) Pause Young (Allocation Failure) 12M->8M(15M) 0.330ms
[4951.444s][info][gc] GC(1676) Pause Young (Allocation Failure) 12M->8M(15M) 0.355ms
[4953.444s][info][gc] GC(1677) Pause Young (Allocation Failure) 12M->8M(15M) 0.379ms
[4955.444s][info][gc] GC(1678) Pause Young (Allocation Failure) 12M->8M(15M) 0.306ms
[4957.444s][info][gc] GC(1679) Pause Young (Allocation Failure) 12M->8M(15M) 0.308ms
[4959.445s][info][gc] GC(1680) Pause Young (Allocation Failure) 12M->8M(15M) 0.318ms
[4961.544s][info][gc] GC(1681) Pause Young (Allocation Failure) 12M->8M(15M) 0.240ms
[4963.544s][info][gc] GC(1682) Pause Young (Allocation Failure) 12M->8M(15M) 0.277ms
[4965.545s][info][gc] GC(1683) Pause Young (Allocation Failure) 12M->8M(15M) 0.269ms
[4967.544s][info][gc] GC(1684) Pause Young (Allocation Failure) 12M->8M(15M) 0.296ms
[4969.544s][info][gc] GC(1685) Pause Young (Allocation Failure) 12M->8M(15M) 0.317ms
[4971.545s][info][gc] GC(1686) Pause Young (Allocation Failure) 12M->8M(15M) 0.445ms
[4973.644s][info][gc] GC(1687) Pause Young (Allocation Failure) 12M->8M(15M) 0.255ms
[4975.644s][info][gc] GC(1688) Pause Young (Allocation Failure) 12M->8M(15M) 0.278ms
[4977.644s][info][gc] GC(1689) Pause Young (Allocation Failure) 12M->8M(15M) 0.316ms
[4979.644s][info][gc] GC(1690) Pause Young (Allocation Failure) 12M->8M(15M) 0.302ms
[4981.644s][info][gc] GC(1691) Pause Young (Allocation Failure) 12M->8M(15M) 0.308ms
[4983.644s][info][gc] GC(1692) Pause Young (Allocation Failure) 12M->8M(15M) 0.324ms
[4985.743s][info][gc] GC(1693) Pause Young (Allocation Failure) 12M->8M(15M) 0.239ms
[4987.744s][info][gc] GC(1694) Pause Young (Allocation Failure) 12M->8M(15M) 0.555ms
[4989.744s][info][gc] GC(1695) Pause Young (Allocation Failure) 12M->8M(15M) 0.290ms
[4991.743s][info][gc] GC(1696) Pause Young (Allocation Failure) 12M->8M(15M) 0.282ms
[4993.744s][info][gc] GC(1697) Pause Young (Allocation Failure) 12M->8M(15M) 0.314ms
[4995.745s][info][gc] GC(1698) Pause Young (Allocation Failure) 12M->8M(15M) 0.413ms
[4997.843s][info][gc] GC(1699) Pause Young (Allocation Failure) 12M->8M(15M) 0.263ms
[4999.844s][info][gc] GC(1700) Pause Young (Allocation Failure) 12M->8M(15M) 0.295ms
[5001.844s][info][gc] GC(1701) Pause Young (Allocation Failure) 12M->8M(15M) 0.363ms
[5003.844s][info][gc] GC(1702) Pause Young (Allocation Failure) 12M->8M(15M) 0.307ms
[5005.845s][info][gc] GC(1703) Pause Young (Allocation Failure) 12M->8M(15M) 0.298ms
[5007.845s][info][gc] GC(1704) Pause Young (Allocation Failure) 12M->8M(15M) 0.321ms
[5009.944s][info][gc] GC(1705) Pause Young (Allocation Failure) 12M->8M(15M) 0.319ms
[5012.122s][info][gc] GC(1706) Pause Young (Allocation Failure) 12M->8M(15M) 0.623ms
[5014.244s][info][gc] GC(1707) Pause Young (Allocation Failure) 12M->8M(15M) 0.280ms
[5016.344s][info][gc] GC(1708) Pause Young (Allocation Failure) 12M->8M(15M) 0.358ms
[5018.444s][info][gc] GC(1709) Pause Young (Allocation Failure) 12M->8M(15M) 0.301ms
[5020.546s][info][gc] GC(1710) Pause Young (Allocation Failure) 12M->8M(15M) 0.380ms
[5022.745s][info][gc] GC(1711) Pause Young (Allocation Failure) 12M->8M(15M) 0.268ms
[5024.843s][info][gc] GC(1712) Pause Young (Allocation Failure) 12M->8M(15M) 0.349ms
[5026.944s][info][gc] GC(1713) Pause Young (Allocation Failure) 12M->8M(15M) 0.290ms
[5029.135s][info][gc] GC(1714) Pause Young (Allocation Failure) 12M->8M(15M) 0.252ms
[5031.243s][info][gc] GC(1715) Pause Young (Allocation Failure) 12M->8M(15M) 0.257ms
[5033.343s][info][gc] GC(1716) Pause Young (Allocation Failure) 12M->8M(15M) 0.307ms
[5035.445s][info][gc] GC(1717) Pause Young (Allocation Failure) 12M->8M(15M) 0.293ms
[5037.544s][info][gc] GC(1718) Pause Young (Allocation Failure) 12M->8M(15M) 0.280ms
[5039.422s][info][gc] GC(1719) Pause Young (Allocation Failure) 12M->8M(15M) 0.267ms
[5041.244s][info][gc] GC(1720) Pause Young (Allocation Failure) 12M->8M(15M) 0.502ms
[5043.147s][info][gc] GC(1721) Pause Young (Allocation Failure) 12M->8M(15M) 0.281ms
[5045.144s][info][gc] GC(1722) Pause Young (Allocation Failure) 12M->8M(15M) 0.303ms
[5047.044s][info][gc] GC(1723) Pause Young (Allocation Failure) 12M->8M(15M) 0.305ms
[5048.943s][info][gc] GC(1724) Pause Young (Allocation Failure) 12M->8M(15M) 0.335ms
[5050.844s][info][gc] GC(1725) Pause Young (Allocation Failure) 12M->8M(15M) 0.354ms
[5052.745s][info][gc] GC(1726) Pause Young (Allocation Failure) 12M->8M(15M) 0.325ms
[5054.646s][info][gc] GC(1727) Pause Young (Allocation Failure) 12M->8M(15M) 0.486ms
[5056.645s][info][gc] GC(1728) Pause Young (Allocation Failure) 12M->8M(15M) 0.591ms
[5058.545s][info][gc] GC(1729) Pause Young (Allocation Failure) 12M->8M(15M) 0.601ms
[5060.445s][info][gc] GC(1730) Pause Young (Allocation Failure) 12M->8M(15M) 0.565ms
[5062.344s][info][gc] GC(1731) Pause Young (Allocation Failure) 12M->8M(15M) 0.323ms
[5064.245s][info][gc] GC(1732) Pause Young (Allocation Failure) 12M->8M(15M) 0.620ms
[5066.168s][info][gc] GC(1733) Pause Young (Allocation Failure) 12M->8M(15M) 0.336ms
[5068.145s][info][gc] GC(1734) Pause Young (Allocation Failure) 12M->8M(15M) 0.602ms
[5070.145s][info][gc] GC(1735) Pause Young (Allocation Failure) 12M->8M(15M) 0.585ms
[5072.145s][info][gc] GC(1736) Pause Young (Allocation Failure) 12M->8M(15M) 0.361ms
[5074.145s][info][gc] GC(1737) Pause Young (Allocation Failure) 12M->8M(15M) 0.364ms
[5076.144s][info][gc] GC(1738) Pause Young (Allocation Failure) 12M->8M(15M) 0.357ms
[5078.145s][info][gc] GC(1739) Pause Young (Allocation Failure) 12M->8M(15M) 0.331ms
[5080.144s][info][gc] GC(1740) Pause Young (Allocation Failure) 12M->8M(15M) 0.326ms
[5082.182s][info][gc] GC(1741) Pause Young (Allocation Failure) 12M->8M(15M) 0.427ms
[5084.183s][info][gc] GC(1742) Pause Young (Allocation Failure) 12M->8M(15M) 0.378ms
[5086.243s][info][gc] GC(1743) Pause Young (Allocation Failure) 12M->8M(15M) 0.244ms
[5088.244s][info][gc] GC(1744) Pause Young (Allocation Failure) 12M->8M(15M) 0.327ms
[5090.144s][info][gc] GC(1745) Pause Young (Allocation Failure) 12M->8M(15M) 0.327ms
[5092.044s][info][gc] GC(1746) Pause Young (Allocation Failure) 12M->8M(15M) 0.312ms
[5093.944s][info][gc] GC(1747) Pause Young (Allocation Failure) 12M->8M(15M) 0.302ms
[5095.844s][info][gc] GC(1748) Pause Young (Allocation Failure) 12M->8M(15M) 0.347ms
[5097.745s][info][gc] GC(1749) Pause Young (Allocation Failure) 12M->8M(15M) 0.333ms
[5099.644s][info][gc] GC(1750) Pause Young (Allocation Failure) 12M->8M(15M) 0.321ms
[5101.544s][info][gc] GC(1751) Pause Young (Allocation Failure) 12M->8M(15M) 0.337ms
[5103.451s][info][gc] GC(1752) Pause Young (Allocation Failure) 12M->8M(15M) 0.624ms
[5105.443s][info][gc] GC(1753) Pause Young (Allocation Failure) 12M->8M(15M) 0.297ms
[5107.344s][info][gc] GC(1754) Pause Young (Allocation Failure) 12M->8M(15M) 0.326ms
[5109.244s][info][gc] GC(1755) Pause Young (Allocation Failure) 12M->8M(15M) 0.311ms
[5111.144s][info][gc] GC(1756) Pause Young (Allocation Failure) 12M->8M(15M) 0.340ms
[5113.143s][info][gc] GC(1757) Pause Young (Allocation Failure) 12M->8M(15M) 0.284ms
[5115.044s][info][gc] GC(1758) Pause Young (Allocation Failure) 12M->8M(15M) 0.346ms
[5117.144s][info][gc] GC(1759) Pause Young (Allocation Failure) 12M->8M(15M) 0.275ms
[5119.144s][info][gc] GC(1760) Pause Young (Allocation Failure) 12M->8M(15M) 0.309ms
[5121.144s][info][gc] GC(1761) Pause Young (Allocation Failure) 12M->8M(15M) 0.293ms
[5123.144s][info][gc] GC(1762) Pause Young (Allocation Failure) 12M->8M(15M) 0.308ms
[5125.144s][info][gc] GC(1763) Pause Young (Allocation Failure) 12M->8M(15M) 0.313ms
[5127.144s][info][gc] GC(1764) Pause Young (Allocation Failure) 12M->8M(15M) 0.299ms
[5129.222s][info][gc] GC(1765) Pause Young (Allocation Failure) 12M->8M(15M) 0.272ms
[5131.226s][info][gc] GC(1766) Pause Young (Allocation Failure) 12M->8M(15M) 0.267ms
[5133.228s][info][gc] GC(1767) Pause Young (Allocation Failure) 12M->8M(15M) 0.316ms
[5135.245s][info][gc] GC(1768) Pause Young (Allocation Failure) 12M->8M(15M) 0.333ms
[5137.245s][info][gc] GC(1769) Pause Young (Allocation Failure) 12M->8M(15M) 0.281ms
[5139.244s][info][gc] GC(1770) Pause Young (Allocation Failure) 12M->8M(15M) 0.281ms
[5141.244s][info][gc] GC(1771) Pause Young (Allocation Failure) 12M->8M(15M) 0.310ms
[5143.244s][info][gc] GC(1772) Pause Young (Allocation Failure) 12M->8M(15M) 0.291ms
[5145.245s][info][gc] GC(1773) Pause Young (Allocation Failure) 12M->8M(15M) 0.313ms
[5147.344s][info][gc] GC(1774) Pause Young (Allocation Failure) 12M->8M(15M) 0.248ms
[5149.344s][info][gc] GC(1775) Pause Young (Allocation Failure) 12M->8M(15M) 0.337ms
[5151.344s][info][gc] GC(1776) Pause Young (Allocation Failure) 12M->8M(15M) 0.373ms
[5153.345s][info][gc] GC(1777) Pause Young (Allocation Failure) 12M->8M(15M) 0.285ms
[5155.344s][info][gc] GC(1778) Pause Young (Allocation Failure) 12M->8M(15M) 0.310ms
[5157.245s][info][gc] GC(1779) Pause Young (Allocation Failure) 12M->8M(15M) 0.331ms
[5159.243s][info][gc] GC(1780) Pause Young (Allocation Failure) 12M->8M(15M) 0.306ms
[5161.145s][info][gc] GC(1781) Pause Young (Allocation Failure) 12M->8M(15M) 0.304ms
[5163.044s][info][gc] GC(1782) Pause Young (Allocation Failure) 12M->8M(15M) 0.421ms
[5164.944s][info][gc] GC(1783) Pause Young (Allocation Failure) 12M->8M(15M) 0.353ms
[5166.845s][info][gc] GC(1784) Pause Young (Allocation Failure) 12M->8M(15M) 0.305ms
[5168.744s][info][gc] GC(1785) Pause Young (Allocation Failure) 12M->8M(15M) 0.338ms
[5170.644s][info][gc] GC(1786) Pause Young (Allocation Failure) 12M->8M(15M) 0.288ms
[5172.544s][info][gc] GC(1787) Pause Young (Allocation Failure) 12M->8M(15M) 0.323ms
[5174.444s][info][gc] GC(1788) Pause Young (Allocation Failure) 12M->8M(15M) 0.333ms
[5176.344s][info][gc] GC(1789) Pause Young (Allocation Failure) 12M->8M(15M) 0.333ms
[5178.264s][info][gc] GC(1790) Pause Young (Allocation Failure) 12M->8M(15M) 0.298ms
[5180.243s][info][gc] GC(1791) Pause Young (Allocation Failure) 12M->8M(15M) 0.312ms
[5182.144s][info][gc] GC(1792) Pause Young (Allocation Failure) 12M->8M(15M) 0.329ms
[5184.045s][info][gc] GC(1793) Pause Young (Allocation Failure) 12M->8M(15M) 0.379ms
[5185.944s][info][gc] GC(1794) Pause Young (Allocation Failure) 12M->8M(15M) 0.329ms
[5187.844s][info][gc] GC(1795) Pause Young (Allocation Failure) 12M->8M(15M) 0.317ms
[5189.844s][info][gc] GC(1796) Pause Young (Allocation Failure) 12M->8M(15M) 0.317ms
[5191.845s][info][gc] GC(1797) Pause Young (Allocation Failure) 12M->8M(15M) 0.311ms
[5193.943s][info][gc] GC(1798) Pause Young (Allocation Failure) 12M->8M(15M) 0.249ms
[5195.944s][info][gc] GC(1799) Pause Young (Allocation Failure) 12M->8M(15M) 0.347ms
[5197.943s][info][gc] GC(1800) Pause Young (Allocation Failure) 12M->8M(15M) 0.360ms
[5199.944s][info][gc] GC(1801) Pause Young (Allocation Failure) 12M->8M(15M) 0.298ms
[5201.943s][info][gc] GC(1802) Pause Young (Allocation Failure) 12M->8M(15M) 0.287ms
[5203.946s][info][gc] GC(1803) Pause Young (Allocation Failure) 12M->8M(15M) 0.614ms
[5206.044s][info][gc] GC(1804) Pause Young (Allocation Failure) 12M->8M(15M) 0.364ms
[5208.045s][info][gc] GC(1805) Pause Young (Allocation Failure) 12M->8M(15M) 0.256ms
[5210.044s][info][gc] GC(1806) Pause Young (Allocation Failure) 12M->8M(15M) 0.484ms
[5212.045s][info][gc] GC(1807) Pause Young (Allocation Failure) 12M->8M(15M) 0.479ms
[5214.044s][info][gc] GC(1808) Pause Young (Allocation Failure) 12M->8M(15M) 0.368ms
[5216.046s][info][gc] GC(1809) Pause Young (Allocation Failure) 12M->8M(15M) 0.344ms
[5218.143s][info][gc] GC(1810) Pause Young (Allocation Failure) 12M->8M(15M) 0.247ms
[5220.144s][info][gc] GC(1811) Pause Young (Allocation Failure) 12M->8M(15M) 0.705ms
[5222.144s][info][gc] GC(1812) Pause Young (Allocation Failure) 12M->8M(15M) 0.305ms
[5224.144s][info][gc] GC(1813) Pause Young (Allocation Failure) 12M->8M(15M) 0.308ms
[5226.144s][info][gc] GC(1814) Pause Young (Allocation Failure) 12M->8M(15M) 0.309ms
[5228.144s][info][gc] GC(1815) Pause Young (Allocation Failure) 12M->8M(15M) 0.335ms
[5230.145s][info][gc] GC(1816) Pause Young (Allocation Failure) 12M->8M(15M) 0.321ms
[5232.243s][info][gc] GC(1817) Pause Young (Allocation Failure) 12M->8M(15M) 0.246ms
[5234.245s][info][gc] GC(1818) Pause Young (Allocation Failure) 12M->8M(15M) 0.281ms
[5236.244s][info][gc] GC(1819) Pause Young (Allocation Failure) 12M->8M(15M) 0.285ms
[5238.244s][info][gc] GC(1820) Pause Young (Allocation Failure) 12M->8M(15M) 0.299ms
[5240.244s][info][gc] GC(1821) Pause Young (Allocation Failure) 12M->8M(15M) 0.317ms
[5242.244s][info][gc] GC(1822) Pause Young (Allocation Failure) 12M->8M(15M) 0.314ms
[5244.244s][info][gc] GC(1823) Pause Young (Allocation Failure) 12M->8M(15M) 0.314ms
[5246.321s][info][gc] GC(1824) Pause Young (Allocation Failure) 12M->8M(15M) 0.257ms
[5248.322s][info][gc] GC(1825) Pause Young (Allocation Failure) 12M->8M(15M) 0.263ms
[5250.444s][info][gc] GC(1826) Pause Young (Allocation Failure) 12M->8M(15M) 0.241ms
[5252.544s][info][gc] GC(1827) Pause Young (Allocation Failure) 12M->8M(15M) 0.282ms
[5254.644s][info][gc] GC(1828) Pause Young (Allocation Failure) 12M->8M(15M) 0.295ms
[5256.744s][info][gc] GC(1829) Pause Young (Allocation Failure) 12M->8M(15M) 0.317ms
[5258.944s][info][gc] GC(1830) Pause Young (Allocation Failure) 12M->8M(15M) 0.264ms
[5261.044s][info][gc] GC(1831) Pause Young (Allocation Failure) 12M->8M(15M) 0.300ms
[5263.144s][info][gc] GC(1832) Pause Young (Allocation Failure) 12M->8M(15M) 0.318ms
[5265.337s][info][gc] GC(1833) Pause Young (Allocation Failure) 12M->8M(15M) 0.391ms
[5267.444s][info][gc] GC(1834) Pause Young (Allocation Failure) 12M->8M(15M) 0.236ms
[5269.544s][info][gc] GC(1835) Pause Young (Allocation Failure) 12M->8M(15M) 0.268ms
[5271.644s][info][gc] GC(1836) Pause Young (Allocation Failure) 12M->8M(15M) 0.279ms
[5273.545s][info][gc] GC(1837) Pause Young (Allocation Failure) 12M->8M(15M) 0.338ms
[5275.544s][info][gc] GC(1838) Pause Young (Allocation Failure) 12M->8M(15M) 0.293ms
[5277.443s][info][gc] GC(1839) Pause Young (Allocation Failure) 12M->8M(15M) 0.316ms
[5279.344s][info][gc] GC(1840) Pause Young (Allocation Failure) 12M->8M(15M) 0.329ms
[5281.244s][info][gc] GC(1841) Pause Young (Allocation Failure) 12M->8M(15M) 0.372ms
[5283.144s][info][gc] GC(1842) Pause Young (Allocation Failure) 12M->8M(15M) 0.356ms
[5285.143s][info][gc] GC(1843) Pause Young (Allocation Failure) 12M->8M(15M) 0.276ms
[5287.045s][info][gc] GC(1844) Pause Young (Allocation Failure) 12M->8M(15M) 0.303ms
[5288.944s][info][gc] GC(1845) Pause Young (Allocation Failure) 12M->8M(15M) 0.289ms
[5290.745s][info][gc] GC(1846) Pause Young (Allocation Failure) 12M->8M(15M) 0.354ms
[5292.644s][info][gc] GC(1847) Pause Young (Allocation Failure) 12M->8M(15M) 0.338ms
[5294.545s][info][gc] GC(1848) Pause Young (Allocation Failure) 12M->8M(15M) 0.339ms
[5296.543s][info][gc] GC(1849) Pause Young (Allocation Failure) 12M->8M(15M) 0.309ms
[5298.444s][info][gc] GC(1850) Pause Young (Allocation Failure) 12M->8M(15M) 0.268ms
[5300.343s][info][gc] GC(1851) Pause Young (Allocation Failure) 12M->8M(15M) 0.346ms
[5302.244s][info][gc] GC(1852) Pause Young (Allocation Failure) 12M->8M(15M) 0.348ms
[5304.144s][info][gc] GC(1853) Pause Young (Allocation Failure) 12M->8M(15M) 0.320ms
[5306.044s][info][gc] GC(1854) Pause Young (Allocation Failure) 12M->8M(15M) 0.335ms
[5308.044s][info][gc] GC(1855) Pause Young (Allocation Failure) 12M->8M(15M) 0.255ms
[5309.944s][info][gc] GC(1856) Pause Young (Allocation Failure) 12M->8M(15M) 0.321ms
[5311.945s][info][gc] GC(1857) Pause Young (Allocation Failure) 12M->8M(15M) 0.324ms
[5314.044s][info][gc] GC(1858) Pause Young (Allocation Failure) 12M->8M(15M) 0.292ms
[5316.043s][info][gc] GC(1859) Pause Young (Allocation Failure) 12M->8M(15M) 0.442ms
[5318.045s][info][gc] GC(1860) Pause Young (Allocation Failure) 12M->8M(15M) 0.351ms
[5320.044s][info][gc] GC(1861) Pause Young (Allocation Failure) 12M->8M(15M) 0.593ms
[5322.045s][info][gc] GC(1862) Pause Young (Allocation Failure) 12M->8M(15M) 0.356ms
[5324.046s][info][gc] GC(1863) Pause Young (Allocation Failure) 12M->8M(15M) 0.353ms
[5326.143s][info][gc] GC(1864) Pause Young (Allocation Failure) 12M->8M(15M) 0.261ms
[5328.144s][info][gc] GC(1865) Pause Young (Allocation Failure) 12M->8M(15M) 0.363ms
[5330.143s][info][gc] GC(1866) Pause Young (Allocation Failure) 12M->8M(15M) 0.309ms
[5332.144s][info][gc] GC(1867) Pause Young (Allocation Failure) 12M->8M(15M) 0.349ms
[5334.144s][info][gc] GC(1868) Pause Young (Allocation Failure) 12M->8M(15M) 0.322ms
[5336.144s][info][gc] GC(1869) Pause Young (Allocation Failure) 12M->8M(15M) 0.328ms
[5338.145s][info][gc] GC(1870) Pause Young (Allocation Failure) 12M->8M(15M) 0.330ms
[5340.243s][info][gc] GC(1871) Pause Young (Allocation Failure) 12M->8M(15M) 0.385ms
[5342.244s][info][gc] GC(1872) Pause Young (Allocation Failure) 12M->8M(15M) 0.296ms
[5344.243s][info][gc] GC(1873) Pause Young (Allocation Failure) 12M->8M(15M) 0.295ms
[5346.244s][info][gc] GC(1874) Pause Young (Allocation Failure) 12M->8M(15M) 0.342ms
[5348.244s][info][gc] GC(1875) Pause Young (Allocation Failure) 12M->8M(15M) 0.314ms
[5350.244s][info][gc] GC(1876) Pause Young (Allocation Failure) 12M->8M(15M) 0.431ms
[5352.343s][info][gc] GC(1877) Pause Young (Allocation Failure) 12M->8M(15M) 0.277ms
[5354.343s][info][gc] GC(1878) Pause Young (Allocation Failure) 12M->8M(15M) 0.300ms
[5356.344s][info][gc] GC(1879) Pause Young (Allocation Failure) 12M->8M(15M) 0.302ms
[5358.344s][info][gc] GC(1880) Pause Young (Allocation Failure) 12M->8M(15M) 0.338ms
[5360.344s][info][gc] GC(1881) Pause Young (Allocation Failure) 12M->8M(15M) 0.305ms
[5362.345s][info][gc] GC(1882) Pause Young (Allocation Failure) 12M->8M(15M) 0.329ms
[5364.344s][info][gc] GC(1883) Pause Young (Allocation Failure) 12M->8M(15M) 0.321ms
[5366.424s][info][gc] GC(1884) Pause Young (Allocation Failure) 12M->8M(15M) 0.265ms
[5368.425s][info][gc] GC(1885) Pause Young (Allocation Failure) 12M->8M(15M) 0.271ms
[5370.543s][info][gc] GC(1886) Pause Young (Allocation Failure) 12M->8M(15M) 0.249ms
[5372.644s][info][gc] GC(1887) Pause Young (Allocation Failure) 12M->8M(15M) 0.281ms
[5374.744s][info][gc] GC(1888) Pause Young (Allocation Failure) 12M->8M(15M) 0.294ms
[5376.844s][info][gc] GC(1889) Pause Young (Allocation Failure) 12M->8M(15M) 0.307ms
[5379.043s][info][gc] GC(1890) Pause Young (Allocation Failure) 12M->8M(15M) 0.245ms
[5381.144s][info][gc] GC(1891) Pause Young (Allocation Failure) 12M->8M(15M) 0.268ms
[5383.244s][info][gc] GC(1892) Pause Young (Allocation Failure) 12M->8M(15M) 0.319ms
[5385.438s][info][gc] GC(1893) Pause Young (Allocation Failure) 12M->8M(15M) 0.254ms
[5387.444s][info][gc] GC(1894) Pause Young (Allocation Failure) 12M->8M(15M) 0.302ms
[5389.644s][info][gc] GC(1895) Pause Young (Allocation Failure) 12M->8M(15M) 0.287ms
[5391.744s][info][gc] GC(1896) Pause Young (Allocation Failure) 12M->8M(15M) 0.285ms
[5393.845s][info][gc] GC(1897) Pause Young (Allocation Failure) 12M->8M(15M) 0.460ms
[5395.845s][info][gc] GC(1898) Pause Young (Allocation Failure) 12M->8M(15M) 0.301ms
[5397.744s][info][gc] GC(1899) Pause Young (Allocation Failure) 12M->8M(15M) 0.300ms
[5399.644s][info][gc] GC(1900) Pause Young (Allocation Failure) 12M->8M(15M) 0.347ms
[5401.544s][info][gc] GC(1901) Pause Young (Allocation Failure) 12M->8M(15M) 0.321ms
[5403.455s][info][gc] GC(1902) Pause Young (Allocation Failure) 12M->8M(15M) 0.285ms
[5405.444s][info][gc] GC(1903) Pause Young (Allocation Failure) 12M->8M(15M) 0.363ms
[5407.344s][info][gc] GC(1904) Pause Young (Allocation Failure) 12M->8M(15M) 0.301ms
[5409.243s][info][gc] GC(1905) Pause Young (Allocation Failure) 12M->8M(15M) 0.299ms
[5411.144s][info][gc] GC(1906) Pause Young (Allocation Failure) 12M->8M(15M) 0.299ms
[5413.044s][info][gc] GC(1907) Pause Young (Allocation Failure) 12M->8M(15M) 0.349ms
[5415.044s][info][gc] GC(1908) Pause Young (Allocation Failure) 12M->8M(15M) 0.379ms
[5417.044s][info][gc] GC(1909) Pause Young (Allocation Failure) 12M->8M(15M) 0.319ms
[5419.044s][info][gc] GC(1910) Pause Young (Allocation Failure) 12M->8M(15M) 0.326ms
[5421.044s][info][gc] GC(1911) Pause Young (Allocation Failure) 12M->8M(15M) 0.344ms
[5423.045s][info][gc] GC(1912) Pause Young (Allocation Failure) 12M->8M(15M) 0.336ms
[5425.143s][info][gc] GC(1913) Pause Young (Allocation Failure) 12M->8M(15M) 0.277ms
[5427.144s][info][gc] GC(1914) Pause Young (Allocation Failure) 12M->8M(15M) 0.254ms
[5429.145s][info][gc] GC(1915) Pause Young (Allocation Failure) 12M->8M(15M) 0.270ms
[5431.144s][info][gc] GC(1916) Pause Young (Allocation Failure) 12M->8M(15M) 0.297ms
[5433.145s][info][gc] GC(1917) Pause Young (Allocation Failure) 12M->8M(15M) 0.303ms
[5435.145s][info][gc] GC(1918) Pause Young (Allocation Failure) 12M->8M(15M) 0.379ms
[5437.243s][info][gc] GC(1919) Pause Young (Allocation Failure) 12M->8M(15M) 0.239ms
[5439.244s][info][gc] GC(1920) Pause Young (Allocation Failure) 12M->8M(15M) 0.331ms
[5441.244s][info][gc] GC(1921) Pause Young (Allocation Failure) 12M->8M(15M) 0.278ms
[5443.244s][info][gc] GC(1922) Pause Young (Allocation Failure) 12M->8M(15M) 0.272ms
[5445.245s][info][gc] GC(1923) Pause Young (Allocation Failure) 12M->8M(15M) 0.319ms
[5447.244s][info][gc] GC(1924) Pause Young (Allocation Failure) 12M->8M(15M) 0.290ms
[5449.245s][info][gc] GC(1925) Pause Young (Allocation Failure) 12M->8M(15M) 0.298ms
[5451.244s][info][gc] GC(1926) Pause Young (Allocation Failure) 12M->8M(15M) 0.311ms
[5453.344s][info][gc] GC(1927) Pause Young (Allocation Failure) 12M->8M(15M) 0.268ms
[5455.343s][info][gc] GC(1928) Pause Young (Allocation Failure) 12M->8M(15M) 0.303ms
[5457.345s][info][gc] GC(1929) Pause Young (Allocation Failure) 12M->8M(15M) 0.276ms
[5459.343s][info][gc] GC(1930) Pause Young (Allocation Failure) 12M->8M(15M) 0.302ms
[5461.344s][info][gc] GC(1931) Pause Young (Allocation Failure) 12M->8M(15M) 0.299ms
[5463.344s][info][gc] GC(1932) Pause Young (Allocation Failure) 12M->8M(15M) 0.306ms
[5465.443s][info][gc] GC(1933) Pause Young (Allocation Failure) 12M->8M(15M) 0.249ms
[5467.444s][info][gc] GC(1934) Pause Young (Allocation Failure) 12M->8M(15M) 0.272ms
[5469.444s][info][gc] GC(1935) Pause Young (Allocation Failure) 12M->8M(15M) 0.277ms
[5471.444s][info][gc] GC(1936) Pause Young (Allocation Failure) 12M->8M(15M) 0.286ms
[5473.443s][info][gc] GC(1937) Pause Young (Allocation Failure) 12M->8M(15M) 0.306ms
[5475.544s][info][gc] GC(1938) Pause Young (Allocation Failure) 12M->8M(15M) 0.312ms
[5477.645s][info][gc] GC(1939) Pause Young (Allocation Failure) 12M->8M(15M) 0.296ms
[5479.744s][info][gc] GC(1940) Pause Young (Allocation Failure) 12M->8M(15M) 0.300ms
[5481.944s][info][gc] GC(1941) Pause Young (Allocation Failure) 12M->8M(15M) 0.269ms
[5484.044s][info][gc] GC(1942) Pause Young (Allocation Failure) 12M->8M(15M) 0.306ms
[5486.145s][info][gc] GC(1943) Pause Young (Allocation Failure) 12M->8M(15M) 0.341ms
[5488.344s][info][gc] GC(1944) Pause Young (Allocation Failure) 12M->8M(15M) 0.275ms
[5490.344s][info][gc] GC(1945) Pause Young (Allocation Failure) 12M->8M(15M) 0.486ms
[5492.146s][info][gc] GC(1946) Pause Young (Allocation Failure) 12M->8M(15M) 0.364ms
[5494.144s][info][gc] GC(1947) Pause Young (Allocation Failure) 12M->8M(15M) 0.294ms
[5495.945s][info][gc] GC(1948) Pause Young (Allocation Failure) 12M->8M(15M) 0.335ms
[5497.845s][info][gc] GC(1949) Pause Young (Allocation Failure) 12M->8M(15M) 0.603ms
[5499.744s][info][gc] GC(1950) Pause Young (Allocation Failure) 12M->8M(15M) 0.394ms
[5501.743s][info][gc] GC(1951) Pause Young (Allocation Failure) 12M->8M(15M) 0.292ms
[5503.644s][info][gc] GC(1952) Pause Young (Allocation Failure) 12M->8M(15M) 0.284ms
[5505.543s][info][gc] GC(1953) Pause Young (Allocation Failure) 12M->8M(15M) 0.322ms
[5507.445s][info][gc] GC(1954) Pause Young (Allocation Failure) 12M->8M(15M) 0.374ms
[5509.344s][info][gc] GC(1955) Pause Young (Allocation Failure) 12M->8M(15M) 0.360ms
[5511.344s][info][gc] GC(1956) Pause Young (Allocation Failure) 12M->8M(15M) 0.292ms
[5513.244s][info][gc] GC(1957) Pause Young (Allocation Failure) 12M->8M(15M) 0.287ms
[5515.144s][info][gc] GC(1958) Pause Young (Allocation Failure) 12M->8M(15M) 0.317ms
[5517.045s][info][gc] GC(1959) Pause Young (Allocation Failure) 12M->8M(15M) 0.324ms
[5518.944s][info][gc] GC(1960) Pause Young (Allocation Failure) 12M->8M(15M) 0.309ms
[5520.844s][info][gc] GC(1961) Pause Young (Allocation Failure) 12M->8M(15M) 0.285ms
[5522.743s][info][gc] GC(1962) Pause Young (Allocation Failure) 12M->8M(15M) 0.285ms
[5524.644s][info][gc] GC(1963) Pause Young (Allocation Failure) 12M->8M(15M) 0.301ms
[5526.544s][info][gc] GC(1964) Pause Young (Allocation Failure) 12M->8M(15M) 0.321ms
[5528.543s][info][gc] GC(1965) Pause Young (Allocation Failure) 12M->8M(15M) 0.291ms
[5530.444s][info][gc] GC(1966) Pause Young (Allocation Failure) 12M->8M(15M) 0.273ms
[5532.343s][info][gc] GC(1967) Pause Young (Allocation Failure) 12M->8M(15M) 0.275ms
[5534.244s][info][gc] GC(1968) Pause Young (Allocation Failure) 12M->8M(15M) 0.286ms
[5536.144s][info][gc] GC(1969) Pause Young (Allocation Failure) 12M->8M(15M) 0.288ms
[5538.043s][info][gc] GC(1970) Pause Young (Allocation Failure) 12M->8M(15M) 0.320ms
[5539.944s][info][gc] GC(1971) Pause Young (Allocation Failure) 12M->8M(15M) 0.319ms
[5541.845s][info][gc] GC(1972) Pause Young (Allocation Failure) 12M->8M(15M) 0.313ms
[5543.843s][info][gc] GC(1973) Pause Young (Allocation Failure) 12M->8M(15M) 0.252ms
[5545.744s][info][gc] GC(1974) Pause Young (Allocation Failure) 12M->8M(15M) 0.273ms
[5547.644s][info][gc] GC(1975) Pause Young (Allocation Failure) 12M->8M(15M) 0.281ms
[5549.568s][info][gc] GC(1976) Pause Young (Allocation Failure) 12M->8M(15M) 0.361ms
[5551.643s][info][gc] GC(1977) Pause Young (Allocation Failure) 12M->8M(15M) 0.280ms
[5553.644s][info][gc] GC(1978) Pause Young (Allocation Failure) 12M->8M(15M) 0.260ms
[5555.644s][info][gc] GC(1979) Pause Young (Allocation Failure) 12M->8M(15M) 0.316ms
[5557.643s][info][gc] GC(1980) Pause Young (Allocation Failure) 12M->8M(15M) 0.278ms
[5559.644s][info][gc] GC(1981) Pause Young (Allocation Failure) 12M->8M(15M) 0.312ms
[5561.644s][info][gc] GC(1982) Pause Young (Allocation Failure) 12M->8M(15M) 0.309ms
[5563.676s][info][gc] GC(1983) Pause Young (Allocation Failure) 12M->8M(15M) 0.239ms
[5565.744s][info][gc] GC(1984) Pause Young (Allocation Failure) 12M->8M(15M) 0.259ms
[5567.744s][info][gc] GC(1985) Pause Young (Allocation Failure) 12M->8M(15M) 0.275ms
[5569.743s][info][gc] GC(1986) Pause Young (Allocation Failure) 12M->8M(15M) 0.274ms
[5571.744s][info][gc] GC(1987) Pause Young (Allocation Failure) 12M->8M(15M) 0.297ms
[5573.744s][info][gc] GC(1988) Pause Young (Allocation Failure) 12M->8M(15M) 0.311ms
[5575.744s][info][gc] GC(1989) Pause Young (Allocation Failure) 12M->8M(15M) 0.296ms
[5577.844s][info][gc] GC(1990) Pause Young (Allocation Failure) 12M->8M(15M) 0.259ms
[5579.843s][info][gc] GC(1991) Pause Young (Allocation Failure) 12M->8M(15M) 0.273ms
[5581.844s][info][gc] GC(1992) Pause Young (Allocation Failure) 12M->8M(15M) 0.287ms
[5583.844s][info][gc] GC(1993) Pause Young (Allocation Failure) 12M->8M(15M) 0.308ms
[5585.844s][info][gc] GC(1994) Pause Young (Allocation Failure) 12M->8M(15M) 0.303ms
[5587.845s][info][gc] GC(1995) Pause Young (Allocation Failure) 12M->8M(15M) 0.294ms
[5589.943s][info][gc] GC(1996) Pause Young (Allocation Failure) 12M->8M(15M) 0.258ms
[5591.944s][info][gc] GC(1997) Pause Young (Allocation Failure) 12M->8M(15M) 0.251ms
[5593.943s][info][gc] GC(1998) Pause Young (Allocation Failure) 12M->8M(15M) 0.289ms
[5595.943s][info][gc] GC(1999) Pause Young (Allocation Failure) 12M->8M(15M) 0.295ms
[5597.944s][info][gc] GC(2000) Pause Young (Allocation Failure) 12M->8M(15M) 0.302ms
[5599.944s][info][gc] GC(2001) Pause Young (Allocation Failure) 12M->8M(15M) 0.313ms
[5602.043s][info][gc] GC(2002) Pause Young (Allocation Failure) 12M->8M(15M) 0.255ms
[5604.043s][info][gc] GC(2003) Pause Young (Allocation Failure) 12M->8M(15M) 0.335ms
[5606.044s][info][gc] GC(2004) Pause Young (Allocation Failure) 12M->8M(15M) 0.282ms
[5608.044s][info][gc] GC(2005) Pause Young (Allocation Failure) 12M->8M(15M) 0.298ms
[5610.144s][info][gc] GC(2006) Pause Young (Allocation Failure) 12M->8M(15M) 0.305ms
[5612.244s][info][gc] GC(2007) Pause Young (Allocation Failure) 12M->8M(15M) 0.304ms
[5614.444s][info][gc] GC(2008) Pause Young (Allocation Failure) 12M->8M(15M) 0.271ms
[5616.544s][info][gc] GC(2009) Pause Young (Allocation Failure) 12M->8M(15M) 0.351ms
[5618.644s][info][gc] GC(2010) Pause Young (Allocation Failure) 12M->8M(15M) 0.282ms
[5620.744s][info][gc] GC(2011) Pause Young (Allocation Failure) 12M->8M(15M) 0.302ms
[5622.844s][info][gc] GC(2012) Pause Young (Allocation Failure) 12M->8M(15M) 0.302ms
[5625.044s][info][gc] GC(2013) Pause Young (Allocation Failure) 12M->8M(15M) 0.269ms
[5627.144s][info][gc] GC(2014) Pause Young (Allocation Failure) 12M->8M(15M) 0.335ms
[5629.245s][info][gc] GC(2015) Pause Young (Allocation Failure) 12M->8M(15M) 0.290ms
[5631.444s][info][gc] GC(2016) Pause Young (Allocation Failure) 12M->8M(15M) 0.262ms
[5633.444s][info][gc] GC(2017) Pause Young (Allocation Failure) 12M->8M(15M) 0.532ms
[5635.344s][info][gc] GC(2018) Pause Young (Allocation Failure) 12M->8M(15M) 0.307ms
[5637.243s][info][gc] GC(2019) Pause Young (Allocation Failure) 12M->8M(15M) 0.310ms
[5639.143s][info][gc] GC(2020) Pause Young (Allocation Failure) 12M->8M(15M) 0.297ms
[5641.043s][info][gc] GC(2021) Pause Young (Allocation Failure) 12M->8M(15M) 0.299ms
[5642.945s][info][gc] GC(2022) Pause Young (Allocation Failure) 12M->8M(15M) 0.305ms
[5644.843s][info][gc] GC(2023) Pause Young (Allocation Failure) 12M->8M(15M) 0.320ms
[5646.745s][info][gc] GC(2024) Pause Young (Allocation Failure) 12M->8M(15M) 0.327ms
[5648.658s][info][gc] GC(2025) Pause Young (Allocation Failure) 12M->8M(15M) 0.299ms
[5650.644s][info][gc] GC(2026) Pause Young (Allocation Failure) 12M->8M(15M) 0.328ms
[5652.544s][info][gc] GC(2027) Pause Young (Allocation Failure) 12M->8M(15M) 0.316ms
[5654.444s][info][gc] GC(2028) Pause Young (Allocation Failure) 12M->8M(15M) 0.351ms
[5656.544s][info][gc] GC(2029) Pause Young (Allocation Failure) 12M->8M(15M) 0.282ms
[5658.544s][info][gc] GC(2030) Pause Young (Allocation Failure) 12M->8M(15M) 0.292ms
[5660.544s][info][gc] GC(2031) Pause Young (Allocation Failure) 12M->8M(15M) 0.294ms
[5662.545s][info][gc] GC(2032) Pause Young (Allocation Failure) 12M->8M(15M) 0.326ms
[5664.544s][info][gc] GC(2033) Pause Young (Allocation Failure) 12M->8M(15M) 0.281ms
[5666.544s][info][gc] GC(2034) Pause Young (Allocation Failure) 12M->8M(15M) 0.299ms
[5668.544s][info][gc] GC(2035) Pause Young (Allocation Failure) 12M->8M(15M) 0.315ms
[5670.644s][info][gc] GC(2036) Pause Young (Allocation Failure) 12M->8M(15M) 0.245ms
[5672.644s][info][gc] GC(2037) Pause Young (Allocation Failure) 12M->8M(15M) 0.273ms
[5674.644s][info][gc] GC(2038) Pause Young (Allocation Failure) 12M->8M(15M) 0.269ms
[5676.644s][info][gc] GC(2039) Pause Young (Allocation Failure) 12M->8M(15M) 0.301ms
[5678.644s][info][gc] GC(2040) Pause Young (Allocation Failure) 12M->8M(15M) 0.308ms
[5680.644s][info][gc] GC(2041) Pause Young (Allocation Failure) 12M->8M(15M) 0.309ms
[5682.680s][info][gc] GC(2042) Pause Young (Allocation Failure) 12M->8M(15M) 0.236ms
[5684.683s][info][gc] GC(2043) Pause Young (Allocation Failure) 12M->8M(15M) 0.306ms
[5686.684s][info][gc] GC(2044) Pause Young (Allocation Failure) 12M->8M(15M) 0.486ms
[5688.737s][info][gc] GC(2045) Pause Young (Allocation Failure) 12M->8M(15M) 0.241ms
[5690.744s][info][gc] GC(2046) Pause Young (Allocation Failure) 12M->8M(15M) 0.261ms
[5692.743s][info][gc] GC(2047) Pause Young (Allocation Failure) 12M->8M(15M) 0.305ms
[5694.744s][info][gc] GC(2048) Pause Young (Allocation Failure) 12M->8M(15M) 0.293ms
[5696.744s][info][gc] GC(2049) Pause Young (Allocation Failure) 12M->8M(15M) 0.284ms
[5698.744s][info][gc] GC(2050) Pause Young (Allocation Failure) 12M->8M(15M) 0.310ms
[5700.754s][info][gc] GC(2051) Pause Young (Allocation Failure) 12M->8M(15M) 0.338ms
[5702.645s][info][gc] GC(2052) Pause Young (Allocation Failure) 12M->8M(15M) 0.344ms
[5704.544s][info][gc] GC(2053) Pause Young (Allocation Failure) 12M->8M(15M) 0.321ms
[5706.444s][info][gc] GC(2054) Pause Young (Allocation Failure) 12M->8M(15M) 0.330ms
[5708.344s][info][gc] GC(2055) Pause Young (Allocation Failure) 12M->8M(15M) 0.332ms
[5710.244s][info][gc] GC(2056) Pause Young (Allocation Failure) 12M->8M(15M) 0.338ms
[5712.144s][info][gc] GC(2057) Pause Young (Allocation Failure) 12M->8M(15M) 0.339ms
[5714.044s][info][gc] GC(2058) Pause Young (Allocation Failure) 12M->8M(15M) 0.345ms
[5716.044s][info][gc] GC(2059) Pause Young (Allocation Failure) 12M->8M(15M) 0.324ms
[5717.944s][info][gc] GC(2060) Pause Young (Allocation Failure) 12M->8M(15M) 0.317ms
[5719.844s][info][gc] GC(2061) Pause Young (Allocation Failure) 12M->8M(15M) 0.308ms
[5721.743s][info][gc] GC(2062) Pause Young (Allocation Failure) 12M->8M(15M) 0.335ms
[5723.717s][info][gc] GC(2063) Pause Young (Allocation Failure) 12M->8M(15M) 0.302ms
[5725.643s][info][gc] GC(2064) Pause Young (Allocation Failure) 12M->8M(15M) 0.292ms
[5727.544s][info][gc] GC(2065) Pause Young (Allocation Failure) 12M->8M(15M) 0.303ms
[5729.444s][info][gc] GC(2066) Pause Young (Allocation Failure) 12M->8M(15M) 0.348ms
[5731.544s][info][gc] GC(2067) Pause Young (Allocation Failure) 12M->8M(15M) 0.255ms
[5733.544s][info][gc] GC(2068) Pause Young (Allocation Failure) 12M->8M(15M) 0.280ms
[5735.543s][info][gc] GC(2069) Pause Young (Allocation Failure) 12M->8M(15M) 0.290ms
[5737.545s][info][gc] GC(2070) Pause Young (Allocation Failure) 12M->8M(15M) 0.323ms
[5739.544s][info][gc] GC(2071) Pause Young (Allocation Failure) 12M->8M(15M) 0.308ms
[5741.544s][info][gc] GC(2072) Pause Young (Allocation Failure) 12M->8M(15M) 0.323ms
[5743.544s][info][gc] GC(2073) Pause Young (Allocation Failure) 12M->8M(15M) 0.332ms
[5745.643s][info][gc] GC(2074) Pause Young (Allocation Failure) 12M->8M(15M) 0.269ms
[5747.644s][info][gc] GC(2075) Pause Young (Allocation Failure) 12M->8M(15M) 0.280ms
[5749.643s][info][gc] GC(2076) Pause Young (Allocation Failure) 12M->8M(15M) 0.289ms
[5751.644s][info][gc] GC(2077) Pause Young (Allocation Failure) 12M->8M(15M) 0.318ms
[5753.644s][info][gc] GC(2078) Pause Young (Allocation Failure) 12M->8M(15M) 0.315ms
[5755.545s][info][gc] GC(2079) Pause Young (Allocation Failure) 12M->8M(15M) 0.344ms
[5757.444s][info][gc] GC(2080) Pause Young (Allocation Failure) 12M->8M(15M) 0.283ms
[5759.344s][info][gc] GC(2081) Pause Young (Allocation Failure) 12M->8M(15M) 0.305ms
[5761.144s][info][gc] GC(2082) Pause Young (Allocation Failure) 12M->8M(15M) 0.337ms
[5763.045s][info][gc] GC(2083) Pause Young (Allocation Failure) 12M->8M(15M) 0.337ms
[5764.944s][info][gc] GC(2084) Pause Young (Allocation Failure) 12M->8M(15M) 0.339ms
[5766.944s][info][gc] GC(2085) Pause Young (Allocation Failure) 12M->8M(15M) 0.513ms
[5768.845s][info][gc] GC(2086) Pause Young (Allocation Failure) 12M->8M(15M) 0.444ms
[5770.743s][info][gc] GC(2087) Pause Young (Allocation Failure) 12M->8M(15M) 0.320ms
[5772.645s][info][gc] GC(2088) Pause Young (Allocation Failure) 12M->8M(15M) 0.379ms
[5774.544s][info][gc] GC(2089) Pause Young (Allocation Failure) 12M->8M(15M) 0.324ms
[5776.543s][info][gc] GC(2090) Pause Young (Allocation Failure) 12M->8M(15M) 0.369ms
[5778.444s][info][gc] GC(2091) Pause Young (Allocation Failure) 12M->8M(15M) 0.294ms
[5780.344s][info][gc] GC(2092) Pause Young (Allocation Failure) 12M->8M(15M) 0.300ms
[5782.244s][info][gc] GC(2093) Pause Young (Allocation Failure) 12M->8M(15M) 0.425ms
[5784.145s][info][gc] GC(2094) Pause Young (Allocation Failure) 12M->8M(15M) 0.321ms
[5786.044s][info][gc] GC(2095) Pause Young (Allocation Failure) 12M->8M(15M) 0.288ms
[5787.944s][info][gc] GC(2096) Pause Young (Allocation Failure) 12M->8M(15M) 0.314ms
[5789.944s][info][gc] GC(2097) Pause Young (Allocation Failure) 12M->8M(15M) 0.312ms
[5791.945s][info][gc] GC(2098) Pause Young (Allocation Failure) 12M->8M(15M) 0.337ms
[5793.945s][info][gc] GC(2099) Pause Young (Allocation Failure) 12M->8M(15M) 0.322ms
[5796.044s][info][gc] GC(2100) Pause Young (Allocation Failure) 12M->8M(15M) 0.263ms
[5798.044s][info][gc] GC(2101) Pause Young (Allocation Failure) 12M->8M(15M) 0.283ms
[5800.043s][info][gc] GC(2102) Pause Young (Allocation Failure) 12M->8M(15M) 0.277ms
[5802.044s][info][gc] GC(2103) Pause Young (Allocation Failure) 12M->8M(15M) 0.308ms
[5804.044s][info][gc] GC(2104) Pause Young (Allocation Failure) 12M->8M(15M) 0.300ms
[5806.044s][info][gc] GC(2105) Pause Young (Allocation Failure) 12M->8M(15M) 0.292ms
[5808.143s][info][gc] GC(2106) Pause Young (Allocation Failure) 12M->8M(15M) 0.288ms
[5810.144s][info][gc] GC(2107) Pause Young (Allocation Failure) 12M->8M(15M) 0.307ms
[5812.143s][info][gc] GC(2108) Pause Young (Allocation Failure) 12M->8M(15M) 0.283ms
[5814.144s][info][gc] GC(2109) Pause Young (Allocation Failure) 12M->8M(15M) 0.298ms
[5816.144s][info][gc] GC(2110) Pause Young (Allocation Failure) 12M->8M(15M) 0.286ms
[5818.145s][info][gc] GC(2111) Pause Young (Allocation Failure) 12M->8M(15M) 0.294ms
[5820.244s][info][gc] GC(2112) Pause Young (Allocation Failure) 12M->8M(15M) 0.256ms
[5822.244s][info][gc] GC(2113) Pause Young (Allocation Failure) 12M->8M(15M) 0.274ms
[5824.244s][info][gc] GC(2114) Pause Young (Allocation Failure) 12M->8M(15M) 0.285ms
[5826.243s][info][gc] GC(2115) Pause Young (Allocation Failure) 12M->8M(15M) 0.301ms
[5828.144s][info][gc] GC(2116) Pause Young (Allocation Failure) 12M->8M(15M) 0.338ms
[5830.044s][info][gc] GC(2117) Pause Young (Allocation Failure) 12M->8M(15M) 0.306ms
[5831.943s][info][gc] GC(2118) Pause Young (Allocation Failure) 12M->8M(15M) 0.280ms
[5833.844s][info][gc] GC(2119) Pause Young (Allocation Failure) 12M->8M(15M) 0.322ms
[5835.745s][info][gc] GC(2120) Pause Young (Allocation Failure) 12M->8M(15M) 0.328ms
[5837.644s][info][gc] GC(2121) Pause Young (Allocation Failure) 12M->8M(15M) 0.329ms
[5839.544s][info][gc] GC(2122) Pause Young (Allocation Failure) 12M->8M(15M) 0.324ms
[5841.444s][info][gc] GC(2123) Pause Young (Allocation Failure) 12M->8M(15M) 0.307ms
[5843.344s][info][gc] GC(2124) Pause Young (Allocation Failure) 12M->8M(15M) 0.314ms
[5845.244s][info][gc] GC(2125) Pause Young (Allocation Failure) 12M->8M(15M) 0.322ms
[5847.145s][info][gc] GC(2126) Pause Young (Allocation Failure) 12M->8M(15M) 0.298ms
[5849.044s][info][gc] GC(2127) Pause Young (Allocation Failure) 12M->8M(15M) 0.327ms
[5850.944s][info][gc] GC(2128) Pause Young (Allocation Failure) 12M->8M(15M) 0.338ms
[5852.844s][info][gc] GC(2129) Pause Young (Allocation Failure) 12M->8M(15M) 0.332ms
[5854.843s][info][gc] GC(2130) Pause Young (Allocation Failure) 12M->8M(15M) 0.274ms
[5856.744s][info][gc] GC(2131) Pause Young (Allocation Failure) 12M->8M(15M) 0.330ms
[5858.644s][info][gc] GC(2132) Pause Young (Allocation Failure) 12M->8M(15M) 0.313ms
[5860.544s][info][gc] GC(2133) Pause Young (Allocation Failure) 12M->8M(15M) 0.307ms
[5862.543s][info][gc] GC(2134) Pause Young (Allocation Failure) 12M->8M(15M) 0.260ms
[5864.444s][info][gc] GC(2135) Pause Young (Allocation Failure) 12M->8M(15M) 0.314ms
[5866.444s][info][gc] GC(2136) Pause Young (Allocation Failure) 12M->8M(15M) 0.297ms
[5868.444s][info][gc] GC(2137) Pause Young (Allocation Failure) 12M->8M(15M) 0.390ms
[5870.543s][info][gc] GC(2138) Pause Young (Allocation Failure) 12M->8M(15M) 0.255ms
[5872.544s][info][gc] GC(2139) Pause Young (Allocation Failure) 12M->8M(15M) 0.295ms
[5874.543s][info][gc] GC(2140) Pause Young (Allocation Failure) 12M->8M(15M) 0.319ms
[5876.545s][info][gc] GC(2141) Pause Young (Allocation Failure) 12M->8M(15M) 0.297ms
[5878.545s][info][gc] GC(2142) Pause Young (Allocation Failure) 12M->8M(15M) 0.319ms
[5880.444s][info][gc] GC(2143) Pause Young (Allocation Failure) 12M->8M(15M) 0.321ms
[5882.344s][info][gc] GC(2144) Pause Young (Allocation Failure) 12M->8M(15M) 0.314ms
[5884.244s][info][gc] GC(2145) Pause Young (Allocation Failure) 12M->8M(15M) 0.305ms
[5886.143s][info][gc] GC(2146) Pause Young (Allocation Failure) 12M->8M(15M) 0.293ms
[5888.044s][info][gc] GC(2147) Pause Young (Allocation Failure) 12M->8M(15M) 0.332ms
[5889.944s][info][gc] GC(2148) Pause Young (Allocation Failure) 12M->8M(15M) 0.297ms
[5891.844s][info][gc] GC(2149) Pause Young (Allocation Failure) 12M->8M(15M) 0.330ms
[5893.744s][info][gc] GC(2150) Pause Young (Allocation Failure) 12M->8M(15M) 0.330ms
[5895.744s][info][gc] GC(2151) Pause Young (Allocation Failure) 12M->8M(15M) 0.304ms
[5897.644s][info][gc] GC(2152) Pause Young (Allocation Failure) 12M->8M(15M) 0.286ms
[5899.543s][info][gc] GC(2153) Pause Young (Allocation Failure) 12M->8M(15M) 0.291ms
[5901.443s][info][gc] GC(2154) Pause Young (Allocation Failure) 12M->8M(15M) 0.283ms
[5903.344s][info][gc] GC(2155) Pause Young (Allocation Failure) 12M->8M(15M) 0.332ms
[5905.245s][info][gc] GC(2156) Pause Young (Allocation Failure) 12M->8M(15M) 0.333ms
[5907.144s][info][gc] GC(2157) Pause Young (Allocation Failure) 12M->8M(15M) 0.313ms
[5909.144s][info][gc] GC(2158) Pause Young (Allocation Failure) 12M->8M(15M) 0.350ms
[5911.144s][info][gc] GC(2159) Pause Young (Allocation Failure) 12M->8M(15M) 0.269ms
[5913.144s][info][gc] GC(2160) Pause Young (Allocation Failure) 12M->8M(15M) 0.270ms
[5915.144s][info][gc] GC(2161) Pause Young (Allocation Failure) 12M->8M(15M) 0.487ms
[5917.144s][info][gc] GC(2162) Pause Young (Allocation Failure) 12M->8M(15M) 0.305ms
[5919.144s][info][gc] GC(2163) Pause Young (Allocation Failure) 12M->8M(15M) 0.318ms
[5921.144s][info][gc] GC(2164) Pause Young (Allocation Failure) 12M->8M(15M) 0.443ms
[5923.044s][info][gc] GC(2165) Pause Young (Allocation Failure) 12M->8M(15M) 0.277ms
[5924.945s][info][gc] GC(2166) Pause Young (Allocation Failure) 12M->8M(15M) 0.269ms
[5926.844s][info][gc] GC(2167) Pause Young (Allocation Failure) 12M->8M(15M) 0.384ms
[5928.744s][info][gc] GC(2168) Pause Young (Allocation Failure) 12M->8M(15M) 0.322ms
[5930.644s][info][gc] GC(2169) Pause Young (Allocation Failure) 12M->8M(15M) 0.339ms
[5932.544s][info][gc] GC(2170) Pause Young (Allocation Failure) 12M->8M(15M) 0.340ms
[5934.444s][info][gc] GC(2171) Pause Young (Allocation Failure) 12M->8M(15M) 0.308ms
[5936.344s][info][gc] GC(2172) Pause Young (Allocation Failure) 12M->8M(15M) 0.326ms
[5938.244s][info][gc] GC(2173) Pause Young (Allocation Failure) 12M->8M(15M) 0.336ms
[5940.244s][info][gc] GC(2174) Pause Young (Allocation Failure) 12M->8M(15M) 0.255ms
[5942.144s][info][gc] GC(2175) Pause Young (Allocation Failure) 12M->8M(15M) 0.315ms
[5944.044s][info][gc] GC(2176) Pause Young (Allocation Failure) 12M->8M(15M) 0.291ms
[5945.944s][info][gc] GC(2177) Pause Young (Allocation Failure) 12M->8M(15M) 0.311ms
[5947.856s][info][gc] GC(2178) Pause Young (Allocation Failure) 12M->8M(15M) 0.263ms
[5949.844s][info][gc] GC(2179) Pause Young (Allocation Failure) 12M->8M(15M) 0.356ms
[5951.744s][info][gc] GC(2180) Pause Young (Allocation Failure) 12M->8M(15M) 0.275ms
[5953.644s][info][gc] GC(2181) Pause Young (Allocation Failure) 12M->8M(15M) 0.308ms
[5955.645s][info][gc] GC(2182) Pause Young (Allocation Failure) 12M->8M(15M) 0.308ms
[5957.645s][info][gc] GC(2183) Pause Young (Allocation Failure) 12M->8M(15M) 0.278ms
[5959.644s][info][gc] GC(2184) Pause Young (Allocation Failure) 12M->8M(15M) 0.316ms
[5961.744s][info][gc] GC(2185) Pause Young (Allocation Failure) 12M->8M(15M) 0.246ms
[5963.744s][info][gc] GC(2186) Pause Young (Allocation Failure) 12M->8M(15M) 0.271ms
[5965.743s][info][gc] GC(2187) Pause Young (Allocation Failure) 12M->8M(15M) 0.328ms
[5967.743s][info][gc] GC(2188) Pause Young (Allocation Failure) 12M->8M(15M) 0.303ms
[5969.744s][info][gc] GC(2189) Pause Young (Allocation Failure) 12M->8M(15M) 0.304ms
[5971.744s][info][gc] GC(2190) Pause Young (Allocation Failure) 12M->8M(15M) 0.313ms
[5973.843s][info][gc] GC(2191) Pause Young (Allocation Failure) 12M->8M(15M) 0.295ms
[5975.844s][info][gc] GC(2192) Pause Young (Allocation Failure) 12M->8M(15M) 0.310ms
[5977.844s][info][gc] GC(2193) Pause Young (Allocation Failure) 12M->8M(15M) 0.294ms
[5979.844s][info][gc] GC(2194) Pause Young (Allocation Failure) 12M->8M(15M) 0.271ms
[5981.845s][info][gc] GC(2195) Pause Young (Allocation Failure) 12M->8M(15M) 0.290ms
[5983.844s][info][gc] GC(2196) Pause Young (Allocation Failure) 12M->8M(15M) 0.320ms
[5985.874s][info][gc] GC(2197) Pause Young (Allocation Failure) 12M->8M(15M) 0.219ms
[5987.917s][info][gc] GC(2198) Pause Young (Allocation Failure) 12M->8M(15M) 0.253ms
[5989.920s][info][gc] GC(2199) Pause Young (Allocation Failure) 12M->8M(15M) 0.273ms
[5991.922s][info][gc] GC(2200) Pause Young (Allocation Failure) 12M->8M(15M) 0.312ms
[5993.944s][info][gc] GC(2201) Pause Young (Allocation Failure) 12M->8M(15M) 0.260ms
[5995.944s][info][gc] GC(2202) Pause Young (Allocation Failure) 12M->8M(15M) 0.283ms
[5997.944s][info][gc] GC(2203) Pause Young (Allocation Failure) 12M->8M(15M) 0.331ms
[5999.944s][info][gc] GC(2204) Pause Young (Allocation Failure) 12M->8M(15M) 0.292ms
[6001.944s][info][gc] GC(2205) Pause Young (Allocation Failure) 12M->8M(15M) 0.297ms
[6003.945s][info][gc] GC(2206) Pause Young (Allocation Failure) 12M->8M(15M) 0.300ms
[6006.044s][info][gc] GC(2207) Pause Young (Allocation Failure) 12M->8M(15M) 0.251ms
[6008.044s][info][gc] GC(2208) Pause Young (Allocation Failure) 12M->8M(15M) 0.285ms
[6010.044s][info][gc] GC(2209) Pause Young (Allocation Failure) 12M->8M(15M) 0.285ms
[6012.044s][info][gc] GC(2210) Pause Young (Allocation Failure) 12M->8M(15M) 0.298ms
[6014.143s][info][gc] GC(2211) Pause Young (Allocation Failure) 12M->8M(15M) 0.304ms
[6016.244s][info][gc] GC(2212) Pause Young (Allocation Failure) 12M->8M(15M) 0.280ms
[6018.344s][info][gc] GC(2213) Pause Young (Allocation Failure) 12M->8M(15M) 0.295ms
[6020.543s][info][gc] GC(2214) Pause Young (Allocation Failure) 12M->8M(15M) 0.252ms
[6022.644s][info][gc] GC(2215) Pause Young (Allocation Failure) 12M->8M(15M) 0.274ms
[6024.744s][info][gc] GC(2216) Pause Young (Allocation Failure) 12M->8M(15M) 0.301ms
[6026.644s][info][gc] GC(2217) Pause Young (Allocation Failure) 12M->8M(15M) 0.329ms
[6028.544s][info][gc] GC(2218) Pause Young (Allocation Failure) 12M->8M(15M) 0.327ms
[6030.444s][info][gc] GC(2219) Pause Young (Allocation Failure) 12M->8M(15M) 0.308ms
[6032.344s][info][gc] GC(2220) Pause Young (Allocation Failure) 12M->8M(15M) 0.335ms
[6034.245s][info][gc] GC(2221) Pause Young (Allocation Failure) 12M->8M(15M) 0.336ms
[6036.145s][info][gc] GC(2222) Pause Young (Allocation Failure) 12M->8M(15M) 0.345ms
[6038.045s][info][gc] GC(2223) Pause Young (Allocation Failure) 12M->8M(15M) 0.330ms
[6040.043s][info][gc] GC(2224) Pause Young (Allocation Failure) 12M->8M(15M) 0.291ms
[6041.944s][info][gc] GC(2225) Pause Young (Allocation Failure) 12M->8M(15M) 0.336ms
[6043.845s][info][gc] GC(2226) Pause Young (Allocation Failure) 12M->8M(15M) 0.352ms
[6045.744s][info][gc] GC(2227) Pause Young (Allocation Failure) 12M->8M(15M) 0.334ms
[6047.644s][info][gc] GC(2228) Pause Young (Allocation Failure) 12M->8M(15M) 0.347ms
[6049.545s][info][gc] GC(2229) Pause Young (Allocation Failure) 12M->8M(15M) 0.727ms
[6051.445s][info][gc] GC(2230) Pause Young (Allocation Failure) 12M->8M(15M) 0.361ms
[6053.444s][info][gc] GC(2231) Pause Young (Allocation Failure) 12M->8M(15M) 0.309ms
[6055.344s][info][gc] GC(2232) Pause Young (Allocation Failure) 12M->8M(15M) 0.434ms
[6057.244s][info][gc] GC(2233) Pause Young (Allocation Failure) 12M->8M(15M) 0.310ms
[6059.145s][info][gc] GC(2234) Pause Young (Allocation Failure) 12M->8M(15M) 0.328ms
[6061.145s][info][gc] GC(2235) Pause Young (Allocation Failure) 12M->8M(15M) 0.312ms
[6063.144s][info][gc] GC(2236) Pause Young (Allocation Failure) 12M->8M(15M) 0.308ms
[6065.144s][info][gc] GC(2237) Pause Young (Allocation Failure) 12M->8M(15M) 0.317ms
[6067.243s][info][gc] GC(2238) Pause Young (Allocation Failure) 12M->8M(15M) 0.313ms
[6069.244s][info][gc] GC(2239) Pause Young (Allocation Failure) 12M->8M(15M) 0.275ms
[6071.244s][info][gc] GC(2240) Pause Young (Allocation Failure) 12M->8M(15M) 0.297ms
[6073.244s][info][gc] GC(2241) Pause Young (Allocation Failure) 12M->8M(15M) 0.300ms
[6075.245s][info][gc] GC(2242) Pause Young (Allocation Failure) 12M->8M(15M) 0.498ms
[6077.244s][info][gc] GC(2243) Pause Young (Allocation Failure) 12M->8M(15M) 0.310ms
[6079.344s][info][gc] GC(2244) Pause Young (Allocation Failure) 12M->8M(15M) 0.276ms
[6081.344s][info][gc] GC(2245) Pause Young (Allocation Failure) 12M->8M(15M) 0.276ms
[6083.344s][info][gc] GC(2246) Pause Young (Allocation Failure) 12M->8M(15M) 0.289ms
[6085.344s][info][gc] GC(2247) Pause Young (Allocation Failure) 12M->8M(15M) 0.285ms
[6087.344s][info][gc] GC(2248) Pause Young (Allocation Failure) 12M->8M(15M) 0.302ms
[6089.345s][info][gc] GC(2249) Pause Young (Allocation Failure) 12M->8M(15M) 0.307ms
[6091.444s][info][gc] GC(2250) Pause Young (Allocation Failure) 12M->8M(15M) 0.255ms
[6093.444s][info][gc] GC(2251) Pause Young (Allocation Failure) 12M->8M(15M) 0.264ms
[6095.444s][info][gc] GC(2252) Pause Young (Allocation Failure) 12M->8M(15M) 0.260ms
[6097.443s][info][gc] GC(2253) Pause Young (Allocation Failure) 12M->8M(15M) 0.295ms
[6099.444s][info][gc] GC(2254) Pause Young (Allocation Failure) 12M->8M(15M) 0.306ms
[6101.445s][info][gc] GC(2255) Pause Young (Allocation Failure) 12M->8M(15M) 0.305ms
[6103.544s][info][gc] GC(2256) Pause Young (Allocation Failure) 12M->8M(15M) 0.284ms
[6105.545s][info][gc] GC(2257) Pause Young (Allocation Failure) 12M->8M(15M) 0.262ms
[6107.544s][info][gc] GC(2258) Pause Young (Allocation Failure) 12M->8M(15M) 0.291ms
[6109.544s][info][gc] GC(2259) Pause Young (Allocation Failure) 12M->8M(15M) 0.303ms
[6111.544s][info][gc] GC(2260) Pause Young (Allocation Failure) 12M->8M(15M) 0.314ms
[6113.545s][info][gc] GC(2261) Pause Young (Allocation Failure) 12M->8M(15M) 0.328ms
[6115.643s][info][gc] GC(2262) Pause Young (Allocation Failure) 12M->8M(15M) 0.266ms
[6117.644s][info][gc] GC(2263) Pause Young (Allocation Failure) 12M->8M(15M) 0.252ms
[6119.644s][info][gc] GC(2264) Pause Young (Allocation Failure) 12M->8M(15M) 0.318ms
[6121.844s][info][gc] GC(2265) Pause Young (Allocation Failure) 12M->8M(15M) 0.266ms
[6123.944s][info][gc] GC(2266) Pause Young (Allocation Failure) 12M->8M(15M) 0.282ms
[6126.044s][info][gc] GC(2267) Pause Young (Allocation Failure) 12M->8M(15M) 0.294ms
[6128.044s][info][gc] GC(2268) Pause Young (Allocation Failure) 12M->8M(15M) 0.353ms
[6130.029s][info][gc] GC(2269) Pause Young (Allocation Failure) 12M->8M(15M) 0.286ms
[6131.944s][info][gc] GC(2270) Pause Young (Allocation Failure) 12M->8M(15M) 0.302ms
[6133.844s][info][gc] GC(2271) Pause Young (Allocation Failure) 12M->8M(15M) 0.318ms
[6135.744s][info][gc] GC(2272) Pause Young (Allocation Failure) 12M->8M(15M) 0.279ms
[6137.644s][info][gc] GC(2273) Pause Young (Allocation Failure) 12M->8M(15M) 0.305ms
[6139.544s][info][gc] GC(2274) Pause Young (Allocation Failure) 12M->8M(15M) 0.280ms
[6141.444s][info][gc] GC(2275) Pause Young (Allocation Failure) 12M->8M(15M) 0.326ms
[6143.344s][info][gc] GC(2276) Pause Young (Allocation Failure) 12M->8M(15M) 0.341ms
[6145.245s][info][gc] GC(2277) Pause Young (Allocation Failure) 12M->8M(15M) 0.335ms
[6147.144s][info][gc] GC(2278) Pause Young (Allocation Failure) 12M->8M(15M) 0.334ms
[6149.052s][info][gc] GC(2279) Pause Young (Allocation Failure) 12M->8M(15M) 0.358ms
[6151.044s][info][gc] GC(2280) Pause Young (Allocation Failure) 12M->8M(15M) 0.293ms
[6152.943s][info][gc] GC(2281) Pause Young (Allocation Failure) 12M->8M(15M) 0.309ms
[6154.844s][info][gc] GC(2282) Pause Young (Allocation Failure) 12M->8M(15M) 0.344ms
[6156.743s][info][gc] GC(2283) Pause Young (Allocation Failure) 12M->8M(15M) 0.351ms
[6158.643s][info][gc] GC(2284) Pause Young (Allocation Failure) 12M->8M(15M) 0.346ms
[6160.544s][info][gc] GC(2285) Pause Young (Allocation Failure) 12M->8M(15M) 0.310ms
[6162.444s][info][gc] GC(2286) Pause Young (Allocation Failure) 12M->8M(15M) 0.333ms
[6164.344s][info][gc] GC(2287) Pause Young (Allocation Failure) 12M->8M(15M) 0.364ms
[6166.244s][info][gc] GC(2288) Pause Young (Allocation Failure) 12M->8M(15M) 0.371ms
[6168.145s][info][gc] GC(2289) Pause Young (Allocation Failure) 12M->8M(15M) 0.372ms
[6170.144s][info][gc] GC(2290) Pause Young (Allocation Failure) 12M->8M(15M) 0.297ms
[6172.044s][info][gc] GC(2291) Pause Young (Allocation Failure) 12M->8M(15M) 0.361ms
[6173.945s][info][gc] GC(2292) Pause Young (Allocation Failure) 12M->8M(15M) 0.726ms
[6175.845s][info][gc] GC(2293) Pause Young (Allocation Failure) 12M->8M(15M) 0.342ms
[6177.844s][info][gc] GC(2294) Pause Young (Allocation Failure) 12M->8M(15M) 0.296ms
[6179.745s][info][gc] GC(2295) Pause Young (Allocation Failure) 12M->8M(15M) 0.365ms
[6181.745s][info][gc] GC(2296) Pause Young (Allocation Failure) 12M->8M(15M) 0.325ms
[6183.844s][info][gc] GC(2297) Pause Young (Allocation Failure) 12M->8M(15M) 0.455ms
[6185.844s][info][gc] GC(2298) Pause Young (Allocation Failure) 12M->8M(15M) 0.372ms
[6187.844s][info][gc] GC(2299) Pause Young (Allocation Failure) 12M->8M(15M) 0.310ms
[6189.845s][info][gc] GC(2300) Pause Young (Allocation Failure) 12M->8M(15M) 0.459ms
[6191.844s][info][gc] GC(2301) Pause Young (Allocation Failure) 12M->8M(15M) 0.429ms
[6193.845s][info][gc] GC(2302) Pause Young (Allocation Failure) 12M->8M(15M) 0.420ms
[6195.944s][info][gc] GC(2303) Pause Young (Allocation Failure) 12M->8M(15M) 0.438ms
[6197.945s][info][gc] GC(2304) Pause Young (Allocation Failure) 12M->8M(15M) 0.278ms
[6199.944s][info][gc] GC(2305) Pause Young (Allocation Failure) 12M->8M(15M) 0.771ms
[6201.943s][info][gc] GC(2306) Pause Young (Allocation Failure) 12M->8M(15M) 0.333ms
[6203.944s][info][gc] GC(2307) Pause Young (Allocation Failure) 12M->8M(15M) 0.414ms
[6205.944s][info][gc] GC(2308) Pause Young (Allocation Failure) 12M->8M(15M) 0.396ms
[6207.991s][info][gc] GC(2309) Pause Young (Allocation Failure) 12M->8M(15M) 0.267ms
[6210.044s][info][gc] GC(2310) Pause Young (Allocation Failure) 12M->8M(15M) 0.318ms
[6212.044s][info][gc] GC(2311) Pause Young (Allocation Failure) 12M->8M(15M) 0.300ms
[6214.044s][info][gc] GC(2312) Pause Young (Allocation Failure) 12M->8M(15M) 0.304ms
[6216.044s][info][gc] GC(2313) Pause Young (Allocation Failure) 12M->8M(15M) 0.320ms
[6218.044s][info][gc] GC(2314) Pause Young (Allocation Failure) 12M->8M(15M) 0.320ms
[6220.044s][info][gc] GC(2315) Pause Young (Allocation Failure) 12M->8M(15M) 0.345ms
[6222.101s][info][gc] GC(2316) Pause Young (Allocation Failure) 12M->8M(15M) 0.232ms
[6224.104s][info][gc] GC(2317) Pause Young (Allocation Failure) 12M->8M(15M) 0.409ms
[6226.105s][info][gc] GC(2318) Pause Young (Allocation Failure) 12M->8M(15M) 0.273ms
[6228.143s][info][gc] GC(2319) Pause Young (Allocation Failure) 12M->8M(15M) 0.293ms
[6230.143s][info][gc] GC(2320) Pause Young (Allocation Failure) 12M->8M(15M) 0.278ms
[6232.144s][info][gc] GC(2321) Pause Young (Allocation Failure) 12M->8M(15M) 0.305ms
[6234.144s][info][gc] GC(2322) Pause Young (Allocation Failure) 12M->8M(15M) 0.318ms
[6236.144s][info][gc] GC(2323) Pause Young (Allocation Failure) 12M->8M(15M) 0.332ms
[6238.144s][info][gc] GC(2324) Pause Young (Allocation Failure) 12M->8M(15M) 0.321ms
[6240.343s][info][gc] GC(2325) Pause Young (Allocation Failure) 12M->8M(15M) 0.349ms
[6242.444s][info][gc] GC(2326) Pause Young (Allocation Failure) 12M->8M(15M) 0.372ms
[6244.544s][info][gc] GC(2327) Pause Young (Allocation Failure) 12M->8M(15M) 0.304ms
[6246.744s][info][gc] GC(2328) Pause Young (Allocation Failure) 12M->8M(15M) 0.280ms
[6248.844s][info][gc] GC(2329) Pause Young (Allocation Failure) 12M->8M(15M) 0.291ms
[6250.944s][info][gc] GC(2330) Pause Young (Allocation Failure) 12M->8M(15M) 0.345ms
[6253.044s][info][gc] GC(2331) Pause Young (Allocation Failure) 12M->8M(15M) 0.320ms
[6255.144s][info][gc] GC(2332) Pause Young (Allocation Failure) 12M->8M(15M) 0.325ms
[6257.343s][info][gc] GC(2333) Pause Young (Allocation Failure) 12M->8M(15M) 0.280ms
[6259.444s][info][gc] GC(2334) Pause Young (Allocation Failure) 12M->8M(15M) 0.305ms
[6261.544s][info][gc] GC(2335) Pause Young (Allocation Failure) 12M->8M(15M) 0.316ms
[6263.744s][info][gc] GC(2336) Pause Young (Allocation Failure) 12M->8M(15M) 0.271ms
[6265.843s][info][gc] GC(2337) Pause Young (Allocation Failure) 12M->8M(15M) 0.276ms
[6267.944s][info][gc] GC(2338) Pause Young (Allocation Failure) 12M->8M(15M) 0.378ms
[6269.944s][info][gc] GC(2339) Pause Young (Allocation Failure) 12M->8M(15M) 0.369ms
[6271.844s][info][gc] GC(2340) Pause Young (Allocation Failure) 12M->8M(15M) 0.343ms
[6273.744s][info][gc] GC(2341) Pause Young (Allocation Failure) 12M->8M(15M) 0.345ms
[6275.644s][info][gc] GC(2342) Pause Young (Allocation Failure) 12M->8M(15M) 0.346ms
[6277.643s][info][gc] GC(2343) Pause Young (Allocation Failure) 12M->8M(15M) 0.307ms
[6279.544s][info][gc] GC(2344) Pause Young (Allocation Failure) 12M->8M(15M) 0.307ms
[6281.444s][info][gc] GC(2345) Pause Young (Allocation Failure) 12M->8M(15M) 0.323ms
[6283.344s][info][gc] GC(2346) Pause Young (Allocation Failure) 12M->8M(15M) 0.342ms
[6285.244s][info][gc] GC(2347) Pause Young (Allocation Failure) 12M->8M(15M) 0.332ms
[6287.156s][info][gc] GC(2348) Pause Young (Allocation Failure) 12M->8M(15M) 0.281ms
[6289.144s][info][gc] GC(2349) Pause Young (Allocation Failure) 12M->8M(15M) 0.360ms
[6291.044s][info][gc] GC(2350) Pause Young (Allocation Failure) 12M->8M(15M) 0.388ms
[6292.944s][info][gc] GC(2351) Pause Young (Allocation Failure) 12M->8M(15M) 0.322ms
[6294.844s][info][gc] GC(2352) Pause Young (Allocation Failure) 12M->8M(15M) 0.336ms
[6296.744s][info][gc] GC(2353) Pause Young (Allocation Failure) 12M->8M(15M) 0.484ms
[6298.644s][info][gc] GC(2354) Pause Young (Allocation Failure) 12M->8M(15M) 0.340ms
[6300.743s][info][gc] GC(2355) Pause Young (Allocation Failure) 12M->8M(15M) 0.287ms
[6302.743s][info][gc] GC(2356) Pause Young (Allocation Failure) 12M->8M(15M) 0.261ms
[6304.744s][info][gc] GC(2357) Pause Young (Allocation Failure) 12M->8M(15M) 0.350ms
[6306.744s][info][gc] GC(2358) Pause Young (Allocation Failure) 12M->8M(15M) 0.292ms
[6308.744s][info][gc] GC(2359) Pause Young (Allocation Failure) 12M->8M(15M) 0.307ms
[6310.745s][info][gc] GC(2360) Pause Young (Allocation Failure) 12M->8M(15M) 0.320ms
[6312.844s][info][gc] GC(2361) Pause Young (Allocation Failure) 12M->8M(15M) 0.241ms
[6314.644s][info][gc] GC(2362) Pause Young (Allocation Failure) 12M->8M(15M) 0.308ms
[6316.544s][info][gc] GC(2363) Pause Young (Allocation Failure) 12M->8M(15M) 0.347ms
[6318.444s][info][gc] GC(2364) Pause Young (Allocation Failure) 12M->8M(15M) 0.385ms
[6320.344s][info][gc] GC(2365) Pause Young (Allocation Failure) 12M->8M(15M) 0.317ms
[6322.244s][info][gc] GC(2366) Pause Young (Allocation Failure) 12M->8M(15M) 0.456ms
[6324.145s][info][gc] GC(2367) Pause Young (Allocation Failure) 12M->8M(15M) 0.553ms
[6326.051s][info][gc] GC(2368) Pause Young (Allocation Failure) 12M->8M(15M) 0.268ms
[6328.043s][info][gc] GC(2369) Pause Young (Allocation Failure) 12M->8M(15M) 0.361ms
[6329.943s][info][gc] GC(2370) Pause Young (Allocation Failure) 12M->8M(15M) 0.383ms
[6331.844s][info][gc] GC(2371) Pause Young (Allocation Failure) 12M->8M(15M) 0.343ms
[6333.744s][info][gc] GC(2372) Pause Young (Allocation Failure) 12M->8M(15M) 0.355ms
[6335.645s][info][gc] GC(2373) Pause Young (Allocation Failure) 12M->8M(15M) 0.625ms
[6337.544s][info][gc] GC(2374) Pause Young (Allocation Failure) 12M->8M(15M) 0.351ms
[6339.445s][info][gc] GC(2375) Pause Young (Allocation Failure) 12M->8M(15M) 0.697ms
[6341.443s][info][gc] GC(2376) Pause Young (Allocation Failure) 12M->8M(15M) 0.533ms
[6343.344s][info][gc] GC(2377) Pause Young (Allocation Failure) 12M->8M(15M) 0.452ms
[6345.345s][info][gc] GC(2378) Pause Young (Allocation Failure) 12M->8M(15M) 0.446ms
[6347.343s][info][gc] GC(2379) Pause Young (Allocation Failure) 12M->8M(15M) 0.292ms
[6349.343s][info][gc] GC(2380) Pause Young (Allocation Failure) 12M->8M(15M) 0.329ms
[6351.345s][info][gc] GC(2381) Pause Young (Allocation Failure) 12M->8M(15M) 0.416ms
[6353.344s][info][gc] GC(2382) Pause Young (Allocation Failure) 12M->8M(15M) 0.339ms
[6355.443s][info][gc] GC(2383) Pause Young (Allocation Failure) 12M->8M(15M) 0.249ms
[6357.444s][info][gc] GC(2384) Pause Young (Allocation Failure) 12M->8M(15M) 0.295ms
[6359.444s][info][gc] GC(2385) Pause Young (Allocation Failure) 12M->8M(15M) 0.294ms
[6361.444s][info][gc] GC(2386) Pause Young (Allocation Failure) 12M->8M(15M) 0.289ms
[6363.443s][info][gc] GC(2387) Pause Young (Allocation Failure) 12M->8M(15M) 0.322ms
[6365.444s][info][gc] GC(2388) Pause Young (Allocation Failure) 12M->8M(15M) 0.353ms
[6367.543s][info][gc] GC(2389) Pause Young (Allocation Failure) 12M->8M(15M) 0.258ms
[6369.544s][info][gc] GC(2390) Pause Young (Allocation Failure) 12M->8M(15M) 0.260ms
[6371.544s][info][gc] GC(2391) Pause Young (Allocation Failure) 12M->8M(15M) 0.301ms
[6373.544s][info][gc] GC(2392) Pause Young (Allocation Failure) 12M->8M(15M) 0.299ms
[6375.543s][info][gc] GC(2393) Pause Young (Allocation Failure) 12M->8M(15M) 0.323ms
[6377.543s][info][gc] GC(2394) Pause Young (Allocation Failure) 12M->8M(15M) 0.304ms
[6379.643s][info][gc] GC(2395) Pause Young (Allocation Failure) 12M->8M(15M) 0.266ms
[6381.644s][info][gc] GC(2396) Pause Young (Allocation Failure) 12M->8M(15M) 0.282ms
[6383.643s][info][gc] GC(2397) Pause Young (Allocation Failure) 12M->8M(15M) 0.278ms
[6385.644s][info][gc] GC(2398) Pause Young (Allocation Failure) 12M->8M(15M) 0.311ms
[6387.644s][info][gc] GC(2399) Pause Young (Allocation Failure) 12M->8M(15M) 0.334ms
[6389.644s][info][gc] GC(2400) Pause Young (Allocation Failure) 12M->8M(15M) 0.329ms
[6391.742s][info][gc] GC(2401) Pause Young (Allocation Failure) 12M->8M(15M) 0.250ms
[6393.643s][info][gc] GC(2402) Pause Young (Allocation Failure) 12M->8M(15M) 0.301ms
[6395.543s][info][gc] GC(2403) Pause Young (Allocation Failure) 12M->8M(15M) 0.280ms
[6397.345s][info][gc] GC(2404) Pause Young (Allocation Failure) 12M->8M(15M) 0.365ms
[6399.247s][info][gc] GC(2405) Pause Young (Allocation Failure) 12M->8M(15M) 0.291ms
[6401.244s][info][gc] GC(2406) Pause Young (Allocation Failure) 12M->8M(15M) 0.303ms
[6403.144s][info][gc] GC(2407) Pause Young (Allocation Failure) 12M->8M(15M) 0.320ms
[6405.044s][info][gc] GC(2408) Pause Young (Allocation Failure) 12M->8M(15M) 0.336ms
[6406.944s][info][gc] GC(2409) Pause Young (Allocation Failure) 12M->8M(15M) 0.368ms
[6408.844s][info][gc] GC(2410) Pause Young (Allocation Failure) 12M->8M(15M) 0.345ms
[6410.744s][info][gc] GC(2411) Pause Young (Allocation Failure) 12M->8M(15M) 0.403ms
[6412.743s][info][gc] GC(2412) Pause Young (Allocation Failure) 12M->8M(15M) 0.267ms
[6414.643s][info][gc] GC(2413) Pause Young (Allocation Failure) 12M->8M(15M) 0.284ms
[6416.544s][info][gc] GC(2414) Pause Young (Allocation Failure) 12M->8M(15M) 0.308ms
[6418.443s][info][gc] GC(2415) Pause Young (Allocation Failure) 12M->8M(15M) 0.306ms
[6420.444s][info][gc] GC(2416) Pause Young (Allocation Failure) 12M->8M(15M) 0.318ms
[6422.444s][info][gc] GC(2417) Pause Young (Allocation Failure) 12M->8M(15M) 0.305ms
[6424.443s][info][gc] GC(2418) Pause Young (Allocation Failure) 12M->8M(15M) 0.303ms
[6426.444s][info][gc] GC(2419) Pause Young (Allocation Failure) 12M->8M(15M) 0.342ms
[6428.542s][info][gc] GC(2420) Pause Young (Allocation Failure) 12M->8M(15M) 0.271ms
[6430.544s][info][gc] GC(2421) Pause Young (Allocation Failure) 12M->8M(15M) 0.260ms
[6432.544s][info][gc] GC(2422) Pause Young (Allocation Failure) 12M->8M(15M) 0.297ms
[6434.544s][info][gc] GC(2423) Pause Young (Allocation Failure) 12M->8M(15M) 0.300ms
[6436.543s][info][gc] GC(2424) Pause Young (Allocation Failure) 12M->8M(15M) 0.303ms
[6438.544s][info][gc] GC(2425) Pause Young (Allocation Failure) 12M->8M(15M) 0.376ms
[6440.543s][info][gc] GC(2426) Pause Young (Allocation Failure) 12M->8M(15M) 0.300ms
[6442.644s][info][gc] GC(2427) Pause Young (Allocation Failure) 12M->8M(15M) 0.290ms
[6444.644s][info][gc] GC(2428) Pause Young (Allocation Failure) 12M->8M(15M) 0.289ms
[6446.644s][info][gc] GC(2429) Pause Young (Allocation Failure) 12M->8M(15M) 0.322ms
[6448.644s][info][gc] GC(2430) Pause Young (Allocation Failure) 12M->8M(15M) 0.414ms
[6450.644s][info][gc] GC(2431) Pause Young (Allocation Failure) 12M->8M(15M) 0.327ms
[6452.644s][info][gc] GC(2432) Pause Young (Allocation Failure) 12M->8M(15M) 0.324ms
[6454.743s][info][gc] GC(2433) Pause Young (Allocation Failure) 12M->8M(15M) 0.311ms
[6456.743s][info][gc] GC(2434) Pause Young (Allocation Failure) 12M->8M(15M) 0.284ms
[6458.744s][info][gc] GC(2435) Pause Young (Allocation Failure) 12M->8M(15M) 0.301ms
[6460.745s][info][gc] GC(2436) Pause Young (Allocation Failure) 12M->8M(15M) 0.353ms
[6462.745s][info][gc] GC(2437) Pause Young (Allocation Failure) 12M->8M(15M) 0.561ms
[6464.745s][info][gc] GC(2438) Pause Young (Allocation Failure) 12M->8M(15M) 0.322ms
[6466.843s][info][gc] GC(2439) Pause Young (Allocation Failure) 12M->8M(15M) 0.388ms
[6468.844s][info][gc] GC(2440) Pause Young (Allocation Failure) 12M->8M(15M) 0.312ms
[6470.844s][info][gc] GC(2441) Pause Young (Allocation Failure) 12M->8M(15M) 0.369ms
[6472.845s][info][gc] GC(2442) Pause Young (Allocation Failure) 12M->8M(15M) 0.476ms
[6474.845s][info][gc] GC(2443) Pause Young (Allocation Failure) 12M->8M(15M) 0.500ms
[6476.844s][info][gc] GC(2444) Pause Young (Allocation Failure) 12M->8M(15M) 0.311ms
[6478.943s][info][gc] GC(2445) Pause Young (Allocation Failure) 12M->8M(15M) 0.430ms
[6481.043s][info][gc] GC(2446) Pause Young (Allocation Failure) 12M->8M(15M) 0.467ms
[6483.145s][info][gc] GC(2447) Pause Young (Allocation Failure) 12M->8M(15M) 0.318ms
[6485.315s][info][gc] GC(2448) Pause Young (Allocation Failure) 12M->8M(15M) 0.233ms
[6487.345s][info][gc] GC(2449) Pause Young (Allocation Failure) 12M->8M(15M) 0.563ms
[6489.544s][info][gc] GC(2450) Pause Young (Allocation Failure) 12M->8M(15M) 0.434ms
[6491.644s][info][gc] GC(2451) Pause Young (Allocation Failure) 12M->8M(15M) 0.331ms
[6493.744s][info][gc] GC(2452) Pause Young (Allocation Failure) 12M->8M(15M) 0.389ms
[6495.944s][info][gc] GC(2453) Pause Young (Allocation Failure) 12M->8M(15M) 0.296ms
[6498.044s][info][gc] GC(2454) Pause Young (Allocation Failure) 12M->8M(15M) 0.298ms
[6500.145s][info][gc] GC(2455) Pause Young (Allocation Failure) 12M->8M(15M) 0.314ms
[6502.329s][info][gc] GC(2456) Pause Young (Allocation Failure) 12M->8M(15M) 0.288ms
[6504.344s][info][gc] GC(2457) Pause Young (Allocation Failure) 12M->8M(15M) 0.334ms
[6506.544s][info][gc] GC(2458) Pause Young (Allocation Failure) 12M->8M(15M) 0.274ms
[6508.643s][info][gc] GC(2459) Pause Young (Allocation Failure) 12M->8M(15M) 0.389ms
[6510.644s][info][gc] GC(2460) Pause Young (Allocation Failure) 12M->8M(15M) 0.416ms
[6512.544s][info][gc] GC(2461) Pause Young (Allocation Failure) 12M->8M(15M) 0.362ms
[6514.444s][info][gc] GC(2462) Pause Young (Allocation Failure) 12M->8M(15M) 0.450ms
[6516.343s][info][gc] GC(2463) Pause Young (Allocation Failure) 12M->8M(15M) 0.350ms
[6518.341s][info][gc] GC(2464) Pause Young (Allocation Failure) 12M->8M(15M) 0.297ms
[6520.148s][info][gc] GC(2465) Pause Young (Allocation Failure) 12M->8M(15M) 0.406ms
[6522.044s][info][gc] GC(2466) Pause Young (Allocation Failure) 12M->8M(15M) 0.359ms
[6523.944s][info][gc] GC(2467) Pause Young (Allocation Failure) 12M->8M(15M) 0.379ms
[6525.844s][info][gc] GC(2468) Pause Young (Allocation Failure) 12M->8M(15M) 0.379ms
[6527.744s][info][gc] GC(2469) Pause Young (Allocation Failure) 12M->8M(15M) 0.368ms
[6529.643s][info][gc] GC(2470) Pause Young (Allocation Failure) 12M->8M(15M) 0.343ms
[6531.544s][info][gc] GC(2471) Pause Young (Allocation Failure) 12M->8M(15M) 0.357ms
[6533.444s][info][gc] GC(2472) Pause Young (Allocation Failure) 12M->8M(15M) 0.382ms
[6535.351s][info][gc] GC(2473) Pause Young (Allocation Failure) 12M->8M(15M) 0.310ms
[6537.344s][info][gc] GC(2474) Pause Young (Allocation Failure) 12M->8M(15M) 0.366ms
[6539.244s][info][gc] GC(2475) Pause Young (Allocation Failure) 12M->8M(15M) 0.409ms
[6541.144s][info][gc] GC(2476) Pause Young (Allocation Failure) 12M->8M(15M) 0.454ms
[6543.044s][info][gc] GC(2477) Pause Young (Allocation Failure) 12M->8M(15M) 0.337ms
[6544.945s][info][gc] GC(2478) Pause Young (Allocation Failure) 12M->8M(15M) 0.369ms
[6546.844s][info][gc] GC(2479) Pause Young (Allocation Failure) 12M->8M(15M) 0.318ms
[6548.843s][info][gc] GC(2480) Pause Young (Allocation Failure) 12M->8M(15M) 0.282ms
[6550.744s][info][gc] GC(2481) Pause Young (Allocation Failure) 12M->8M(15M) 0.347ms
[6552.644s][info][gc] GC(2482) Pause Young (Allocation Failure) 12M->8M(15M) 0.316ms
[6554.544s][info][gc] GC(2483) Pause Young (Allocation Failure) 12M->8M(15M) 0.331ms
[6556.643s][info][gc] GC(2484) Pause Young (Allocation Failure) 12M->8M(15M) 0.247ms
[6558.643s][info][gc] GC(2485) Pause Young (Allocation Failure) 12M->8M(15M) 0.297ms
[6560.643s][info][gc] GC(2486) Pause Young (Allocation Failure) 12M->8M(15M) 0.275ms
[6562.644s][info][gc] GC(2487) Pause Young (Allocation Failure) 12M->8M(15M) 0.320ms
[6564.644s][info][gc] GC(2488) Pause Young (Allocation Failure) 12M->8M(15M) 0.380ms
[6566.645s][info][gc] GC(2489) Pause Young (Allocation Failure) 12M->8M(15M) 0.347ms
[6568.644s][info][gc] GC(2490) Pause Young (Allocation Failure) 12M->8M(15M) 0.308ms
[6570.744s][info][gc] GC(2491) Pause Young (Allocation Failure) 12M->8M(15M) 0.369ms
[6572.744s][info][gc] GC(2492) Pause Young (Allocation Failure) 12M->8M(15M) 0.379ms
[6574.744s][info][gc] GC(2493) Pause Young (Allocation Failure) 12M->8M(15M) 0.343ms
[6576.744s][info][gc] GC(2494) Pause Young (Allocation Failure) 12M->8M(15M) 0.319ms
[6578.744s][info][gc] GC(2495) Pause Young (Allocation Failure) 12M->8M(15M) 0.327ms
[6580.744s][info][gc] GC(2496) Pause Young (Allocation Failure) 12M->8M(15M) 0.505ms
[6582.843s][info][gc] GC(2497) Pause Young (Allocation Failure) 12M->8M(15M) 0.409ms
[6584.844s][info][gc] GC(2498) Pause Young (Allocation Failure) 12M->8M(15M) 0.275ms
[6586.844s][info][gc] GC(2499) Pause Young (Allocation Failure) 12M->8M(15M) 0.282ms
[6588.844s][info][gc] GC(2500) Pause Young (Allocation Failure) 12M->8M(15M) 0.305ms
[6590.844s][info][gc] GC(2501) Pause Young (Allocation Failure) 12M->8M(15M) 0.303ms
[6592.844s][info][gc] GC(2502) Pause Young (Allocation Failure) 12M->8M(15M) 0.303ms
[6594.844s][info][gc] GC(2503) Pause Young (Allocation Failure) 12M->8M(15M) 0.333ms
[6596.944s][info][gc] GC(2504) Pause Young (Allocation Failure) 12M->8M(15M) 0.329ms
[6598.944s][info][gc] GC(2505) Pause Young (Allocation Failure) 12M->8M(15M) 0.419ms
[6600.944s][info][gc] GC(2506) Pause Young (Allocation Failure) 12M->8M(15M) 0.292ms
[6602.944s][info][gc] GC(2507) Pause Young (Allocation Failure) 12M->8M(15M) 0.310ms
[6604.945s][info][gc] GC(2508) Pause Young (Allocation Failure) 12M->8M(15M) 0.337ms
[6606.944s][info][gc] GC(2509) Pause Young (Allocation Failure) 12M->8M(15M) 0.314ms
[6609.043s][info][gc] GC(2510) Pause Young (Allocation Failure) 12M->8M(15M) 0.333ms
[6611.044s][info][gc] GC(2511) Pause Young (Allocation Failure) 12M->8M(15M) 0.441ms
[6613.044s][info][gc] GC(2512) Pause Young (Allocation Failure) 12M->8M(15M) 0.339ms
[6615.144s][info][gc] GC(2513) Pause Young (Allocation Failure) 12M->8M(15M) 0.475ms
[6617.244s][info][gc] GC(2514) Pause Young (Allocation Failure) 12M->8M(15M) 0.459ms
[6619.345s][info][gc] GC(2515) Pause Young (Allocation Failure) 12M->8M(15M) 0.551ms
[6621.445s][info][gc] GC(2516) Pause Young (Allocation Failure) 12M->8M(15M) 0.586ms
[6623.645s][info][gc] GC(2517) Pause Young (Allocation Failure) 12M->8M(15M) 0.341ms
[6625.744s][info][gc] GC(2518) Pause Young (Allocation Failure) 12M->8M(15M) 0.314ms
[6627.845s][info][gc] GC(2519) Pause Young (Allocation Failure) 12M->8M(15M) 0.449ms
[6630.044s][info][gc] GC(2520) Pause Young (Allocation Failure) 12M->8M(15M) 0.467ms
[6632.145s][info][gc] GC(2521) Pause Young (Allocation Failure) 12M->8M(15M) 0.403ms
[6634.244s][info][gc] GC(2522) Pause Young (Allocation Failure) 12M->8M(15M) 0.353ms
[6636.344s][info][gc] GC(2523) Pause Young (Allocation Failure) 12M->8M(15M) 0.382ms
[6638.444s][info][gc] GC(2524) Pause Young (Allocation Failure) 12M->8M(15M) 0.410ms
[6640.643s][info][gc] GC(2525) Pause Young (Allocation Failure) 12M->8M(15M) 0.278ms
[6642.743s][info][gc] GC(2526) Pause Young (Allocation Failure) 12M->8M(15M) 0.304ms
[6644.844s][info][gc] GC(2527) Pause Young (Allocation Failure) 12M->8M(15M) 0.333ms
[6647.043s][info][gc] GC(2528) Pause Young (Allocation Failure) 12M->8M(15M) 0.260ms
[6649.144s][info][gc] GC(2529) Pause Young (Allocation Failure) 12M->8M(15M) 0.283ms
[6651.244s][info][gc] GC(2530) Pause Young (Allocation Failure) 12M->8M(15M) 0.319ms
[6653.344s][info][gc] GC(2531) Pause Young (Allocation Failure) 12M->8M(15M) 0.297ms
[6655.344s][info][gc] GC(2532) Pause Young (Allocation Failure) 12M->8M(15M) 0.356ms
[6657.244s][info][gc] GC(2533) Pause Young (Allocation Failure) 12M->8M(15M) 0.369ms
[6659.144s][info][gc] GC(2534) Pause Young (Allocation Failure) 12M->8M(15M) 0.333ms
[6661.044s][info][gc] GC(2535) Pause Young (Allocation Failure) 12M->8M(15M) 0.384ms
[6662.944s][info][gc] GC(2536) Pause Young (Allocation Failure) 12M->8M(15M) 0.343ms
[6664.844s][info][gc] GC(2537) Pause Young (Allocation Failure) 12M->8M(15M) 0.358ms
[6666.745s][info][gc] GC(2538) Pause Young (Allocation Failure) 12M->8M(15M) 0.356ms
[6668.743s][info][gc] GC(2539) Pause Young (Allocation Failure) 12M->8M(15M) 0.295ms
[6670.644s][info][gc] GC(2540) Pause Young (Allocation Failure) 12M->8M(15M) 0.351ms
[6672.543s][info][gc] GC(2541) Pause Young (Allocation Failure) 12M->8M(15M) 0.300ms
[6674.457s][info][gc] GC(2542) Pause Young (Allocation Failure) 12M->8M(15M) 0.294ms
[6676.543s][info][gc] GC(2543) Pause Young (Allocation Failure) 12M->8M(15M) 0.272ms
[6678.543s][info][gc] GC(2544) Pause Young (Allocation Failure) 12M->8M(15M) 0.353ms
[6680.544s][info][gc] GC(2545) Pause Young (Allocation Failure) 12M->8M(15M) 0.294ms
[6682.544s][info][gc] GC(2546) Pause Young (Allocation Failure) 12M->8M(15M) 0.378ms
[6684.544s][info][gc] GC(2547) Pause Young (Allocation Failure) 12M->8M(15M) 0.363ms
[6686.544s][info][gc] GC(2548) Pause Young (Allocation Failure) 12M->8M(15M) 0.315ms
[6688.544s][info][gc] GC(2549) Pause Young (Allocation Failure) 12M->8M(15M) 0.334ms
[6690.644s][info][gc] GC(2550) Pause Young (Allocation Failure) 12M->8M(15M) 0.245ms
[6692.643s][info][gc] GC(2551) Pause Young (Allocation Failure) 12M->8M(15M) 0.298ms
[6694.644s][info][gc] GC(2552) Pause Young (Allocation Failure) 12M->8M(15M) 0.301ms
[6696.644s][info][gc] GC(2553) Pause Young (Allocation Failure) 12M->8M(15M) 0.322ms
[6698.644s][info][gc] GC(2554) Pause Young (Allocation Failure) 12M->8M(15M) 0.286ms
[6700.472s][info][gc] GC(2555) Pause Young (Allocation Failure) 12M->8M(15M) 0.285ms
[6702.444s][info][gc] GC(2556) Pause Young (Allocation Failure) 12M->8M(15M) 0.296ms
[6704.244s][info][gc] GC(2557) Pause Young (Allocation Failure) 12M->8M(15M) 0.347ms
[6706.144s][info][gc] GC(2558) Pause Young (Allocation Failure) 12M->8M(15M) 0.328ms
[6708.142s][info][gc] GC(2559) Pause Young (Allocation Failure) 12M->8M(15M) 0.275ms
[6710.044s][info][gc] GC(2560) Pause Young (Allocation Failure) 12M->8M(15M) 0.296ms
[6711.945s][info][gc] GC(2561) Pause Young (Allocation Failure) 12M->8M(15M) 0.362ms
[6713.844s][info][gc] GC(2562) Pause Young (Allocation Failure) 12M->8M(15M) 0.302ms
[6715.744s][info][gc] GC(2563) Pause Young (Allocation Failure) 12M->8M(15M) 0.364ms
[6717.645s][info][gc] GC(2564) Pause Young (Allocation Failure) 12M->8M(15M) 0.333ms
[6719.644s][info][gc] GC(2565) Pause Young (Allocation Failure) 12M->8M(15M) 0.282ms
[6721.644s][info][gc] GC(2566) Pause Young (Allocation Failure) 12M->8M(15M) 0.306ms
[6723.645s][info][gc] GC(2567) Pause Young (Allocation Failure) 12M->8M(15M) 0.505ms
[6725.645s][info][gc] GC(2568) Pause Young (Allocation Failure) 12M->8M(15M) 0.537ms
[6727.645s][info][gc] GC(2569) Pause Young (Allocation Failure) 12M->8M(15M) 0.505ms
[6729.645s][info][gc] GC(2570) Pause Young (Allocation Failure) 12M->8M(15M) 0.381ms
[6731.744s][info][gc] GC(2571) Pause Young (Allocation Failure) 12M->8M(15M) 0.581ms
[6733.745s][info][gc] GC(2572) Pause Young (Allocation Failure) 12M->8M(15M) 0.734ms
[6735.745s][info][gc] GC(2573) Pause Young (Allocation Failure) 12M->8M(15M) 0.583ms
[6737.745s][info][gc] GC(2574) Pause Young (Allocation Failure) 12M->8M(15M) 0.893ms
[6739.745s][info][gc] GC(2575) Pause Young (Allocation Failure) 12M->8M(15M) 0.573ms
[6741.745s][info][gc] GC(2576) Pause Young (Allocation Failure) 12M->8M(15M) 0.688ms
[6743.844s][info][gc] GC(2577) Pause Young (Allocation Failure) 12M->8M(15M) 0.397ms
[6745.845s][info][gc] GC(2578) Pause Young (Allocation Failure) 12M->8M(15M) 0.694ms
[6747.844s][info][gc] GC(2579) Pause Young (Allocation Failure) 12M->8M(15M) 0.365ms
[6749.845s][info][gc] GC(2580) Pause Young (Allocation Failure) 12M->8M(15M) 0.404ms
[6751.845s][info][gc] GC(2581) Pause Young (Allocation Failure) 12M->8M(15M) 0.881ms
[6753.845s][info][gc] GC(2582) Pause Young (Allocation Failure) 12M->8M(15M) 0.630ms
[6755.944s][info][gc] GC(2583) Pause Young (Allocation Failure) 12M->8M(15M) 0.386ms
[6757.944s][info][gc] GC(2584) Pause Young (Allocation Failure) 12M->8M(15M) 0.504ms
[6759.945s][info][gc] GC(2585) Pause Young (Allocation Failure) 12M->8M(15M) 0.435ms
[6761.944s][info][gc] GC(2586) Pause Young (Allocation Failure) 12M->8M(15M) 0.443ms
[6763.944s][info][gc] GC(2587) Pause Young (Allocation Failure) 12M->8M(15M) 0.660ms
[6765.945s][info][gc] GC(2588) Pause Young (Allocation Failure) 12M->8M(15M) 0.533ms
[6768.043s][info][gc] GC(2589) Pause Young (Allocation Failure) 12M->8M(15M) 0.435ms
[6770.044s][info][gc] GC(2590) Pause Young (Allocation Failure) 12M->8M(15M) 0.515ms
[6772.044s][info][gc] GC(2591) Pause Young (Allocation Failure) 12M->8M(15M) 0.324ms
[6774.044s][info][gc] GC(2592) Pause Young (Allocation Failure) 12M->8M(15M) 0.388ms
[6776.045s][info][gc] GC(2593) Pause Young (Allocation Failure) 12M->8M(15M) 0.502ms
[6778.045s][info][gc] GC(2594) Pause Young (Allocation Failure) 12M->8M(15M) 0.421ms
[6780.144s][info][gc] GC(2595) Pause Young (Allocation Failure) 12M->8M(15M) 0.480ms
[6782.045s][info][gc] GC(2596) Pause Young (Allocation Failure) 12M->8M(15M) 0.658ms
[6784.044s][info][gc] GC(2597) Pause Young (Allocation Failure) 12M->8M(15M) 0.373ms
[6785.845s][info][gc] GC(2598) Pause Young (Allocation Failure) 12M->8M(15M) 0.660ms
[6787.745s][info][gc] GC(2599) Pause Young (Allocation Failure) 12M->8M(15M) 0.462ms
[6789.645s][info][gc] GC(2600) Pause Young (Allocation Failure) 12M->8M(15M) 0.479ms
[6791.643s][info][gc] GC(2601) Pause Young (Allocation Failure) 12M->8M(15M) 0.311ms
[6793.544s][info][gc] GC(2602) Pause Young (Allocation Failure) 12M->8M(15M) 0.443ms
[6795.444s][info][gc] GC(2603) Pause Young (Allocation Failure) 12M->8M(15M) 0.500ms
[6797.345s][info][gc] GC(2604) Pause Young (Allocation Failure) 12M->8M(15M) 0.363ms
[6799.244s][info][gc] GC(2605) Pause Young (Allocation Failure) 12M->8M(15M) 0.523ms
[6801.243s][info][gc] GC(2606) Pause Young (Allocation Failure) 12M->8M(15M) 0.317ms
[6803.144s][info][gc] GC(2607) Pause Young (Allocation Failure) 12M->8M(15M) 0.322ms
[6805.044s][info][gc] GC(2608) Pause Young (Allocation Failure) 12M->8M(15M) 0.495ms
[6806.945s][info][gc] GC(2609) Pause Young (Allocation Failure) 12M->8M(15M) 0.409ms
[6808.844s][info][gc] GC(2610) Pause Young (Allocation Failure) 12M->8M(15M) 0.340ms
[6810.844s][info][gc] GC(2611) Pause Young (Allocation Failure) 12M->8M(15M) 0.375ms
[6812.845s][info][gc] GC(2612) Pause Young (Allocation Failure) 12M->8M(15M) 0.554ms
[6814.944s][info][gc] GC(2613) Pause Young (Allocation Failure) 12M->8M(15M) 0.423ms
[6816.944s][info][gc] GC(2614) Pause Young (Allocation Failure) 12M->8M(15M) 0.476ms
[6818.944s][info][gc] GC(2615) Pause Young (Allocation Failure) 12M->8M(15M) 0.464ms
[6820.944s][info][gc] GC(2616) Pause Young (Allocation Failure) 12M->8M(15M) 0.443ms
[6822.944s][info][gc] GC(2617) Pause Young (Allocation Failure) 12M->8M(15M) 0.345ms
[6824.945s][info][gc] GC(2618) Pause Young (Allocation Failure) 12M->8M(15M) 0.461ms
[6827.044s][info][gc] GC(2619) Pause Young (Allocation Failure) 12M->8M(15M) 0.240ms
[6829.044s][info][gc] GC(2620) Pause Young (Allocation Failure) 12M->8M(15M) 0.477ms
[6831.044s][info][gc] GC(2621) Pause Young (Allocation Failure) 12M->8M(15M) 0.360ms
[6833.045s][info][gc] GC(2622) Pause Young (Allocation Failure) 12M->8M(15M) 0.309ms
[6835.044s][info][gc] GC(2623) Pause Young (Allocation Failure) 12M->8M(15M) 0.346ms
[6837.044s][info][gc] GC(2624) Pause Young (Allocation Failure) 12M->8M(15M) 0.352ms
[6839.144s][info][gc] GC(2625) Pause Young (Allocation Failure) 12M->8M(15M) 0.351ms
[6841.145s][info][gc] GC(2626) Pause Young (Allocation Failure) 12M->8M(15M) 0.332ms
[6843.145s][info][gc] GC(2627) Pause Young (Allocation Failure) 12M->8M(15M) 0.506ms
[6845.145s][info][gc] GC(2628) Pause Young (Allocation Failure) 12M->8M(15M) 0.377ms
[6847.145s][info][gc] GC(2629) Pause Young (Allocation Failure) 12M->8M(15M) 0.659ms
[6849.145s][info][gc] GC(2630) Pause Young (Allocation Failure) 12M->8M(15M) 0.424ms
[6851.244s][info][gc] GC(2631) Pause Young (Allocation Failure) 12M->8M(15M) 0.382ms
[6853.244s][info][gc] GC(2632) Pause Young (Allocation Failure) 12M->8M(15M) 0.371ms
[6855.245s][info][gc] GC(2633) Pause Young (Allocation Failure) 12M->8M(15M) 0.468ms
[6857.245s][info][gc] GC(2634) Pause Young (Allocation Failure) 12M->8M(15M) 0.459ms
[6859.245s][info][gc] GC(2635) Pause Young (Allocation Failure) 12M->8M(15M) 0.552ms
[6861.245s][info][gc] GC(2636) Pause Young (Allocation Failure) 12M->8M(15M) 0.466ms
[6863.328s][info][gc] GC(2637) Pause Young (Allocation Failure) 12M->8M(15M) 0.584ms
[6865.344s][info][gc] GC(2638) Pause Young (Allocation Failure) 12M->8M(15M) 0.440ms
[6867.345s][info][gc] GC(2639) Pause Young (Allocation Failure) 12M->8M(15M) 0.404ms
[6869.345s][info][gc] GC(2640) Pause Young (Allocation Failure) 12M->8M(15M) 0.774ms
[6871.544s][info][gc] GC(2641) Pause Young (Allocation Failure) 12M->8M(15M) 0.561ms
[6873.644s][info][gc] GC(2642) Pause Young (Allocation Failure) 12M->8M(15M) 0.535ms
[6875.744s][info][gc] GC(2643) Pause Young (Allocation Failure) 12M->8M(15M) 0.567ms
[6877.845s][info][gc] GC(2644) Pause Young (Allocation Failure) 12M->8M(15M) 0.498ms
[6880.043s][info][gc] GC(2645) Pause Young (Allocation Failure) 12M->8M(15M) 0.626ms
[6882.145s][info][gc] GC(2646) Pause Young (Allocation Failure) 12M->8M(15M) 0.488ms
[6884.245s][info][gc] GC(2647) Pause Young (Allocation Failure) 12M->8M(15M) 0.512ms
[6886.345s][info][gc] GC(2648) Pause Young (Allocation Failure) 12M->8M(15M) 0.440ms
[6888.544s][info][gc] GC(2649) Pause Young (Allocation Failure) 12M->8M(15M) 0.471ms
[6890.445s][info][gc] GC(2650) Pause Young (Allocation Failure) 12M->8M(15M) 0.675ms
[6892.344s][info][gc] GC(2651) Pause Young (Allocation Failure) 12M->8M(15M) 0.436ms
[6894.244s][info][gc] GC(2652) Pause Young (Allocation Failure) 12M->8M(15M) 0.464ms
[6896.145s][info][gc] GC(2653) Pause Young (Allocation Failure) 12M->8M(15M) 0.597ms
[6898.045s][info][gc] GC(2654) Pause Young (Allocation Failure) 12M->8M(15M) 0.441ms
[6899.845s][info][gc] GC(2655) Pause Young (Allocation Failure) 12M->8M(15M) 0.628ms
[6901.745s][info][gc] GC(2656) Pause Young (Allocation Failure) 12M->8M(15M) 0.659ms
[6903.651s][info][gc] GC(2657) Pause Young (Allocation Failure) 12M->8M(15M) 0.560ms
[6905.644s][info][gc] GC(2658) Pause Young (Allocation Failure) 12M->8M(15M) 0.534ms
[6907.544s][info][gc] GC(2659) Pause Young (Allocation Failure) 12M->8M(15M) 0.668ms
[6909.445s][info][gc] GC(2660) Pause Young (Allocation Failure) 12M->8M(15M) 0.594ms
[6911.344s][info][gc] GC(2661) Pause Young (Allocation Failure) 12M->8M(15M) 0.603ms
[6913.246s][info][gc] GC(2662) Pause Young (Allocation Failure) 12M->8M(15M) 0.866ms
[6915.146s][info][gc] GC(2663) Pause Young (Allocation Failure) 12M->8M(15M) 0.656ms
[6917.144s][info][gc] GC(2664) Pause Young (Allocation Failure) 12M->8M(15M) 0.451ms
[6919.045s][info][gc] GC(2665) Pause Young (Allocation Failure) 12M->8M(15M) 0.680ms
[6920.944s][info][gc] GC(2666) Pause Young (Allocation Failure) 12M->8M(15M) 0.441ms
[6922.847s][info][gc] GC(2667) Pause Young (Allocation Failure) 12M->8M(15M) 0.831ms
[6924.744s][info][gc] GC(2668) Pause Young (Allocation Failure) 12M->8M(15M) 0.530ms
[6926.668s][info][gc] GC(2669) Pause Young (Allocation Failure) 12M->8M(15M) 0.349ms
[6928.644s][info][gc] GC(2670) Pause Young (Allocation Failure) 12M->8M(15M) 0.429ms
[6930.644s][info][gc] GC(2671) Pause Young (Allocation Failure) 12M->8M(15M) 0.412ms
[6932.644s][info][gc] GC(2672) Pause Young (Allocation Failure) 12M->8M(15M) 0.478ms
[6934.645s][info][gc] GC(2673) Pause Young (Allocation Failure) 12M->8M(15M) 0.356ms
[6936.646s][info][gc] GC(2674) Pause Young (Allocation Failure) 12M->8M(15M) 0.442ms
[6938.645s][info][gc] GC(2675) Pause Young (Allocation Failure) 12M->8M(15M) 0.401ms
[6940.678s][info][gc] GC(2676) Pause Young (Allocation Failure) 12M->8M(15M) 0.431ms
[6942.679s][info][gc] GC(2677) Pause Young (Allocation Failure) 12M->8M(15M) 0.321ms
[6944.681s][info][gc] GC(2678) Pause Young (Allocation Failure) 12M->8M(15M) 0.469ms
[6946.744s][info][gc] GC(2679) Pause Young (Allocation Failure) 12M->8M(15M) 0.489ms
[6948.745s][info][gc] GC(2680) Pause Young (Allocation Failure) 12M->8M(15M) 0.389ms
[6950.745s][info][gc] GC(2681) Pause Young (Allocation Failure) 12M->8M(15M) 0.283ms
[6952.745s][info][gc] GC(2682) Pause Young (Allocation Failure) 12M->8M(15M) 0.524ms
[6954.745s][info][gc] GC(2683) Pause Young (Allocation Failure) 12M->8M(15M) 0.399ms
[6956.745s][info][gc] GC(2684) Pause Young (Allocation Failure) 12M->8M(15M) 0.516ms
[6958.844s][info][gc] GC(2685) Pause Young (Allocation Failure) 12M->8M(15M) 0.324ms
[6960.845s][info][gc] GC(2686) Pause Young (Allocation Failure) 12M->8M(15M) 0.366ms
[6962.844s][info][gc] GC(2687) Pause Young (Allocation Failure) 12M->8M(15M) 0.444ms
[6964.844s][info][gc] GC(2688) Pause Young (Allocation Failure) 12M->8M(15M) 0.424ms
[6966.845s][info][gc] GC(2689) Pause Young (Allocation Failure) 12M->8M(15M) 0.421ms
[6968.844s][info][gc] GC(2690) Pause Young (Allocation Failure) 12M->8M(15M) 0.393ms
[6970.845s][info][gc] GC(2691) Pause Young (Allocation Failure) 12M->8M(15M) 0.374ms
[6972.945s][info][gc] GC(2692) Pause Young (Allocation Failure) 12M->8M(15M) 0.338ms
[6974.944s][info][gc] GC(2693) Pause Young (Allocation Failure) 12M->8M(15M) 0.531ms
[6976.945s][info][gc] GC(2694) Pause Young (Allocation Failure) 12M->8M(15M) 0.344ms
[6978.944s][info][gc] GC(2695) Pause Young (Allocation Failure) 12M->8M(15M) 0.458ms
[6980.944s][info][gc] GC(2696) Pause Young (Allocation Failure) 12M->8M(15M) 0.416ms
[6982.944s][info][gc] GC(2697) Pause Young (Allocation Failure) 12M->8M(15M) 0.332ms
[6985.044s][info][gc] GC(2698) Pause Young (Allocation Failure) 12M->8M(15M) 0.319ms
[6987.044s][info][gc] GC(2699) Pause Young (Allocation Failure) 12M->8M(15M) 0.279ms
[6989.044s][info][gc] GC(2700) Pause Young (Allocation Failure) 12M->8M(15M) 0.315ms
[6991.244s][info][gc] GC(2701) Pause Young (Allocation Failure) 12M->8M(15M) 0.521ms
[6993.344s][info][gc] GC(2702) Pause Young (Allocation Failure) 12M->8M(15M) 0.299ms
[6995.445s][info][gc] GC(2703) Pause Young (Allocation Failure) 12M->8M(15M) 0.307ms
[6997.545s][info][gc] GC(2704) Pause Young (Allocation Failure) 12M->8M(15M) 0.348ms
[6999.721s][info][gc] GC(2705) Pause Young (Allocation Failure) 12M->8M(15M) 0.635ms
[7001.845s][info][gc] GC(2706) Pause Young (Allocation Failure) 12M->8M(15M) 0.253ms
[7003.944s][info][gc] GC(2707) Pause Young (Allocation Failure) 12M->8M(15M) 0.572ms
[7006.045s][info][gc] GC(2708) Pause Young (Allocation Failure) 12M->8M(15M) 0.430ms
[7008.245s][info][gc] GC(2709) Pause Young (Allocation Failure) 12M->8M(15M) 0.258ms
[7010.344s][info][gc] GC(2710) Pause Young (Allocation Failure) 12M->8M(15M) 0.506ms
[7012.444s][info][gc] GC(2711) Pause Young (Allocation Failure) 12M->8M(15M) 0.659ms
[7014.545s][info][gc] GC(2712) Pause Young (Allocation Failure) 12M->8M(15M) 0.361ms
[7016.733s][info][gc] GC(2713) Pause Young (Allocation Failure) 12M->8M(15M) 0.291ms
[7018.846s][info][gc] GC(2714) Pause Young (Allocation Failure) 12M->8M(15M) 0.592ms
[7020.944s][info][gc] GC(2715) Pause Young (Allocation Failure) 12M->8M(15M) 0.551ms
[7023.045s][info][gc] GC(2716) Pause Young (Allocation Failure) 12M->8M(15M) 0.602ms
[7025.244s][info][gc] GC(2717) Pause Young (Allocation Failure) 12M->8M(15M) 0.532ms
[7027.345s][info][gc] GC(2718) Pause Young (Allocation Failure) 12M->8M(15M) 0.385ms
[7029.345s][info][gc] GC(2719) Pause Young (Allocation Failure) 12M->8M(15M) 0.722ms
[7031.245s][info][gc] GC(2720) Pause Young (Allocation Failure) 12M->8M(15M) 0.817ms
[7033.145s][info][gc] GC(2721) Pause Young (Allocation Failure) 12M->8M(15M) 0.524ms
[7035.046s][info][gc] GC(2722) Pause Young (Allocation Failure) 12M->8M(15M) 0.523ms
[7036.945s][info][gc] GC(2723) Pause Young (Allocation Failure) 12M->8M(15M) 0.729ms
[7038.944s][info][gc] GC(2724) Pause Young (Allocation Failure) 13M->8M(15M) 0.477ms
[7040.844s][info][gc] GC(2725) Pause Young (Allocation Failure) 12M->8M(15M) 0.388ms
[7042.745s][info][gc] GC(2726) Pause Young (Allocation Failure) 12M->8M(15M) 0.464ms
[7044.646s][info][gc] GC(2727) Pause Young (Allocation Failure) 12M->8M(15M) 0.639ms
[7046.547s][info][gc] GC(2728) Pause Young (Allocation Failure) 12M->8M(15M) 0.844ms
[7048.544s][info][gc] GC(2729) Pause Young (Allocation Failure) 13M->8M(15M) 0.492ms
[7050.544s][info][gc] GC(2730) Pause Young (Allocation Failure) 12M->8M(15M) 0.477ms
[7052.544s][info][gc] GC(2731) Pause Young (Allocation Failure) 12M->8M(15M) 0.624ms
[7054.545s][info][gc] GC(2732) Pause Young (Allocation Failure) 12M->8M(15M) 0.393ms
[7056.546s][info][gc] GC(2733) Pause Young (Allocation Failure) 12M->8M(15M) 1.227ms
[7058.545s][info][gc] GC(2734) Pause Young (Allocation Failure) 12M->8M(15M) 0.513ms
[7060.545s][info][gc] GC(2735) Pause Young (Allocation Failure) 12M->8M(15M) 0.607ms
[7062.644s][info][gc] GC(2736) Pause Young (Allocation Failure) 12M->8M(15M) 0.308ms
[7064.644s][info][gc] GC(2737) Pause Young (Allocation Failure) 12M->8M(15M) 0.381ms
[7066.644s][info][gc] GC(2738) Pause Young (Allocation Failure) 12M->8M(15M) 0.560ms
[7068.645s][info][gc] GC(2739) Pause Young (Allocation Failure) 12M->8M(15M) 0.542ms
[7070.644s][info][gc] GC(2740) Pause Young (Allocation Failure) 12M->8M(15M) 0.346ms
[7072.644s][info][gc] GC(2741) Pause Young (Allocation Failure) 12M->8M(15M) 0.580ms
[7074.743s][info][gc] GC(2742) Pause Young (Allocation Failure) 12M->8M(15M) 0.263ms
[7076.743s][info][gc] GC(2743) Pause Young (Allocation Failure) 12M->8M(15M) 0.297ms
[7078.744s][info][gc] GC(2744) Pause Young (Allocation Failure) 12M->8M(15M) 0.293ms
[7080.744s][info][gc] GC(2745) Pause Young (Allocation Failure) 12M->8M(15M) 0.433ms
[7082.744s][info][gc] GC(2746) Pause Young (Allocation Failure) 12M->8M(15M) 0.316ms
[7084.744s][info][gc] GC(2747) Pause Young (Allocation Failure) 12M->8M(15M) 0.319ms
[7086.790s][info][gc] GC(2748) Pause Young (Allocation Failure) 12M->8M(15M) 0.245ms
[7088.794s][info][gc] GC(2749) Pause Young (Allocation Failure) 12M->8M(15M) 0.275ms
[7090.796s][info][gc] GC(2750) Pause Young (Allocation Failure) 12M->8M(15M) 0.284ms
[7092.844s][info][gc] GC(2751) Pause Young (Allocation Failure) 12M->8M(15M) 0.262ms
[7094.843s][info][gc] GC(2752) Pause Young (Allocation Failure) 12M->8M(15M) 0.299ms
[7096.847s][info][gc] GC(2753) Pause Young (Allocation Failure) 12M->8M(15M) 0.333ms
[7098.844s][info][gc] GC(2754) Pause Young (Allocation Failure) 12M->8M(15M) 0.318ms
[7100.744s][info][gc] GC(2755) Pause Young (Allocation Failure) 12M->8M(15M) 0.406ms
[7102.644s][info][gc] GC(2756) Pause Young (Allocation Failure) 12M->8M(15M) 0.499ms
[7104.544s][info][gc] GC(2757) Pause Young (Allocation Failure) 12M->8M(15M) 0.317ms
[7106.444s][info][gc] GC(2758) Pause Young (Allocation Failure) 12M->8M(15M) 0.517ms
[7108.343s][info][gc] GC(2759) Pause Young (Allocation Failure) 12M->8M(15M) 0.348ms
[7110.244s][info][gc] GC(2760) Pause Young (Allocation Failure) 12M->8M(15M) 0.360ms
[7112.044s][info][gc] GC(2761) Pause Young (Allocation Failure) 12M->8M(15M) 0.356ms
[7113.943s][info][gc] GC(2762) Pause Young (Allocation Failure) 13M->8M(15M) 0.371ms
[7115.844s][info][gc] GC(2763) Pause Young (Allocation Failure) 12M->8M(15M) 0.350ms
[7117.820s][info][gc] GC(2764) Pause Young (Allocation Failure) 13M->8M(15M) 0.362ms
[7119.744s][info][gc] GC(2765) Pause Young (Allocation Failure) 12M->8M(15M) 0.310ms
[7121.644s][info][gc] GC(2766) Pause Young (Allocation Failure) 12M->8M(15M) 0.316ms
[7123.544s][info][gc] GC(2767) Pause Young (Allocation Failure) 12M->8M(15M) 0.463ms
[7125.444s][info][gc] GC(2768) Pause Young (Allocation Failure) 12M->8M(15M) 0.689ms
[7127.345s][info][gc] GC(2769) Pause Young (Allocation Failure) 12M->8M(15M) 0.577ms
[7129.344s][info][gc] GC(2770) Pause Young (Allocation Failure) 13M->8M(15M) 0.393ms
[7131.244s][info][gc] GC(2771) Pause Young (Allocation Failure) 12M->8M(15M) 0.388ms
[7133.145s][info][gc] GC(2772) Pause Young (Allocation Failure) 12M->8M(15M) 0.350ms
[7135.045s][info][gc] GC(2773) Pause Young (Allocation Failure) 12M->8M(15M) 0.498ms
[7136.944s][info][gc] GC(2774) Pause Young (Allocation Failure) 12M->8M(15M) 0.446ms
[7138.845s][info][gc] GC(2775) Pause Young (Allocation Failure) 12M->8M(15M) 0.320ms
[7140.845s][info][gc] GC(2776) Pause Young (Allocation Failure) 12M->8M(15M) 0.437ms
[7142.846s][info][gc] GC(2777) Pause Young (Allocation Failure) 12M->8M(15M) 0.745ms
[7144.944s][info][gc] GC(2778) Pause Young (Allocation Failure) 13M->8M(15M) 0.339ms
[7146.945s][info][gc] GC(2779) Pause Young (Allocation Failure) 12M->8M(15M) 0.434ms
[7148.945s][info][gc] GC(2780) Pause Young (Allocation Failure) 12M->8M(15M) 0.623ms
[7150.846s][info][gc] GC(2781) Pause Young (Allocation Failure) 12M->8M(15M) 1.221ms
[7152.844s][info][gc] GC(2782) Pause Young (Allocation Failure) 13M->8M(15M) 1.084ms
[7154.645s][info][gc] GC(2783) Pause Young (Allocation Failure) 12M->8M(15M) 0.724ms
[7156.546s][info][gc] GC(2784) Pause Young (Allocation Failure) 13M->8M(15M) 0.480ms
[7158.543s][info][gc] GC(2785) Pause Young (Allocation Failure) 13M->8M(15M) 0.620ms
[7160.444s][info][gc] GC(2786) Pause Young (Allocation Failure) 12M->8M(15M) 0.587ms
[7162.344s][info][gc] GC(2787) Pause Young (Allocation Failure) 12M->8M(15M) 0.459ms
[7164.245s][info][gc] GC(2788) Pause Young (Allocation Failure) 12M->8M(15M) 1.037ms
[7166.145s][info][gc] GC(2789) Pause Young (Allocation Failure) 12M->8M(15M) 0.664ms
[7168.045s][info][gc] GC(2790) Pause Young (Allocation Failure) 13M->8M(15M) 0.727ms
[7169.946s][info][gc] GC(2791) Pause Young (Allocation Failure) 13M->8M(15M) 1.054ms
[7171.860s][info][gc] GC(2792) Pause Young (Allocation Failure) 13M->8M(15M) 0.439ms
[7173.845s][info][gc] GC(2793) Pause Young (Allocation Failure) 12M->8M(15M) 0.567ms
[7175.744s][info][gc] GC(2794) Pause Young (Allocation Failure) 12M->8M(15M) 0.338ms
[7177.645s][info][gc] GC(2795) Pause Young (Allocation Failure) 13M->8M(15M) 0.477ms
[7179.545s][info][gc] GC(2796) Pause Young (Allocation Failure) 13M->8M(15M) 0.525ms
[7181.488s][info][gc] GC(2797) Pause Young (Allocation Failure) 13M->8M(15M) 0.420ms
[7183.346s][info][gc] GC(2798) Pause Young (Allocation Failure) 12M->8M(15M) 0.459ms
[7185.445s][info][gc] GC(2799) Pause Young (Allocation Failure) 13M->8M(15M) 0.317ms
[7187.445s][info][gc] GC(2800) Pause Young (Allocation Failure) 12M->8M(15M) 0.612ms
[7189.445s][info][gc] GC(2801) Pause Young (Allocation Failure) 12M->8M(15M) 0.524ms
[7191.446s][info][gc] GC(2802) Pause Young (Allocation Failure) 12M->8M(15M) 0.856ms
[7193.446s][info][gc] GC(2803) Pause Young (Allocation Failure) 13M->8M(15M) 0.923ms
[7195.446s][info][gc] GC(2804) Pause Young (Allocation Failure) 13M->8M(15M) 0.652ms
[7197.543s][info][gc] GC(2805) Pause Young (Allocation Failure) 13M->8M(15M) 0.458ms
[7199.544s][info][gc] GC(2806) Pause Young (Allocation Failure) 12M->8M(15M) 0.582ms
[7201.545s][info][gc] GC(2807) Pause Young (Allocation Failure) 12M->8M(15M) 0.540ms
[7203.544s][info][gc] GC(2808) Pause Young (Allocation Failure) 12M->8M(15M) 0.440ms
[7205.544s][info][gc] GC(2809) Pause Young (Allocation Failure) 12M->8M(15M) 0.425ms
[7207.545s][info][gc] GC(2810) Pause Young (Allocation Failure) 13M->8M(15M) 0.818ms
[7209.643s][info][gc] GC(2811) Pause Young (Allocation Failure) 13M->8M(15M) 0.422ms
[7211.645s][info][gc] GC(2812) Pause Young (Allocation Failure) 12M->8M(15M) 0.422ms
[7213.645s][info][gc] GC(2813) Pause Young (Allocation Failure) 12M->8M(15M) 0.395ms
[7215.645s][info][gc] GC(2814) Pause Young (Allocation Failure) 12M->8M(15M) 0.416ms
[7217.645s][info][gc] GC(2815) Pause Young (Allocation Failure) 12M->8M(15M) 0.321ms
[7219.646s][info][gc] GC(2816) Pause Young (Allocation Failure) 13M->8M(15M) 0.573ms
[7221.645s][info][gc] GC(2817) Pause Young (Allocation Failure) 13M->8M(15M) 0.453ms
[7223.745s][info][gc] GC(2818) Pause Young (Allocation Failure) 13M->8M(15M) 0.305ms
[7225.745s][info][gc] GC(2819) Pause Young (Allocation Failure) 12M->8M(15M) 0.463ms
[7227.745s][info][gc] GC(2820) Pause Young (Allocation Failure) 12M->8M(15M) 0.341ms
[7229.745s][info][gc] GC(2821) Pause Young (Allocation Failure) 12M->8M(15M) 0.391ms
[7231.745s][info][gc] GC(2822) Pause Young (Allocation Failure) 13M->8M(15M) 0.375ms
[7233.745s][info][gc] GC(2823) Pause Young (Allocation Failure) 13M->8M(15M) 0.415ms
[7235.845s][info][gc] GC(2824) Pause Young (Allocation Failure) 13M->8M(15M) 0.397ms
[7237.845s][info][gc] GC(2825) Pause Young (Allocation Failure) 12M->8M(15M) 0.283ms
[7239.845s][info][gc] GC(2826) Pause Young (Allocation Failure) 12M->8M(15M) 0.482ms
[7241.845s][info][gc] GC(2827) Pause Young (Allocation Failure) 12M->8M(15M) 0.347ms
[7243.844s][info][gc] GC(2828) Pause Young (Allocation Failure) 13M->8M(15M) 0.422ms
[7245.945s][info][gc] GC(2829) Pause Young (Allocation Failure) 13M->8M(15M) 0.458ms
[7248.143s][info][gc] GC(2830) Pause Young (Allocation Failure) 13M->8M(15M) 0.302ms
[7250.245s][info][gc] GC(2831) Pause Young (Allocation Failure) 12M->8M(15M) 0.440ms
[7252.345s][info][gc] GC(2832) Pause Young (Allocation Failure) 12M->8M(15M) 0.449ms
[7254.534s][info][gc] GC(2833) Pause Young (Allocation Failure) 13M->8M(15M) 0.556ms
[7256.644s][info][gc] GC(2834) Pause Young (Allocation Failure) 12M->8M(15M) 0.370ms
[7258.745s][info][gc] GC(2835) Pause Young (Allocation Failure) 12M->8M(15M) 0.459ms
[7260.845s][info][gc] GC(2836) Pause Young (Allocation Failure) 13M->8M(15M) 0.595ms
[7262.944s][info][gc] GC(2837) Pause Young (Allocation Failure) 13M->8M(15M) 0.367ms
[7265.145s][info][gc] GC(2838) Pause Young (Allocation Failure) 13M->8M(15M) 0.330ms
[7267.245s][info][gc] GC(2839) Pause Young (Allocation Failure) 12M->8M(15M) 0.448ms
[7269.145s][info][gc] GC(2840) Pause Young (Allocation Failure) 12M->8M(15M) 0.646ms
[7271.045s][info][gc] GC(2841) Pause Young (Allocation Failure) 13M->8M(15M) 0.521ms
[7272.945s][info][gc] GC(2842) Pause Young (Allocation Failure) 12M->8M(15M) 0.472ms
[7274.846s][info][gc] GC(2843) Pause Young (Allocation Failure) 13M->8M(15M) 0.538ms
[7276.745s][info][gc] GC(2844) Pause Young (Allocation Failure) 13M->8M(15M) 0.472ms
[7278.644s][info][gc] GC(2845) Pause Young (Allocation Failure) 13M->8M(15M) 0.431ms
[7280.545s][info][gc] GC(2846) Pause Young (Allocation Failure) 13M->8M(15M) 0.564ms
[7282.445s][info][gc] GC(2847) Pause Young (Allocation Failure) 13M->8M(15M) 0.502ms
[7284.345s][info][gc] GC(2848) Pause Young (Allocation Failure) 12M->8M(15M) 0.477ms
[7286.245s][info][gc] GC(2849) Pause Young (Allocation Failure) 12M->8M(15M) 0.557ms
[7288.145s][info][gc] GC(2850) Pause Young (Allocation Failure) 13M->8M(15M) 0.428ms
[7290.044s][info][gc] GC(2851) Pause Young (Allocation Failure) 13M->8M(15M) 0.479ms
[7291.958s][info][gc] GC(2852) Pause Young (Allocation Failure) 13M->8M(15M) 0.712ms
[7293.945s][info][gc] GC(2853) Pause Young (Allocation Failure) 12M->8M(15M) 0.441ms
[7295.845s][info][gc] GC(2854) Pause Young (Allocation Failure) 12M->8M(15M) 0.495ms
[7297.746s][info][gc] GC(2855) Pause Young (Allocation Failure) 12M->8M(15M) 0.822ms
[7299.645s][info][gc] GC(2856) Pause Young (Allocation Failure) 13M->8M(15M) 0.382ms
[7301.545s][info][gc] GC(2857) Pause Young (Allocation Failure) 13M->8M(15M) 0.405ms
[7303.446s][info][gc] GC(2858) Pause Young (Allocation Failure) 13M->8M(15M) 0.442ms
[7305.447s][info][gc] GC(2859) Pause Young (Allocation Failure) 13M->8M(15M) 0.910ms
[7307.544s][info][gc] GC(2860) Pause Young (Allocation Failure) 13M->8M(15M) 0.449ms
[7309.544s][info][gc] GC(2861) Pause Young (Allocation Failure) 12M->8M(15M) 0.568ms
[7311.545s][info][gc] GC(2862) Pause Young (Allocation Failure) 12M->8M(15M) 0.444ms
[7313.544s][info][gc] GC(2863) Pause Young (Allocation Failure) 13M->8M(15M) 0.635ms
[7315.546s][info][gc] GC(2864) Pause Young (Allocation Failure) 13M->8M(15M) 0.937ms
[7317.545s][info][gc] GC(2865) Pause Young (Allocation Failure) 13M->8M(15M) 0.630ms
[7319.570s][info][gc] GC(2866) Pause Young (Allocation Failure) 13M->8M(15M) 0.248ms
[7321.645s][info][gc] GC(2867) Pause Young (Allocation Failure) 12M->8M(15M) 0.542ms
[7323.644s][info][gc] GC(2868) Pause Young (Allocation Failure) 12M->8M(15M) 0.457ms
[7325.645s][info][gc] GC(2869) Pause Young (Allocation Failure) 12M->8M(15M) 0.560ms
[7327.645s][info][gc] GC(2870) Pause Young (Allocation Failure) 13M->8M(15M) 0.547ms
[7329.646s][info][gc] GC(2871) Pause Young (Allocation Failure) 13M->8M(15M) 0.536ms
[7331.645s][info][gc] GC(2872) Pause Young (Allocation Failure) 13M->8M(15M) 0.970ms
[7333.745s][info][gc] GC(2873) Pause Young (Allocation Failure) 13M->8M(15M) 0.436ms
[7335.745s][info][gc] GC(2874) Pause Young (Allocation Failure) 12M->8M(15M) 0.505ms
[7337.745s][info][gc] GC(2875) Pause Young (Allocation Failure) 12M->8M(15M) 0.756ms
[7339.745s][info][gc] GC(2876) Pause Young (Allocation Failure) 13M->8M(15M) 0.696ms
[7341.745s][info][gc] GC(2877) Pause Young (Allocation Failure) 13M->8M(15M) 0.594ms
[7343.746s][info][gc] GC(2878) Pause Young (Allocation Failure) 13M->8M(15M) 0.577ms
[7345.844s][info][gc] GC(2879) Pause Young (Allocation Failure) 13M->8M(15M) 0.345ms
[7347.845s][info][gc] GC(2880) Pause Young (Allocation Failure) 12M->8M(15M) 0.664ms
[7349.844s][info][gc] GC(2881) Pause Young (Allocation Failure) 12M->8M(15M) 0.308ms
[7351.845s][info][gc] GC(2882) Pause Young (Allocation Failure) 13M->8M(15M) 0.403ms
[7353.845s][info][gc] GC(2883) Pause Young (Allocation Failure) 13M->8M(15M) 0.436ms
[7355.845s][info][gc] GC(2884) Pause Young (Allocation Failure) 13M->8M(15M) 0.666ms
[7357.944s][info][gc] GC(2885) Pause Young (Allocation Failure) 13M->8M(15M) 0.357ms
[7359.945s][info][gc] GC(2886) Pause Young (Allocation Failure) 12M->8M(15M) 0.375ms
[7361.944s][info][gc] GC(2887) Pause Young (Allocation Failure) 12M->8M(15M) 0.356ms
[7363.945s][info][gc] GC(2888) Pause Young (Allocation Failure) 12M->8M(15M) 0.431ms
[7366.045s][info][gc] GC(2889) Pause Young (Allocation Failure) 13M->8M(15M) 0.359ms
[7368.145s][info][gc] GC(2890) Pause Young (Allocation Failure) 13M->8M(15M) 0.353ms
[7370.344s][info][gc] GC(2891) Pause Young (Allocation Failure) 13M->8M(15M) 0.260ms
[7372.444s][info][gc] GC(2892) Pause Young (Allocation Failure) 12M->8M(15M) 0.423ms
[7374.544s][info][gc] GC(2893) Pause Young (Allocation Failure) 13M->8M(15M) 0.447ms
[7376.743s][info][gc] GC(2894) Pause Young (Allocation Failure) 13M->8M(15M) 0.450ms
[7378.844s][info][gc] GC(2895) Pause Young (Allocation Failure) 12M->8M(15M) 0.446ms
[7380.944s][info][gc] GC(2896) Pause Young (Allocation Failure) 13M->8M(15M) 0.343ms
[7383.045s][info][gc] GC(2897) Pause Young (Allocation Failure) 13M->8M(15M) 0.417ms
[7385.145s][info][gc] GC(2898) Pause Young (Allocation Failure) 13M->8M(15M) 0.325ms
[7387.344s][info][gc] GC(2899) Pause Young (Allocation Failure) 13M->8M(15M) 0.331ms
[7389.444s][info][gc] GC(2900) Pause Young (Allocation Failure) 12M->8M(15M) 0.416ms
[7391.546s][info][gc] GC(2901) Pause Young (Allocation Failure) 13M->8M(15M) 0.449ms
[7393.544s][info][gc] GC(2902) Pause Young (Allocation Failure) 13M->8M(15M) 0.426ms
[7395.445s][info][gc] GC(2903) Pause Young (Allocation Failure) 12M->8M(15M) 0.350ms
[7397.344s][info][gc] GC(2904) Pause Young (Allocation Failure) 12M->8M(15M) 0.306ms
[7399.244s][info][gc] GC(2905) Pause Young (Allocation Failure) 12M->8M(15M) 0.547ms
[7401.145s][info][gc] GC(2906) Pause Young (Allocation Failure) 13M->8M(15M) 0.454ms
[7403.045s][info][gc] GC(2907) Pause Young (Allocation Failure) 13M->8M(15M) 0.436ms
[7404.945s][info][gc] GC(2908) Pause Young (Allocation Failure) 13M->8M(15M) 0.357ms
[7406.944s][info][gc] GC(2909) Pause Young (Allocation Failure) 13M->8M(15M) 0.402ms
[7408.845s][info][gc] GC(2910) Pause Young (Allocation Failure) 12M->8M(15M) 0.342ms
[7410.745s][info][gc] GC(2911) Pause Young (Allocation Failure) 12M->8M(15M) 0.479ms
[7412.645s][info][gc] GC(2912) Pause Young (Allocation Failure) 13M->8M(15M) 0.443ms
[7414.545s][info][gc] GC(2913) Pause Young (Allocation Failure) 13M->8M(15M) 0.553ms
[7416.446s][info][gc] GC(2914) Pause Young (Allocation Failure) 13M->8M(15M) 0.336ms
[7418.345s][info][gc] GC(2915) Pause Young (Allocation Failure) 13M->8M(15M) 0.348ms
[7420.245s][info][gc] GC(2916) Pause Young (Allocation Failure) 13M->8M(15M) 0.571ms
[7422.245s][info][gc] GC(2917) Pause Young (Allocation Failure) 13M->8M(15M) 0.498ms
[7424.144s][info][gc] GC(2918) Pause Young (Allocation Failure) 12M->8M(15M) 0.508ms
[7426.145s][info][gc] GC(2919) Pause Young (Allocation Failure) 13M->8M(15M) 0.589ms
[7428.144s][info][gc] GC(2920) Pause Young (Allocation Failure) 13M->8M(15M) 0.366ms
[7430.145s][info][gc] GC(2921) Pause Young (Allocation Failure) 13M->8M(15M) 0.463ms
[7432.244s][info][gc] GC(2922) Pause Young (Allocation Failure) 13M->8M(15M) 0.443ms
[7434.245s][info][gc] GC(2923) Pause Young (Allocation Failure) 12M->8M(15M) 0.435ms
[7436.244s][info][gc] GC(2924) Pause Young (Allocation Failure) 12M->8M(15M) 0.393ms
[7438.245s][info][gc] GC(2925) Pause Young (Allocation Failure) 13M->8M(15M) 0.636ms
[7440.245s][info][gc] GC(2926) Pause Young (Allocation Failure) 13M->8M(15M) 0.581ms
[7442.245s][info][gc] GC(2927) Pause Young (Allocation Failure) 13M->8M(15M) 0.580ms
[7444.344s][info][gc] GC(2928) Pause Young (Allocation Failure) 13M->8M(15M) 0.811ms
[7446.345s][info][gc] GC(2929) Pause Young (Allocation Failure) 12M->8M(15M) 0.605ms
[7448.344s][info][gc] GC(2930) Pause Young (Allocation Failure) 12M->8M(15M) 0.436ms
[7450.344s][info][gc] GC(2931) Pause Young (Allocation Failure) 13M->8M(15M) 0.366ms
[7452.344s][info][gc] GC(2932) Pause Young (Allocation Failure) 13M->8M(15M) 0.317ms
[7454.344s][info][gc] GC(2933) Pause Young (Allocation Failure) 13M->8M(15M) 0.435ms
[7456.444s][info][gc] GC(2934) Pause Young (Allocation Failure) 13M->8M(15M) 0.276ms
[7458.445s][info][gc] GC(2935) Pause Young (Allocation Failure) 12M->8M(15M) 0.438ms
[7460.444s][info][gc] GC(2936) Pause Young (Allocation Failure) 12M->8M(15M) 0.312ms
[7462.444s][info][gc] GC(2937) Pause Young (Allocation Failure) 13M->8M(15M) 0.308ms
[7464.444s][info][gc] GC(2938) Pause Young (Allocation Failure) 13M->8M(15M) 0.352ms
[7466.445s][info][gc] GC(2939) Pause Young (Allocation Failure) 13M->8M(15M) 0.476ms
[7468.544s][info][gc] GC(2940) Pause Young (Allocation Failure) 13M->8M(15M) 0.364ms
[7470.545s][info][gc] GC(2941) Pause Young (Allocation Failure) 12M->8M(15M) 0.523ms
[7472.545s][info][gc] GC(2942) Pause Young (Allocation Failure) 12M->8M(15M) 0.573ms
[7474.545s][info][gc] GC(2943) Pause Young (Allocation Failure) 13M->8M(15M) 0.823ms
[7476.545s][info][gc] GC(2944) Pause Young (Allocation Failure) 13M->8M(15M) 0.324ms
[7478.546s][info][gc] GC(2945) Pause Young (Allocation Failure) 13M->8M(15M) 0.594ms
[7480.445s][info][gc] GC(2946) Pause Young (Allocation Failure) 13M->8M(15M) 0.454ms
[7482.345s][info][gc] GC(2947) Pause Young (Allocation Failure) 13M->8M(15M) 0.771ms
[7484.245s][info][gc] GC(2948) Pause Young (Allocation Failure) 13M->8M(15M) 0.436ms
[7486.145s][info][gc] GC(2949) Pause Young (Allocation Failure) 13M->8M(15M) 0.776ms
[7488.121s][info][gc] GC(2950) Pause Young (Allocation Failure) 13M->8M(15M) 0.356ms
[7490.044s][info][gc] GC(2951) Pause Young (Allocation Failure) 13M->8M(15M) 0.682ms
[7491.944s][info][gc] GC(2952) Pause Young (Allocation Failure) 13M->8M(15M) 0.667ms
[7493.847s][info][gc] GC(2953) Pause Young (Allocation Failure) 13M->8M(15M) 1.147ms
[7495.746s][info][gc] GC(2954) Pause Young (Allocation Failure) 13M->8M(15M) 0.670ms
[7497.652s][info][gc] GC(2955) Pause Young (Allocation Failure) 13M->8M(15M) 0.402ms
[7499.645s][info][gc] GC(2956) Pause Young (Allocation Failure) 12M->8M(15M) 0.485ms
[7501.645s][info][gc] GC(2957) Pause Young (Allocation Failure) 13M->8M(15M) 0.349ms
[7503.654s][info][gc] GC(2958) Pause Young (Allocation Failure) 13M->8M(15M) 0.303ms
[7505.744s][info][gc] GC(2959) Pause Young (Allocation Failure) 12M->8M(15M) 0.270ms
[7507.744s][info][gc] GC(2960) Pause Young (Allocation Failure) 12M->8M(15M) 0.357ms
[7509.744s][info][gc] GC(2961) Pause Young (Allocation Failure) 13M->8M(15M) 0.308ms
[7511.743s][info][gc] GC(2962) Pause Young (Allocation Failure) 13M->8M(15M) 0.414ms
[7513.644s][info][gc] GC(2963) Pause Young (Allocation Failure) 13M->8M(15M) 0.355ms
[7515.545s][info][gc] GC(2964) Pause Young (Allocation Failure) 13M->8M(15M) 0.365ms
[7517.444s][info][gc] GC(2965) Pause Young (Allocation Failure) 13M->8M(15M) 0.321ms
[7519.345s][info][gc] GC(2966) Pause Young (Allocation Failure) 13M->8M(15M) 0.367ms
[7521.244s][info][gc] GC(2967) Pause Young (Allocation Failure) 13M->8M(15M) 0.629ms
[7523.152s][info][gc] GC(2968) Pause Young (Allocation Failure) 13M->8M(15M) 0.527ms
[7525.144s][info][gc] GC(2969) Pause Young (Allocation Failure) 13M->8M(15M) 0.371ms
[7527.044s][info][gc] GC(2970) Pause Young (Allocation Failure) 13M->8M(15M) 0.326ms
[7528.944s][info][gc] GC(2971) Pause Young (Allocation Failure) 13M->8M(15M) 0.339ms
[7530.845s][info][gc] GC(2972) Pause Young (Allocation Failure) 13M->8M(15M) 0.344ms
[7532.744s][info][gc] GC(2973) Pause Young (Allocation Failure) 13M->8M(15M) 0.513ms
[7534.665s][info][gc] GC(2974) Pause Young (Allocation Failure) 13M->8M(15M) 0.438ms
[7536.645s][info][gc] GC(2975) Pause Young (Allocation Failure) 12M->8M(15M) 0.305ms
[7538.543s][info][gc] GC(2976) Pause Young (Allocation Failure) 13M->8M(15M) 0.367ms
[7540.444s][info][gc] GC(2977) Pause Young (Allocation Failure) 13M->8M(15M) 0.318ms
[7542.343s][info][gc] GC(2978) Pause Young (Allocation Failure) 13M->8M(15M) 0.326ms
[7544.246s][info][gc] GC(2979) Pause Young (Allocation Failure) 13M->8M(15M) 0.597ms
[7546.343s][info][gc] GC(2980) Pause Young (Allocation Failure) 13M->8M(15M) 0.329ms
[7548.345s][info][gc] GC(2981) Pause Young (Allocation Failure) 12M->8M(15M) 0.347ms
[7550.344s][info][gc] GC(2982) Pause Young (Allocation Failure) 13M->8M(15M) 0.278ms
[7552.345s][info][gc] GC(2983) Pause Young (Allocation Failure) 13M->8M(15M) 0.410ms
[7554.345s][info][gc] GC(2984) Pause Young (Allocation Failure) 13M->8M(15M) 0.545ms
[7556.345s][info][gc] GC(2985) Pause Young (Allocation Failure) 13M->8M(15M) 0.333ms
[7558.444s][info][gc] GC(2986) Pause Young (Allocation Failure) 13M->8M(15M) 0.489ms
[7560.444s][info][gc] GC(2987) Pause Young (Allocation Failure) 12M->8M(15M) 0.484ms
[7562.445s][info][gc] GC(2988) Pause Young (Allocation Failure) 13M->8M(15M) 0.391ms
[7564.445s][info][gc] GC(2989) Pause Young (Allocation Failure) 13M->8M(15M) 0.293ms
[7566.445s][info][gc] GC(2990) Pause Young (Allocation Failure) 13M->8M(15M) 0.298ms
[7568.445s][info][gc] GC(2991) Pause Young (Allocation Failure) 13M->8M(15M) 0.349ms
[7570.445s][info][gc] GC(2992) Pause Young (Allocation Failure) 13M->8M(15M) 0.324ms
[7572.544s][info][gc] GC(2993) Pause Young (Allocation Failure) 13M->8M(15M) 0.312ms
[7574.545s][info][gc] GC(2994) Pause Young (Allocation Failure) 13M->8M(15M) 0.569ms
[7576.545s][info][gc] GC(2995) Pause Young (Allocation Failure) 13M->8M(15M) 0.550ms
[7578.545s][info][gc] GC(2996) Pause Young (Allocation Failure) 13M->8M(15M) 0.319ms
[7580.546s][info][gc] GC(2997) Pause Young (Allocation Failure) 13M->8M(15M) 0.340ms
[7582.546s][info][gc] GC(2998) Pause Young (Allocation Failure) 13M->8M(15M) 0.608ms
[7584.645s][info][gc] GC(2999) Pause Young (Allocation Failure) 13M->8M(15M) 0.432ms
[7586.645s][info][gc] GC(3000) Pause Young (Allocation Failure) 13M->8M(15M) 0.368ms
[7588.645s][info][gc] GC(3001) Pause Young (Allocation Failure) 13M->8M(15M) 0.706ms
[7590.645s][info][gc] GC(3002) Pause Young (Allocation Failure) 13M->8M(15M) 0.619ms
[7592.645s][info][gc] GC(3003) Pause Young (Allocation Failure) 13M->8M(15M) 0.458ms
[7594.646s][info][gc] GC(3004) Pause Young (Allocation Failure) 13M->8M(15M) 0.581ms
[7596.708s][info][gc] GC(3005) Pause Young (Allocation Failure) 13M->8M(15M) 0.687ms
[7598.745s][info][gc] GC(3006) Pause Young (Allocation Failure) 12M->8M(15M) 0.946ms
[7600.744s][info][gc] GC(3007) Pause Young (Allocation Failure) 13M->8M(15M) 0.342ms
[7602.745s][info][gc] GC(3008) Pause Young (Allocation Failure) 13M->8M(15M) 0.432ms
[7604.845s][info][gc] GC(3009) Pause Young (Allocation Failure) 13M->8M(15M) 0.731ms
[7606.945s][info][gc] GC(3010) Pause Young (Allocation Failure) 13M->8M(15M) 0.478ms
[7609.045s][info][gc] GC(3011) Pause Young (Allocation Failure) 13M->8M(15M) 0.526ms
[7611.223s][info][gc] GC(3012) Pause Young (Allocation Failure) 13M->8M(15M) 0.307ms
[7613.344s][info][gc] GC(3013) Pause Young (Allocation Failure) 13M->8M(15M) 0.411ms
[7615.445s][info][gc] GC(3014) Pause Young (Allocation Failure) 13M->8M(15M) 0.285ms
[7617.545s][info][gc] GC(3015) Pause Young (Allocation Failure) 13M->8M(15M) 0.314ms
[7619.743s][info][gc] GC(3016) Pause Young (Allocation Failure) 13M->8M(15M) 0.332ms
[7621.844s][info][gc] GC(3017) Pause Young (Allocation Failure) 12M->8M(15M) 0.326ms
[7623.945s][info][gc] GC(3018) Pause Young (Allocation Failure) 13M->8M(15M) 0.333ms
[7626.045s][info][gc] GC(3019) Pause Young (Allocation Failure) 13M->8M(15M) 0.513ms
[7628.234s][info][gc] GC(3020) Pause Young (Allocation Failure) 13M->8M(15M) 0.403ms
[7630.344s][info][gc] GC(3021) Pause Young (Allocation Failure) 13M->8M(15M) 0.412ms
[7632.444s][info][gc] GC(3022) Pause Young (Allocation Failure) 13M->8M(15M) 0.510ms
[7634.544s][info][gc] GC(3023) Pause Young (Allocation Failure) 13M->8M(15M) 0.391ms
[7636.744s][info][gc] GC(3024) Pause Young (Allocation Failure) 13M->8M(15M) 0.369ms
[7638.645s][info][gc] GC(3025) Pause Young (Allocation Failure) 12M->8M(15M) 0.492ms
[7640.544s][info][gc] GC(3026) Pause Young (Allocation Failure) 13M->8M(15M) 0.414ms
[7642.444s][info][gc] GC(3027) Pause Young (Allocation Failure) 13M->8M(15M) 0.325ms
[7644.345s][info][gc] GC(3028) Pause Young (Allocation Failure) 13M->8M(15M) 0.359ms
[7646.244s][info][gc] GC(3029) Pause Young (Allocation Failure) 13M->8M(15M) 0.662ms
[7648.145s][info][gc] GC(3030) Pause Young (Allocation Failure) 13M->8M(15M) 0.464ms
[7650.044s][info][gc] GC(3031) Pause Young (Allocation Failure) 13M->8M(15M) 0.537ms
[7652.043s][info][gc] GC(3032) Pause Young (Allocation Failure) 13M->8M(15M) 0.296ms
[7653.944s][info][gc] GC(3033) Pause Young (Allocation Failure) 13M->8M(15M) 0.371ms
[7655.844s][info][gc] GC(3034) Pause Young (Allocation Failure) 13M->8M(15M) 0.380ms
[7657.745s][info][gc] GC(3035) Pause Young (Allocation Failure) 13M->8M(15M) 0.334ms
[7659.644s][info][gc] GC(3036) Pause Young (Allocation Failure) 13M->8M(15M) 0.439ms
[7661.544s][info][gc] GC(3037) Pause Young (Allocation Failure) 13M->8M(15M) 0.487ms
[7663.444s][info][gc] GC(3038) Pause Young (Allocation Failure) 13M->8M(15M) 0.319ms
[7665.343s][info][gc] GC(3039) Pause Young (Allocation Failure) 13M->8M(15M) 0.291ms
[7667.244s][info][gc] GC(3040) Pause Young (Allocation Failure) 13M->8M(15M) 0.441ms
[7669.144s][info][gc] GC(3041) Pause Young (Allocation Failure) 13M->8M(15M) 0.403ms
[7671.045s][info][gc] GC(3042) Pause Young (Allocation Failure) 13M->8M(15M) 0.372ms
[7672.944s][info][gc] GC(3043) Pause Young (Allocation Failure) 13M->8M(15M) 0.380ms
[7674.845s][info][gc] GC(3044) Pause Young (Allocation Failure) 13M->8M(15M) 0.328ms
[7676.744s][info][gc] GC(3045) Pause Young (Allocation Failure) 13M->8M(15M) 0.323ms
[7678.645s][info][gc] GC(3046) Pause Young (Allocation Failure) 13M->8M(15M) 0.538ms
[7680.644s][info][gc] GC(3047) Pause Young (Allocation Failure) 13M->8M(15M) 0.283ms
[7682.544s][info][gc] GC(3048) Pause Young (Allocation Failure) 13M->8M(15M) 0.275ms
[7684.444s][info][gc] GC(3049) Pause Young (Allocation Failure) 13M->8M(15M) 0.448ms
[7686.344s][info][gc] GC(3050) Pause Young (Allocation Failure) 13M->8M(15M) 0.359ms
[7688.245s][info][gc] GC(3051) Pause Young (Allocation Failure) 13M->8M(15M) 0.451ms
[7690.243s][info][gc] GC(3052) Pause Young (Allocation Failure) 13M->8M(15M) 0.289ms
[7692.144s][info][gc] GC(3053) Pause Young (Allocation Failure) 13M->8M(15M) 0.309ms
[7694.045s][info][gc] GC(3054) Pause Young (Allocation Failure) 13M->8M(15M) 0.420ms
[7696.044s][info][gc] GC(3055) Pause Young (Allocation Failure) 13M->8M(15M) 0.374ms
[7698.044s][info][gc] GC(3056) Pause Young (Allocation Failure) 13M->8M(15M) 0.436ms
[7700.044s][info][gc] GC(3057) Pause Young (Allocation Failure) 13M->8M(15M) 0.451ms
[7702.144s][info][gc] GC(3058) Pause Young (Allocation Failure) 13M->8M(15M) 0.401ms
[7704.144s][info][gc] GC(3059) Pause Young (Allocation Failure) 13M->8M(15M) 0.561ms
[7706.144s][info][gc] GC(3060) Pause Young (Allocation Failure) 13M->8M(15M) 0.286ms
[7708.144s][info][gc] GC(3061) Pause Young (Allocation Failure) 13M->8M(15M) 0.303ms
[7710.145s][info][gc] GC(3062) Pause Young (Allocation Failure) 13M->8M(15M) 0.309ms
[7712.144s][info][gc] GC(3063) Pause Young (Allocation Failure) 13M->8M(15M) 0.598ms
[7714.144s][info][gc] GC(3064) Pause Young (Allocation Failure) 13M->8M(15M) 0.371ms
[7716.244s][info][gc] GC(3065) Pause Young (Allocation Failure) 13M->8M(15M) 0.247ms
[7718.244s][info][gc] GC(3066) Pause Young (Allocation Failure) 13M->8M(15M) 0.278ms
[7720.243s][info][gc] GC(3067) Pause Young (Allocation Failure) 13M->8M(15M) 0.298ms
[7722.244s][info][gc] GC(3068) Pause Young (Allocation Failure) 13M->8M(15M) 0.306ms
[7724.245s][info][gc] GC(3069) Pause Young (Allocation Failure) 13M->8M(15M) 0.294ms
[7726.244s][info][gc] GC(3070) Pause Young (Allocation Failure) 13M->8M(15M) 0.317ms
[7728.325s][info][gc] GC(3071) Pause Young (Allocation Failure) 13M->8M(15M) 0.462ms
[7730.327s][info][gc] GC(3072) Pause Young (Allocation Failure) 13M->8M(15M) 0.269ms
[7732.331s][info][gc] GC(3073) Pause Young (Allocation Failure) 13M->8M(15M) 0.280ms
[7734.344s][info][gc] GC(3074) Pause Young (Allocation Failure) 13M->8M(15M) 0.317ms
[7736.344s][info][gc] GC(3075) Pause Young (Allocation Failure) 13M->8M(15M) 0.274ms
[7738.344s][info][gc] GC(3076) Pause Young (Allocation Failure) 13M->8M(15M) 0.412ms
[7740.345s][info][gc] GC(3077) Pause Young (Allocation Failure) 13M->8M(15M) 0.284ms
[7742.345s][info][gc] GC(3078) Pause Young (Allocation Failure) 13M->8M(15M) 0.425ms
[7744.344s][info][gc] GC(3079) Pause Young (Allocation Failure) 13M->8M(15M) 0.391ms
[7746.444s][info][gc] GC(3080) Pause Young (Allocation Failure) 13M->8M(15M) 0.339ms
[7748.444s][info][gc] GC(3081) Pause Young (Allocation Failure) 13M->8M(15M) 0.352ms
[7750.355s][info][gc] GC(3082) Pause Young (Allocation Failure) 13M->8M(15M) 0.390ms
[7752.345s][info][gc] GC(3083) Pause Young (Allocation Failure) 13M->8M(15M) 0.698ms
[7754.145s][info][gc] GC(3084) Pause Young (Allocation Failure) 13M->8M(15M) 0.652ms
[7756.045s][info][gc] GC(3085) Pause Young (Allocation Failure) 13M->8M(15M) 0.436ms
[7757.945s][info][gc] GC(3086) Pause Young (Allocation Failure) 13M->8M(15M) 0.414ms
[7759.943s][info][gc] GC(3087) Pause Young (Allocation Failure) 13M->8M(15M) 0.361ms
[7761.844s][info][gc] GC(3088) Pause Young (Allocation Failure) 13M->8M(15M) 0.285ms
[7763.745s][info][gc] GC(3089) Pause Young (Allocation Failure) 13M->8M(15M) 0.414ms
[7765.645s][info][gc] GC(3090) Pause Young (Allocation Failure) 13M->8M(15M) 0.380ms
[7767.544s][info][gc] GC(3091) Pause Young (Allocation Failure) 13M->8M(15M) 0.561ms
[7769.544s][info][gc] GC(3092) Pause Young (Allocation Failure) 13M->8M(15M) 0.372ms
[7771.545s][info][gc] GC(3093) Pause Young (Allocation Failure) 13M->8M(15M) 0.441ms
[7773.545s][info][gc] GC(3094) Pause Young (Allocation Failure) 13M->8M(15M) 0.421ms
[7775.544s][info][gc] GC(3095) Pause Young (Allocation Failure) 13M->8M(15M) 0.481ms
[7777.545s][info][gc] GC(3096) Pause Young (Allocation Failure) 13M->8M(15M) 0.541ms
[7779.545s][info][gc] GC(3097) Pause Young (Allocation Failure) 13M->8M(15M) 0.561ms
[7781.545s][info][gc] GC(3098) Pause Young (Allocation Failure) 13M->8M(15M) 0.479ms
[7783.644s][info][gc] GC(3099) Pause Young (Allocation Failure) 13M->8M(15M) 0.329ms
[7785.645s][info][gc] GC(3100) Pause Young (Allocation Failure) 13M->8M(15M) 0.482ms
[7787.644s][info][gc] GC(3101) Pause Young (Allocation Failure) 13M->8M(15M) 0.395ms
[7789.644s][info][gc] GC(3102) Pause Young (Allocation Failure) 13M->8M(15M) 0.297ms
[7791.644s][info][gc] GC(3103) Pause Young (Allocation Failure) 13M->8M(15M) 0.321ms
[7793.644s][info][gc] GC(3104) Pause Young (Allocation Failure) 13M->8M(15M) 0.314ms
[7795.744s][info][gc] GC(3105) Pause Young (Allocation Failure) 13M->8M(15M) 0.320ms
[7797.745s][info][gc] GC(3106) Pause Young (Allocation Failure) 13M->8M(15M) 0.350ms
[7799.745s][info][gc] GC(3107) Pause Young (Allocation Failure) 13M->8M(15M) 0.308ms
[7801.744s][info][gc] GC(3108) Pause Young (Allocation Failure) 13M->8M(15M) 0.395ms
[7803.745s][info][gc] GC(3109) Pause Young (Allocation Failure) 13M->8M(15M) 0.314ms
[7805.744s][info][gc] GC(3110) Pause Young (Allocation Failure) 13M->8M(15M) 0.322ms
[7807.815s][info][gc] GC(3111) Pause Young (Allocation Failure) 13M->8M(15M) 0.433ms
[7809.844s][info][gc] GC(3112) Pause Young (Allocation Failure) 13M->8M(15M) 0.379ms
[7811.843s][info][gc] GC(3113) Pause Young (Allocation Failure) 13M->8M(15M) 0.445ms
[7813.844s][info][gc] GC(3114) Pause Young (Allocation Failure) 13M->8M(15M) 0.385ms
[7815.844s][info][gc] GC(3115) Pause Young (Allocation Failure) 13M->8M(15M) 0.413ms
[7817.844s][info][gc] GC(3116) Pause Young (Allocation Failure) 13M->8M(15M) 0.293ms
[7819.845s][info][gc] GC(3117) Pause Young (Allocation Failure) 13M->8M(15M) 0.382ms
[7821.943s][info][gc] GC(3118) Pause Young (Allocation Failure) 13M->8M(15M) 0.258ms
[7823.943s][info][gc] GC(3119) Pause Young (Allocation Failure) 13M->8M(15M) 0.255ms
[7825.944s][info][gc] GC(3120) Pause Young (Allocation Failure) 13M->8M(15M) 0.456ms
[7827.944s][info][gc] GC(3121) Pause Young (Allocation Failure) 13M->8M(15M) 0.286ms
[7830.044s][info][gc] GC(3122) Pause Young (Allocation Failure) 13M->8M(15M) 0.294ms
[7832.145s][info][gc] GC(3123) Pause Young (Allocation Failure) 13M->8M(15M) 0.656ms
[7834.343s][info][gc] GC(3124) Pause Young (Allocation Failure) 13M->8M(15M) 0.317ms
[7836.423s][info][gc] GC(3125) Pause Young (Allocation Failure) 13M->8M(15M) 0.277ms
[7838.544s][info][gc] GC(3126) Pause Young (Allocation Failure) 13M->8M(15M) 0.345ms
[7840.644s][info][gc] GC(3127) Pause Young (Allocation Failure) 13M->8M(15M) 0.363ms
[7842.744s][info][gc] GC(3128) Pause Young (Allocation Failure) 13M->8M(15M) 0.460ms
[7844.944s][info][gc] GC(3129) Pause Young (Allocation Failure) 13M->8M(15M) 0.256ms
[7847.044s][info][gc] GC(3130) Pause Young (Allocation Failure) 13M->8M(15M) 0.528ms
[7849.144s][info][gc] GC(3131) Pause Young (Allocation Failure) 13M->8M(15M) 0.379ms
[7851.244s][info][gc] GC(3132) Pause Young (Allocation Failure) 13M->8M(15M) 0.305ms
[7853.437s][info][gc] GC(3133) Pause Young (Allocation Failure) 13M->8M(15M) 0.452ms
[7855.544s][info][gc] GC(3134) Pause Young (Allocation Failure) 13M->8M(15M) 0.273ms
[7857.644s][info][gc] GC(3135) Pause Young (Allocation Failure) 13M->8M(15M) 0.340ms
[7859.644s][info][gc] GC(3136) Pause Young (Allocation Failure) 13M->8M(15M) 0.446ms
[7861.544s][info][gc] GC(3137) Pause Young (Allocation Failure) 13M->8M(15M) 0.342ms
[7863.444s][info][gc] GC(3138) Pause Young (Allocation Failure) 13M->8M(15M) 0.331ms
[7865.344s][info][gc] GC(3139) Pause Young (Allocation Failure) 13M->8M(15M) 0.333ms
[7867.244s][info][gc] GC(3140) Pause Young (Allocation Failure) 13M->8M(15M) 0.547ms
[7869.144s][info][gc] GC(3141) Pause Young (Allocation Failure) 13M->8M(15M) 0.477ms
[7871.043s][info][gc] GC(3142) Pause Young (Allocation Failure) 13M->8M(15M) 0.388ms
[7872.943s][info][gc] GC(3143) Pause Young (Allocation Failure) 13M->8M(15M) 0.394ms
[7874.843s][info][gc] GC(3144) Pause Young (Allocation Failure) 13M->8M(15M) 0.377ms
[7876.744s][info][gc] GC(3145) Pause Young (Allocation Failure) 13M->8M(15M) 0.344ms
[7878.644s][info][gc] GC(3146) Pause Young (Allocation Failure) 13M->8M(15M) 0.388ms
[7880.545s][info][gc] GC(3147) Pause Young (Allocation Failure) 13M->8M(15M) 0.507ms
[7882.459s][info][gc] GC(3148) Pause Young (Allocation Failure) 13M->8M(15M) 0.590ms
[7884.445s][info][gc] GC(3149) Pause Young (Allocation Failure) 13M->8M(15M) 0.655ms
[7886.344s][info][gc] GC(3150) Pause Young (Allocation Failure) 13M->8M(15M) 0.423ms
[7888.244s][info][gc] GC(3151) Pause Young (Allocation Failure) 13M->8M(15M) 0.439ms
[7890.244s][info][gc] GC(3152) Pause Young (Allocation Failure) 13M->8M(15M) 0.301ms
[7892.245s][info][gc] GC(3153) Pause Young (Allocation Failure) 13M->8M(15M) 0.467ms
[7894.245s][info][gc] GC(3154) Pause Young (Allocation Failure) 13M->8M(15M) 0.373ms
[7896.245s][info][gc] GC(3155) Pause Young (Allocation Failure) 13M->8M(15M) 0.392ms
[7898.344s][info][gc] GC(3156) Pause Young (Allocation Failure) 13M->8M(15M) 0.315ms
[7900.344s][info][gc] GC(3157) Pause Young (Allocation Failure) 13M->8M(15M) 0.357ms
[7902.345s][info][gc] GC(3158) Pause Young (Allocation Failure) 13M->8M(15M) 0.518ms
[7904.344s][info][gc] GC(3159) Pause Young (Allocation Failure) 13M->8M(15M) 0.436ms
[7906.345s][info][gc] GC(3160) Pause Young (Allocation Failure) 13M->8M(15M) 0.443ms
[7908.345s][info][gc] GC(3161) Pause Young (Allocation Failure) 13M->8M(15M) 0.527ms
[7910.444s][info][gc] GC(3162) Pause Young (Allocation Failure) 13M->8M(15M) 0.278ms
[7912.444s][info][gc] GC(3163) Pause Young (Allocation Failure) 13M->8M(15M) 0.366ms
[7914.445s][info][gc] GC(3164) Pause Young (Allocation Failure) 13M->8M(15M) 0.494ms
[7916.444s][info][gc] GC(3165) Pause Young (Allocation Failure) 13M->8M(15M) 0.423ms
[7918.445s][info][gc] GC(3166) Pause Young (Allocation Failure) 13M->8M(15M) 0.478ms
[7920.446s][info][gc] GC(3167) Pause Young (Allocation Failure) 13M->8M(15M) 0.449ms
[7922.489s][info][gc] GC(3168) Pause Young (Allocation Failure) 13M->8M(15M) 0.274ms
[7924.491s][info][gc] GC(3169) Pause Young (Allocation Failure) 13M->8M(15M) 0.260ms
[7926.493s][info][gc] GC(3170) Pause Young (Allocation Failure) 13M->8M(15M) 0.379ms
[7928.544s][info][gc] GC(3171) Pause Young (Allocation Failure) 13M->8M(15M) 0.418ms
[7930.544s][info][gc] GC(3172) Pause Young (Allocation Failure) 13M->8M(15M) 0.284ms
[7932.544s][info][gc] GC(3173) Pause Young (Allocation Failure) 13M->8M(15M) 0.294ms
[7934.544s][info][gc] GC(3174) Pause Young (Allocation Failure) 13M->8M(15M) 0.306ms
[7936.544s][info][gc] GC(3175) Pause Young (Allocation Failure) 13M->8M(15M) 0.374ms
[7938.545s][info][gc] GC(3176) Pause Young (Allocation Failure) 13M->8M(15M) 0.346ms
[7940.644s][info][gc] GC(3177) Pause Young (Allocation Failure) 13M->8M(15M) 0.425ms
[7942.643s][info][gc] GC(3178) Pause Young (Allocation Failure) 13M->8M(15M) 0.270ms
[7944.644s][info][gc] GC(3179) Pause Young (Allocation Failure) 13M->8M(15M) 0.286ms
[7946.644s][info][gc] GC(3180) Pause Young (Allocation Failure) 13M->8M(15M) 0.314ms
[7948.645s][info][gc] GC(3181) Pause Young (Allocation Failure) 13M->8M(15M) 0.317ms
[7950.745s][info][gc] GC(3182) Pause Young (Allocation Failure) 13M->8M(15M) 0.386ms
[7952.944s][info][gc] GC(3183) Pause Young (Allocation Failure) 13M->8M(15M) 0.275ms
[7955.044s][info][gc] GC(3184) Pause Young (Allocation Failure) 13M->8M(15M) 0.358ms
[7957.144s][info][gc] GC(3185) Pause Young (Allocation Failure) 13M->8M(15M) 0.295ms
[7959.344s][info][gc] GC(3186) Pause Young (Allocation Failure) 13M->8M(15M) 0.264ms
[7961.444s][info][gc] GC(3187) Pause Young (Allocation Failure) 13M->8M(15M) 0.412ms
[7963.544s][info][gc] GC(3188) Pause Young (Allocation Failure) 13M->8M(15M) 0.297ms
[7965.644s][info][gc] GC(3189) Pause Young (Allocation Failure) 13M->8M(15M) 0.286ms
[7967.844s][info][gc] GC(3190) Pause Young (Allocation Failure) 13M->8M(15M) 0.512ms
[7969.944s][info][gc] GC(3191) Pause Young (Allocation Failure) 13M->8M(15M) 0.254ms
[7972.044s][info][gc] GC(3192) Pause Young (Allocation Failure) 13M->8M(15M) 0.288ms
[7974.144s][info][gc] GC(3193) Pause Young (Allocation Failure) 13M->8M(15M) 0.305ms
[7976.344s][info][gc] GC(3194) Pause Young (Allocation Failure) 13M->8M(15M) 0.260ms
[7978.444s][info][gc] GC(3195) Pause Young (Allocation Failure) 13M->8M(15M) 0.292ms
[7980.544s][info][gc] GC(3196) Pause Young (Allocation Failure) 13M->8M(15M) 0.341ms
[7982.644s][info][gc] GC(3197) Pause Young (Allocation Failure) 13M->8M(15M) 0.440ms
[7984.843s][info][gc] GC(3198) Pause Young (Allocation Failure) 13M->8M(15M) 0.337ms
[7986.744s][info][gc] GC(3199) Pause Young (Allocation Failure) 13M->8M(15M) 0.327ms
[7988.644s][info][gc] GC(3200) Pause Young (Allocation Failure) 13M->8M(15M) 0.443ms
[7990.544s][info][gc] GC(3201) Pause Young (Allocation Failure) 13M->8M(15M) 0.320ms
[7992.445s][info][gc] GC(3202) Pause Young (Allocation Failure) 13M->8M(15M) 0.340ms
[7994.344s][info][gc] GC(3203) Pause Young (Allocation Failure) 13M->8M(15M) 0.365ms
[7996.245s][info][gc] GC(3204) Pause Young (Allocation Failure) 13M->8M(15M) 0.467ms
[7998.145s][info][gc] GC(3205) Pause Young (Allocation Failure) 13M->8M(15M) 0.373ms
[8000.143s][info][gc] GC(3206) Pause Young (Allocation Failure) 13M->8M(15M) 0.400ms
[8002.044s][info][gc] GC(3207) Pause Young (Allocation Failure) 13M->8M(15M) 0.310ms
[8003.944s][info][gc] GC(3208) Pause Young (Allocation Failure) 13M->8M(15M) 0.298ms
[8005.844s][info][gc] GC(3209) Pause Young (Allocation Failure) 13M->8M(15M) 0.329ms
[8007.745s][info][gc] GC(3210) Pause Young (Allocation Failure) 13M->8M(15M) 0.343ms
[8009.744s][info][gc] GC(3211) Pause Young (Allocation Failure) 13M->8M(15M) 0.329ms
[8011.743s][info][gc] GC(3212) Pause Young (Allocation Failure) 13M->8M(15M) 0.290ms
[8013.743s][info][gc] GC(3213) Pause Young (Allocation Failure) 13M->8M(15M) 0.323ms
[8015.744s][info][gc] GC(3214) Pause Young (Allocation Failure) 13M->8M(15M) 0.324ms
[8017.744s][info][gc] GC(3215) Pause Young (Allocation Failure) 13M->8M(15M) 0.305ms
[8019.843s][info][gc] GC(3216) Pause Young (Allocation Failure) 13M->8M(15M) 0.249ms
[8021.844s][info][gc] GC(3217) Pause Young (Allocation Failure) 13M->8M(15M) 0.291ms
[8023.845s][info][gc] GC(3218) Pause Young (Allocation Failure) 13M->8M(15M) 0.476ms
[8025.844s][info][gc] GC(3219) Pause Young (Allocation Failure) 13M->8M(15M) 0.292ms
[8027.844s][info][gc] GC(3220) Pause Young (Allocation Failure) 13M->8M(15M) 0.313ms
[8029.845s][info][gc] GC(3221) Pause Young (Allocation Failure) 13M->8M(15M) 0.546ms
[8031.844s][info][gc] GC(3222) Pause Young (Allocation Failure) 13M->8M(15M) 0.304ms
[8033.928s][info][gc] GC(3223) Pause Young (Allocation Failure) 13M->8M(15M) 0.250ms
[8035.945s][info][gc] GC(3224) Pause Young (Allocation Failure) 13M->8M(15M) 0.455ms
[8037.944s][info][gc] GC(3225) Pause Young (Allocation Failure) 13M->8M(15M) 0.289ms
[8039.944s][info][gc] GC(3226) Pause Young (Allocation Failure) 13M->8M(15M) 0.380ms
[8041.945s][info][gc] GC(3227) Pause Young (Allocation Failure) 13M->8M(15M) 0.352ms
[8043.945s][info][gc] GC(3228) Pause Young (Allocation Failure) 13M->8M(15M) 0.343ms
[8045.945s][info][gc] GC(3229) Pause Young (Allocation Failure) 13M->8M(15M) 0.447ms
[8048.045s][info][gc] GC(3230) Pause Young (Allocation Failure) 13M->8M(15M) 0.277ms
[8050.044s][info][gc] GC(3231) Pause Young (Allocation Failure) 13M->8M(15M) 0.280ms
[8052.045s][info][gc] GC(3232) Pause Young (Allocation Failure) 13M->8M(15M) 0.313ms
[8054.045s][info][gc] GC(3233) Pause Young (Allocation Failure) 13M->8M(15M) 0.367ms
[8056.045s][info][gc] GC(3234) Pause Young (Allocation Failure) 13M->8M(15M) 0.298ms
[8058.046s][info][gc] GC(3235) Pause Young (Allocation Failure) 13M->8M(15M) 0.777ms
[8059.944s][info][gc] GC(3236) Pause Young (Allocation Failure) 13M->8M(15M) 0.456ms
[8061.844s][info][gc] GC(3237) Pause Young (Allocation Failure) 13M->8M(15M) 0.408ms
[8063.645s][info][gc] GC(3238) Pause Young (Allocation Failure) 13M->8M(15M) 0.447ms
[8065.600s][info][gc] GC(3239) Pause Young (Allocation Failure) 13M->8M(15M) 0.285ms
[8067.544s][info][gc] GC(3240) Pause Young (Allocation Failure) 13M->8M(15M) 0.478ms
[8069.444s][info][gc] GC(3241) Pause Young (Allocation Failure) 13M->8M(15M) 0.322ms
[8071.344s][info][gc] GC(3242) Pause Young (Allocation Failure) 13M->8M(15M) 0.309ms
[8073.245s][info][gc] GC(3243) Pause Young (Allocation Failure) 13M->8M(15M) 0.597ms
[8075.145s][info][gc] GC(3244) Pause Young (Allocation Failure) 13M->8M(15M) 0.436ms
[8077.045s][info][gc] GC(3245) Pause Young (Allocation Failure) 13M->8M(15M) 0.465ms
[8078.954s][info][gc] GC(3246) Pause Young (Allocation Failure) 13M->8M(15M) 0.280ms
[8080.944s][info][gc] GC(3247) Pause Young (Allocation Failure) 13M->8M(15M) 0.401ms
[8082.844s][info][gc] GC(3248) Pause Young (Allocation Failure) 13M->8M(15M) 0.394ms
[8084.745s][info][gc] GC(3249) Pause Young (Allocation Failure) 13M->8M(15M) 0.652ms
[8086.845s][info][gc] GC(3250) Pause Young (Allocation Failure) 13M->8M(15M) 0.254ms
[8088.844s][info][gc] GC(3251) Pause Young (Allocation Failure) 13M->8M(15M) 0.334ms
[8090.844s][info][gc] GC(3252) Pause Young (Allocation Failure) 13M->8M(15M) 0.418ms
[8092.844s][info][gc] GC(3253) Pause Young (Allocation Failure) 13M->8M(15M) 0.335ms
[8094.844s][info][gc] GC(3254) Pause Young (Allocation Failure) 13M->8M(15M) 0.311ms
[8096.844s][info][gc] GC(3255) Pause Young (Allocation Failure) 13M->8M(15M) 0.318ms
[8098.943s][info][gc] GC(3256) Pause Young (Allocation Failure) 13M->8M(15M) 0.261ms
[8100.944s][info][gc] GC(3257) Pause Young (Allocation Failure) 13M->8M(15M) 0.267ms
[8102.944s][info][gc] GC(3258) Pause Young (Allocation Failure) 13M->8M(15M) 0.302ms
[8104.944s][info][gc] GC(3259) Pause Young (Allocation Failure) 13M->8M(15M) 0.430ms
[8106.945s][info][gc] GC(3260) Pause Young (Allocation Failure) 13M->8M(15M) 0.441ms
[8108.946s][info][gc] GC(3261) Pause Young (Allocation Failure) 13M->8M(15M) 0.451ms
[8110.945s][info][gc] GC(3262) Pause Young (Allocation Failure) 13M->8M(15M) 0.318ms
[8113.044s][info][gc] GC(3263) Pause Young (Allocation Failure) 13M->8M(15M) 0.224ms
[8115.043s][info][gc] GC(3264) Pause Young (Allocation Failure) 13M->8M(15M) 0.243ms
[8117.044s][info][gc] GC(3265) Pause Young (Allocation Failure) 13M->8M(15M) 0.270ms
[8119.044s][info][gc] GC(3266) Pause Young (Allocation Failure) 13M->8M(15M) 0.349ms
[8121.044s][info][gc] GC(3267) Pause Young (Allocation Failure) 13M->8M(15M) 0.331ms
[8122.845s][info][gc] GC(3268) Pause Young (Allocation Failure) 13M->8M(15M) 0.320ms
[8124.745s][info][gc] GC(3269) Pause Young (Allocation Failure) 13M->8M(15M) 0.477ms
[8126.645s][info][gc] GC(3270) Pause Young (Allocation Failure) 13M->8M(15M) 0.486ms
[8128.545s][info][gc] GC(3271) Pause Young (Allocation Failure) 13M->8M(15M) 0.484ms
[8130.444s][info][gc] GC(3272) Pause Young (Allocation Failure) 13M->8M(15M) 0.480ms
[8132.345s][info][gc] GC(3273) Pause Young (Allocation Failure) 13M->8M(15M) 0.351ms
[8134.245s][info][gc] GC(3274) Pause Young (Allocation Failure) 13M->8M(15M) 0.414ms
[8136.145s][info][gc] GC(3275) Pause Young (Allocation Failure) 13M->8M(15M) 0.372ms
[8138.143s][info][gc] GC(3276) Pause Young (Allocation Failure) 13M->8M(15M) 0.265ms
[8140.044s][info][gc] GC(3277) Pause Young (Allocation Failure) 13M->8M(15M) 0.292ms
[8141.943s][info][gc] GC(3278) Pause Young (Allocation Failure) 13M->8M(15M) 0.315ms
[8143.848s][info][gc] GC(3279) Pause Young (Allocation Failure) 13M->8M(15M) 0.483ms
[8145.844s][info][gc] GC(3280) Pause Young (Allocation Failure) 13M->8M(15M) 0.306ms
[8147.845s][info][gc] GC(3281) Pause Young (Allocation Failure) 13M->8M(15M) 0.502ms
[8149.944s][info][gc] GC(3282) Pause Young (Allocation Failure) 13M->8M(15M) 0.281ms
[8151.944s][info][gc] GC(3283) Pause Young (Allocation Failure) 13M->8M(15M) 0.266ms
[8153.944s][info][gc] GC(3284) Pause Young (Allocation Failure) 13M->8M(15M) 0.368ms
[8155.944s][info][gc] GC(3285) Pause Young (Allocation Failure) 13M->8M(15M) 0.292ms
[8157.944s][info][gc] GC(3286) Pause Young (Allocation Failure) 13M->8M(15M) 0.301ms
[8159.945s][info][gc] GC(3287) Pause Young (Allocation Failure) 13M->8M(15M) 0.319ms
[8161.944s][info][gc] GC(3288) Pause Young (Allocation Failure) 13M->8M(15M) 0.445ms
[8164.044s][info][gc] GC(3289) Pause Young (Allocation Failure) 13M->8M(15M) 0.319ms
[8166.045s][info][gc] GC(3290) Pause Young (Allocation Failure) 13M->8M(15M) 0.261ms
[8168.044s][info][gc] GC(3291) Pause Young (Allocation Failure) 13M->8M(15M) 0.260ms
[8170.044s][info][gc] GC(3292) Pause Young (Allocation Failure) 13M->8M(15M) 0.322ms
[8172.044s][info][gc] GC(3293) Pause Young (Allocation Failure) 13M->8M(15M) 0.367ms
[8174.045s][info][gc] GC(3294) Pause Young (Allocation Failure) 13M->8M(15M) 0.397ms
[8176.045s][info][gc] GC(3295) Pause Young (Allocation Failure) 13M->8M(15M) 0.344ms
[8178.144s][info][gc] GC(3296) Pause Young (Allocation Failure) 13M->8M(15M) 0.246ms
[8180.144s][info][gc] GC(3297) Pause Young (Allocation Failure) 13M->8M(15M) 0.543ms
[8182.145s][info][gc] GC(3298) Pause Young (Allocation Failure) 13M->8M(15M) 0.283ms
[8184.145s][info][gc] GC(3299) Pause Young (Allocation Failure) 13M->8M(15M) 0.370ms
[8186.145s][info][gc] GC(3300) Pause Young (Allocation Failure) 13M->8M(15M) 0.391ms
[8188.145s][info][gc] GC(3301) Pause Young (Allocation Failure) 13M->8M(15M) 0.523ms
[8190.244s][info][gc] GC(3302) Pause Young (Allocation Failure) 13M->8M(15M) 0.249ms
[8192.245s][info][gc] GC(3303) Pause Young (Allocation Failure) 13M->8M(15M) 0.380ms
[8194.244s][info][gc] GC(3304) Pause Young (Allocation Failure) 13M->8M(15M) 0.299ms
[8196.244s][info][gc] GC(3305) Pause Young (Allocation Failure) 13M->8M(15M) 0.415ms
[8198.245s][info][gc] GC(3306) Pause Young (Allocation Failure) 13M->8M(15M) 0.633ms
[8200.245s][info][gc] GC(3307) Pause Young (Allocation Failure) 13M->8M(15M) 0.352ms
[8202.343s][info][gc] GC(3308) Pause Young (Allocation Failure) 13M->8M(15M) 0.359ms
[8204.344s][info][gc] GC(3309) Pause Young (Allocation Failure) 13M->8M(15M) 0.539ms
[8206.445s][info][gc] GC(3310) Pause Young (Allocation Failure) 13M->8M(15M) 0.620ms
[8208.644s][info][gc] GC(3311) Pause Young (Allocation Failure) 13M->8M(15M) 0.352ms
[8210.744s][info][gc] GC(3312) Pause Young (Allocation Failure) 13M->8M(15M) 0.314ms
[8212.844s][info][gc] GC(3313) Pause Young (Allocation Failure) 13M->8M(15M) 0.282ms
[8214.944s][info][gc] GC(3314) Pause Young (Allocation Failure) 13M->8M(15M) 0.365ms
[8217.044s][info][gc] GC(3315) Pause Young (Allocation Failure) 13M->8M(15M) 0.306ms
[8219.243s][info][gc] GC(3316) Pause Young (Allocation Failure) 13M->8M(15M) 0.266ms
[8221.344s][info][gc] GC(3317) Pause Young (Allocation Failure) 13M->8M(15M) 0.386ms
[8223.445s][info][gc] GC(3318) Pause Young (Allocation Failure) 13M->8M(15M) 0.519ms
[8225.644s][info][gc] GC(3319) Pause Young (Allocation Failure) 13M->8M(15M) 0.370ms
[8227.744s][info][gc] GC(3320) Pause Young (Allocation Failure) 13M->8M(15M) 0.253ms
[8229.844s][info][gc] GC(3321) Pause Young (Allocation Failure) 13M->8M(15M) 0.284ms
[8231.945s][info][gc] GC(3322) Pause Young (Allocation Failure) 13M->8M(15M) 0.369ms
[8234.044s][info][gc] GC(3323) Pause Young (Allocation Failure) 13M->8M(15M) 0.307ms
[8236.244s][info][gc] GC(3324) Pause Young (Allocation Failure) 13M->8M(15M) 0.268ms
[8238.344s][info][gc] GC(3325) Pause Young (Allocation Failure) 13M->8M(15M) 0.491ms
[8240.444s][info][gc] GC(3326) Pause Young (Allocation Failure) 13M->8M(15M) 0.305ms
[8242.345s][info][gc] GC(3327) Pause Young (Allocation Failure) 13M->8M(15M) 0.430ms
[8244.244s][info][gc] GC(3328) Pause Young (Allocation Failure) 13M->8M(15M) 0.374ms
[8246.144s][info][gc] GC(3329) Pause Young (Allocation Failure) 13M->8M(15M) 0.370ms
[8248.044s][info][gc] GC(3330) Pause Young (Allocation Failure) 13M->8M(15M) 0.333ms
[8249.944s][info][gc] GC(3331) Pause Young (Allocation Failure) 13M->8M(15M) 0.325ms
[8251.844s][info][gc] GC(3332) Pause Young (Allocation Failure) 13M->8M(15M) 0.305ms
[8253.745s][info][gc] GC(3333) Pause Young (Allocation Failure) 13M->8M(15M) 0.343ms
[8255.644s][info][gc] GC(3334) Pause Young (Allocation Failure) 13M->8M(15M) 0.319ms
[8257.544s][info][gc] GC(3335) Pause Young (Allocation Failure) 13M->8M(15M) 0.325ms
[8259.444s][info][gc] GC(3336) Pause Young (Allocation Failure) 13M->8M(15M) 0.512ms
[8261.344s][info][gc] GC(3337) Pause Young (Allocation Failure) 13M->8M(15M) 0.544ms
[8263.245s][info][gc] GC(3338) Pause Young (Allocation Failure) 13M->8M(15M) 0.427ms
[8265.145s][info][gc] GC(3339) Pause Young (Allocation Failure) 13M->8M(15M) 0.330ms
[8267.144s][info][gc] GC(3340) Pause Young (Allocation Failure) 13M->8M(15M) 0.351ms
[8269.044s][info][gc] GC(3341) Pause Young (Allocation Failure) 13M->8M(15M) 0.307ms
[8270.944s][info][gc] GC(3342) Pause Young (Allocation Failure) 13M->8M(15M) 0.328ms
[8272.844s][info][gc] GC(3343) Pause Young (Allocation Failure) 13M->8M(15M) 0.301ms
[8274.770s][info][gc] GC(3344) Pause Young (Allocation Failure) 13M->8M(15M) 0.443ms
[8276.745s][info][gc] GC(3345) Pause Young (Allocation Failure) 13M->8M(15M) 0.440ms
[8278.644s][info][gc] GC(3346) Pause Young (Allocation Failure) 13M->8M(15M) 0.274ms
[8280.644s][info][gc] GC(3347) Pause Young (Allocation Failure) 13M->8M(15M) 0.358ms
[8282.645s][info][gc] GC(3348) Pause Young (Allocation Failure) 13M->8M(15M) 0.332ms
[8284.644s][info][gc] GC(3349) Pause Young (Allocation Failure) 13M->8M(15M) 0.314ms
[8286.645s][info][gc] GC(3350) Pause Young (Allocation Failure) 13M->8M(15M) 0.474ms
[8288.743s][info][gc] GC(3351) Pause Young (Allocation Failure) 13M->8M(15M) 0.265ms
[8290.744s][info][gc] GC(3352) Pause Young (Allocation Failure) 13M->8M(15M) 0.415ms
[8292.744s][info][gc] GC(3353) Pause Young (Allocation Failure) 13M->8M(15M) 0.486ms
[8294.745s][info][gc] GC(3354) Pause Young (Allocation Failure) 13M->8M(15M) 0.344ms
[8296.744s][info][gc] GC(3355) Pause Young (Allocation Failure) 13M->8M(15M) 0.267ms
[8298.745s][info][gc] GC(3356) Pause Young (Allocation Failure) 13M->8M(15M) 0.497ms
[8300.791s][info][gc] GC(3357) Pause Young (Allocation Failure) 13M->8M(15M) 0.236ms
[8302.794s][info][gc] GC(3358) Pause Young (Allocation Failure) 13M->8M(15M) 0.237ms
[8304.796s][info][gc] GC(3359) Pause Young (Allocation Failure) 13M->8M(15M) 0.282ms
[8306.843s][info][gc] GC(3360) Pause Young (Allocation Failure) 13M->8M(15M) 0.282ms
[8308.844s][info][gc] GC(3361) Pause Young (Allocation Failure) 13M->8M(15M) 0.307ms
[8310.844s][info][gc] GC(3362) Pause Young (Allocation Failure) 13M->8M(15M) 0.278ms
[8312.843s][info][gc] GC(3363) Pause Young (Allocation Failure) 13M->8M(15M) 0.326ms
[8314.845s][info][gc] GC(3364) Pause Young (Allocation Failure) 13M->8M(15M) 0.579ms
[8316.845s][info][gc] GC(3365) Pause Young (Allocation Failure) 13M->8M(15M) 0.315ms
[8318.944s][info][gc] GC(3366) Pause Young (Allocation Failure) 13M->8M(15M) 0.420ms
[8320.945s][info][gc] GC(3367) Pause Young (Allocation Failure) 13M->8M(15M) 0.479ms
[8322.945s][info][gc] GC(3368) Pause Young (Allocation Failure) 13M->8M(15M) 0.284ms
[8324.944s][info][gc] GC(3369) Pause Young (Allocation Failure) 13M->8M(15M) 0.293ms
[8326.944s][info][gc] GC(3370) Pause Young (Allocation Failure) 13M->8M(15M) 0.455ms
[8328.945s][info][gc] GC(3371) Pause Young (Allocation Failure) 13M->8M(15M) 0.503ms
[8330.945s][info][gc] GC(3372) Pause Young (Allocation Failure) 13M->8M(15M) 0.396ms
[8333.044s][info][gc] GC(3373) Pause Young (Allocation Failure) 13M->8M(15M) 0.426ms
[8335.045s][info][gc] GC(3374) Pause Young (Allocation Failure) 13M->8M(15M) 0.540ms
[8337.044s][info][gc] GC(3375) Pause Young (Allocation Failure) 13M->8M(15M) 0.440ms
[8339.045s][info][gc] GC(3376) Pause Young (Allocation Failure) 13M->8M(15M) 0.387ms
[8341.244s][info][gc] GC(3377) Pause Young (Allocation Failure) 13M->8M(15M) 0.702ms
[8343.345s][info][gc] GC(3378) Pause Young (Allocation Failure) 13M->8M(15M) 0.384ms
[8345.445s][info][gc] GC(3379) Pause Young (Allocation Failure) 13M->8M(15M) 0.530ms
[8347.644s][info][gc] GC(3380) Pause Young (Allocation Failure) 13M->8M(15M) 0.444ms
[8349.744s][info][gc] GC(3381) Pause Young (Allocation Failure) 13M->8M(15M) 0.409ms
[8351.744s][info][gc] GC(3382) Pause Young (Allocation Failure) 13M->8M(15M) 0.367ms
[8353.644s][info][gc] GC(3383) Pause Young (Allocation Failure) 13M->8M(15M) 0.303ms
[8355.545s][info][gc] GC(3384) Pause Young (Allocation Failure) 13M->8M(15M) 0.558ms
[8357.445s][info][gc] GC(3385) Pause Young (Allocation Failure) 13M->8M(15M) 0.477ms
[8359.344s][info][gc] GC(3386) Pause Young (Allocation Failure) 13M->8M(15M) 0.374ms
[8361.244s][info][gc] GC(3387) Pause Young (Allocation Failure) 13M->8M(15M) 0.356ms
[8363.144s][info][gc] GC(3388) Pause Young (Allocation Failure) 13M->8M(15M) 0.356ms
[8365.045s][info][gc] GC(3389) Pause Young (Allocation Failure) 13M->8M(15M) 0.412ms
[8366.945s][info][gc] GC(3390) Pause Young (Allocation Failure) 13M->8M(15M) 0.528ms
[8368.944s][info][gc] GC(3391) Pause Young (Allocation Failure) 13M->8M(15M) 0.383ms
[8370.944s][info][gc] GC(3392) Pause Young (Allocation Failure) 13M->8M(15M) 0.308ms
[8372.944s][info][gc] GC(3393) Pause Young (Allocation Failure) 13M->8M(15M) 0.310ms
[8374.945s][info][gc] GC(3394) Pause Young (Allocation Failure) 13M->8M(15M) 0.318ms
[8376.944s][info][gc] GC(3395) Pause Young (Allocation Failure) 13M->8M(15M) 0.329ms
[8378.944s][info][gc] GC(3396) Pause Young (Allocation Failure) 13M->8M(15M) 0.536ms
[8381.043s][info][gc] GC(3397) Pause Young (Allocation Failure) 13M->8M(15M) 0.267ms
[8383.044s][info][gc] GC(3398) Pause Young (Allocation Failure) 13M->8M(15M) 0.340ms
[8385.045s][info][gc] GC(3399) Pause Young (Allocation Failure) 13M->8M(15M) 0.298ms
[8387.044s][info][gc] GC(3400) Pause Young (Allocation Failure) 13M->8M(15M) 0.365ms
[8389.044s][info][gc] GC(3401) Pause Young (Allocation Failure) 13M->8M(15M) 0.428ms
[8391.044s][info][gc] GC(3402) Pause Young (Allocation Failure) 13M->8M(15M) 0.554ms
[8393.045s][info][gc] GC(3403) Pause Young (Allocation Failure) 13M->8M(15M) 0.313ms
[8395.143s][info][gc] GC(3404) Pause Young (Allocation Failure) 13M->8M(15M) 0.263ms
[8397.144s][info][gc] GC(3405) Pause Young (Allocation Failure) 13M->8M(15M) 0.265ms
[8399.144s][info][gc] GC(3406) Pause Young (Allocation Failure) 13M->8M(15M) 0.284ms
[8401.145s][info][gc] GC(3407) Pause Young (Allocation Failure) 13M->8M(15M) 0.311ms
[8403.144s][info][gc] GC(3408) Pause Young (Allocation Failure) 13M->8M(15M) 0.309ms
[8405.144s][info][gc] GC(3409) Pause Young (Allocation Failure) 13M->8M(15M) 0.320ms
[8407.243s][info][gc] GC(3410) Pause Young (Allocation Failure) 13M->8M(15M) 0.232ms
[8409.244s][info][gc] GC(3411) Pause Young (Allocation Failure) 13M->8M(15M) 0.268ms
[8411.243s][info][gc] GC(3412) Pause Young (Allocation Failure) 13M->8M(15M) 0.501ms
[8413.245s][info][gc] GC(3413) Pause Young (Allocation Failure) 13M->8M(15M) 0.571ms
[8415.244s][info][gc] GC(3414) Pause Young (Allocation Failure) 13M->8M(15M) 0.292ms
[8417.245s][info][gc] GC(3415) Pause Young (Allocation Failure) 13M->8M(15M) 0.576ms
[8419.245s][info][gc] GC(3416) Pause Young (Allocation Failure) 13M->8M(15M) 0.375ms
[8421.343s][info][gc] GC(3417) Pause Young (Allocation Failure) 13M->8M(15M) 0.279ms
[8423.344s][info][gc] GC(3418) Pause Young (Allocation Failure) 13M->8M(15M) 0.260ms
[8425.344s][info][gc] GC(3419) Pause Young (Allocation Failure) 13M->8M(15M) 0.306ms
[8427.344s][info][gc] GC(3420) Pause Young (Allocation Failure) 13M->8M(15M) 0.334ms
[8429.444s][info][gc] GC(3421) Pause Young (Allocation Failure) 13M->8M(15M) 0.318ms
[8431.544s][info][gc] GC(3422) Pause Young (Allocation Failure) 13M->8M(15M) 0.387ms
[8433.644s][info][gc] GC(3423) Pause Young (Allocation Failure) 13M->8M(15M) 0.296ms
[8435.645s][info][gc] GC(3424) Pause Young (Allocation Failure) 13M->8M(15M) 0.353ms
[8437.544s][info][gc] GC(3425) Pause Young (Allocation Failure) 13M->8M(15M) 0.352ms
[8439.444s][info][gc] GC(3426) Pause Young (Allocation Failure) 13M->8M(15M) 0.345ms
[8441.344s][info][gc] GC(3427) Pause Young (Allocation Failure) 13M->8M(15M) 0.323ms
[8443.244s][info][gc] GC(3428) Pause Young (Allocation Failure) 13M->8M(15M) 0.375ms
[8445.144s][info][gc] GC(3429) Pause Young (Allocation Failure) 13M->8M(15M) 0.310ms
[8447.043s][info][gc] GC(3430) Pause Young (Allocation Failure) 13M->8M(15M) 0.383ms
[8448.944s][info][gc] GC(3431) Pause Young (Allocation Failure) 13M->8M(15M) 0.329ms
[8450.932s][info][gc] GC(3432) Pause Young (Allocation Failure) 13M->8M(15M) 0.353ms
[8452.844s][info][gc] GC(3433) Pause Young (Allocation Failure) 13M->8M(15M) 0.286ms
[8454.744s][info][gc] GC(3434) Pause Young (Allocation Failure) 13M->8M(15M) 0.300ms
[8456.644s][info][gc] GC(3435) Pause Young (Allocation Failure) 13M->8M(15M) 0.383ms
[8458.544s][info][gc] GC(3436) Pause Young (Allocation Failure) 13M->8M(15M) 0.310ms
[8460.544s][info][gc] GC(3437) Pause Young (Allocation Failure) 13M->8M(15M) 0.314ms
[8462.544s][info][gc] GC(3438) Pause Young (Allocation Failure) 13M->8M(15M) 0.319ms
[8464.444s][info][gc] GC(3439) Pause Young (Allocation Failure) 13M->8M(15M) 0.320ms
[8466.344s][info][gc] GC(3440) Pause Young (Allocation Failure) 13M->8M(15M) 0.310ms
[8468.244s][info][gc] GC(3441) Pause Young (Allocation Failure) 13M->8M(15M) 0.302ms
[8470.144s][info][gc] GC(3442) Pause Young (Allocation Failure) 13M->8M(15M) 0.316ms
[8472.044s][info][gc] GC(3443) Pause Young (Allocation Failure) 13M->8M(15M) 0.514ms
[8473.950s][info][gc] GC(3444) Pause Young (Allocation Failure) 13M->8M(15M) 0.262ms
[8475.943s][info][gc] GC(3445) Pause Young (Allocation Failure) 13M->8M(15M) 0.278ms
[8477.843s][info][gc] GC(3446) Pause Young (Allocation Failure) 13M->8M(15M) 0.299ms
[8479.743s][info][gc] GC(3447) Pause Young (Allocation Failure) 13M->8M(15M) 0.279ms
[8481.644s][info][gc] GC(3448) Pause Young (Allocation Failure) 13M->8M(15M) 0.351ms
[8483.544s][info][gc] GC(3449) Pause Young (Allocation Failure) 13M->8M(15M) 0.331ms
[8485.444s][info][gc] GC(3450) Pause Young (Allocation Failure) 13M->8M(15M) 0.322ms
[8487.345s][info][gc] GC(3451) Pause Young (Allocation Failure) 13M->8M(15M) 0.336ms
[8489.344s][info][gc] GC(3452) Pause Young (Allocation Failure) 13M->8M(15M) 0.544ms
[8491.344s][info][gc] GC(3453) Pause Young (Allocation Failure) 13M->8M(15M) 0.298ms
[8493.343s][info][gc] GC(3454) Pause Young (Allocation Failure) 13M->8M(15M) 0.304ms
[8495.345s][info][gc] GC(3455) Pause Young (Allocation Failure) 13M->8M(15M) 0.301ms
[8497.344s][info][gc] GC(3456) Pause Young (Allocation Failure) 13M->8M(15M) 0.306ms
[8499.443s][info][gc] GC(3457) Pause Young (Allocation Failure) 13M->8M(15M) 0.248ms
[8501.443s][info][gc] GC(3458) Pause Young (Allocation Failure) 13M->8M(15M) 0.236ms
[8503.444s][info][gc] GC(3459) Pause Young (Allocation Failure) 13M->8M(15M) 0.344ms
[8505.444s][info][gc] GC(3460) Pause Young (Allocation Failure) 13M->8M(15M) 0.283ms
[8507.445s][info][gc] GC(3461) Pause Young (Allocation Failure) 13M->8M(15M) 0.289ms
[8509.444s][info][gc] GC(3462) Pause Young (Allocation Failure) 13M->8M(15M) 0.317ms
[8511.445s][info][gc] GC(3463) Pause Young (Allocation Failure) 13M->8M(15M) 0.290ms
[8513.543s][info][gc] GC(3464) Pause Young (Allocation Failure) 13M->8M(15M) 0.333ms
[8515.544s][info][gc] GC(3465) Pause Young (Allocation Failure) 13M->8M(15M) 0.267ms
[8517.544s][info][gc] GC(3466) Pause Young (Allocation Failure) 13M->8M(15M) 0.277ms
[8519.544s][info][gc] GC(3467) Pause Young (Allocation Failure) 13M->8M(15M) 0.273ms
[8521.545s][info][gc] GC(3468) Pause Young (Allocation Failure) 13M->8M(15M) 0.294ms
[8523.544s][info][gc] GC(3469) Pause Young (Allocation Failure) 13M->8M(15M) 0.303ms
[8525.644s][info][gc] GC(3470) Pause Young (Allocation Failure) 13M->8M(15M) 0.289ms
[8527.644s][info][gc] GC(3471) Pause Young (Allocation Failure) 13M->8M(15M) 0.263ms
[8529.643s][info][gc] GC(3472) Pause Young (Allocation Failure) 13M->8M(15M) 0.299ms
[8531.644s][info][gc] GC(3473) Pause Young (Allocation Failure) 13M->8M(15M) 0.272ms
[8533.645s][info][gc] GC(3474) Pause Young (Allocation Failure) 13M->8M(15M) 0.303ms
[8535.644s][info][gc] GC(3475) Pause Young (Allocation Failure) 13M->8M(15M) 0.282ms
[8537.744s][info][gc] GC(3476) Pause Young (Allocation Failure) 13M->8M(15M) 0.233ms
[8539.745s][info][gc] GC(3477) Pause Young (Allocation Failure) 13M->8M(15M) 0.248ms
[8541.744s][info][gc] GC(3478) Pause Young (Allocation Failure) 13M->8M(15M) 0.332ms
[8543.743s][info][gc] GC(3479) Pause Young (Allocation Failure) 13M->8M(15M) 0.307ms
[8545.745s][info][gc] GC(3480) Pause Young (Allocation Failure) 13M->8M(15M) 0.296ms
[8547.744s][info][gc] GC(3481) Pause Young (Allocation Failure) 13M->8M(15M) 0.309ms
[8549.845s][info][gc] GC(3482) Pause Young (Allocation Failure) 13M->8M(15M) 0.303ms
[8551.944s][info][gc] GC(3483) Pause Young (Allocation Failure) 13M->8M(15M) 0.296ms
[8554.045s][info][gc] GC(3484) Pause Young (Allocation Failure) 13M->8M(15M) 0.285ms
[8556.243s][info][gc] GC(3485) Pause Young (Allocation Failure) 13M->8M(15M) 0.241ms
[8558.343s][info][gc] GC(3486) Pause Young (Allocation Failure) 13M->8M(15M) 0.272ms
[8560.445s][info][gc] GC(3487) Pause Young (Allocation Failure) 13M->8M(15M) 0.296ms
[8562.544s][info][gc] GC(3488) Pause Young (Allocation Failure) 13M->8M(15M) 0.296ms
[8564.744s][info][gc] GC(3489) Pause Young (Allocation Failure) 13M->8M(15M) 0.346ms
[8566.844s][info][gc] GC(3490) Pause Young (Allocation Failure) 13M->8M(15M) 0.290ms
[8568.944s][info][gc] GC(3491) Pause Young (Allocation Failure) 13M->8M(15M) 0.296ms
[8571.044s][info][gc] GC(3492) Pause Young (Allocation Failure) 13M->8M(15M) 0.299ms
[8573.244s][info][gc] GC(3493) Pause Young (Allocation Failure) 13M->8M(15M) 0.246ms
[8575.344s][info][gc] GC(3494) Pause Young (Allocation Failure) 13M->8M(15M) 0.332ms
[8577.444s][info][gc] GC(3495) Pause Young (Allocation Failure) 13M->8M(15M) 0.291ms
[8579.643s][info][gc] GC(3496) Pause Young (Allocation Failure) 13M->8M(15M) 0.259ms
[8581.743s][info][gc] GC(3497) Pause Young (Allocation Failure) 13M->8M(15M) 0.269ms
[8583.844s][info][gc] GC(3498) Pause Young (Allocation Failure) 13M->8M(15M) 0.311ms
[8585.944s][info][gc] GC(3499) Pause Young (Allocation Failure) 13M->8M(15M) 0.286ms
[8588.044s][info][gc] GC(3500) Pause Young (Allocation Failure) 13M->8M(15M) 0.296ms
[8590.244s][info][gc] GC(3501) Pause Young (Allocation Failure) 13M->8M(15M) 0.286ms
[8592.344s][info][gc] GC(3502) Pause Young (Allocation Failure) 13M->8M(15M) 0.265ms
[8594.446s][info][gc] GC(3503) Pause Young (Allocation Failure) 13M->8M(15M) 0.291ms
[8596.644s][info][gc] GC(3504) Pause Young (Allocation Failure) 13M->8M(15M) 0.236ms
[8598.544s][info][gc] GC(3505) Pause Young (Allocation Failure) 13M->8M(15M) 0.364ms
[8600.444s][info][gc] GC(3506) Pause Young (Allocation Failure) 13M->8M(15M) 0.366ms
[8602.343s][info][gc] GC(3507) Pause Young (Allocation Failure) 13M->8M(15M) 0.292ms
[8604.245s][info][gc] GC(3508) Pause Young (Allocation Failure) 13M->8M(15M) 0.342ms
[8606.144s][info][gc] GC(3509) Pause Young (Allocation Failure) 13M->8M(15M) 0.340ms
[8608.055s][info][gc] GC(3510) Pause Young (Allocation Failure) 13M->8M(15M) 0.304ms
[8610.044s][info][gc] GC(3511) Pause Young (Allocation Failure) 13M->8M(15M) 0.279ms
[8611.943s][info][gc] GC(3512) Pause Young (Allocation Failure) 13M->8M(15M) 0.462ms
[8613.844s][info][gc] GC(3513) Pause Young (Allocation Failure) 13M->8M(15M) 0.313ms
[8615.744s][info][gc] GC(3514) Pause Young (Allocation Failure) 13M->8M(15M) 0.330ms
[8617.645s][info][gc] GC(3515) Pause Young (Allocation Failure) 13M->8M(15M) 0.343ms
[8619.544s][info][gc] GC(3516) Pause Young (Allocation Failure) 13M->8M(15M) 0.342ms
[8621.445s][info][gc] GC(3517) Pause Young (Allocation Failure) 13M->8M(15M) 0.531ms
[8623.345s][info][gc] GC(3518) Pause Young (Allocation Failure) 13M->8M(15M) 0.526ms
[8625.344s][info][gc] GC(3519) Pause Young (Allocation Failure) 13M->8M(15M) 0.339ms
[8627.444s][info][gc] GC(3520) Pause Young (Allocation Failure) 13M->8M(15M) 0.320ms
[8629.443s][info][gc] GC(3521) Pause Young (Allocation Failure) 13M->8M(15M) 0.304ms
[8631.444s][info][gc] GC(3522) Pause Young (Allocation Failure) 13M->8M(15M) 0.324ms
[8633.444s][info][gc] GC(3523) Pause Young (Allocation Failure) 13M->8M(15M) 0.299ms
[8635.444s][info][gc] GC(3524) Pause Young (Allocation Failure) 13M->8M(15M) 0.314ms
[8637.446s][info][gc] GC(3525) Pause Young (Allocation Failure) 13M->8M(15M) 0.605ms
[8639.444s][info][gc] GC(3526) Pause Young (Allocation Failure) 13M->8M(15M) 0.329ms
[8641.244s][info][gc] GC(3527) Pause Young (Allocation Failure) 13M->8M(15M) 0.412ms
[8643.144s][info][gc] GC(3528) Pause Young (Allocation Failure) 13M->8M(15M) 0.362ms
[8645.083s][info][gc] GC(3529) Pause Young (Allocation Failure) 13M->8M(15M) 0.292ms
[8647.044s][info][gc] GC(3530) Pause Young (Allocation Failure) 13M->8M(15M) 0.316ms
[8648.943s][info][gc] GC(3531) Pause Young (Allocation Failure) 13M->8M(15M) 0.318ms
[8650.844s][info][gc] GC(3532) Pause Young (Allocation Failure) 13M->8M(15M) 0.374ms
[8652.744s][info][gc] GC(3533) Pause Young (Allocation Failure) 13M->8M(15M) 0.332ms
[8654.645s][info][gc] GC(3534) Pause Young (Allocation Failure) 13M->8M(15M) 0.334ms
[8656.544s][info][gc] GC(3535) Pause Young (Allocation Failure) 13M->8M(15M) 0.333ms
[8658.544s][info][gc] GC(3536) Pause Young (Allocation Failure) 13M->8M(15M) 0.281ms
[8660.444s][info][gc] GC(3537) Pause Young (Allocation Failure) 13M->8M(15M) 0.300ms
[8662.344s][info][gc] GC(3538) Pause Young (Allocation Failure) 13M->8M(15M) 0.280ms
[8664.245s][info][gc] GC(3539) Pause Young (Allocation Failure) 13M->8M(15M) 0.318ms
[8666.144s][info][gc] GC(3540) Pause Young (Allocation Failure) 13M->8M(15M) 0.325ms
[8668.108s][info][gc] GC(3541) Pause Young (Allocation Failure) 13M->8M(15M) 0.271ms
[8670.109s][info][gc] GC(3542) Pause Young (Allocation Failure) 13M->8M(15M) 0.221ms
[8672.110s][info][gc] GC(3543) Pause Young (Allocation Failure) 13M->8M(15M) 0.259ms
[8674.112s][info][gc] GC(3544) Pause Young (Allocation Failure) 13M->8M(15M) 0.294ms
[8676.143s][info][gc] GC(3545) Pause Young (Allocation Failure) 13M->8M(15M) 0.273ms
[8678.144s][info][gc] GC(3546) Pause Young (Allocation Failure) 13M->8M(15M) 0.313ms
[8680.144s][info][gc] GC(3547) Pause Young (Allocation Failure) 13M->8M(15M) 0.293ms
[8682.145s][info][gc] GC(3548) Pause Young (Allocation Failure) 13M->8M(15M) 0.280ms
[8684.144s][info][gc] GC(3549) Pause Young (Allocation Failure) 13M->8M(15M) 0.303ms
[8686.144s][info][gc] GC(3550) Pause Young (Allocation Failure) 13M->8M(15M) 0.297ms
[8688.144s][info][gc] GC(3551) Pause Young (Allocation Failure) 13M->8M(15M) 0.298ms
[8690.243s][info][gc] GC(3552) Pause Young (Allocation Failure) 13M->8M(15M) 0.288ms
[8692.244s][info][gc] GC(3553) Pause Young (Allocation Failure) 13M->8M(15M) 0.420ms
[8694.243s][info][gc] GC(3554) Pause Young (Allocation Failure) 13M->8M(15M) 0.286ms
[8696.244s][info][gc] GC(3555) Pause Young (Allocation Failure) 13M->8M(15M) 0.300ms
[8698.244s][info][gc] GC(3556) Pause Young (Allocation Failure) 13M->8M(15M) 0.305ms
[8700.244s][info][gc] GC(3557) Pause Young (Allocation Failure) 13M->8M(15M) 0.306ms
[8702.273s][info][gc] GC(3558) Pause Young (Allocation Failure) 13M->8M(15M) 0.271ms
[8704.343s][info][gc] GC(3559) Pause Young (Allocation Failure) 13M->8M(15M) 0.275ms
[8706.344s][info][gc] GC(3560) Pause Young (Allocation Failure) 13M->8M(15M) 0.262ms
[8708.344s][info][gc] GC(3561) Pause Young (Allocation Failure) 13M->8M(15M) 0.282ms
[8710.344s][info][gc] GC(3562) Pause Young (Allocation Failure) 13M->8M(15M) 0.299ms
[8712.344s][info][gc] GC(3563) Pause Young (Allocation Failure) 13M->8M(15M) 0.295ms
[8714.345s][info][gc] GC(3564) Pause Young (Allocation Failure) 13M->8M(15M) 0.311ms
[8716.443s][info][gc] GC(3565) Pause Young (Allocation Failure) 13M->8M(15M) 0.222ms
[8718.444s][info][gc] GC(3566) Pause Young (Allocation Failure) 13M->8M(15M) 0.300ms
[8720.345s][info][gc] GC(3567) Pause Young (Allocation Failure) 13M->8M(15M) 0.331ms
[8722.244s][info][gc] GC(3568) Pause Young (Allocation Failure) 13M->8M(15M) 0.293ms
[8724.144s][info][gc] GC(3569) Pause Young (Allocation Failure) 13M->8M(15M) 0.361ms
[8726.044s][info][gc] GC(3570) Pause Young (Allocation Failure) 13M->8M(15M) 0.298ms
[8727.945s][info][gc] GC(3571) Pause Young (Allocation Failure) 13M->8M(15M) 0.339ms
[8729.844s][info][gc] GC(3572) Pause Young (Allocation Failure) 13M->8M(15M) 0.311ms
[8731.743s][info][gc] GC(3573) Pause Young (Allocation Failure) 13M->8M(15M) 0.369ms
[8733.644s][info][gc] GC(3574) Pause Young (Allocation Failure) 13M->8M(15M) 0.346ms
[8735.545s][info][gc] GC(3575) Pause Young (Allocation Failure) 13M->8M(15M) 0.395ms
[8737.445s][info][gc] GC(3576) Pause Young (Allocation Failure) 13M->8M(15M) 0.331ms
[8739.444s][info][gc] GC(3577) Pause Young (Allocation Failure) 13M->8M(15M) 0.296ms
[8741.344s][info][gc] GC(3578) Pause Young (Allocation Failure) 13M->8M(15M) 0.275ms
[8743.243s][info][gc] GC(3579) Pause Young (Allocation Failure) 13M->8M(15M) 0.334ms
[8745.244s][info][gc] GC(3580) Pause Young (Allocation Failure) 13M->8M(15M) 0.260ms
[8747.244s][info][gc] GC(3581) Pause Young (Allocation Failure) 13M->8M(15M) 0.275ms
[8749.244s][info][gc] GC(3582) Pause Young (Allocation Failure) 13M->8M(15M) 0.296ms
[8751.244s][info][gc] GC(3583) Pause Young (Allocation Failure) 13M->8M(15M) 0.378ms
[8753.245s][info][gc] GC(3584) Pause Young (Allocation Failure) 13M->8M(15M) 0.304ms
[8755.245s][info][gc] GC(3585) Pause Young (Allocation Failure) 13M->8M(15M) 0.400ms
[8757.301s][info][gc] GC(3586) Pause Young (Allocation Failure) 13M->8M(15M) 0.238ms
[8759.344s][info][gc] GC(3587) Pause Young (Allocation Failure) 13M->8M(15M) 0.246ms
[8761.344s][info][gc] GC(3588) Pause Young (Allocation Failure) 13M->8M(15M) 0.384ms
[8763.344s][info][gc] GC(3589) Pause Young (Allocation Failure) 13M->8M(15M) 0.293ms
[8765.344s][info][gc] GC(3590) Pause Young (Allocation Failure) 13M->8M(15M) 0.296ms
[8767.344s][info][gc] GC(3591) Pause Young (Allocation Failure) 13M->8M(15M) 0.314ms
[8769.345s][info][gc] GC(3592) Pause Young (Allocation Failure) 13M->8M(15M) 0.337ms
[8771.443s][info][gc] GC(3593) Pause Young (Allocation Failure) 13M->8M(15M) 0.309ms
[8773.444s][info][gc] GC(3594) Pause Young (Allocation Failure) 13M->8M(15M) 0.260ms
[8775.444s][info][gc] GC(3595) Pause Young (Allocation Failure) 13M->8M(15M) 0.376ms
[8777.444s][info][gc] GC(3596) Pause Young (Allocation Failure) 13M->8M(15M) 0.303ms
[8779.445s][info][gc] GC(3597) Pause Young (Allocation Failure) 13M->8M(15M) 0.377ms
[8781.444s][info][gc] GC(3598) Pause Young (Allocation Failure) 13M->8M(15M) 0.333ms
[8783.445s][info][gc] GC(3599) Pause Young (Allocation Failure) 13M->8M(15M) 0.479ms
[8785.544s][info][gc] GC(3600) Pause Young (Allocation Failure) 13M->8M(15M) 0.257ms
[8787.544s][info][gc] GC(3601) Pause Young (Allocation Failure) 13M->8M(15M) 0.268ms
[8789.544s][info][gc] GC(3602) Pause Young (Allocation Failure) 13M->8M(15M) 0.285ms
[8791.544s][info][gc] GC(3603) Pause Young (Allocation Failure) 13M->8M(15M) 0.297ms
[8793.544s][info][gc] GC(3604) Pause Young (Allocation Failure) 13M->8M(15M) 0.298ms
[8795.544s][info][gc] GC(3605) Pause Young (Allocation Failure) 13M->8M(15M) 0.288ms
[8797.643s][info][gc] GC(3606) Pause Young (Allocation Failure) 13M->8M(15M) 0.326ms
[8799.644s][info][gc] GC(3607) Pause Young (Allocation Failure) 13M->8M(15M) 0.304ms
[8801.643s][info][gc] GC(3608) Pause Young (Allocation Failure) 13M->8M(15M) 0.307ms
[8803.643s][info][gc] GC(3609) Pause Young (Allocation Failure) 13M->8M(15M) 0.300ms
[8805.744s][info][gc] GC(3610) Pause Young (Allocation Failure) 13M->8M(15M) 0.297ms
[8807.944s][info][gc] GC(3611) Pause Young (Allocation Failure) 13M->8M(15M) 0.251ms
[8810.044s][info][gc] GC(3612) Pause Young (Allocation Failure) 13M->8M(15M) 0.259ms
[8812.144s][info][gc] GC(3613) Pause Young (Allocation Failure) 13M->8M(15M) 0.316ms
[8814.244s][info][gc] GC(3614) Pause Young (Allocation Failure) 13M->8M(15M) 0.325ms
[8816.344s][info][gc] GC(3615) Pause Young (Allocation Failure) 13M->8M(15M) 0.287ms
[8818.544s][info][gc] GC(3616) Pause Young (Allocation Failure) 13M->8M(15M) 0.428ms
[8820.644s][info][gc] GC(3617) Pause Young (Allocation Failure) 13M->8M(15M) 0.293ms
[8822.745s][info][gc] GC(3618) Pause Young (Allocation Failure) 13M->8M(15M) 0.386ms
[8824.944s][info][gc] GC(3619) Pause Young (Allocation Failure) 13M->8M(15M) 0.322ms
[8827.044s][info][gc] GC(3620) Pause Young (Allocation Failure) 13M->8M(15M) 0.282ms
[8829.145s][info][gc] GC(3621) Pause Young (Allocation Failure) 13M->8M(15M) 0.357ms
[8831.244s][info][gc] GC(3622) Pause Young (Allocation Failure) 13M->8M(15M) 0.266ms
[8833.344s][info][gc] GC(3623) Pause Young (Allocation Failure) 13M->8M(15M) 0.305ms
[8835.343s][info][gc] GC(3624) Pause Young (Allocation Failure) 13M->8M(15M) 0.332ms
[8837.244s][info][gc] GC(3625) Pause Young (Allocation Failure) 13M->8M(15M) 0.317ms
[8839.144s][info][gc] GC(3626) Pause Young (Allocation Failure) 13M->8M(15M) 0.331ms
[8841.045s][info][gc] GC(3627) Pause Young (Allocation Failure) 13M->8M(15M) 0.330ms
[8842.945s][info][gc] GC(3628) Pause Young (Allocation Failure) 13M->8M(15M) 0.331ms
[8844.844s][info][gc] GC(3629) Pause Young (Allocation Failure) 13M->8M(15M) 0.331ms
[8846.744s][info][gc] GC(3630) Pause Young (Allocation Failure) 13M->8M(15M) 0.347ms
[8848.645s][info][gc] GC(3631) Pause Young (Allocation Failure) 13M->8M(15M) 0.303ms
[8850.544s][info][gc] GC(3632) Pause Young (Allocation Failure) 13M->8M(15M) 0.331ms
[8852.445s][info][gc] GC(3633) Pause Young (Allocation Failure) 13M->8M(15M) 0.365ms
[8854.344s][info][gc] GC(3634) Pause Young (Allocation Failure) 13M->8M(15M) 0.334ms
[8856.251s][info][gc] GC(3635) Pause Young (Allocation Failure) 13M->8M(15M) 0.380ms
[8858.244s][info][gc] GC(3636) Pause Young (Allocation Failure) 13M->8M(15M) 0.311ms
[8860.144s][info][gc] GC(3637) Pause Young (Allocation Failure) 13M->8M(15M) 0.390ms
[8862.044s][info][gc] GC(3638) Pause Young (Allocation Failure) 13M->8M(15M) 0.303ms
[8863.944s][info][gc] GC(3639) Pause Young (Allocation Failure) 13M->8M(15M) 0.361ms
[8865.844s][info][gc] GC(3640) Pause Young (Allocation Failure) 13M->8M(15M) 0.307ms
[8867.744s][info][gc] GC(3641) Pause Young (Allocation Failure) 13M->8M(15M) 0.316ms
[8869.645s][info][gc] GC(3642) Pause Young (Allocation Failure) 13M->8M(15M) 0.327ms
[8871.545s][info][gc] GC(3643) Pause Young (Allocation Failure) 13M->8M(15M) 0.360ms
[8873.544s][info][gc] GC(3644) Pause Young (Allocation Failure) 13M->8M(15M) 0.267ms
[8875.444s][info][gc] GC(3645) Pause Young (Allocation Failure) 13M->8M(15M) 0.256ms
[8877.343s][info][gc] GC(3646) Pause Young (Allocation Failure) 13M->8M(15M) 0.261ms
[8879.245s][info][gc] GC(3647) Pause Young (Allocation Failure) 13M->8M(15M) 0.322ms
[8881.273s][info][gc] GC(3648) Pause Young (Allocation Failure) 13M->8M(15M) 0.416ms
[8883.276s][info][gc] GC(3649) Pause Young (Allocation Failure) 13M->8M(15M) 0.283ms
[8885.343s][info][gc] GC(3650) Pause Young (Allocation Failure) 13M->8M(15M) 0.335ms
[8887.344s][info][gc] GC(3651) Pause Young (Allocation Failure) 13M->8M(15M) 0.264ms
[8889.345s][info][gc] GC(3652) Pause Young (Allocation Failure) 13M->8M(15M) 0.336ms
[8891.344s][info][gc] GC(3653) Pause Young (Allocation Failure) 13M->8M(15M) 0.291ms
[8893.344s][info][gc] GC(3654) Pause Young (Allocation Failure) 13M->8M(15M) 0.324ms
[8895.345s][info][gc] GC(3655) Pause Young (Allocation Failure) 13M->8M(15M) 0.497ms
[8897.344s][info][gc] GC(3656) Pause Young (Allocation Failure) 13M->8M(15M) 0.324ms
[8899.443s][info][gc] GC(3657) Pause Young (Allocation Failure) 13M->8M(15M) 0.242ms
[8901.444s][info][gc] GC(3658) Pause Young (Allocation Failure) 13M->8M(15M) 0.449ms
[8903.445s][info][gc] GC(3659) Pause Young (Allocation Failure) 13M->8M(15M) 0.284ms
[8905.444s][info][gc] GC(3660) Pause Young (Allocation Failure) 13M->8M(15M) 0.745ms
[8907.445s][info][gc] GC(3661) Pause Young (Allocation Failure) 13M->8M(15M) 0.540ms
[8909.444s][info][gc] GC(3662) Pause Young (Allocation Failure) 13M->8M(15M) 0.308ms
[8911.444s][info][gc] GC(3663) Pause Young (Allocation Failure) 13M->8M(15M) 0.339ms
[8913.543s][info][gc] GC(3664) Pause Young (Allocation Failure) 13M->8M(15M) 0.305ms
[8915.543s][info][gc] GC(3665) Pause Young (Allocation Failure) 13M->8M(15M) 0.278ms
[8917.545s][info][gc] GC(3666) Pause Young (Allocation Failure) 13M->8M(15M) 0.424ms
[8919.544s][info][gc] GC(3667) Pause Young (Allocation Failure) 13M->8M(15M) 0.308ms
[8921.543s][info][gc] GC(3668) Pause Young (Allocation Failure) 13M->8M(15M) 0.285ms
[8923.544s][info][gc] GC(3669) Pause Young (Allocation Failure) 13M->8M(15M) 0.300ms
[8925.645s][info][gc] GC(3670) Pause Young (Allocation Failure) 13M->8M(15M) 0.430ms
[8927.644s][info][gc] GC(3671) Pause Young (Allocation Failure) 13M->8M(15M) 0.320ms
[8929.644s][info][gc] GC(3672) Pause Young (Allocation Failure) 13M->8M(15M) 0.259ms
[8931.644s][info][gc] GC(3673) Pause Young (Allocation Failure) 13M->8M(15M) 0.289ms
[8933.645s][info][gc] GC(3674) Pause Young (Allocation Failure) 13M->8M(15M) 0.272ms
[8935.644s][info][gc] GC(3675) Pause Young (Allocation Failure) 13M->8M(15M) 0.323ms
[8937.743s][info][gc] GC(3676) Pause Young (Allocation Failure) 13M->8M(15M) 0.264ms
[8939.744s][info][gc] GC(3677) Pause Young (Allocation Failure) 13M->8M(15M) 0.292ms
[8941.943s][info][gc] GC(3678) Pause Young (Allocation Failure) 13M->8M(15M) 0.227ms
[8944.043s][info][gc] GC(3679) Pause Young (Allocation Failure) 13M->8M(15M) 0.279ms
[8946.145s][info][gc] GC(3680) Pause Young (Allocation Failure) 13M->8M(15M) 0.294ms
[8948.318s][info][gc] GC(3681) Pause Young (Allocation Failure) 13M->8M(15M) 0.221ms
[8950.344s][info][gc] GC(3682) Pause Young (Allocation Failure) 13M->8M(15M) 0.337ms
[8952.545s][info][gc] GC(3683) Pause Young (Allocation Failure) 13M->8M(15M) 0.312ms
[8954.644s][info][gc] GC(3684) Pause Young (Allocation Failure) 13M->8M(15M) 0.312ms
[8956.744s][info][gc] GC(3685) Pause Young (Allocation Failure) 13M->8M(15M) 0.298ms
[8958.944s][info][gc] GC(3686) Pause Young (Allocation Failure) 13M->8M(15M) 0.239ms
[8961.044s][info][gc] GC(3687) Pause Young (Allocation Failure) 13M->8M(15M) 0.277ms
[8963.144s][info][gc] GC(3688) Pause Young (Allocation Failure) 13M->8M(15M) 0.320ms
[8965.329s][info][gc] GC(3689) Pause Young (Allocation Failure) 13M->8M(15M) 0.253ms
[8967.345s][info][gc] GC(3690) Pause Young (Allocation Failure) 13M->8M(15M) 0.291ms
[8969.544s][info][gc] GC(3691) Pause Young (Allocation Failure) 13M->8M(15M) 0.273ms
[8971.644s][info][gc] GC(3692) Pause Young (Allocation Failure) 13M->8M(15M) 0.332ms
[8973.744s][info][gc] GC(3693) Pause Young (Allocation Failure) 13M->8M(15M) 0.289ms
[8975.944s][info][gc] GC(3694) Pause Young (Allocation Failure) 13M->8M(15M) 0.338ms
[8978.043s][info][gc] GC(3695) Pause Young (Allocation Failure) 13M->8M(15M) 0.278ms
[8980.145s][info][gc] GC(3696) Pause Young (Allocation Failure) 13M->8M(15M) 0.301ms
[8982.044s][info][gc] GC(3697) Pause Young (Allocation Failure) 13M->8M(15M) 0.353ms
[8983.944s][info][gc] GC(3698) Pause Young (Allocation Failure) 13M->8M(15M) 0.337ms
[8985.845s][info][gc] GC(3699) Pause Young (Allocation Failure) 13M->8M(15M) 0.504ms
[8987.843s][info][gc] GC(3700) Pause Young (Allocation Failure) 13M->8M(15M) 0.292ms
[8989.744s][info][gc] GC(3701) Pause Young (Allocation Failure) 13M->8M(15M) 0.326ms
[8991.643s][info][gc] GC(3702) Pause Young (Allocation Failure) 13M->8M(15M) 0.294ms
[8993.544s][info][gc] GC(3703) Pause Young (Allocation Failure) 13M->8M(15M) 0.312ms
[8995.444s][info][gc] GC(3704) Pause Young (Allocation Failure) 13M->8M(15M) 0.311ms
[8997.360s][info][gc] GC(3705) Pause Young (Allocation Failure) 13M->8M(15M) 0.319ms
[8999.344s][info][gc] GC(3706) Pause Young (Allocation Failure) 13M->8M(15M) 0.315ms
[9001.345s][info][gc] GC(3707) Pause Young (Allocation Failure) 13M->8M(15M) 0.316ms
[9003.345s][info][gc] GC(3708) Pause Young (Allocation Failure) 13M->8M(15M) 0.326ms
[9005.368s][info][gc] GC(3709) Pause Young (Allocation Failure) 13M->8M(15M) 0.260ms
[9007.369s][info][gc] GC(3710) Pause Young (Allocation Failure) 13M->8M(15M) 0.280ms
[9009.371s][info][gc] GC(3711) Pause Young (Allocation Failure) 13M->8M(15M) 0.463ms
[9011.426s][info][gc] GC(3712) Pause Young (Allocation Failure) 13M->8M(15M) 0.242ms
[9013.444s][info][gc] GC(3713) Pause Young (Allocation Failure) 13M->8M(15M) 0.303ms
[9015.444s][info][gc] GC(3714) Pause Young (Allocation Failure) 13M->8M(15M) 0.331ms
[9017.444s][info][gc] GC(3715) Pause Young (Allocation Failure) 13M->8M(15M) 0.372ms
[9019.444s][info][gc] GC(3716) Pause Young (Allocation Failure) 13M->8M(15M) 0.305ms
[9021.444s][info][gc] GC(3717) Pause Young (Allocation Failure) 13M->8M(15M) 0.302ms
[9023.444s][info][gc] GC(3718) Pause Young (Allocation Failure) 13M->8M(15M) 0.289ms
[9025.544s][info][gc] GC(3719) Pause Young (Allocation Failure) 13M->8M(15M) 0.285ms
[9027.544s][info][gc] GC(3720) Pause Young (Allocation Failure) 13M->8M(15M) 0.250ms
[9029.544s][info][gc] GC(3721) Pause Young (Allocation Failure) 13M->8M(15M) 0.299ms
[9031.545s][info][gc] GC(3722) Pause Young (Allocation Failure) 13M->8M(15M) 0.285ms
[9033.544s][info][gc] GC(3723) Pause Young (Allocation Failure) 13M->8M(15M) 0.296ms
[9035.544s][info][gc] GC(3724) Pause Young (Allocation Failure) 13M->8M(15M) 0.413ms
[9037.644s][info][gc] GC(3725) Pause Young (Allocation Failure) 13M->8M(15M) 0.396ms
[9039.544s][info][gc] GC(3726) Pause Young (Allocation Failure) 13M->8M(15M) 0.327ms
[9041.444s][info][gc] GC(3727) Pause Young (Allocation Failure) 13M->8M(15M) 0.356ms
[9043.344s][info][gc] GC(3728) Pause Young (Allocation Failure) 13M->8M(15M) 0.544ms
[9045.245s][info][gc] GC(3729) Pause Young (Allocation Failure) 13M->8M(15M) 0.696ms
[9047.144s][info][gc] GC(3730) Pause Young (Allocation Failure) 13M->8M(15M) 0.338ms
[9049.044s][info][gc] GC(3731) Pause Young (Allocation Failure) 13M->8M(15M) 0.321ms
[9051.044s][info][gc] GC(3732) Pause Young (Allocation Failure) 13M->8M(15M) 0.279ms
[9052.943s][info][gc] GC(3733) Pause Young (Allocation Failure) 13M->8M(15M) 0.250ms
[9054.844s][info][gc] GC(3734) Pause Young (Allocation Failure) 13M->8M(15M) 0.322ms
[9056.745s][info][gc] GC(3735) Pause Young (Allocation Failure) 13M->8M(15M) 0.295ms
[9058.644s][info][gc] GC(3736) Pause Young (Allocation Failure) 13M->8M(15M) 0.422ms
[9060.644s][info][gc] GC(3737) Pause Young (Allocation Failure) 13M->8M(15M) 0.461ms
[9062.643s][info][gc] GC(3738) Pause Young (Allocation Failure) 13M->8M(15M) 0.358ms
[9064.644s][info][gc] GC(3739) Pause Young (Allocation Failure) 13M->8M(15M) 0.287ms
[9066.644s][info][gc] GC(3740) Pause Young (Allocation Failure) 13M->8M(15M) 0.318ms
[9068.744s][info][gc] GC(3741) Pause Young (Allocation Failure) 13M->8M(15M) 0.263ms
[9070.745s][info][gc] GC(3742) Pause Young (Allocation Failure) 13M->8M(15M) 0.451ms
[9072.745s][info][gc] GC(3743) Pause Young (Allocation Failure) 13M->8M(15M) 0.271ms
[9074.744s][info][gc] GC(3744) Pause Young (Allocation Failure) 13M->8M(15M) 0.284ms
[9076.744s][info][gc] GC(3745) Pause Young (Allocation Failure) 13M->8M(15M) 0.336ms
[9078.744s][info][gc] GC(3746) Pause Young (Allocation Failure) 13M->8M(15M) 0.309ms
[9080.843s][info][gc] GC(3747) Pause Young (Allocation Failure) 13M->8M(15M) 0.215ms
[9082.843s][info][gc] GC(3748) Pause Young (Allocation Failure) 13M->8M(15M) 0.347ms
[9084.844s][info][gc] GC(3749) Pause Young (Allocation Failure) 13M->8M(15M) 0.340ms
[9086.844s][info][gc] GC(3750) Pause Young (Allocation Failure) 13M->8M(15M) 0.282ms
[9088.844s][info][gc] GC(3751) Pause Young (Allocation Failure) 13M->8M(15M) 0.431ms
[9090.844s][info][gc] GC(3752) Pause Young (Allocation Failure) 13M->8M(15M) 0.358ms
[9092.844s][info][gc] GC(3753) Pause Young (Allocation Failure) 13M->8M(15M) 0.293ms
[9094.944s][info][gc] GC(3754) Pause Young (Allocation Failure) 13M->8M(15M) 0.305ms
[9096.944s][info][gc] GC(3755) Pause Young (Allocation Failure) 13M->8M(15M) 0.266ms
[9098.944s][info][gc] GC(3756) Pause Young (Allocation Failure) 13M->8M(15M) 0.283ms
[9100.945s][info][gc] GC(3757) Pause Young (Allocation Failure) 13M->8M(15M) 0.301ms
[9102.944s][info][gc] GC(3758) Pause Young (Allocation Failure) 13M->8M(15M) 0.300ms
[9104.944s][info][gc] GC(3759) Pause Young (Allocation Failure) 13M->8M(15M) 0.302ms
[9107.043s][info][gc] GC(3760) Pause Young (Allocation Failure) 13M->8M(15M) 0.226ms
[9108.944s][info][gc] GC(3761) Pause Young (Allocation Failure) 13M->8M(15M) 0.331ms
[9110.843s][info][gc] GC(3762) Pause Young (Allocation Failure) 13M->8M(15M) 0.340ms
[9112.744s][info][gc] GC(3763) Pause Young (Allocation Failure) 13M->8M(15M) 0.368ms
[9114.644s][info][gc] GC(3764) Pause Young (Allocation Failure) 13M->8M(15M) 0.314ms
[9116.544s][info][gc] GC(3765) Pause Young (Allocation Failure) 13M->8M(15M) 0.302ms
[9118.451s][info][gc] GC(3766) Pause Young (Allocation Failure) 13M->8M(15M) 0.278ms
[9120.443s][info][gc] GC(3767) Pause Young (Allocation Failure) 13M->8M(15M) 0.370ms
[9122.344s][info][gc] GC(3768) Pause Young (Allocation Failure) 13M->8M(15M) 0.299ms
[9124.244s][info][gc] GC(3769) Pause Young (Allocation Failure) 13M->8M(15M) 0.266ms
[9126.144s][info][gc] GC(3770) Pause Young (Allocation Failure) 13M->8M(15M) 0.306ms
[9128.044s][info][gc] GC(3771) Pause Young (Allocation Failure) 13M->8M(15M) 0.318ms
[9129.944s][info][gc] GC(3772) Pause Young (Allocation Failure) 13M->8M(15M) 0.325ms
[9131.845s][info][gc] GC(3773) Pause Young (Allocation Failure) 13M->8M(15M) 0.323ms
[9133.745s][info][gc] GC(3774) Pause Young (Allocation Failure) 13M->8M(15M) 0.322ms
[9135.745s][info][gc] GC(3775) Pause Young (Allocation Failure) 13M->8M(15M) 0.321ms
[9137.843s][info][gc] GC(3776) Pause Young (Allocation Failure) 13M->8M(15M) 0.299ms
[9139.844s][info][gc] GC(3777) Pause Young (Allocation Failure) 13M->8M(15M) 0.430ms
[9141.844s][info][gc] GC(3778) Pause Young (Allocation Failure) 13M->8M(15M) 0.280ms
[9143.844s][info][gc] GC(3779) Pause Young (Allocation Failure) 13M->8M(15M) 0.323ms
[9145.843s][info][gc] GC(3780) Pause Young (Allocation Failure) 13M->8M(15M) 0.296ms
[9147.845s][info][gc] GC(3781) Pause Young (Allocation Failure) 13M->8M(15M) 0.306ms
[9149.944s][info][gc] GC(3782) Pause Young (Allocation Failure) 13M->8M(15M) 0.280ms
[9151.944s][info][gc] GC(3783) Pause Young (Allocation Failure) 13M->8M(15M) 0.291ms
[9153.945s][info][gc] GC(3784) Pause Young (Allocation Failure) 13M->8M(15M) 0.310ms
[9155.944s][info][gc] GC(3785) Pause Young (Allocation Failure) 13M->8M(15M) 0.342ms
[9157.944s][info][gc] GC(3786) Pause Young (Allocation Failure) 13M->8M(15M) 0.298ms
[9159.945s][info][gc] GC(3787) Pause Young (Allocation Failure) 13M->8M(15M) 0.307ms
[9162.044s][info][gc] GC(3788) Pause Young (Allocation Failure) 13M->8M(15M) 0.250ms
[9164.044s][info][gc] GC(3789) Pause Young (Allocation Failure) 13M->8M(15M) 0.248ms
[9166.043s][info][gc] GC(3790) Pause Young (Allocation Failure) 13M->8M(15M) 0.287ms
[9168.044s][info][gc] GC(3791) Pause Young (Allocation Failure) 13M->8M(15M) 0.268ms
[9170.044s][info][gc] GC(3792) Pause Young (Allocation Failure) 13M->8M(15M) 0.276ms
[9172.044s][info][gc] GC(3793) Pause Young (Allocation Failure) 13M->8M(15M) 0.310ms
[9174.045s][info][gc] GC(3794) Pause Young (Allocation Failure) 13M->8M(15M) 0.305ms
[9176.144s][info][gc] GC(3795) Pause Young (Allocation Failure) 13M->8M(15M) 0.253ms
[9178.143s][info][gc] GC(3796) Pause Young (Allocation Failure) 13M->8M(15M) 0.270ms
[9180.145s][info][gc] GC(3797) Pause Young (Allocation Failure) 13M->8M(15M) 0.535ms
[9182.145s][info][gc] GC(3798) Pause Young (Allocation Failure) 13M->8M(15M) 0.365ms
[9184.144s][info][gc] GC(3799) Pause Young (Allocation Failure) 13M->8M(15M) 0.302ms
[9186.144s][info][gc] GC(3800) Pause Young (Allocation Failure) 13M->8M(15M) 0.312ms
[9188.245s][info][gc] GC(3801) Pause Young (Allocation Failure) 13M->8M(15M) 0.360ms
[9190.244s][info][gc] GC(3802) Pause Young (Allocation Failure) 13M->8M(15M) 0.364ms
[9192.244s][info][gc] GC(3803) Pause Young (Allocation Failure) 13M->8M(15M) 0.289ms
[9194.244s][info][gc] GC(3804) Pause Young (Allocation Failure) 13M->8M(15M) 0.302ms
[9196.444s][info][gc] GC(3805) Pause Young (Allocation Failure) 13M->8M(15M) 0.359ms
[9198.507s][info][gc] GC(3806) Pause Young (Allocation Failure) 13M->8M(15M) 0.336ms
[9200.643s][info][gc] GC(3807) Pause Young (Allocation Failure) 13M->8M(15M) 0.245ms
[9202.744s][info][gc] GC(3808) Pause Young (Allocation Failure) 13M->8M(15M) 0.435ms
[9204.844s][info][gc] GC(3809) Pause Young (Allocation Failure) 13M->8M(15M) 0.384ms
[9207.044s][info][gc] GC(3810) Pause Young (Allocation Failure) 13M->8M(15M) 0.325ms
[9209.144s][info][gc] GC(3811) Pause Young (Allocation Failure) 13M->8M(15M) 0.354ms
[9211.244s][info][gc] GC(3812) Pause Young (Allocation Failure) 13M->8M(15M) 0.292ms
[9213.443s][info][gc] GC(3813) Pause Young (Allocation Failure) 13M->8M(15M) 0.316ms
[9215.517s][info][gc] GC(3814) Pause Young (Allocation Failure) 13M->8M(15M) 0.281ms
[9217.644s][info][gc] GC(3815) Pause Young (Allocation Failure) 13M->8M(15M) 0.306ms
[9219.744s][info][gc] GC(3816) Pause Young (Allocation Failure) 13M->8M(15M) 0.266ms
[9221.844s][info][gc] GC(3817) Pause Young (Allocation Failure) 13M->8M(15M) 0.291ms
[9224.044s][info][gc] GC(3818) Pause Young (Allocation Failure) 13M->8M(15M) 0.310ms
[9226.144s][info][gc] GC(3819) Pause Young (Allocation Failure) 13M->8M(15M) 0.307ms
[9228.244s][info][gc] GC(3820) Pause Young (Allocation Failure) 13M->8M(15M) 0.276ms
[9230.444s][info][gc] GC(3821) Pause Young (Allocation Failure) 13M->8M(15M) 0.341ms
[9232.532s][info][gc] GC(3822) Pause Young (Allocation Failure) 13M->8M(15M) 0.320ms
[9234.645s][info][gc] GC(3823) Pause Young (Allocation Failure) 13M->8M(15M) 0.308ms
[9236.744s][info][gc] GC(3824) Pause Young (Allocation Failure) 13M->8M(15M) 0.317ms
[9238.844s][info][gc] GC(3825) Pause Young (Allocation Failure) 13M->8M(15M) 0.306ms
[9240.844s][info][gc] GC(3826) Pause Young (Allocation Failure) 13M->8M(15M) 0.326ms
[9242.744s][info][gc] GC(3827) Pause Young (Allocation Failure) 13M->8M(15M) 0.301ms
[9244.644s][info][gc] GC(3828) Pause Young (Allocation Failure) 13M->8M(15M) 0.363ms
[9246.443s][info][gc] GC(3829) Pause Young (Allocation Failure) 13M->8M(15M) 0.344ms
[9248.144s][info][gc] GC(3830) Pause Young (Allocation Failure) 13M->8M(15M) 0.340ms
[9249.844s][info][gc] GC(3831) Pause Young (Allocation Failure) 13M->8M(15M) 0.341ms
[9251.544s][info][gc] GC(3832) Pause Young (Allocation Failure) 13M->8M(15M) 0.357ms
[9253.243s][info][gc] GC(3833) Pause Young (Allocation Failure) 13M->8M(15M) 0.286ms
[9254.944s][info][gc] GC(3834) Pause Young (Allocation Failure) 13M->8M(15M) 0.317ms
[9256.644s][info][gc] GC(3835) Pause Young (Allocation Failure) 13M->8M(15M) 0.351ms
[9258.444s][info][gc] GC(3836) Pause Young (Allocation Failure) 13M->8M(15M) 0.328ms
[9260.144s][info][gc] GC(3837) Pause Young (Allocation Failure) 13M->8M(15M) 0.362ms
[9261.944s][info][gc] GC(3838) Pause Young (Allocation Failure) 13M->8M(15M) 0.352ms
[9263.644s][info][gc] GC(3839) Pause Young (Allocation Failure) 13M->8M(15M) 0.328ms
[9265.444s][info][gc] GC(3840) Pause Young (Allocation Failure) 13M->8M(15M) 0.371ms
[9267.144s][info][gc] GC(3841) Pause Young (Allocation Failure) 13M->8M(15M) 0.359ms
[9268.943s][info][gc] GC(3842) Pause Young (Allocation Failure) 13M->8M(15M) 0.315ms
[9270.844s][info][gc] GC(3843) Pause Young (Allocation Failure) 13M->8M(15M) 0.275ms
[9272.744s][info][gc] GC(3844) Pause Young (Allocation Failure) 13M->8M(15M) 0.282ms
[9274.644s][info][gc] GC(3845) Pause Young (Allocation Failure) 13M->8M(15M) 0.282ms
[9276.559s][info][gc] GC(3846) Pause Young (Allocation Failure) 13M->8M(15M) 0.218ms
[9278.544s][info][gc] GC(3847) Pause Young (Allocation Failure) 13M->8M(15M) 0.259ms
[9280.443s][info][gc] GC(3848) Pause Young (Allocation Failure) 13M->8M(15M) 0.257ms
[9282.345s][info][gc] GC(3849) Pause Young (Allocation Failure) 13M->8M(15M) 0.288ms
[9284.244s][info][gc] GC(3850) Pause Young (Allocation Failure) 13M->8M(15M) 0.305ms
[9286.144s][info][gc] GC(3851) Pause Young (Allocation Failure) 13M->8M(15M) 0.293ms
[9288.045s][info][gc] GC(3852) Pause Young (Allocation Failure) 13M->8M(15M) 0.287ms
[9289.945s][info][gc] GC(3853) Pause Young (Allocation Failure) 13M->8M(15M) 0.313ms
[9291.943s][info][gc] GC(3854) Pause Young (Allocation Failure) 13M->8M(15M) 0.246ms
[9293.844s][info][gc] GC(3855) Pause Young (Allocation Failure) 13M->8M(15M) 0.258ms
[9295.744s][info][gc] GC(3856) Pause Young (Allocation Failure) 13M->8M(15M) 0.361ms
[9297.644s][info][gc] GC(3857) Pause Young (Allocation Failure) 13M->8M(15M) 0.358ms
[9299.590s][info][gc] GC(3858) Pause Young (Allocation Failure) 13M->8M(15M) 0.235ms
[9301.544s][info][gc] GC(3859) Pause Young (Allocation Failure) 13M->8M(15M) 0.341ms
[9303.443s][info][gc] GC(3860) Pause Young (Allocation Failure) 13M->8M(15M) 0.270ms
[9305.344s][info][gc] GC(3861) Pause Young (Allocation Failure) 13M->8M(15M) 0.269ms
[9307.244s][info][gc] GC(3862) Pause Young (Allocation Failure) 13M->8M(15M) 0.313ms
[9309.144s][info][gc] GC(3863) Pause Young (Allocation Failure) 13M->8M(15M) 0.301ms
[9311.045s][info][gc] GC(3864) Pause Young (Allocation Failure) 13M->8M(15M) 0.309ms
[9312.945s][info][gc] GC(3865) Pause Young (Allocation Failure) 13M->8M(15M) 0.313ms
[9314.944s][info][gc] GC(3866) Pause Young (Allocation Failure) 13M->8M(15M) 0.408ms
[9316.844s][info][gc] GC(3867) Pause Young (Allocation Failure) 13M->8M(15M) 0.262ms
[9318.745s][info][gc] GC(3868) Pause Young (Allocation Failure) 13M->8M(15M) 0.276ms
[9320.643s][info][gc] GC(3869) Pause Young (Allocation Failure) 13M->8M(15M) 0.289ms
[9322.611s][info][gc] GC(3870) Pause Young (Allocation Failure) 13M->8M(15M) 0.243ms
[9324.544s][info][gc] GC(3871) Pause Young (Allocation Failure) 13M->8M(15M) 0.349ms
[9326.445s][info][gc] GC(3872) Pause Young (Allocation Failure) 13M->8M(15M) 0.528ms
[9328.344s][info][gc] GC(3873) Pause Young (Allocation Failure) 13M->8M(15M) 0.350ms
[9330.444s][info][gc] GC(3874) Pause Young (Allocation Failure) 13M->8M(15M) 0.295ms
[9332.544s][info][gc] GC(3875) Pause Young (Allocation Failure) 13M->8M(15M) 0.302ms
[9334.644s][info][gc] GC(3876) Pause Young (Allocation Failure) 13M->8M(15M) 0.453ms
[9336.744s][info][gc] GC(3877) Pause Young (Allocation Failure) 13M->8M(15M) 0.308ms
[9338.944s][info][gc] GC(3878) Pause Young (Allocation Failure) 13M->8M(15M) 0.454ms
[9341.044s][info][gc] GC(3879) Pause Young (Allocation Failure) 13M->8M(15M) 0.286ms
[9343.145s][info][gc] GC(3880) Pause Young (Allocation Failure) 13M->8M(15M) 0.529ms
[9345.244s][info][gc] GC(3881) Pause Young (Allocation Failure) 13M->8M(15M) 0.605ms
[9347.444s][info][gc] GC(3882) Pause Young (Allocation Failure) 13M->8M(15M) 0.306ms
[9349.544s][info][gc] GC(3883) Pause Young (Allocation Failure) 13M->8M(15M) 0.305ms
[9351.644s][info][gc] GC(3884) Pause Young (Allocation Failure) 13M->8M(15M) 0.391ms
[9353.744s][info][gc] GC(3885) Pause Young (Allocation Failure) 13M->8M(15M) 0.294ms
[9355.944s][info][gc] GC(3886) Pause Young (Allocation Failure) 13M->8M(15M) 0.260ms
[9357.844s][info][gc] GC(3887) Pause Young (Allocation Failure) 13M->8M(15M) 0.378ms
[9359.744s][info][gc] GC(3888) Pause Young (Allocation Failure) 13M->8M(15M) 0.336ms
[9361.644s][info][gc] GC(3889) Pause Young (Allocation Failure) 13M->8M(15M) 0.323ms
[9363.544s][info][gc] GC(3890) Pause Young (Allocation Failure) 13M->8M(15M) 0.335ms
[9365.444s][info][gc] GC(3891) Pause Young (Allocation Failure) 13M->8M(15M) 0.299ms
[9367.344s][info][gc] GC(3892) Pause Young (Allocation Failure) 13M->8M(15M) 0.386ms
[9369.245s][info][gc] GC(3893) Pause Young (Allocation Failure) 13M->8M(15M) 0.516ms
[9371.144s][info][gc] GC(3894) Pause Young (Allocation Failure) 13M->8M(15M) 0.331ms
[9373.044s][info][gc] GC(3895) Pause Young (Allocation Failure) 13M->8M(15M) 0.321ms
[9374.945s][info][gc] GC(3896) Pause Young (Allocation Failure) 13M->8M(15M) 0.345ms
[9376.943s][info][gc] GC(3897) Pause Young (Allocation Failure) 13M->8M(15M) 0.293ms
[9378.844s][info][gc] GC(3898) Pause Young (Allocation Failure) 13M->8M(15M) 0.287ms
[9380.744s][info][gc] GC(3899) Pause Young (Allocation Failure) 13M->8M(15M) 0.301ms
[9382.644s][info][gc] GC(3900) Pause Young (Allocation Failure) 13M->8M(15M) 0.335ms
[9384.609s][info][gc] GC(3901) Pause Young (Allocation Failure) 13M->8M(15M) 0.275ms
[9386.544s][info][gc] GC(3902) Pause Young (Allocation Failure) 13M->8M(15M) 0.349ms
[9388.444s][info][gc] GC(3903) Pause Young (Allocation Failure) 13M->8M(15M) 0.280ms
[9390.444s][info][gc] GC(3904) Pause Young (Allocation Failure) 13M->8M(15M) 0.268ms
[9392.443s][info][gc] GC(3905) Pause Young (Allocation Failure) 13M->8M(15M) 0.327ms
[9394.444s][info][gc] GC(3906) Pause Young (Allocation Failure) 13M->8M(15M) 0.290ms
[9396.444s][info][gc] GC(3907) Pause Young (Allocation Failure) 13M->8M(15M) 0.462ms
[9398.444s][info][gc] GC(3908) Pause Young (Allocation Failure) 13M->8M(15M) 0.283ms
[9400.543s][info][gc] GC(3909) Pause Young (Allocation Failure) 13M->8M(15M) 0.248ms
[9402.544s][info][gc] GC(3910) Pause Young (Allocation Failure) 13M->8M(15M) 0.282ms
[9404.543s][info][gc] GC(3911) Pause Young (Allocation Failure) 13M->8M(15M) 0.273ms
[9406.543s][info][gc] GC(3912) Pause Young (Allocation Failure) 13M->8M(15M) 0.291ms
[9408.544s][info][gc] GC(3913) Pause Young (Allocation Failure) 13M->8M(15M) 0.308ms
[9410.544s][info][gc] GC(3914) Pause Young (Allocation Failure) 13M->8M(15M) 0.297ms
[9412.544s][info][gc] GC(3915) Pause Young (Allocation Failure) 13M->8M(15M) 0.305ms
[9414.643s][info][gc] GC(3916) Pause Young (Allocation Failure) 13M->8M(15M) 0.238ms
[9416.644s][info][gc] GC(3917) Pause Young (Allocation Failure) 13M->8M(15M) 0.307ms
[9418.644s][info][gc] GC(3918) Pause Young (Allocation Failure) 13M->8M(15M) 0.258ms
[9420.644s][info][gc] GC(3919) Pause Young (Allocation Failure) 13M->8M(15M) 0.296ms
[9422.645s][info][gc] GC(3920) Pause Young (Allocation Failure) 13M->8M(15M) 0.286ms
[9424.644s][info][gc] GC(3921) Pause Young (Allocation Failure) 13M->8M(15M) 0.303ms
[9426.644s][info][gc] GC(3922) Pause Young (Allocation Failure) 13M->8M(15M) 0.376ms
[9428.705s][info][gc] GC(3923) Pause Young (Allocation Failure) 13M->8M(15M) 0.298ms
[9430.706s][info][gc] GC(3924) Pause Young (Allocation Failure) 13M->8M(15M) 0.243ms
[9432.709s][info][gc] GC(3925) Pause Young (Allocation Failure) 13M->8M(15M) 0.455ms
[9434.744s][info][gc] GC(3926) Pause Young (Allocation Failure) 13M->8M(15M) 0.274ms
[9436.743s][info][gc] GC(3927) Pause Young (Allocation Failure) 13M->8M(15M) 0.260ms
[9438.743s][info][gc] GC(3928) Pause Young (Allocation Failure) 13M->8M(15M) 0.336ms
[9440.744s][info][gc] GC(3929) Pause Young (Allocation Failure) 13M->8M(15M) 0.301ms
[9442.745s][info][gc] GC(3930) Pause Young (Allocation Failure) 13M->8M(15M) 0.300ms
[9444.745s][info][gc] GC(3931) Pause Young (Allocation Failure) 13M->8M(15M) 0.439ms
[9446.844s][info][gc] GC(3932) Pause Young (Allocation Failure) 13M->8M(15M) 0.316ms
[9448.844s][info][gc] GC(3933) Pause Young (Allocation Failure) 13M->8M(15M) 0.283ms
[9450.944s][info][gc] GC(3934) Pause Young (Allocation Failure) 13M->8M(15M) 0.342ms
[9452.945s][info][gc] GC(3935) Pause Young (Allocation Failure) 13M->8M(15M) 0.612ms
[9454.845s][info][gc] GC(3936) Pause Young (Allocation Failure) 13M->8M(15M) 0.542ms
[9456.746s][info][gc] GC(3937) Pause Young (Allocation Failure) 13M->8M(15M) 0.478ms
[9458.645s][info][gc] GC(3938) Pause Young (Allocation Failure) 13M->8M(15M) 0.449ms
[9460.644s][info][gc] GC(3939) Pause Young (Allocation Failure) 13M->8M(15M) 0.358ms
[9462.445s][info][gc] GC(3940) Pause Young (Allocation Failure) 13M->8M(15M) 0.596ms
[9464.443s][info][gc] GC(3941) Pause Young (Allocation Failure) 13M->8M(15M) 0.323ms
[9466.345s][info][gc] GC(3942) Pause Young (Allocation Failure) 13M->8M(15M) 0.511ms
[9468.244s][info][gc] GC(3943) Pause Young (Allocation Failure) 13M->8M(15M) 0.449ms
[9470.145s][info][gc] GC(3944) Pause Young (Allocation Failure) 13M->8M(15M) 0.700ms
[9472.045s][info][gc] GC(3945) Pause Young (Allocation Failure) 13M->8M(15M) 0.670ms
[9473.945s][info][gc] GC(3946) Pause Young (Allocation Failure) 13M->8M(15M) 0.523ms
[9475.845s][info][gc] GC(3947) Pause Young (Allocation Failure) 13M->8M(15M) 0.690ms
[9477.745s][info][gc] GC(3948) Pause Young (Allocation Failure) 13M->9M(15M) 0.640ms
[9479.645s][info][gc] GC(3949) Pause Young (Allocation Failure) 13M->8M(15M) 0.479ms
[9481.544s][info][gc] GC(3950) Pause Young (Allocation Failure) 13M->8M(15M) 0.509ms
[9483.444s][info][gc] GC(3951) Pause Young (Allocation Failure) 13M->8M(15M) 0.484ms
[9485.345s][info][gc] GC(3952) Pause Young (Allocation Failure) 13M->8M(15M) 0.543ms
[9487.245s][info][gc] GC(3953) Pause Young (Allocation Failure) 13M->8M(15M) 0.467ms
[9489.144s][info][gc] GC(3954) Pause Young (Allocation Failure) 13M->8M(15M) 0.476ms
[9491.143s][info][gc] GC(3955) Pause Young (Allocation Failure) 13M->8M(15M) 0.383ms
[9493.044s][info][gc] GC(3956) Pause Young (Allocation Failure) 13M->8M(15M) 0.406ms
[9494.945s][info][gc] GC(3957) Pause Young (Allocation Failure) 13M->8M(15M) 0.481ms
[9496.845s][info][gc] GC(3958) Pause Young (Allocation Failure) 13M->8M(15M) 0.439ms
[9498.745s][info][gc] GC(3959) Pause Young (Allocation Failure) 13M->8M(15M) 0.467ms
[9500.743s][info][gc] GC(3960) Pause Young (Allocation Failure) 13M->8M(15M) 0.391ms
[9502.644s][info][gc] GC(3961) Pause Young (Allocation Failure) 13M->8M(15M) 0.332ms
[9504.544s][info][gc] GC(3962) Pause Young (Allocation Failure) 13M->8M(15M) 0.282ms
[9506.444s][info][gc] GC(3963) Pause Young (Allocation Failure) 13M->8M(15M) 0.503ms
[9508.344s][info][gc] GC(3964) Pause Young (Allocation Failure) 13M->8M(15M) 0.421ms
[9510.345s][info][gc] GC(3965) Pause Young (Allocation Failure) 13M->8M(15M) 0.432ms
[9512.344s][info][gc] GC(3966) Pause Young (Allocation Failure) 13M->8M(15M) 0.401ms
[9514.345s][info][gc] GC(3967) Pause Young (Allocation Failure) 13M->8M(15M) 0.375ms
[9516.345s][info][gc] GC(3968) Pause Young (Allocation Failure) 13M->8M(15M) 0.424ms
[9518.444s][info][gc] GC(3969) Pause Young (Allocation Failure) 13M->8M(15M) 0.321ms
[9520.444s][info][gc] GC(3970) Pause Young (Allocation Failure) 13M->8M(15M) 0.395ms
[9522.444s][info][gc] GC(3971) Pause Young (Allocation Failure) 13M->8M(15M) 0.298ms
[9524.345s][info][gc] GC(3972) Pause Young (Allocation Failure) 13M->8M(15M) 0.469ms
[9526.245s][info][gc] GC(3973) Pause Young (Allocation Failure) 13M->8M(15M) 0.496ms
[9528.144s][info][gc] GC(3974) Pause Young (Allocation Failure) 13M->8M(15M) 0.525ms
[9530.044s][info][gc] GC(3975) Pause Young (Allocation Failure) 13M->8M(15M) 0.405ms
[9531.944s][info][gc] GC(3976) Pause Young (Allocation Failure) 13M->8M(15M) 0.431ms
[9533.844s][info][gc] GC(3977) Pause Young (Allocation Failure) 13M->9M(15M) 0.332ms
[9535.790s][info][gc] GC(3978) Pause Young (Allocation Failure) 13M->8M(15M) 0.564ms
[9537.744s][info][gc] GC(3979) Pause Young (Allocation Failure) 13M->8M(15M) 0.281ms
[9539.645s][info][gc] GC(3980) Pause Young (Allocation Failure) 13M->9M(15M) 0.549ms
[9541.645s][info][gc] GC(3981) Pause Young (Allocation Failure) 13M->9M(15M) 0.412ms
[9543.686s][info][gc] GC(3982) Pause Young (Allocation Failure) 13M->8M(15M) 0.387ms
[9545.744s][info][gc] GC(3983) Pause Young (Allocation Failure) 13M->8M(15M) 0.300ms
[9547.744s][info][gc] GC(3984) Pause Young (Allocation Failure) 13M->8M(15M) 0.383ms
[9549.744s][info][gc] GC(3985) Pause Young (Allocation Failure) 13M->8M(15M) 0.346ms
[9551.744s][info][gc] GC(3986) Pause Young (Allocation Failure) 13M->8M(15M) 0.398ms
[9553.744s][info][gc] GC(3987) Pause Young (Allocation Failure) 13M->8M(15M) 0.443ms
[9555.745s][info][gc] GC(3988) Pause Young (Allocation Failure) 13M->9M(15M) 0.401ms
[9557.802s][info][gc] GC(3989) Pause Young (Allocation Failure) 13M->8M(15M) 0.386ms
[9559.804s][info][gc] GC(3990) Pause Young (Allocation Failure) 13M->8M(15M) 0.504ms
[9561.805s][info][gc] GC(3991) Pause Young (Allocation Failure) 13M->8M(15M) 0.509ms
[9563.844s][info][gc] GC(3992) Pause Young (Allocation Failure) 13M->8M(15M) 0.388ms
[9565.844s][info][gc] GC(3993) Pause Young (Allocation Failure) 13M->8M(15M) 0.368ms
[9567.844s][info][gc] GC(3994) Pause Young (Allocation Failure) 13M->8M(15M) 0.472ms
[9569.845s][info][gc] GC(3995) Pause Young (Allocation Failure) 13M->8M(15M) 0.465ms
[9571.845s][info][gc] GC(3996) Pause Young (Allocation Failure) 13M->8M(15M) 0.479ms
[9573.845s][info][gc] GC(3997) Pause Young (Allocation Failure) 13M->9M(15M) 0.402ms
[9575.943s][info][gc] GC(3998) Pause Young (Allocation Failure) 13M->8M(15M) 0.380ms
[9577.945s][info][gc] GC(3999) Pause Young (Allocation Failure) 13M->8M(15M) 0.436ms
[9579.944s][info][gc] GC(4000) Pause Young (Allocation Failure) 13M->8M(15M) 0.354ms
[9581.945s][info][gc] GC(4001) Pause Young (Allocation Failure) 13M->8M(15M) 0.444ms
[9583.846s][info][gc] GC(4002) Pause Young (Allocation Failure) 13M->9M(15M) 0.606ms
[9585.826s][info][gc] GC(4003) Pause Young (Allocation Failure) 13M->8M(15M) 0.507ms
[9587.743s][info][gc] GC(4004) Pause Young (Allocation Failure) 13M->8M(15M) 0.501ms
[9589.645s][info][gc] GC(4005) Pause Young (Allocation Failure) 13M->8M(15M) 0.380ms
[9591.545s][info][gc] GC(4006) Pause Young (Allocation Failure) 13M->8M(15M) 0.426ms
[9593.445s][info][gc] GC(4007) Pause Young (Allocation Failure) 13M->8M(15M) 0.432ms
[9595.345s][info][gc] GC(4008) Pause Young (Allocation Failure) 13M->9M(15M) 0.611ms
[9597.245s][info][gc] GC(4009) Pause Young (Allocation Failure) 13M->9M(15M) 0.345ms
[9599.145s][info][gc] GC(4010) Pause Young (Allocation Failure) 13M->9M(15M) 0.696ms
[9601.146s][info][gc] GC(4011) Pause Young (Allocation Failure) 13M->9M(15M) 0.588ms
[9603.244s][info][gc] GC(4012) Pause Young (Allocation Failure) 13M->8M(15M) 0.512ms
[9605.244s][info][gc] GC(4013) Pause Young (Allocation Failure) 13M->8M(15M) 0.336ms
[9607.245s][info][gc] GC(4014) Pause Young (Allocation Failure) 13M->8M(15M) 0.652ms
[9609.245s][info][gc] GC(4015) Pause Young (Allocation Failure) 13M->9M(15M) 0.408ms
[9611.244s][info][gc] GC(4016) Pause Young (Allocation Failure) 13M->9M(15M) 0.453ms
[9613.145s][info][gc] GC(4017) Pause Young (Allocation Failure) 13M->9M(15M) 0.826ms
[9615.045s][info][gc] GC(4018) Pause Young (Allocation Failure) 13M->9M(15M) 0.554ms
[9616.944s][info][gc] GC(4019) Pause Young (Allocation Failure) 13M->9M(15M) 0.385ms
[9618.845s][info][gc] GC(4020) Pause Young (Allocation Failure) 13M->9M(15M) 0.499ms
[9620.745s][info][gc] GC(4021) Pause Young (Allocation Failure) 13M->9M(15M) 0.646ms
[9622.645s][info][gc] GC(4022) Pause Young (Allocation Failure) 13M->9M(15M) 0.347ms
[9624.545s][info][gc] GC(4023) Pause Young (Allocation Failure) 13M->9M(15M) 0.443ms
[9626.444s][info][gc] GC(4024) Pause Young (Allocation Failure) 13M->9M(15M) 0.601ms
[9628.346s][info][gc] GC(4025) Pause Young (Allocation Failure) 13M->9M(15M) 0.562ms
[9630.245s][info][gc] GC(4026) Pause Young (Allocation Failure) 13M->9M(15M) 0.523ms
[9632.145s][info][gc] GC(4027) Pause Young (Allocation Failure) 13M->9M(15M) 0.676ms
[9634.143s][info][gc] GC(4028) Pause Young (Allocation Failure) 13M->8M(15M) 0.400ms
[9636.045s][info][gc] GC(4029) Pause Young (Allocation Failure) 13M->8M(15M) 0.507ms
[9637.945s][info][gc] GC(4030) Pause Young (Allocation Failure) 13M->9M(15M) 0.419ms
[9639.845s][info][gc] GC(4031) Pause Young (Allocation Failure) 13M->9M(15M) 0.459ms
[9641.745s][info][gc] GC(4032) Pause Young (Allocation Failure) 13M->9M(15M) 0.397ms
[9643.739s][info][gc] GC(4033) Pause Young (Allocation Failure) 13M->8M(15M) 0.454ms
[9645.744s][info][gc] GC(4034) Pause Young (Allocation Failure) 13M->8M(15M) 0.365ms
[9647.744s][info][gc] GC(4035) Pause Young (Allocation Failure) 13M->8M(15M) 0.491ms
[9649.744s][info][gc] GC(4036) Pause Young (Allocation Failure) 13M->9M(15M) 0.289ms
[9651.745s][info][gc] GC(4037) Pause Young (Allocation Failure) 13M->9M(15M) 0.452ms
[9653.744s][info][gc] GC(4038) Pause Young (Allocation Failure) 13M->9M(15M) 0.397ms
[9655.743s][info][gc] GC(4039) Pause Young (Allocation Failure) 13M->8M(15M) 0.457ms
[9657.545s][info][gc] GC(4040) Pause Young (Allocation Failure) 13M->9M(15M) 0.428ms
[9659.444s][info][gc] GC(4041) Pause Young (Allocation Failure) 13M->9M(15M) 0.358ms
[9661.345s][info][gc] GC(4042) Pause Young (Allocation Failure) 13M->9M(15M) 0.532ms
[9663.244s][info][gc] GC(4043) Pause Young (Allocation Failure) 13M->9M(15M) 0.411ms
[9665.145s][info][gc] GC(4044) Pause Young (Allocation Failure) 13M->9M(15M) 0.504ms
[9667.045s][info][gc] GC(4045) Pause Young (Allocation Failure) 13M->9M(15M) 0.494ms
[9668.944s][info][gc] GC(4046) Pause Young (Allocation Failure) 13M->9M(15M) 0.348ms
[9670.890s][info][gc] GC(4047) Pause Young (Allocation Failure) 13M->8M(15M) 0.497ms
[9672.843s][info][gc] GC(4048) Pause Young (Allocation Failure) 13M->9M(15M) 0.322ms
[9674.745s][info][gc] GC(4049) Pause Young (Allocation Failure) 13M->9M(15M) 0.491ms
[9676.644s][info][gc] GC(4050) Pause Young (Allocation Failure) 13M->9M(15M) 0.458ms
[9678.545s][info][gc] GC(4051) Pause Young (Allocation Failure) 13M->9M(15M) 0.490ms
[9680.446s][info][gc] GC(4052) Pause Young (Allocation Failure) 13M->9M(15M) 0.682ms
[9682.345s][info][gc] GC(4053) Pause Young (Allocation Failure) 13M->9M(15M) 0.472ms
[9684.343s][info][gc] GC(4054) Pause Young (Allocation Failure) 13M->8M(15M) 0.474ms
[9686.244s][info][gc] GC(4055) Pause Young (Allocation Failure) 13M->9M(15M) 0.427ms
[9688.145s][info][gc] GC(4056) Pause Young (Allocation Failure) 13M->9M(15M) 0.434ms
[9690.144s][info][gc] GC(4057) Pause Young (Allocation Failure) 13M->8M(15M) 0.447ms
[9692.143s][info][gc] GC(4058) Pause Young (Allocation Failure) 13M->9M(15M) 0.381ms
[9694.144s][info][gc] GC(4059) Pause Young (Allocation Failure) 13M->9M(15M) 0.341ms
[9696.144s][info][gc] GC(4060) Pause Young (Allocation Failure) 13M->9M(15M) 0.404ms
[9698.145s][info][gc] GC(4061) Pause Young (Allocation Failure) 13M->9M(15M) 0.478ms
[9700.145s][info][gc] GC(4062) Pause Young (Allocation Failure) 13M->9M(15M) 0.403ms
[9702.146s][info][gc] GC(4063) Pause Young (Allocation Failure) 13M->9M(15M) 0.454ms
[9704.244s][info][gc] GC(4064) Pause Young (Allocation Failure) 13M->8M(15M) 0.352ms
[9706.244s][info][gc] GC(4065) Pause Young (Allocation Failure) 13M->9M(15M) 0.372ms
[9708.244s][info][gc] GC(4066) Pause Young (Allocation Failure) 13M->9M(15M) 0.365ms
[9710.245s][info][gc] GC(4067) Pause Young (Allocation Failure) 13M->9M(15M) 0.384ms
[9712.245s][info][gc] GC(4068) Pause Young (Allocation Failure) 13M->9M(15M) 0.692ms
[9714.246s][info][gc] GC(4069) Pause Young (Allocation Failure) 13M->9M(15M) 0.435ms
[9716.344s][info][gc] GC(4070) Pause Young (Allocation Failure) 13M->8M(15M) 0.400ms
[9718.344s][info][gc] GC(4071) Pause Young (Allocation Failure) 13M->9M(15M) 0.314ms
[9720.344s][info][gc] GC(4072) Pause Young (Allocation Failure) 13M->9M(15M) 0.541ms
[9722.344s][info][gc] GC(4073) Pause Young (Allocation Failure) 13M->9M(15M) 0.396ms
[9724.345s][info][gc] GC(4074) Pause Young (Allocation Failure) 13M->9M(15M) 0.498ms
[9726.345s][info][gc] GC(4075) Pause Young (Allocation Failure) 13M->9M(15M) 0.318ms
[9728.443s][info][gc] GC(4076) Pause Young (Allocation Failure) 13M->8M(15M) 0.358ms
[9730.444s][info][gc] GC(4077) Pause Young (Allocation Failure) 13M->9M(15M) 0.459ms
[9732.345s][info][gc] GC(4078) Pause Young (Allocation Failure) 13M->9M(15M) 0.503ms
[9734.245s][info][gc] GC(4079) Pause Young (Allocation Failure) 13M->9M(15M) 0.592ms
[9736.145s][info][gc] GC(4080) Pause Young (Allocation Failure) 13M->9M(15M) 0.493ms
[9738.045s][info][gc] GC(4081) Pause Young (Allocation Failure) 13M->9M(15M) 0.476ms
[9739.944s][info][gc] GC(4082) Pause Young (Allocation Failure) 13M->9M(15M) 0.382ms
[9741.844s][info][gc] GC(4083) Pause Young (Allocation Failure) 13M->9M(15M) 0.591ms
[9743.745s][info][gc] GC(4084) Pause Young (Allocation Failure) 13M->9M(15M) 0.426ms
[9745.644s][info][gc] GC(4085) Pause Young (Allocation Failure) 13M->9M(15M) 0.360ms
[9747.544s][info][gc] GC(4086) Pause Young (Allocation Failure) 13M->9M(15M) 0.337ms
[9749.443s][info][gc] GC(4087) Pause Young (Allocation Failure) 13M->9M(15M) 0.546ms
[9751.344s][info][gc] GC(4088) Pause Young (Allocation Failure) 13M->9M(15M) 0.449ms
[9753.244s][info][gc] GC(4089) Pause Young (Allocation Failure) 13M->9M(15M) 0.402ms
[9755.144s][info][gc] GC(4090) Pause Young (Allocation Failure) 13M->9M(15M) 0.406ms
[9757.045s][info][gc] GC(4091) Pause Young (Allocation Failure) 13M->9M(15M) 0.525ms
[9758.958s][info][gc] GC(4092) Pause Young (Allocation Failure) 13M->9M(15M) 0.405ms
[9760.945s][info][gc] GC(4093) Pause Young (Allocation Failure) 13M->9M(15M) 0.457ms
[9762.844s][info][gc] GC(4094) Pause Young (Allocation Failure) 13M->9M(15M) 0.417ms
[9764.745s][info][gc] GC(4095) Pause Young (Allocation Failure) 13M->9M(15M) 0.782ms
[9766.801s][info][gc] GC(4096) Pause Young (Allocation Failure) 13M->9M(15M) 0.343ms
[9768.845s][info][gc] GC(4097) Pause Young (Allocation Failure) 13M->9M(15M) 0.405ms
[9770.844s][info][gc] GC(4098) Pause Young (Allocation Failure) 13M->9M(15M) 0.470ms
[9772.844s][info][gc] GC(4099) Pause Young (Allocation Failure) 13M->9M(15M) 0.431ms
[9774.844s][info][gc] GC(4100) Pause Young (Allocation Failure) 13M->9M(15M) 0.392ms
[9776.845s][info][gc] GC(4101) Pause Young (Allocation Failure) 13M->9M(15M) 0.586ms
[9778.846s][info][gc] GC(4102) Pause Young (Allocation Failure) 13M->9M(15M) 0.518ms
[9780.944s][info][gc] GC(4103) Pause Young (Allocation Failure) 13M->9M(15M) 0.362ms
[9782.944s][info][gc] GC(4104) Pause Young (Allocation Failure) 13M->9M(15M) 0.412ms
[9784.944s][info][gc] GC(4105) Pause Young (Allocation Failure) 13M->9M(15M) 0.385ms
[9786.944s][info][gc] GC(4106) Pause Young (Allocation Failure) 13M->9M(15M) 0.381ms
[9788.945s][info][gc] GC(4107) Pause Young (Allocation Failure) 13M->9M(15M) 0.548ms
[9790.944s][info][gc] GC(4108) Pause Young (Allocation Failure) 13M->9M(15M) 0.553ms
[9792.983s][info][gc] GC(4109) Pause Young (Allocation Failure) 13M->9M(15M) 0.358ms
[9794.986s][info][gc] GC(4110) Pause Young (Allocation Failure) 13M->9M(15M) 0.351ms
[9796.990s][info][gc] GC(4111) Pause Young (Allocation Failure) 13M->9M(15M) 0.446ms
[9799.044s][info][gc] GC(4112) Pause Young (Allocation Failure) 13M->9M(15M) 0.377ms
[9801.045s][info][gc] GC(4113) Pause Young (Allocation Failure) 13M->9M(15M) 0.471ms
[9803.044s][info][gc] GC(4114) Pause Young (Allocation Failure) 13M->9M(15M) 0.283ms
[9805.044s][info][gc] GC(4115) Pause Young (Allocation Failure) 13M->9M(15M) 0.511ms
[9807.045s][info][gc] GC(4116) Pause Young (Allocation Failure) 13M->9M(15M) 0.386ms
[9809.044s][info][gc] GC(4117) Pause Young (Allocation Failure) 13M->9M(15M) 0.409ms
[9811.144s][info][gc] GC(4118) Pause Young (Allocation Failure) 13M->9M(15M) 0.340ms
[9813.144s][info][gc] GC(4119) Pause Young (Allocation Failure) 13M->9M(15M) 0.427ms
[9815.144s][info][gc] GC(4120) Pause Young (Allocation Failure) 13M->9M(15M) 0.437ms
[9817.144s][info][gc] GC(4121) Pause Young (Allocation Failure) 13M->9M(15M) 0.324ms
[9819.144s][info][gc] GC(4122) Pause Young (Allocation Failure) 13M->9M(15M) 0.438ms
[9821.144s][info][gc] GC(4123) Pause Young (Allocation Failure) 13M->9M(15M) 0.326ms
[9823.144s][info][gc] GC(4124) Pause Young (Allocation Failure) 13M->9M(15M) 0.453ms
[9825.245s][info][gc] GC(4125) Pause Young (Allocation Failure) 13M->9M(15M) 0.513ms
[9827.444s][info][gc] GC(4126) Pause Young (Allocation Failure) 13M->9M(15M) 0.418ms
[9829.545s][info][gc] GC(4127) Pause Young (Allocation Failure) 13M->9M(15M) 0.406ms
[9831.645s][info][gc] GC(4128) Pause Young (Allocation Failure) 13M->9M(15M) 0.477ms
[9833.844s][info][gc] GC(4129) Pause Young (Allocation Failure) 13M->9M(15M) 0.412ms
[9835.944s][info][gc] GC(4130) Pause Young (Allocation Failure) 13M->9M(15M) 0.490ms
[9838.044s][info][gc] GC(4131) Pause Young (Allocation Failure) 13M->9M(15M) 0.479ms
[9840.145s][info][gc] GC(4132) Pause Young (Allocation Failure) 13M->9M(15M) 0.327ms
[9842.244s][info][gc] GC(4133) Pause Young (Allocation Failure) 13M->9M(15M) 0.349ms
[9844.143s][info][gc] GC(4134) Pause Young (Allocation Failure) 13M->9M(15M) 0.505ms
[9846.033s][info][gc] GC(4135) Pause Young (Allocation Failure) 13M->9M(15M) 0.411ms
[9847.945s][info][gc] GC(4136) Pause Young (Allocation Failure) 13M->9M(15M) 0.484ms
[9849.844s][info][gc] GC(4137) Pause Young (Allocation Failure) 13M->9M(15M) 0.364ms
[9851.745s][info][gc] GC(4138) Pause Young (Allocation Failure) 13M->9M(15M) 0.502ms
[9853.643s][info][gc] GC(4139) Pause Young (Allocation Failure) 13M->9M(15M) 0.378ms
[9855.544s][info][gc] GC(4140) Pause Young (Allocation Failure) 13M->9M(15M) 0.480ms
[9857.446s][info][gc] GC(4141) Pause Young (Allocation Failure) 13M->9M(15M) 0.640ms
[9859.344s][info][gc] GC(4142) Pause Young (Allocation Failure) 13M->9M(15M) 0.594ms
[9861.244s][info][gc] GC(4143) Pause Young (Allocation Failure) 13M->9M(15M) 0.598ms
[9863.144s][info][gc] GC(4144) Pause Young (Allocation Failure) 13M->9M(15M) 0.474ms
[9865.045s][info][gc] GC(4145) Pause Young (Allocation Failure) 13M->9M(15M) 0.524ms
[9866.944s][info][gc] GC(4146) Pause Young (Allocation Failure) 13M->9M(15M) 0.433ms
[9868.844s][info][gc] GC(4147) Pause Young (Allocation Failure) 13M->9M(15M) 0.558ms
[9870.744s][info][gc] GC(4148) Pause Young (Allocation Failure) 13M->9M(15M) 0.619ms
[9872.644s][info][gc] GC(4149) Pause Young (Allocation Failure) 13M->9M(15M) 0.427ms
[9874.545s][info][gc] GC(4150) Pause Young (Allocation Failure) 13M->9M(15M) 0.463ms
[9876.445s][info][gc] GC(4151) Pause Young (Allocation Failure) 13M->9M(15M) 0.366ms
[9878.346s][info][gc] GC(4152) Pause Young (Allocation Failure) 13M->9M(15M) 0.643ms
[9880.344s][info][gc] GC(4153) Pause Young (Allocation Failure) 13M->9M(15M) 0.492ms
[9882.244s][info][gc] GC(4154) Pause Young (Allocation Failure) 13M->9M(15M) 0.434ms
[9884.145s][info][gc] GC(4155) Pause Young (Allocation Failure) 13M->9M(15M) 0.385ms
[9886.144s][info][gc] GC(4156) Pause Young (Allocation Failure) 13M->9M(15M) 0.364ms
[9888.145s][info][gc] GC(4157) Pause Young (Allocation Failure) 13M->9M(15M) 0.386ms
[9890.145s][info][gc] GC(4158) Pause Young (Allocation Failure) 13M->9M(15M) 0.520ms
[9892.243s][info][gc] GC(4159) Pause Young (Allocation Failure) 13M->9M(15M) 0.380ms
[9894.244s][info][gc] GC(4160) Pause Young (Allocation Failure) 13M->9M(15M) 0.373ms
[9896.244s][info][gc] GC(4161) Pause Young (Allocation Failure) 13M->9M(15M) 0.477ms
[9898.244s][info][gc] GC(4162) Pause Young (Allocation Failure) 13M->9M(15M) 0.500ms
[9900.245s][info][gc] GC(4163) Pause Young (Allocation Failure) 13M->9M(15M) 0.692ms
[9902.245s][info][gc] GC(4164) Pause Young (Allocation Failure) 13M->9M(15M) 0.603ms
[9904.344s][info][gc] GC(4165) Pause Young (Allocation Failure) 13M->9M(15M) 0.425ms
[9906.344s][info][gc] GC(4166) Pause Young (Allocation Failure) 13M->9M(15M) 0.389ms
[9908.345s][info][gc] GC(4167) Pause Young (Allocation Failure) 13M->9M(15M) 0.510ms
[9910.344s][info][gc] GC(4168) Pause Young (Allocation Failure) 13M->9M(15M) 0.469ms
[9912.344s][info][gc] GC(4169) Pause Young (Allocation Failure) 13M->9M(15M) 0.521ms
[9914.345s][info][gc] GC(4170) Pause Young (Allocation Failure) 13M->9M(15M) 0.526ms
[9916.443s][info][gc] GC(4171) Pause Young (Allocation Failure) 13M->9M(15M) 0.400ms
[9918.444s][info][gc] GC(4172) Pause Young (Allocation Failure) 13M->9M(15M) 0.538ms
[9920.445s][info][gc] GC(4173) Pause Young (Allocation Failure) 13M->9M(15M) 0.494ms
[9922.445s][info][gc] GC(4174) Pause Young (Allocation Failure) 13M->9M(15M) 0.647ms
[9924.445s][info][gc] GC(4175) Pause Young (Allocation Failure) 13M->9M(15M) 0.626ms
[9926.445s][info][gc] GC(4176) Pause Young (Allocation Failure) 13M->9M(15M) 0.459ms
[9928.543s][info][gc] GC(4177) Pause Young (Allocation Failure) 13M->9M(15M) 0.298ms
[9930.544s][info][gc] GC(4178) Pause Young (Allocation Failure) 13M->9M(15M) 0.286ms
[9932.544s][info][gc] GC(4179) Pause Young (Allocation Failure) 13M->9M(15M) 0.370ms
[9934.544s][info][gc] GC(4180) Pause Young (Allocation Failure) 13M->9M(15M) 0.301ms
[9936.544s][info][gc] GC(4181) Pause Young (Allocation Failure) 13M->9M(15M) 0.472ms
[9938.545s][info][gc] GC(4182) Pause Young (Allocation Failure) 13M->9M(15M) 0.587ms
[9940.643s][info][gc] GC(4183) Pause Young (Allocation Failure) 13M->9M(15M) 0.427ms
[9942.645s][info][gc] GC(4184) Pause Young (Allocation Failure) 13M->9M(15M) 0.328ms
[9944.645s][info][gc] GC(4185) Pause Young (Allocation Failure) 13M->9M(15M) 0.496ms
[9946.844s][info][gc] GC(4186) Pause Young (Allocation Failure) 13M->9M(15M) 0.593ms
[9948.944s][info][gc] GC(4187) Pause Young (Allocation Failure) 13M->9M(15M) 0.311ms
[9951.044s][info][gc] GC(4188) Pause Young (Allocation Failure) 13M->9M(15M) 0.472ms
[9953.145s][info][gc] GC(4189) Pause Young (Allocation Failure) 13M->9M(15M) 0.392ms
[9955.245s][info][gc] GC(4190) Pause Young (Allocation Failure) 13M->9M(15M) 0.570ms
[9957.444s][info][gc] GC(4191) Pause Young (Allocation Failure) 13M->9M(15M) 0.367ms
[9959.544s][info][gc] GC(4192) Pause Young (Allocation Failure) 13M->9M(15M) 0.374ms
[9961.644s][info][gc] GC(4193) Pause Young (Allocation Failure) 13M->9M(15M) 0.461ms
[9963.844s][info][gc] GC(4194) Pause Young (Allocation Failure) 13M->9M(15M) 0.623ms
[9965.944s][info][gc] GC(4195) Pause Young (Allocation Failure) 13M->9M(15M) 0.304ms
[9968.044s][info][gc] GC(4196) Pause Young (Allocation Failure) 13M->9M(15M) 0.428ms
[9970.144s][info][gc] GC(4197) Pause Young (Allocation Failure) 13M->9M(15M) 0.311ms
[9972.245s][info][gc] GC(4198) Pause Young (Allocation Failure) 13M->9M(15M) 0.527ms
[9974.445s][info][gc] GC(4199) Pause Young (Allocation Failure) 13M->9M(15M) 0.402ms
[9976.544s][info][gc] GC(4200) Pause Young (Allocation Failure) 13M->9M(15M) 0.424ms
[9978.645s][info][gc] GC(4201) Pause Young (Allocation Failure) 13M->9M(15M) 0.413ms
[9980.844s][info][gc] GC(4202) Pause Young (Allocation Failure) 13M->9M(15M) 0.296ms
[9982.944s][info][gc] GC(4203) Pause Young (Allocation Failure) 13M->9M(15M) 0.416ms
[9985.044s][info][gc] GC(4204) Pause Young (Allocation Failure) 13M->9M(15M) 0.309ms
[9986.943s][info][gc] GC(4205) Pause Young (Allocation Failure) 13M->9M(15M) 0.491ms
[9988.844s][info][gc] GC(4206) Pause Young (Allocation Failure) 13M->9M(15M) 0.523ms
[9990.744s][info][gc] GC(4207) Pause Young (Allocation Failure) 13M->9M(15M) 0.414ms
[9992.644s][info][gc] GC(4208) Pause Young (Allocation Failure) 13M->9M(15M) 0.530ms
[9994.544s][info][gc] GC(4209) Pause Young (Allocation Failure) 13M->9M(15M) 0.429ms
[9996.445s][info][gc] GC(4210) Pause Young (Allocation Failure) 13M->9M(15M) 0.579ms
[9998.345s][info][gc] GC(4211) Pause Young (Allocation Failure) 13M->9M(15M) 0.521ms
[10000.245s][info][gc] GC(4212) Pause Young (Allocation Failure) 13M->9M(15M) 0.369ms
[10002.243s][info][gc] GC(4213) Pause Young (Allocation Failure) 13M->9M(15M) 0.440ms
[10004.144s][info][gc] GC(4214) Pause Young (Allocation Failure) 13M->9M(15M) 0.350ms
[10006.045s][info][gc] GC(4215) Pause Young (Allocation Failure) 13M->9M(15M) 0.533ms
[10007.945s][info][gc] GC(4216) Pause Young (Allocation Failure) 13M->9M(15M) 0.437ms
[10009.934s][info][gc] GC(4217) Pause Young (Allocation Failure) 13M->9M(15M) 0.524ms
[10011.845s][info][gc] GC(4218) Pause Young (Allocation Failure) 13M->9M(15M) 0.513ms
[10013.744s][info][gc] GC(4219) Pause Young (Allocation Failure) 13M->9M(15M) 0.318ms
[10015.645s][info][gc] GC(4220) Pause Young (Allocation Failure) 13M->9M(15M) 0.388ms
[10017.544s][info][gc] GC(4221) Pause Young (Allocation Failure) 13M->9M(15M) 0.371ms
[10019.445s][info][gc] GC(4222) Pause Young (Allocation Failure) 13M->9M(15M) 0.448ms
[10021.543s][info][gc] GC(4223) Pause Young (Allocation Failure) 13M->9M(15M) 0.386ms
[10023.444s][info][gc] GC(4224) Pause Young (Allocation Failure) 13M->9M(15M) 0.369ms
[10025.245s][info][gc] GC(4225) Pause Young (Allocation Failure) 13M->9M(15M) 0.645ms
[10027.180s][info][gc] GC(4226) Pause Young (Allocation Failure) 13M->9M(15M) 0.370ms
[10029.143s][info][gc] GC(4227) Pause Young (Allocation Failure) 13M->9M(15M) 0.555ms
[10030.946s][info][gc] GC(4228) Pause Young (Allocation Failure) 13M->9M(15M) 0.902ms
[10032.845s][info][gc] GC(4229) Pause Young (Allocation Failure) 13M->9M(15M) 0.499ms
[10034.745s][info][gc] GC(4230) Pause Young (Allocation Failure) 13M->9M(15M) 0.358ms
[10036.646s][info][gc] GC(4231) Pause Young (Allocation Failure) 13M->9M(15M) 0.648ms
[10038.645s][info][gc] GC(4232) Pause Young (Allocation Failure) 13M->9M(15M) 0.562ms
[10040.545s][info][gc] GC(4233) Pause Young (Allocation Failure) 13M->9M(15M) 0.484ms
[10042.445s][info][gc] GC(4234) Pause Young (Allocation Failure) 13M->9M(15M) 0.519ms
[10044.344s][info][gc] GC(4235) Pause Young (Allocation Failure) 13M->9M(15M) 0.409ms
[10046.244s][info][gc] GC(4236) Pause Young (Allocation Failure) 13M->9M(15M) 0.436ms
[10048.194s][info][gc] GC(4237) Pause Young (Allocation Failure) 13M->9M(15M) 0.433ms
[10050.144s][info][gc] GC(4238) Pause Young (Allocation Failure) 13M->9M(15M) 0.556ms
[10052.145s][info][gc] GC(4239) Pause Young (Allocation Failure) 13M->9M(15M) 0.416ms
[10054.197s][info][gc] GC(4240) Pause Young (Allocation Failure) 13M->9M(15M) 0.655ms
[10056.199s][info][gc] GC(4241) Pause Young (Allocation Failure) 13M->9M(15M) 0.359ms
[10058.201s][info][gc] GC(4242) Pause Young (Allocation Failure) 13M->9M(15M) 0.280ms
[10060.244s][info][gc] GC(4243) Pause Young (Allocation Failure) 13M->9M(15M) 0.478ms
[10062.244s][info][gc] GC(4244) Pause Young (Allocation Failure) 13M->9M(15M) 0.368ms
[10064.245s][info][gc] GC(4245) Pause Young (Allocation Failure) 13M->9M(15M) 0.528ms
[10066.244s][info][gc] GC(4246) Pause Young (Allocation Failure) 13M->9M(15M) 0.413ms
[10068.244s][info][gc] GC(4247) Pause Young (Allocation Failure) 13M->9M(15M) 0.493ms
[10070.245s][info][gc] GC(4248) Pause Young (Allocation Failure) 13M->9M(15M) 0.483ms
[10072.343s][info][gc] GC(4249) Pause Young (Allocation Failure) 13M->9M(15M) 0.429ms
[10074.344s][info][gc] GC(4250) Pause Young (Allocation Failure) 13M->9M(15M) 0.389ms
[10076.345s][info][gc] GC(4251) Pause Young (Allocation Failure) 13M->9M(15M) 0.570ms
[10078.344s][info][gc] GC(4252) Pause Young (Allocation Failure) 13M->9M(15M) 0.340ms
[10080.345s][info][gc] GC(4253) Pause Young (Allocation Failure) 13M->9M(15M) 0.356ms
[10082.345s][info][gc] GC(4254) Pause Young (Allocation Failure) 13M->9M(15M) 0.456ms
[10084.443s][info][gc] GC(4255) Pause Young (Allocation Failure) 13M->9M(15M) 0.345ms
[10086.444s][info][gc] GC(4256) Pause Young (Allocation Failure) 13M->9M(15M) 0.446ms
[10088.444s][info][gc] GC(4257) Pause Young (Allocation Failure) 13M->9M(15M) 0.338ms
[10090.444s][info][gc] GC(4258) Pause Young (Allocation Failure) 13M->9M(15M) 0.382ms
[10092.444s][info][gc] GC(4259) Pause Young (Allocation Failure) 13M->9M(15M) 0.346ms
[10094.445s][info][gc] GC(4260) Pause Young (Allocation Failure) 13M->9M(15M) 0.412ms
[10096.544s][info][gc] GC(4261) Pause Young (Allocation Failure) 13M->9M(15M) 0.264ms
[10098.544s][info][gc] GC(4262) Pause Young (Allocation Failure) 13M->9M(15M) 0.410ms
[10100.545s][info][gc] GC(4263) Pause Young (Allocation Failure) 13M->9M(15M) 0.280ms
[10102.545s][info][gc] GC(4264) Pause Young (Allocation Failure) 13M->9M(15M) 0.427ms
[10104.443s][info][gc] GC(4265) Pause Young (Allocation Failure) 13M->9M(15M) 0.268ms
[10106.344s][info][gc] GC(4266) Pause Young (Allocation Failure) 13M->9M(15M) 0.437ms
[10108.244s][info][gc] GC(4267) Pause Young (Allocation Failure) 13M->9M(15M) 0.385ms
[10110.144s][info][gc] GC(4268) Pause Young (Allocation Failure) 13M->9M(15M) 0.469ms
[10112.044s][info][gc] GC(4269) Pause Young (Allocation Failure) 13M->9M(15M) 0.410ms
[10113.944s][info][gc] GC(4270) Pause Young (Allocation Failure) 13M->9M(15M) 0.437ms
[10115.844s][info][gc] GC(4271) Pause Young (Allocation Failure) 13M->9M(15M) 0.327ms
[10117.745s][info][gc] GC(4272) Pause Young (Allocation Failure) 13M->9M(15M) 0.650ms
[10119.645s][info][gc] GC(4273) Pause Young (Allocation Failure) 13M->9M(15M) 0.532ms
[10121.545s][info][gc] GC(4274) Pause Young (Allocation Failure) 13M->9M(15M) 0.399ms
[10123.445s][info][gc] GC(4275) Pause Young (Allocation Failure) 13M->9M(15M) 0.488ms
[10125.445s][info][gc] GC(4276) Pause Young (Allocation Failure) 13M->9M(15M) 0.733ms
[10127.544s][info][gc] GC(4277) Pause Young (Allocation Failure) 13M->9M(15M) 0.400ms
[10129.544s][info][gc] GC(4278) Pause Young (Allocation Failure) 13M->9M(15M) 0.490ms
[10131.545s][info][gc] GC(4279) Pause Young (Allocation Failure) 13M->9M(15M) 0.408ms
[10133.545s][info][gc] GC(4280) Pause Young (Allocation Failure) 13M->9M(15M) 0.291ms
[10135.545s][info][gc] GC(4281) Pause Young (Allocation Failure) 13M->9M(15M) 0.469ms
[10137.544s][info][gc] GC(4282) Pause Young (Allocation Failure) 13M->9M(15M) 0.535ms
[10139.643s][info][gc] GC(4283) Pause Young (Allocation Failure) 13M->9M(15M) 0.419ms
[10141.644s][info][gc] GC(4284) Pause Young (Allocation Failure) 13M->9M(15M) 0.410ms
[10143.644s][info][gc] GC(4285) Pause Young (Allocation Failure) 13M->9M(15M) 0.287ms
[10145.644s][info][gc] GC(4286) Pause Young (Allocation Failure) 13M->9M(15M) 0.296ms
[10147.643s][info][gc] GC(4287) Pause Young (Allocation Failure) 13M->9M(15M) 0.420ms
[10149.644s][info][gc] GC(4288) Pause Young (Allocation Failure) 13M->9M(15M) 0.322ms
[10151.742s][info][gc] GC(4289) Pause Young (Allocation Failure) 13M->9M(15M) 0.246ms
[10153.744s][info][gc] GC(4290) Pause Young (Allocation Failure) 13M->9M(15M) 0.307ms
[10155.744s][info][gc] GC(4291) Pause Young (Allocation Failure) 13M->9M(15M) 0.277ms
[10157.744s][info][gc] GC(4292) Pause Young (Allocation Failure) 13M->9M(15M) 0.311ms
[10159.743s][info][gc] GC(4293) Pause Young (Allocation Failure) 13M->9M(15M) 0.291ms
[10161.744s][info][gc] GC(4294) Pause Young (Allocation Failure) 13M->9M(15M) 0.330ms
[10163.745s][info][gc] GC(4295) Pause Young (Allocation Failure) 13M->9M(15M) 0.335ms
[10165.844s][info][gc] GC(4296) Pause Young (Allocation Failure) 13M->9M(15M) 0.290ms
[10167.844s][info][gc] GC(4297) Pause Young (Allocation Failure) 13M->9M(15M) 0.288ms
[10169.844s][info][gc] GC(4298) Pause Young (Allocation Failure) 13M->9M(15M) 0.293ms
[10171.844s][info][gc] GC(4299) Pause Young (Allocation Failure) 13M->9M(15M) 0.321ms
[10173.843s][info][gc] GC(4300) Pause Young (Allocation Failure) 13M->9M(15M) 0.324ms
[10175.844s][info][gc] GC(4301) Pause Young (Allocation Failure) 13M->9M(15M) 0.552ms
[10177.944s][info][gc] GC(4302) Pause Young (Allocation Failure) 13M->9M(15M) 0.329ms
[10179.945s][info][gc] GC(4303) Pause Young (Allocation Failure) 13M->9M(15M) 0.284ms
[10181.944s][info][gc] GC(4304) Pause Young (Allocation Failure) 13M->9M(15M) 0.600ms
[10183.944s][info][gc] GC(4305) Pause Young (Allocation Failure) 13M->9M(15M) 0.429ms
[10186.044s][info][gc] GC(4306) Pause Young (Allocation Failure) 13M->9M(15M) 0.498ms
[10188.243s][info][gc] GC(4307) Pause Young (Allocation Failure) 13M->9M(15M) 0.288ms
[10190.344s][info][gc] GC(4308) Pause Young (Allocation Failure) 13M->9M(15M) 0.309ms
[10192.444s][info][gc] GC(4309) Pause Young (Allocation Failure) 13M->9M(15M) 0.353ms
[10194.544s][info][gc] GC(4310) Pause Young (Allocation Failure) 13M->9M(15M) 0.354ms
[10196.743s][info][gc] GC(4311) Pause Young (Allocation Failure) 13M->9M(15M) 0.284ms
[10198.844s][info][gc] GC(4312) Pause Young (Allocation Failure) 13M->9M(15M) 0.341ms
[10200.944s][info][gc] GC(4313) Pause Young (Allocation Failure) 13M->9M(15M) 0.491ms
[10203.045s][info][gc] GC(4314) Pause Young (Allocation Failure) 13M->9M(15M) 0.371ms
[10205.244s][info][gc] GC(4315) Pause Young (Allocation Failure) 13M->9M(15M) 0.291ms
[10207.344s][info][gc] GC(4316) Pause Young (Allocation Failure) 13M->9M(15M) 0.253ms
[10209.444s][info][gc] GC(4317) Pause Young (Allocation Failure) 13M->9M(15M) 0.326ms
[10211.543s][info][gc] GC(4318) Pause Young (Allocation Failure) 13M->9M(15M) 0.320ms
[10213.744s][info][gc] GC(4319) Pause Young (Allocation Failure) 13M->9M(15M) 0.253ms
[10215.843s][info][gc] GC(4320) Pause Young (Allocation Failure) 13M->9M(15M) 0.324ms
[10217.945s][info][gc] GC(4321) Pause Young (Allocation Failure) 13M->9M(15M) 0.294ms
[10219.844s][info][gc] GC(4322) Pause Young (Allocation Failure) 13M->9M(15M) 0.318ms
[10221.744s][info][gc] GC(4323) Pause Young (Allocation Failure) 13M->9M(15M) 0.317ms
[10223.644s][info][gc] GC(4324) Pause Young (Allocation Failure) 13M->9M(15M) 0.363ms
[10225.543s][info][gc] GC(4325) Pause Young (Allocation Failure) 13M->9M(15M) 0.329ms
[10227.445s][info][gc] GC(4326) Pause Young (Allocation Failure) 13M->9M(15M) 0.347ms
[10229.344s][info][gc] GC(4327) Pause Young (Allocation Failure) 13M->9M(15M) 0.307ms
[10231.245s][info][gc] GC(4328) Pause Young (Allocation Failure) 13M->9M(15M) 0.348ms
[10233.144s][info][gc] GC(4329) Pause Young (Allocation Failure) 13M->9M(15M) 0.349ms
[10235.044s][info][gc] GC(4330) Pause Young (Allocation Failure) 13M->9M(15M) 0.374ms
[10236.944s][info][gc] GC(4331) Pause Young (Allocation Failure) 13M->9M(15M) 0.467ms
[10238.844s][info][gc] GC(4332) Pause Young (Allocation Failure) 13M->9M(15M) 0.489ms
[10240.745s][info][gc] GC(4333) Pause Young (Allocation Failure) 13M->9M(15M) 0.370ms
[10242.644s][info][gc] GC(4334) Pause Young (Allocation Failure) 13M->9M(15M) 0.445ms
[10244.544s][info][gc] GC(4335) Pause Young (Allocation Failure) 13M->9M(15M) 0.393ms
[10246.444s][info][gc] GC(4336) Pause Young (Allocation Failure) 13M->9M(15M) 0.491ms
[10248.443s][info][gc] GC(4337) Pause Young (Allocation Failure) 13M->9M(15M) 0.275ms
[10250.343s][info][gc] GC(4338) Pause Young (Allocation Failure) 13M->9M(15M) 0.301ms
[10252.244s][info][gc] GC(4339) Pause Young (Allocation Failure) 13M->9M(15M) 0.405ms
[10254.143s][info][gc] GC(4340) Pause Young (Allocation Failure) 13M->9M(15M) 0.320ms
[10256.060s][info][gc] GC(4341) Pause Young (Allocation Failure) 13M->9M(15M) 0.336ms
[10258.043s][info][gc] GC(4342) Pause Young (Allocation Failure) 13M->9M(15M) 0.272ms
[10259.945s][info][gc] GC(4343) Pause Young (Allocation Failure) 13M->9M(15M) 0.326ms
[10262.043s][info][gc] GC(4344) Pause Young (Allocation Failure) 13M->9M(15M) 0.321ms
[10264.043s][info][gc] GC(4345) Pause Young (Allocation Failure) 13M->9M(15M) 0.260ms
[10266.044s][info][gc] GC(4346) Pause Young (Allocation Failure) 13M->9M(15M) 0.281ms
[10268.044s][info][gc] GC(4347) Pause Young (Allocation Failure) 13M->9M(15M) 0.319ms
[10270.044s][info][gc] GC(4348) Pause Young (Allocation Failure) 13M->9M(15M) 0.317ms
[10272.044s][info][gc] GC(4349) Pause Young (Allocation Failure) 13M->9M(15M) 0.322ms
[10274.044s][info][gc] GC(4350) Pause Young (Allocation Failure) 13M->9M(15M) 0.348ms
[10276.143s][info][gc] GC(4351) Pause Young (Allocation Failure) 13M->9M(15M) 0.237ms
[10278.144s][info][gc] GC(4352) Pause Young (Allocation Failure) 13M->9M(15M) 0.263ms
[10280.144s][info][gc] GC(4353) Pause Young (Allocation Failure) 13M->9M(15M) 0.317ms
[10282.144s][info][gc] GC(4354) Pause Young (Allocation Failure) 13M->9M(15M) 0.320ms
[10284.145s][info][gc] GC(4355) Pause Young (Allocation Failure) 13M->9M(15M) 0.359ms
[10286.145s][info][gc] GC(4356) Pause Young (Allocation Failure) 13M->9M(15M) 0.578ms
[10288.243s][info][gc] GC(4357) Pause Young (Allocation Failure) 13M->9M(15M) 0.246ms
[10290.243s][info][gc] GC(4358) Pause Young (Allocation Failure) 13M->9M(15M) 0.288ms
[10292.244s][info][gc] GC(4359) Pause Young (Allocation Failure) 13M->9M(15M) 0.315ms
[10294.243s][info][gc] GC(4360) Pause Young (Allocation Failure) 13M->9M(15M) 0.300ms
[10296.243s][info][gc] GC(4361) Pause Young (Allocation Failure) 13M->9M(15M) 0.328ms
[10298.244s][info][gc] GC(4362) Pause Young (Allocation Failure) 13M->9M(15M) 0.327ms
[10300.245s][info][gc] GC(4363) Pause Young (Allocation Failure) 13M->9M(15M) 0.331ms
[10302.344s][info][gc] GC(4364) Pause Young (Allocation Failure) 13M->9M(15M) 0.269ms
[10304.344s][info][gc] GC(4365) Pause Young (Allocation Failure) 13M->9M(15M) 0.300ms
[10306.344s][info][gc] GC(4366) Pause Young (Allocation Failure) 13M->9M(15M) 0.336ms
[10308.344s][info][gc] GC(4367) Pause Young (Allocation Failure) 13M->9M(15M) 0.527ms
[10310.344s][info][gc] GC(4368) Pause Young (Allocation Failure) 13M->9M(15M) 0.611ms
[10312.345s][info][gc] GC(4369) Pause Young (Allocation Failure) 13M->9M(15M) 0.376ms
[10314.404s][info][gc] GC(4370) Pause Young (Allocation Failure) 13M->9M(15M) 0.231ms
[10316.407s][info][gc] GC(4371) Pause Young (Allocation Failure) 13M->9M(15M) 0.305ms
[10318.410s][info][gc] GC(4372) Pause Young (Allocation Failure) 13M->9M(15M) 0.437ms
[10320.544s][info][gc] GC(4373) Pause Young (Allocation Failure) 13M->9M(15M) 0.273ms
[10322.644s][info][gc] GC(4374) Pause Young (Allocation Failure) 13M->9M(15M) 0.453ms
[10324.745s][info][gc] GC(4375) Pause Young (Allocation Failure) 13M->9M(15M) 0.479ms
[10326.943s][info][gc] GC(4376) Pause Young (Allocation Failure) 13M->9M(15M) 0.254ms
[10329.044s][info][gc] GC(4377) Pause Young (Allocation Failure) 13M->9M(15M) 0.399ms
[10331.145s][info][gc] GC(4378) Pause Young (Allocation Failure) 13M->9M(15M) 0.517ms
[10333.245s][info][gc] GC(4379) Pause Young (Allocation Failure) 13M->9M(15M) 0.323ms
[10335.419s][info][gc] GC(4380) Pause Young (Allocation Failure) 13M->9M(15M) 0.261ms
[10337.543s][info][gc] GC(4381) Pause Young (Allocation Failure) 13M->9M(15M) 0.243ms
[10339.644s][info][gc] GC(4382) Pause Young (Allocation Failure) 13M->9M(15M) 0.284ms
[10341.743s][info][gc] GC(4383) Pause Young (Allocation Failure) 13M->9M(15M) 0.328ms
[10343.943s][info][gc] GC(4384) Pause Young (Allocation Failure) 13M->9M(15M) 0.242ms
[10346.044s][info][gc] GC(4385) Pause Young (Allocation Failure) 13M->9M(15M) 0.299ms
[10348.144s][info][gc] GC(4386) Pause Young (Allocation Failure) 13M->9M(15M) 0.314ms
[10350.243s][info][gc] GC(4387) Pause Young (Allocation Failure) 13M->9M(15M) 0.309ms
[10352.430s][info][gc] GC(4388) Pause Young (Allocation Failure) 13M->9M(15M) 0.468ms
[10354.543s][info][gc] GC(4389) Pause Young (Allocation Failure) 13M->9M(15M) 0.240ms
[10356.644s][info][gc] GC(4390) Pause Young (Allocation Failure) 13M->9M(15M) 0.287ms
[10358.744s][info][gc] GC(4391) Pause Young (Allocation Failure) 13M->9M(15M) 0.285ms
[10360.943s][info][gc] GC(4392) Pause Young (Allocation Failure) 13M->9M(15M) 0.236ms
[10363.044s][info][gc] GC(4393) Pause Young (Allocation Failure) 13M->9M(15M) 0.285ms
[10365.144s][info][gc] GC(4394) Pause Young (Allocation Failure) 13M->9M(15M) 0.333ms
[10367.244s][info][gc] GC(4395) Pause Young (Allocation Failure) 13M->9M(15M) 0.299ms
[10369.441s][info][gc] GC(4396) Pause Young (Allocation Failure) 13M->9M(15M) 0.276ms
[10371.544s][info][gc] GC(4397) Pause Young (Allocation Failure) 13M->9M(15M) 0.261ms
[10373.444s][info][gc] GC(4398) Pause Young (Allocation Failure) 13M->9M(15M) 0.349ms
[10375.442s][info][gc] GC(4399) Pause Young (Allocation Failure) 13M->9M(15M) 0.294ms
[10377.244s][info][gc] GC(4400) Pause Young (Allocation Failure) 13M->9M(15M) 0.348ms
[10379.143s][info][gc] GC(4401) Pause Young (Allocation Failure) 13M->9M(15M) 0.361ms
[10381.044s][info][gc] GC(4402) Pause Young (Allocation Failure) 13M->9M(15M) 0.349ms
[10382.944s][info][gc] GC(4403) Pause Young (Allocation Failure) 13M->9M(15M) 0.335ms
[10384.943s][info][gc] GC(4404) Pause Young (Allocation Failure) 13M->9M(15M) 0.263ms
[10386.844s][info][gc] GC(4405) Pause Young (Allocation Failure) 13M->9M(15M) 0.295ms
[10388.744s][info][gc] GC(4406) Pause Young (Allocation Failure) 13M->9M(15M) 0.304ms
[10390.644s][info][gc] GC(4407) Pause Young (Allocation Failure) 13M->9M(15M) 0.337ms
[10392.544s][info][gc] GC(4408) Pause Young (Allocation Failure) 13M->9M(15M) 0.328ms
[10394.459s][info][gc] GC(4409) Pause Young (Allocation Failure) 13M->9M(15M) 0.359ms
[10396.544s][info][gc] GC(4410) Pause Young (Allocation Failure) 13M->9M(15M) 0.318ms
[10398.544s][info][gc] GC(4411) Pause Young (Allocation Failure) 13M->9M(15M) 0.277ms
[10400.544s][info][gc] GC(4412) Pause Young (Allocation Failure) 13M->9M(15M) 0.297ms
[10402.544s][info][gc] GC(4413) Pause Young (Allocation Failure) 13M->9M(15M) 0.317ms
[10404.544s][info][gc] GC(4414) Pause Young (Allocation Failure) 13M->9M(15M) 0.361ms
[10406.544s][info][gc] GC(4415) Pause Young (Allocation Failure) 13M->9M(15M) 0.320ms
[10408.644s][info][gc] GC(4416) Pause Young (Allocation Failure) 13M->9M(15M) 0.254ms
[10410.644s][info][gc] GC(4417) Pause Young (Allocation Failure) 13M->9M(15M) 0.279ms
[10412.643s][info][gc] GC(4418) Pause Young (Allocation Failure) 13M->9M(15M) 0.289ms
[10414.644s][info][gc] GC(4419) Pause Young (Allocation Failure) 13M->9M(15M) 0.298ms
[10416.644s][info][gc] GC(4420) Pause Young (Allocation Failure) 13M->9M(15M) 0.294ms
[10418.644s][info][gc] GC(4421) Pause Young (Allocation Failure) 13M->9M(15M) 0.304ms
[10420.644s][info][gc] GC(4422) Pause Young (Allocation Failure) 13M->9M(15M) 0.307ms
[10422.483s][info][gc] GC(4423) Pause Young (Allocation Failure) 13M->9M(15M) 0.254ms
[10424.443s][info][gc] GC(4424) Pause Young (Allocation Failure) 13M->9M(15M) 0.318ms
[10426.343s][info][gc] GC(4425) Pause Young (Allocation Failure) 13M->9M(15M) 0.276ms
[10428.145s][info][gc] GC(4426) Pause Young (Allocation Failure) 13M->9M(15M) 0.303ms
[10430.143s][info][gc] GC(4427) Pause Young (Allocation Failure) 13M->9M(15M) 0.294ms
[10432.044s][info][gc] GC(4428) Pause Young (Allocation Failure) 13M->9M(15M) 0.326ms
[10433.944s][info][gc] GC(4429) Pause Young (Allocation Failure) 13M->9M(15M) 0.262ms
[10435.844s][info][gc] GC(4430) Pause Young (Allocation Failure) 13M->9M(15M) 0.302ms
[10437.744s][info][gc] GC(4431) Pause Young (Allocation Failure) 13M->9M(15M) 0.309ms
[10439.644s][info][gc] GC(4432) Pause Young (Allocation Failure) 13M->9M(15M) 0.304ms
[10441.544s][info][gc] GC(4433) Pause Young (Allocation Failure) 13M->9M(15M) 0.329ms
[10443.495s][info][gc] GC(4434) Pause Young (Allocation Failure) 13M->9M(15M) 0.279ms
[10445.444s][info][gc] GC(4435) Pause Young (Allocation Failure) 13M->9M(15M) 0.298ms
[10447.344s][info][gc] GC(4436) Pause Young (Allocation Failure) 13M->9M(15M) 0.296ms
[10449.244s][info][gc] GC(4437) Pause Young (Allocation Failure) 13M->9M(15M) 0.310ms
[10451.144s][info][gc] GC(4438) Pause Young (Allocation Failure) 13M->9M(15M) 0.324ms
[10453.045s][info][gc] GC(4439) Pause Young (Allocation Failure) 13M->9M(15M) 0.321ms
[10455.044s][info][gc] GC(4440) Pause Young (Allocation Failure) 13M->9M(15M) 0.299ms
[10457.044s][info][gc] GC(4441) Pause Young (Allocation Failure) 13M->9M(15M) 0.307ms
[10459.044s][info][gc] GC(4442) Pause Young (Allocation Failure) 13M->9M(15M) 0.316ms
[10461.045s][info][gc] GC(4443) Pause Young (Allocation Failure) 13M->9M(15M) 0.312ms
[10463.144s][info][gc] GC(4444) Pause Young (Allocation Failure) 13M->9M(15M) 0.261ms
[10465.144s][info][gc] GC(4445) Pause Young (Allocation Failure) 13M->9M(15M) 0.296ms
[10467.144s][info][gc] GC(4446) Pause Young (Allocation Failure) 13M->9M(15M) 0.288ms
[10469.144s][info][gc] GC(4447) Pause Young (Allocation Failure) 13M->9M(15M) 0.311ms
[10471.144s][info][gc] GC(4448) Pause Young (Allocation Failure) 13M->9M(15M) 0.313ms
[10473.145s][info][gc] GC(4449) Pause Young (Allocation Failure) 13M->9M(15M) 0.466ms
[10475.165s][info][gc] GC(4450) Pause Young (Allocation Failure) 13M->9M(15M) 0.242ms
[10477.244s][info][gc] GC(4451) Pause Young (Allocation Failure) 13M->9M(15M) 0.246ms
[10479.243s][info][gc] GC(4452) Pause Young (Allocation Failure) 13M->9M(15M) 0.303ms
[10481.244s][info][gc] GC(4453) Pause Young (Allocation Failure) 13M->9M(15M) 0.297ms
[10483.244s][info][gc] GC(4454) Pause Young (Allocation Failure) 13M->9M(15M) 0.306ms
[10485.244s][info][gc] GC(4455) Pause Young (Allocation Failure) 13M->9M(15M) 0.331ms
[10487.244s][info][gc] GC(4456) Pause Young (Allocation Failure) 13M->9M(15M) 0.318ms
[10489.344s][info][gc] GC(4457) Pause Young (Allocation Failure) 13M->9M(15M) 0.242ms
[10491.343s][info][gc] GC(4458) Pause Young (Allocation Failure) 13M->9M(15M) 0.303ms
[10493.344s][info][gc] GC(4459) Pause Young (Allocation Failure) 13M->9M(15M) 0.309ms
[10495.344s][info][gc] GC(4460) Pause Young (Allocation Failure) 13M->9M(15M) 0.308ms
[10497.344s][info][gc] GC(4461) Pause Young (Allocation Failure) 13M->9M(15M) 0.310ms
[10499.344s][info][gc] GC(4462) Pause Young (Allocation Failure) 13M->9M(15M) 0.307ms
[10501.444s][info][gc] GC(4463) Pause Young (Allocation Failure) 13M->9M(15M) 0.272ms
[10503.444s][info][gc] GC(4464) Pause Young (Allocation Failure) 13M->9M(15M) 0.301ms
[10505.444s][info][gc] GC(4465) Pause Young (Allocation Failure) 13M->9M(15M) 0.277ms
[10507.343s][info][gc] GC(4466) Pause Young (Allocation Failure) 13M->9M(15M) 0.263ms
[10509.180s][info][gc] GC(4467) Pause Young (Allocation Failure) 13M->9M(15M) 0.258ms
[10511.144s][info][gc] GC(4468) Pause Young (Allocation Failure) 13M->9M(15M) 0.300ms
[10513.043s][info][gc] GC(4469) Pause Young (Allocation Failure) 13M->9M(15M) 0.282ms
[10514.944s][info][gc] GC(4470) Pause Young (Allocation Failure) 13M->9M(15M) 0.287ms
[10516.844s][info][gc] GC(4471) Pause Young (Allocation Failure) 13M->9M(15M) 0.349ms
[10518.744s][info][gc] GC(4472) Pause Young (Allocation Failure) 13M->9M(15M) 0.318ms
[10520.644s][info][gc] GC(4473) Pause Young (Allocation Failure) 13M->9M(15M) 0.320ms
[10522.555s][info][gc] GC(4474) Pause Young (Allocation Failure) 13M->9M(15M) 0.270ms
[10524.544s][info][gc] GC(4475) Pause Young (Allocation Failure) 13M->9M(15M) 0.335ms
[10526.443s][info][gc] GC(4476) Pause Young (Allocation Failure) 13M->9M(15M) 0.304ms
[10528.344s][info][gc] GC(4477) Pause Young (Allocation Failure) 13M->9M(15M) 0.364ms
[10530.344s][info][gc] GC(4478) Pause Young (Allocation Failure) 13M->9M(15M) 0.282ms
[10532.344s][info][gc] GC(4479) Pause Young (Allocation Failure) 13M->9M(15M) 0.294ms
[10534.344s][info][gc] GC(4480) Pause Young (Allocation Failure) 13M->9M(15M) 0.315ms
[10536.346s][info][gc] GC(4481) Pause Young (Allocation Failure) 13M->9M(15M) 0.314ms
[10538.346s][info][gc] GC(4482) Pause Young (Allocation Failure) 13M->9M(15M) 0.318ms
[10540.444s][info][gc] GC(4483) Pause Young (Allocation Failure) 13M->9M(15M) 0.301ms
[10542.444s][info][gc] GC(4484) Pause Young (Allocation Failure) 13M->9M(15M) 0.275ms
[10544.444s][info][gc] GC(4485) Pause Young (Allocation Failure) 13M->9M(15M) 0.287ms
[10546.445s][info][gc] GC(4486) Pause Young (Allocation Failure) 13M->9M(15M) 0.298ms
[10548.444s][info][gc] GC(4487) Pause Young (Allocation Failure) 13M->9M(15M) 0.322ms
[10550.444s][info][gc] GC(4488) Pause Young (Allocation Failure) 13M->9M(15M) 0.313ms
[10552.543s][info][gc] GC(4489) Pause Young (Allocation Failure) 13M->9M(15M) 0.255ms
[10554.543s][info][gc] GC(4490) Pause Young (Allocation Failure) 13M->9M(15M) 0.332ms
[10556.544s][info][gc] GC(4491) Pause Young (Allocation Failure) 13M->9M(15M) 0.283ms
[10558.544s][info][gc] GC(4492) Pause Young (Allocation Failure) 13M->9M(15M) 0.333ms
[10560.545s][info][gc] GC(4493) Pause Young (Allocation Failure) 13M->9M(15M) 0.304ms
[10562.553s][info][gc] GC(4494) Pause Young (Allocation Failure) 13M->9M(15M) 1.512ms
[10564.544s][info][gc] GC(4495) Pause Young (Allocation Failure) 13M->9M(15M) 0.305ms
[10566.589s][info][gc] GC(4496) Pause Young (Allocation Failure) 13M->9M(15M) 0.251ms
[10568.590s][info][gc] GC(4497) Pause Young (Allocation Failure) 13M->9M(15M) 0.278ms
[10570.643s][info][gc] GC(4498) Pause Young (Allocation Failure) 13M->9M(15M) 0.272ms
[10572.643s][info][gc] GC(4499) Pause Young (Allocation Failure) 13M->9M(15M) 0.268ms
[10574.644s][info][gc] GC(4500) Pause Young (Allocation Failure) 13M->9M(15M) 0.280ms
[10576.644s][info][gc] GC(4501) Pause Young (Allocation Failure) 13M->9M(15M) 0.278ms
[10578.644s][info][gc] GC(4502) Pause Young (Allocation Failure) 13M->9M(15M) 0.304ms
[10580.644s][info][gc] GC(4503) Pause Young (Allocation Failure) 13M->9M(15M) 0.283ms
[10582.744s][info][gc] GC(4504) Pause Young (Allocation Failure) 13M->9M(15M) 0.267ms
[10584.744s][info][gc] GC(4505) Pause Young (Allocation Failure) 13M->9M(15M) 0.267ms
[10586.745s][info][gc] GC(4506) Pause Young (Allocation Failure) 13M->9M(15M) 0.278ms
[10588.743s][info][gc] GC(4507) Pause Young (Allocation Failure) 13M->9M(15M) 0.305ms
[10590.844s][info][gc] GC(4508) Pause Young (Allocation Failure) 13M->9M(15M) 0.310ms
[10593.044s][info][gc] GC(4509) Pause Young (Allocation Failure) 13M->9M(15M) 0.294ms
[10595.144s][info][gc] GC(4510) Pause Young (Allocation Failure) 13M->9M(15M) 0.391ms
[10597.244s][info][gc] GC(4511) Pause Young (Allocation Failure) 13M->9M(15M) 0.303ms
[10599.444s][info][gc] GC(4512) Pause Young (Allocation Failure) 13M->9M(15M) 0.249ms
[10601.544s][info][gc] GC(4513) Pause Young (Allocation Failure) 13M->9M(15M) 0.329ms
[10603.643s][info][gc] GC(4514) Pause Young (Allocation Failure) 13M->9M(15M) 0.252ms
[10605.743s][info][gc] GC(4515) Pause Young (Allocation Failure) 13M->9M(15M) 0.257ms
[10607.845s][info][gc] GC(4516) Pause Young (Allocation Failure) 13M->9M(15M) 0.375ms
[10610.043s][info][gc] GC(4517) Pause Young (Allocation Failure) 13M->9M(15M) 0.257ms
[10612.144s][info][gc] GC(4518) Pause Young (Allocation Failure) 13M->9M(15M) 0.313ms
[10614.244s][info][gc] GC(4519) Pause Young (Allocation Failure) 13M->9M(15M) 0.294ms
[10616.443s][info][gc] GC(4520) Pause Young (Allocation Failure) 13M->9M(15M) 0.529ms
[10618.544s][info][gc] GC(4521) Pause Young (Allocation Failure) 13M->9M(15M) 0.270ms
[10620.644s][info][gc] GC(4522) Pause Young (Allocation Failure) 13M->9M(15M) 0.277ms
[10622.745s][info][gc] GC(4523) Pause Young (Allocation Failure) 13M->9M(15M) 0.289ms
[10624.845s][info][gc] GC(4524) Pause Young (Allocation Failure) 13M->9M(15M) 0.296ms
[10627.044s][info][gc] GC(4525) Pause Young (Allocation Failure) 13M->9M(15M) 0.267ms
[10629.144s][info][gc] GC(4526) Pause Young (Allocation Failure) 13M->9M(15M) 0.292ms
[10631.244s][info][gc] GC(4527) Pause Young (Allocation Failure) 13M->9M(15M) 0.319ms
[10633.443s][info][gc] GC(4528) Pause Young (Allocation Failure) 13M->9M(15M) 0.290ms
[10635.543s][info][gc] GC(4529) Pause Young (Allocation Failure) 13M->9M(15M) 0.277ms
[10637.643s][info][gc] GC(4530) Pause Young (Allocation Failure) 13M->9M(15M) 0.247ms
[10639.644s][info][gc] GC(4531) Pause Young (Allocation Failure) 13M->9M(15M) 0.325ms
[10641.544s][info][gc] GC(4532) Pause Young (Allocation Failure) 13M->9M(15M) 0.316ms
[10643.443s][info][gc] GC(4533) Pause Young (Allocation Failure) 13M->9M(15M) 0.332ms
[10645.344s][info][gc] GC(4534) Pause Young (Allocation Failure) 13M->9M(15M) 0.336ms
[10647.244s][info][gc] GC(4535) Pause Young (Allocation Failure) 13M->9M(15M) 0.320ms
[10649.144s][info][gc] GC(4536) Pause Young (Allocation Failure) 13M->9M(15M) 0.350ms
[10651.045s][info][gc] GC(4537) Pause Young (Allocation Failure) 13M->9M(15M) 0.341ms
[10652.943s][info][gc] GC(4538) Pause Young (Allocation Failure) 13M->9M(15M) 0.327ms
[10654.845s][info][gc] GC(4539) Pause Young (Allocation Failure) 13M->9M(15M) 0.293ms
[10656.744s][info][gc] GC(4540) Pause Young (Allocation Failure) 13M->9M(15M) 0.298ms
[10658.644s][info][gc] GC(4541) Pause Young (Allocation Failure) 13M->9M(15M) 0.330ms
[10660.544s][info][gc] GC(4542) Pause Young (Allocation Failure) 13M->9M(15M) 0.334ms
[10662.445s][info][gc] GC(4543) Pause Young (Allocation Failure) 13M->9M(15M) 0.308ms
[10664.345s][info][gc] GC(4544) Pause Young (Allocation Failure) 13M->9M(15M) 0.340ms
[10666.344s][info][gc] GC(4545) Pause Young (Allocation Failure) 13M->9M(15M) 0.277ms
[10668.244s][info][gc] GC(4546) Pause Young (Allocation Failure) 13M->9M(15M) 0.288ms
[10670.143s][info][gc] GC(4547) Pause Young (Allocation Failure) 13M->9M(15M) 0.291ms
[10672.045s][info][gc] GC(4548) Pause Young (Allocation Failure) 13M->9M(15M) 0.302ms
[10673.944s][info][gc] GC(4549) Pause Young (Allocation Failure) 13M->9M(15M) 0.305ms
[10675.844s][info][gc] GC(4550) Pause Young (Allocation Failure) 13M->9M(15M) 0.305ms
[10677.745s][info][gc] GC(4551) Pause Young (Allocation Failure) 13M->9M(15M) 0.351ms
[10679.743s][info][gc] GC(4552) Pause Young (Allocation Failure) 13M->9M(15M) 0.273ms
[10681.744s][info][gc] GC(4553) Pause Young (Allocation Failure) 13M->9M(15M) 0.314ms
[10683.744s][info][gc] GC(4554) Pause Young (Allocation Failure) 13M->9M(15M) 0.294ms
[10685.745s][info][gc] GC(4555) Pause Young (Allocation Failure) 13M->9M(15M) 0.302ms
[10687.844s][info][gc] GC(4556) Pause Young (Allocation Failure) 13M->9M(15M) 0.241ms
[10689.844s][info][gc] GC(4557) Pause Young (Allocation Failure) 13M->9M(15M) 0.258ms
[10691.844s][info][gc] GC(4558) Pause Young (Allocation Failure) 13M->9M(15M) 0.284ms
[10693.843s][info][gc] GC(4559) Pause Young (Allocation Failure) 13M->9M(15M) 0.290ms
[10695.844s][info][gc] GC(4560) Pause Young (Allocation Failure) 13M->9M(15M) 0.290ms
[10697.845s][info][gc] GC(4561) Pause Young (Allocation Failure) 13M->9M(15M) 0.309ms
[10699.943s][info][gc] GC(4562) Pause Young (Allocation Failure) 13M->9M(15M) 0.269ms
[10701.943s][info][gc] GC(4563) Pause Young (Allocation Failure) 13M->9M(15M) 0.298ms
[10703.944s][info][gc] GC(4564) Pause Young (Allocation Failure) 13M->9M(15M) 0.287ms
[10705.944s][info][gc] GC(4565) Pause Young (Allocation Failure) 13M->9M(15M) 0.277ms
[10707.944s][info][gc] GC(4566) Pause Young (Allocation Failure) 13M->9M(15M) 0.309ms
[10709.945s][info][gc] GC(4567) Pause Young (Allocation Failure) 13M->9M(15M) 0.308ms
[10712.044s][info][gc] GC(4568) Pause Young (Allocation Failure) 13M->9M(15M) 0.250ms
[10714.044s][info][gc] GC(4569) Pause Young (Allocation Failure) 13M->9M(15M) 0.298ms
[10716.043s][info][gc] GC(4570) Pause Young (Allocation Failure) 13M->9M(15M) 0.287ms
[10718.044s][info][gc] GC(4571) Pause Young (Allocation Failure) 13M->9M(15M) 0.280ms
[10720.044s][info][gc] GC(4572) Pause Young (Allocation Failure) 13M->9M(15M) 0.304ms
[10722.045s][info][gc] GC(4573) Pause Young (Allocation Failure) 13M->9M(15M) 0.308ms
[10724.144s][info][gc] GC(4574) Pause Young (Allocation Failure) 13M->9M(15M) 0.275ms
[10726.143s][info][gc] GC(4575) Pause Young (Allocation Failure) 13M->9M(15M) 0.260ms
[10728.145s][info][gc] GC(4576) Pause Young (Allocation Failure) 13M->9M(15M) 0.410ms
[10730.145s][info][gc] GC(4577) Pause Young (Allocation Failure) 13M->9M(15M) 0.333ms
[10732.145s][info][gc] GC(4578) Pause Young (Allocation Failure) 13M->9M(15M) 0.468ms
[10734.145s][info][gc] GC(4579) Pause Young (Allocation Failure) 13M->9M(15M) 0.320ms
[10736.244s][info][gc] GC(4580) Pause Young (Allocation Failure) 13M->9M(15M) 0.443ms
[10738.244s][info][gc] GC(4581) Pause Young (Allocation Failure) 13M->9M(15M) 0.426ms
[10740.343s][info][gc] GC(4582) Pause Young (Allocation Failure) 13M->9M(15M) 0.586ms
[10742.444s][info][gc] GC(4583) Pause Young (Allocation Failure) 13M->9M(15M) 0.447ms
[10744.545s][info][gc] GC(4584) Pause Young (Allocation Failure) 13M->9M(15M) 0.439ms
[10746.730s][info][gc] GC(4585) Pause Young (Allocation Failure) 13M->9M(15M) 0.335ms
[10748.745s][info][gc] GC(4586) Pause Young (Allocation Failure) 13M->9M(15M) 0.753ms
[10750.944s][info][gc] GC(4587) Pause Young (Allocation Failure) 13M->9M(15M) 0.620ms
[10753.045s][info][gc] GC(4588) Pause Young (Allocation Failure) 13M->9M(15M) 0.693ms
[10755.145s][info][gc] GC(4589) Pause Young (Allocation Failure) 13M->9M(15M) 0.334ms
[10757.344s][info][gc] GC(4590) Pause Young (Allocation Failure) 13M->9M(15M) 0.277ms
[10759.444s][info][gc] GC(4591) Pause Young (Allocation Failure) 13M->9M(15M) 0.259ms
[10761.545s][info][gc] GC(4592) Pause Young (Allocation Failure) 13M->9M(15M) 0.289ms
[10763.544s][info][gc] GC(4593) Pause Young (Allocation Failure) 13M->9M(15M) 0.338ms
[10765.445s][info][gc] GC(4594) Pause Young (Allocation Failure) 13M->9M(15M) 0.315ms
[10767.343s][info][gc] GC(4595) Pause Young (Allocation Failure) 13M->9M(15M) 0.314ms
[10769.244s][info][gc] GC(4596) Pause Young (Allocation Failure) 13M->9M(15M) 0.358ms
[10771.144s][info][gc] GC(4597) Pause Young (Allocation Failure) 13M->9M(15M) 0.360ms
[10773.044s][info][gc] GC(4598) Pause Young (Allocation Failure) 13M->9M(15M) 0.331ms
[10774.944s][info][gc] GC(4599) Pause Young (Allocation Failure) 13M->9M(15M) 0.357ms
[10776.944s][info][gc] GC(4600) Pause Young (Allocation Failure) 13M->9M(15M) 0.287ms
[10778.844s][info][gc] GC(4601) Pause Young (Allocation Failure) 13M->9M(15M) 0.307ms
[10780.744s][info][gc] GC(4602) Pause Young (Allocation Failure) 13M->9M(15M) 0.345ms
[10782.644s][info][gc] GC(4603) Pause Young (Allocation Failure) 13M->9M(15M) 0.338ms
[10784.644s][info][gc] GC(4604) Pause Young (Allocation Failure) 13M->9M(15M) 0.317ms
[10786.644s][info][gc] GC(4605) Pause Young (Allocation Failure) 13M->9M(15M) 0.295ms
[10788.643s][info][gc] GC(4606) Pause Young (Allocation Failure) 13M->9M(15M) 0.318ms
[10790.643s][info][gc] GC(4607) Pause Young (Allocation Failure) 13M->9M(15M) 0.324ms
[10792.645s][info][gc] GC(4608) Pause Young (Allocation Failure) 13M->9M(15M) 0.349ms
[10794.744s][info][gc] GC(4609) Pause Young (Allocation Failure) 13M->9M(15M) 0.252ms
[10796.744s][info][gc] GC(4610) Pause Young (Allocation Failure) 13M->9M(15M) 0.271ms
[10798.744s][info][gc] GC(4611) Pause Young (Allocation Failure) 13M->9M(15M) 0.267ms
[10800.744s][info][gc] GC(4612) Pause Young (Allocation Failure) 13M->9M(15M) 0.283ms
[10802.744s][info][gc] GC(4613) Pause Young (Allocation Failure) 13M->9M(15M) 0.305ms
[10804.745s][info][gc] GC(4614) Pause Young (Allocation Failure) 13M->9M(15M) 0.343ms
[10806.774s][info][gc] GC(4615) Pause Young (Allocation Failure) 13M->9M(15M) 0.246ms
[10808.775s][info][gc] GC(4616) Pause Young (Allocation Failure) 13M->9M(15M) 0.263ms
[10810.776s][info][gc] GC(4617) Pause Young (Allocation Failure) 13M->9M(15M) 0.268ms
[10812.844s][info][gc] GC(4618) Pause Young (Allocation Failure) 13M->9M(15M) 0.316ms
[10814.844s][info][gc] GC(4619) Pause Young (Allocation Failure) 13M->9M(15M) 0.265ms
[10816.844s][info][gc] GC(4620) Pause Young (Allocation Failure) 13M->9M(15M) 0.282ms
[10818.843s][info][gc] GC(4621) Pause Young (Allocation Failure) 13M->9M(15M) 0.381ms
[10820.844s][info][gc] GC(4622) Pause Young (Allocation Failure) 13M->9M(15M) 0.282ms
[10822.844s][info][gc] GC(4623) Pause Young (Allocation Failure) 13M->9M(15M) 0.350ms
[10824.943s][info][gc] GC(4624) Pause Young (Allocation Failure) 13M->9M(15M) 0.237ms
[10826.943s][info][gc] GC(4625) Pause Young (Allocation Failure) 13M->9M(15M) 0.292ms
[10828.944s][info][gc] GC(4626) Pause Young (Allocation Failure) 13M->9M(15M) 0.281ms
[10830.944s][info][gc] GC(4627) Pause Young (Allocation Failure) 13M->9M(15M) 0.290ms
[10832.944s][info][gc] GC(4628) Pause Young (Allocation Failure) 13M->9M(15M) 0.272ms
[10834.944s][info][gc] GC(4629) Pause Young (Allocation Failure) 13M->9M(15M) 0.307ms
[10837.043s][info][gc] GC(4630) Pause Young (Allocation Failure) 13M->9M(15M) 0.232ms
[10839.043s][info][gc] GC(4631) Pause Young (Allocation Failure) 13M->9M(15M) 0.268ms
[10841.044s][info][gc] GC(4632) Pause Young (Allocation Failure) 13M->9M(15M) 0.277ms
[10843.044s][info][gc] GC(4633) Pause Young (Allocation Failure) 13M->9M(15M) 0.288ms
[10845.144s][info][gc] GC(4634) Pause Young (Allocation Failure) 13M->9M(15M) 0.271ms
[10847.244s][info][gc] GC(4635) Pause Young (Allocation Failure) 13M->9M(15M) 0.302ms
[10849.353s][info][gc] GC(4636) Pause Young (Allocation Failure) 13M->9M(15M) 0.312ms
[10851.244s][info][gc] GC(4637) Pause Young (Allocation Failure) 13M->9M(15M) 0.294ms
[10853.145s][info][gc] GC(4638) Pause Young (Allocation Failure) 13M->9M(15M) 0.301ms
[10855.044s][info][gc] GC(4639) Pause Young (Allocation Failure) 13M->9M(15M) 0.391ms
[10856.943s][info][gc] GC(4640) Pause Young (Allocation Failure) 13M->9M(15M) 0.292ms
[10858.845s][info][gc] GC(4641) Pause Young (Allocation Failure) 13M->9M(15M) 0.329ms
[10860.644s][info][gc] GC(4642) Pause Young (Allocation Failure) 13M->9M(15M) 0.313ms
[10862.544s][info][gc] GC(4643) Pause Young (Allocation Failure) 13M->9M(15M) 0.293ms
[10864.444s][info][gc] GC(4644) Pause Young (Allocation Failure) 13M->9M(15M) 0.301ms
[10866.344s][info][gc] GC(4645) Pause Young (Allocation Failure) 13M->9M(15M) 0.623ms
[10868.244s][info][gc] GC(4646) Pause Young (Allocation Failure) 13M->9M(15M) 0.337ms
[10870.144s][info][gc] GC(4647) Pause Young (Allocation Failure) 13M->9M(15M) 0.334ms
[10872.044s][info][gc] GC(4648) Pause Young (Allocation Failure) 13M->9M(15M) 0.318ms
[10873.945s][info][gc] GC(4649) Pause Young (Allocation Failure) 13M->9M(15M) 0.340ms
[10875.943s][info][gc] GC(4650) Pause Young (Allocation Failure) 13M->9M(15M) 0.273ms
[10877.844s][info][gc] GC(4651) Pause Young (Allocation Failure) 13M->9M(15M) 0.281ms
[10879.745s][info][gc] GC(4652) Pause Young (Allocation Failure) 13M->9M(15M) 0.304ms
[10881.644s][info][gc] GC(4653) Pause Young (Allocation Failure) 13M->9M(15M) 0.304ms
[10883.544s][info][gc] GC(4654) Pause Young (Allocation Failure) 13M->9M(15M) 0.311ms
[10885.543s][info][gc] GC(4655) Pause Young (Allocation Failure) 13M->9M(15M) 0.264ms
[10887.443s][info][gc] GC(4656) Pause Young (Allocation Failure) 13M->9M(15M) 0.333ms
[10889.345s][info][gc] GC(4657) Pause Young (Allocation Failure) 13M->9M(15M) 0.290ms
[10891.344s][info][gc] GC(4658) Pause Young (Allocation Failure) 13M->9M(15M) 0.287ms
[10893.344s][info][gc] GC(4659) Pause Young (Allocation Failure) 13M->9M(15M) 0.293ms
[10895.345s][info][gc] GC(4660) Pause Young (Allocation Failure) 13M->9M(15M) 0.307ms
[10897.443s][info][gc] GC(4661) Pause Young (Allocation Failure) 13M->9M(15M) 0.259ms
[10899.444s][info][gc] GC(4662) Pause Young (Allocation Failure) 13M->9M(15M) 0.255ms
[10901.443s][info][gc] GC(4663) Pause Young (Allocation Failure) 13M->9M(15M) 0.392ms
[10903.344s][info][gc] GC(4664) Pause Young (Allocation Failure) 13M->9M(15M) 0.308ms
[10905.244s][info][gc] GC(4665) Pause Young (Allocation Failure) 13M->9M(15M) 0.298ms
[10907.144s][info][gc] GC(4666) Pause Young (Allocation Failure) 13M->9M(15M) 0.290ms
[10909.044s][info][gc] GC(4667) Pause Young (Allocation Failure) 13M->9M(15M) 0.308ms
[10910.944s][info][gc] GC(4668) Pause Young (Allocation Failure) 13M->9M(15M) 0.305ms
[10912.845s][info][gc] GC(4669) Pause Young (Allocation Failure) 13M->9M(15M) 0.328ms
[10914.744s][info][gc] GC(4670) Pause Young (Allocation Failure) 13M->9M(15M) 0.327ms
[10916.743s][info][gc] GC(4671) Pause Young (Allocation Failure) 13M->9M(15M) 0.262ms
[10918.644s][info][gc] GC(4672) Pause Young (Allocation Failure) 13M->9M(15M) 0.278ms
[10920.543s][info][gc] GC(4673) Pause Young (Allocation Failure) 13M->9M(15M) 0.321ms
[10922.443s][info][gc] GC(4674) Pause Young (Allocation Failure) 13M->9M(15M) 0.299ms
[10924.344s][info][gc] GC(4675) Pause Young (Allocation Failure) 13M->9M(15M) 0.290ms
[10926.244s][info][gc] GC(4676) Pause Young (Allocation Failure) 13M->9M(15M) 0.329ms
[10928.144s][info][gc] GC(4677) Pause Young (Allocation Failure) 13M->9M(15M) 0.337ms
[10930.143s][info][gc] GC(4678) Pause Young (Allocation Failure) 13M->9M(15M) 0.268ms
[10932.044s][info][gc] GC(4679) Pause Young (Allocation Failure) 13M->9M(15M) 0.281ms
[10933.944s][info][gc] GC(4680) Pause Young (Allocation Failure) 13M->9M(15M) 0.259ms
[10935.944s][info][gc] GC(4681) Pause Young (Allocation Failure) 13M->9M(15M) 0.317ms
[10937.945s][info][gc] GC(4682) Pause Young (Allocation Failure) 13M->9M(15M) 0.265ms
[10939.944s][info][gc] GC(4683) Pause Young (Allocation Failure) 13M->9M(15M) 0.297ms
[10941.944s][info][gc] GC(4684) Pause Young (Allocation Failure) 13M->9M(15M) 0.309ms
[10943.945s][info][gc] GC(4685) Pause Young (Allocation Failure) 13M->9M(15M) 0.313ms
[10946.044s][info][gc] GC(4686) Pause Young (Allocation Failure) 13M->9M(15M) 0.254ms
[10948.044s][info][gc] GC(4687) Pause Young (Allocation Failure) 13M->9M(15M) 0.259ms
[10950.044s][info][gc] GC(4688) Pause Young (Allocation Failure) 13M->9M(15M) 0.287ms
[10952.044s][info][gc] GC(4689) Pause Young (Allocation Failure) 13M->9M(15M) 0.330ms
[10954.044s][info][gc] GC(4690) Pause Young (Allocation Failure) 13M->9M(15M) 0.288ms
[10956.044s][info][gc] GC(4691) Pause Young (Allocation Failure) 13M->9M(15M) 0.311ms
[10958.143s][info][gc] GC(4692) Pause Young (Allocation Failure) 13M->9M(15M) 0.265ms
[10960.144s][info][gc] GC(4693) Pause Young (Allocation Failure) 13M->9M(15M) 0.264ms
[10962.144s][info][gc] GC(4694) Pause Young (Allocation Failure) 13M->9M(15M) 0.280ms
[10964.144s][info][gc] GC(4695) Pause Young (Allocation Failure) 13M->9M(15M) 0.289ms
[10966.144s][info][gc] GC(4696) Pause Young (Allocation Failure) 13M->9M(15M) 0.339ms
[10968.144s][info][gc] GC(4697) Pause Young (Allocation Failure) 13M->9M(15M) 0.307ms
[10970.243s][info][gc] GC(4698) Pause Young (Allocation Failure) 13M->9M(15M) 0.240ms
[10972.244s][info][gc] GC(4699) Pause Young (Allocation Failure) 13M->9M(15M) 0.333ms
[10974.243s][info][gc] GC(4700) Pause Young (Allocation Failure) 13M->9M(15M) 0.254ms
[10976.243s][info][gc] GC(4701) Pause Young (Allocation Failure) 13M->9M(15M) 0.289ms
[10978.243s][info][gc] GC(4702) Pause Young (Allocation Failure) 13M->9M(15M) 0.292ms
[10980.244s][info][gc] GC(4703) Pause Young (Allocation Failure) 13M->9M(15M) 0.302ms
[10982.244s][info][gc] GC(4704) Pause Young (Allocation Failure) 13M->9M(15M) 0.312ms
[10984.343s][info][gc] GC(4705) Pause Young (Allocation Failure) 13M->9M(15M) 0.254ms
[10986.344s][info][gc] GC(4706) Pause Young (Allocation Failure) 13M->9M(15M) 0.305ms
[10988.345s][info][gc] GC(4707) Pause Young (Allocation Failure) 13M->9M(15M) 0.283ms
[10990.344s][info][gc] GC(4708) Pause Young (Allocation Failure) 13M->9M(15M) 0.294ms
[10992.344s][info][gc] GC(4709) Pause Young (Allocation Failure) 13M->9M(15M) 0.295ms
[10994.444s][info][gc] GC(4710) Pause Young (Allocation Failure) 13M->9M(15M) 0.258ms
[10996.543s][info][gc] GC(4711) Pause Young (Allocation Failure) 13M->9M(15M) 0.264ms
[10998.644s][info][gc] GC(4712) Pause Young (Allocation Failure) 13M->9M(15M) 0.330ms
[11000.843s][info][gc] GC(4713) Pause Young (Allocation Failure) 13M->9M(15M) 0.270ms
[11002.917s][info][gc] GC(4714) Pause Young (Allocation Failure) 13M->9M(15M) 0.268ms
[11005.044s][info][gc] GC(4715) Pause Young (Allocation Failure) 13M->9M(15M) 0.284ms
[11007.144s][info][gc] GC(4716) Pause Young (Allocation Failure) 13M->9M(15M) 0.276ms
[11009.244s][info][gc] GC(4717) Pause Young (Allocation Failure) 13M->9M(15M) 0.305ms
[11011.444s][info][gc] GC(4718) Pause Young (Allocation Failure) 13M->9M(15M) 0.409ms
[11013.544s][info][gc] GC(4719) Pause Young (Allocation Failure) 13M->9M(15M) 0.271ms
[11015.645s][info][gc] GC(4720) Pause Young (Allocation Failure) 13M->9M(15M) 0.303ms
[11017.844s][info][gc] GC(4721) Pause Young (Allocation Failure) 13M->9M(15M) 0.253ms
[11019.933s][info][gc] GC(4722) Pause Young (Allocation Failure) 13M->9M(15M) 0.274ms
[11022.044s][info][gc] GC(4723) Pause Young (Allocation Failure) 13M->9M(15M) 0.268ms
[11024.143s][info][gc] GC(4724) Pause Young (Allocation Failure) 13M->9M(15M) 0.261ms
[11026.244s][info][gc] GC(4725) Pause Young (Allocation Failure) 13M->9M(15M) 0.399ms
[11028.445s][info][gc] GC(4726) Pause Young (Allocation Failure) 13M->9M(15M) 0.296ms
[11030.544s][info][gc] GC(4727) Pause Young (Allocation Failure) 13M->9M(15M) 0.271ms
[11032.644s][info][gc] GC(4728) Pause Young (Allocation Failure) 13M->9M(15M) 0.369ms
[11034.844s][info][gc] GC(4729) Pause Young (Allocation Failure) 13M->9M(15M) 0.258ms
[11036.744s][info][gc] GC(4730) Pause Young (Allocation Failure) 13M->9M(15M) 0.346ms
[11038.645s][info][gc] GC(4731) Pause Young (Allocation Failure) 13M->9M(15M) 0.341ms
[11040.544s][info][gc] GC(4732) Pause Young (Allocation Failure) 13M->9M(15M) 0.337ms
[11042.444s][info][gc] GC(4733) Pause Young (Allocation Failure) 13M->9M(15M) 0.349ms
[11044.344s][info][gc] GC(4734) Pause Young (Allocation Failure) 13M->9M(15M) 0.373ms
[11046.343s][info][gc] GC(4735) Pause Young (Allocation Failure) 13M->9M(15M) 0.282ms
[11048.243s][info][gc] GC(4736) Pause Young (Allocation Failure) 13M->9M(15M) 0.286ms
[11050.144s][info][gc] GC(4737) Pause Young (Allocation Failure) 13M->9M(15M) 0.295ms
[11052.045s][info][gc] GC(4738) Pause Young (Allocation Failure) 13M->9M(15M) 0.324ms
[11053.945s][info][gc] GC(4739) Pause Young (Allocation Failure) 13M->9M(15M) 0.336ms
[11055.845s][info][gc] GC(4740) Pause Young (Allocation Failure) 13M->9M(15M) 0.500ms
[11057.744s][info][gc] GC(4741) Pause Young (Allocation Failure) 13M->9M(15M) 0.346ms
[11059.644s][info][gc] GC(4742) Pause Young (Allocation Failure) 13M->9M(15M) 0.332ms
[11061.544s][info][gc] GC(4743) Pause Young (Allocation Failure) 13M->9M(15M) 0.330ms
[11063.444s][info][gc] GC(4744) Pause Young (Allocation Failure) 13M->9M(15M) 0.319ms
[11065.343s][info][gc] GC(4745) Pause Young (Allocation Failure) 13M->9M(15M) 0.361ms
[11067.244s][info][gc] GC(4746) Pause Young (Allocation Failure) 13M->9M(15M) 0.268ms
[11069.144s][info][gc] GC(4747) Pause Young (Allocation Failure) 13M->9M(15M) 0.258ms
[11071.045s][info][gc] GC(4748) Pause Young (Allocation Failure) 13M->9M(15M) 0.287ms
[11072.945s][info][gc] GC(4749) Pause Young (Allocation Failure) 13M->9M(15M) 0.309ms
[11074.944s][info][gc] GC(4750) Pause Young (Allocation Failure) 13M->9M(15M) 0.237ms
[11076.844s][info][gc] GC(4751) Pause Young (Allocation Failure) 13M->9M(15M) 0.271ms
[11078.744s][info][gc] GC(4752) Pause Young (Allocation Failure) 13M->9M(15M) 0.291ms
[11080.645s][info][gc] GC(4753) Pause Young (Allocation Failure) 13M->9M(15M) 0.261ms
[11082.544s][info][gc] GC(4754) Pause Young (Allocation Failure) 13M->9M(15M) 0.290ms
[11084.444s][info][gc] GC(4755) Pause Young (Allocation Failure) 13M->9M(15M) 0.318ms
[11086.543s][info][gc] GC(4756) Pause Young (Allocation Failure) 13M->9M(15M) 0.252ms
[11088.544s][info][gc] GC(4757) Pause Young (Allocation Failure) 13M->9M(15M) 0.255ms
[11090.544s][info][gc] GC(4758) Pause Young (Allocation Failure) 13M->9M(15M) 0.306ms
[11092.544s][info][gc] GC(4759) Pause Young (Allocation Failure) 13M->9M(15M) 0.288ms
[11094.545s][info][gc] GC(4760) Pause Young (Allocation Failure) 13M->9M(15M) 0.299ms
[11096.545s][info][gc] GC(4761) Pause Young (Allocation Failure) 13M->9M(15M) 0.288ms
[11098.544s][info][gc] GC(4762) Pause Young (Allocation Failure) 13M->9M(15M) 0.300ms
[11100.644s][info][gc] GC(4763) Pause Young (Allocation Failure) 13M->9M(15M) 0.284ms
[11102.644s][info][gc] GC(4764) Pause Young (Allocation Failure) 13M->9M(15M) 0.245ms
[11104.643s][info][gc] GC(4765) Pause Young (Allocation Failure) 13M->9M(15M) 0.280ms
[11106.644s][info][gc] GC(4766) Pause Young (Allocation Failure) 13M->9M(15M) 0.294ms
[11108.643s][info][gc] GC(4767) Pause Young (Allocation Failure) 13M->9M(15M) 0.297ms
[11110.645s][info][gc] GC(4768) Pause Young (Allocation Failure) 13M->9M(15M) 0.307ms
[11112.744s][info][gc] GC(4769) Pause Young (Allocation Failure) 13M->9M(15M) 0.241ms
[11114.743s][info][gc] GC(4770) Pause Young (Allocation Failure) 13M->9M(15M) 0.271ms
[11116.744s][info][gc] GC(4771) Pause Young (Allocation Failure) 13M->9M(15M) 0.264ms
[11118.744s][info][gc] GC(4772) Pause Young (Allocation Failure) 13M->9M(15M) 0.285ms
[11120.744s][info][gc] GC(4773) Pause Young (Allocation Failure) 13M->9M(15M) 0.304ms
[11122.745s][info][gc] GC(4774) Pause Young (Allocation Failure) 13M->9M(15M) 0.306ms
[11124.844s][info][gc] GC(4775) Pause Young (Allocation Failure) 13M->9M(15M) 0.229ms
[11126.844s][info][gc] GC(4776) Pause Young (Allocation Failure) 13M->9M(15M) 0.296ms
[11128.843s][info][gc] GC(4777) Pause Young (Allocation Failure) 13M->9M(15M) 0.271ms
[11130.845s][info][gc] GC(4778) Pause Young (Allocation Failure) 13M->9M(15M) 0.290ms
[11132.844s][info][gc] GC(4779) Pause Young (Allocation Failure) 13M->9M(15M) 0.295ms
[11134.844s][info][gc] GC(4780) Pause Young (Allocation Failure) 13M->9M(15M) 0.290ms
[11136.844s][info][gc] GC(4781) Pause Young (Allocation Failure) 13M->9M(15M) 0.313ms
[11138.944s][info][gc] GC(4782) Pause Young (Allocation Failure) 13M->9M(15M) 0.269ms
[11140.944s][info][gc] GC(4783) Pause Young (Allocation Failure) 13M->9M(15M) 0.243ms
[11142.944s][info][gc] GC(4784) Pause Young (Allocation Failure) 13M->9M(15M) 0.288ms
[11145.026s][info][gc] GC(4785) Pause Young (Allocation Failure) 13M->9M(15M) 0.238ms
[11147.143s][info][gc] GC(4786) Pause Young (Allocation Failure) 13M->9M(15M) 0.246ms
[11149.244s][info][gc] GC(4787) Pause Young (Allocation Failure) 13M->9M(15M) 0.275ms
[11151.344s][info][gc] GC(4788) Pause Young (Allocation Failure) 13M->9M(15M) 0.276ms
[11153.487s][info][gc] GC(4789) Pause Young (Allocation Failure) 13M->9M(15M) 0.244ms
[11155.644s][info][gc] GC(4790) Pause Young (Allocation Failure) 13M->9M(15M) 0.272ms
[11157.744s][info][gc] GC(4791) Pause Young (Allocation Failure) 13M->9M(15M) 0.289ms
[11159.845s][info][gc] GC(4792) Pause Young (Allocation Failure) 13M->9M(15M) 0.298ms
[11162.040s][info][gc] GC(4793) Pause Young (Allocation Failure) 13M->9M(15M) 0.294ms
[11164.143s][info][gc] GC(4794) Pause Young (Allocation Failure) 13M->9M(15M) 0.234ms
[11166.044s][info][gc] GC(4795) Pause Young (Allocation Failure) 13M->9M(15M) 0.386ms
[11168.044s][info][gc] GC(4796) Pause Young (Allocation Failure) 13M->9M(15M) 0.297ms
[11169.845s][info][gc] GC(4797) Pause Young (Allocation Failure) 13M->9M(15M) 0.328ms
[11171.744s][info][gc] GC(4798) Pause Young (Allocation Failure) 13M->9M(15M) 0.320ms
[11173.645s][info][gc] GC(4799) Pause Young (Allocation Failure) 13M->9M(15M) 0.426ms
[11175.545s][info][gc] GC(4800) Pause Young (Allocation Failure) 13M->9M(15M) 0.328ms
[11177.494s][info][gc] GC(4801) Pause Young (Allocation Failure) 13M->9M(15M) 0.518ms
[11179.444s][info][gc] GC(4802) Pause Young (Allocation Failure) 13M->9M(15M) 0.273ms
[11181.344s][info][gc] GC(4803) Pause Young (Allocation Failure) 13M->9M(15M) 0.284ms
[11183.244s][info][gc] GC(4804) Pause Young (Allocation Failure) 13M->9M(15M) 0.304ms
[11185.143s][info][gc] GC(4805) Pause Young (Allocation Failure) 13M->9M(15M) 0.317ms
[11187.045s][info][gc] GC(4806) Pause Young (Allocation Failure) 13M->9M(15M) 0.696ms
[11189.043s][info][gc] GC(4807) Pause Young (Allocation Failure) 13M->9M(15M) 0.307ms
[11191.044s][info][gc] GC(4808) Pause Young (Allocation Failure) 13M->9M(15M) 0.289ms
[11193.044s][info][gc] GC(4809) Pause Young (Allocation Failure) 13M->9M(15M) 0.321ms
[11195.044s][info][gc] GC(4810) Pause Young (Allocation Failure) 13M->9M(15M) 0.320ms
[11197.043s][info][gc] GC(4811) Pause Young (Allocation Failure) 13M->9M(15M) 0.242ms
[11199.044s][info][gc] GC(4812) Pause Young (Allocation Failure) 13M->9M(15M) 0.295ms
[11201.066s][info][gc] GC(4813) Pause Young (Allocation Failure) 13M->9M(15M) 0.227ms
[11203.070s][info][gc] GC(4814) Pause Young (Allocation Failure) 13M->9M(15M) 0.261ms
[11205.072s][info][gc] GC(4815) Pause Young (Allocation Failure) 13M->9M(15M) 0.307ms
[11207.144s][info][gc] GC(4816) Pause Young (Allocation Failure) 13M->9M(15M) 0.252ms
[11209.144s][info][gc] GC(4817) Pause Young (Allocation Failure) 13M->9M(15M) 0.262ms
[11211.143s][info][gc] GC(4818) Pause Young (Allocation Failure) 13M->9M(15M) 0.284ms
[11213.144s][info][gc] GC(4819) Pause Young (Allocation Failure) 13M->9M(15M) 0.282ms
[11215.144s][info][gc] GC(4820) Pause Young (Allocation Failure) 13M->9M(15M) 0.299ms
[11217.145s][info][gc] GC(4821) Pause Young (Allocation Failure) 13M->9M(15M) 0.303ms
[11219.243s][info][gc] GC(4822) Pause Young (Allocation Failure) 13M->9M(15M) 0.247ms
[11221.245s][info][gc] GC(4823) Pause Young (Allocation Failure) 13M->9M(15M) 0.278ms
[11223.244s][info][gc] GC(4824) Pause Young (Allocation Failure) 13M->9M(15M) 0.252ms
[11225.245s][info][gc] GC(4825) Pause Young (Allocation Failure) 13M->9M(15M) 0.282ms
[11227.244s][info][gc] GC(4826) Pause Young (Allocation Failure) 13M->9M(15M) 0.299ms
[11229.244s][info][gc] GC(4827) Pause Young (Allocation Failure) 13M->9M(15M) 0.296ms
[11231.343s][info][gc] GC(4828) Pause Young (Allocation Failure) 13M->9M(15M) 0.227ms
[11233.344s][info][gc] GC(4829) Pause Young (Allocation Failure) 13M->9M(15M) 0.249ms
[11235.344s][info][gc] GC(4830) Pause Young (Allocation Failure) 13M->9M(15M) 0.253ms
[11237.345s][info][gc] GC(4831) Pause Young (Allocation Failure) 13M->9M(15M) 0.301ms
[11239.344s][info][gc] GC(4832) Pause Young (Allocation Failure) 13M->9M(15M) 0.289ms
[11241.345s][info][gc] GC(4833) Pause Young (Allocation Failure) 13M->9M(15M) 0.278ms
[11243.344s][info][gc] GC(4834) Pause Young (Allocation Failure) 13M->9M(15M) 0.299ms
[11245.444s][info][gc] GC(4835) Pause Young (Allocation Failure) 13M->9M(15M) 0.251ms
[11247.444s][info][gc] GC(4836) Pause Young (Allocation Failure) 13M->9M(15M) 0.266ms
[11249.444s][info][gc] GC(4837) Pause Young (Allocation Failure) 13M->9M(15M) 0.292ms
[11251.643s][info][gc] GC(4838) Pause Young (Allocation Failure) 13M->9M(15M) 0.266ms
[11253.744s][info][gc] GC(4839) Pause Young (Allocation Failure) 13M->9M(15M) 0.311ms
[11255.845s][info][gc] GC(4840) Pause Young (Allocation Failure) 13M->9M(15M) 0.295ms
[11257.944s][info][gc] GC(4841) Pause Young (Allocation Failure) 13M->9M(15M) 0.302ms
[11260.113s][info][gc] GC(4842) Pause Young (Allocation Failure) 13M->9M(15M) 0.270ms
[11262.244s][info][gc] GC(4843) Pause Young (Allocation Failure) 13M->9M(15M) 0.256ms
[11264.343s][info][gc] GC(4844) Pause Young (Allocation Failure) 13M->9M(15M) 0.285ms
[11266.444s][info][gc] GC(4845) Pause Young (Allocation Failure) 13M->9M(15M) 0.289ms
[11268.643s][info][gc] GC(4846) Pause Young (Allocation Failure) 13M->9M(15M) 0.255ms
[11270.744s][info][gc] GC(4847) Pause Young (Allocation Failure) 13M->9M(15M) 0.275ms
[11272.845s][info][gc] GC(4848) Pause Young (Allocation Failure) 13M->9M(15M) 0.266ms
[11274.945s][info][gc] GC(4849) Pause Young (Allocation Failure) 13M->9M(15M) 0.298ms
[11277.123s][info][gc] GC(4850) Pause Young (Allocation Failure) 13M->9M(15M) 0.625ms
[11279.143s][info][gc] GC(4851) Pause Young (Allocation Failure) 13M->9M(15M) 0.285ms
[11281.044s][info][gc] GC(4852) Pause Young (Allocation Failure) 13M->9M(15M) 0.331ms
[11282.945s][info][gc] GC(4853) Pause Young (Allocation Failure) 13M->9M(15M) 0.349ms
[11284.845s][info][gc] GC(4854) Pause Young (Allocation Failure) 13M->9M(15M) 0.333ms
[11286.843s][info][gc] GC(4855) Pause Young (Allocation Failure) 13M->9M(15M) 0.293ms
[11288.744s][info][gc] GC(4856) Pause Young (Allocation Failure) 13M->9M(15M) 0.291ms
[11290.644s][info][gc] GC(4857) Pause Young (Allocation Failure) 13M->9M(15M) 0.281ms
[11292.545s][info][gc] GC(4858) Pause Young (Allocation Failure) 13M->9M(15M) 0.323ms
[11294.444s][info][gc] GC(4859) Pause Young (Allocation Failure) 13M->9M(15M) 0.334ms
[11296.346s][info][gc] GC(4860) Pause Young (Allocation Failure) 13M->9M(15M) 1.012ms
[11298.245s][info][gc] GC(4861) Pause Young (Allocation Failure) 13M->9M(15M) 0.348ms
[11300.244s][info][gc] GC(4862) Pause Young (Allocation Failure) 13M->9M(15M) 0.297ms
[11302.144s][info][gc] GC(4863) Pause Young (Allocation Failure) 13M->9M(15M) 0.335ms
[11304.045s][info][gc] GC(4864) Pause Young (Allocation Failure) 13M->9M(15M) 0.517ms
[11305.845s][info][gc] GC(4865) Pause Young (Allocation Failure) 13M->9M(15M) 0.335ms
[11307.744s][info][gc] GC(4866) Pause Young (Allocation Failure) 13M->9M(15M) 0.332ms
[11309.743s][info][gc] GC(4867) Pause Young (Allocation Failure) 13M->9M(15M) 0.264ms
[11311.643s][info][gc] GC(4868) Pause Young (Allocation Failure) 13M->9M(15M) 0.318ms
[11313.545s][info][gc] GC(4869) Pause Young (Allocation Failure) 13M->9M(15M) 0.317ms
[11315.444s][info][gc] GC(4870) Pause Young (Allocation Failure) 13M->9M(15M) 0.284ms
[11317.344s][info][gc] GC(4871) Pause Young (Allocation Failure) 13M->9M(15M) 0.341ms
[11319.244s][info][gc] GC(4872) Pause Young (Allocation Failure) 13M->9M(15M) 0.299ms
[11321.160s][info][gc] GC(4873) Pause Young (Allocation Failure) 13M->9M(15M) 0.255ms
[11323.144s][info][gc] GC(4874) Pause Young (Allocation Failure) 13M->9M(15M) 0.274ms
[11325.045s][info][gc] GC(4875) Pause Young (Allocation Failure) 13M->9M(15M) 0.305ms
[11327.144s][info][gc] GC(4876) Pause Young (Allocation Failure) 13M->9M(15M) 0.324ms
[11329.144s][info][gc] GC(4877) Pause Young (Allocation Failure) 13M->9M(15M) 0.343ms
[11331.143s][info][gc] GC(4878) Pause Young (Allocation Failure) 13M->9M(15M) 0.277ms
[11333.144s][info][gc] GC(4879) Pause Young (Allocation Failure) 13M->9M(15M) 0.296ms
[11335.144s][info][gc] GC(4880) Pause Young (Allocation Failure) 13M->9M(15M) 0.293ms
[11337.144s][info][gc] GC(4881) Pause Young (Allocation Failure) 13M->9M(15M) 0.311ms
[11339.171s][info][gc] GC(4882) Pause Young (Allocation Failure) 13M->9M(15M) 0.233ms
[11341.173s][info][gc] GC(4883) Pause Young (Allocation Failure) 13M->9M(15M) 0.311ms
[11343.174s][info][gc] GC(4884) Pause Young (Allocation Failure) 13M->9M(15M) 0.270ms
[11345.243s][info][gc] GC(4885) Pause Young (Allocation Failure) 13M->9M(15M) 0.268ms
[11347.244s][info][gc] GC(4886) Pause Young (Allocation Failure) 13M->9M(15M) 0.265ms
[11349.244s][info][gc] GC(4887) Pause Young (Allocation Failure) 13M->9M(15M) 0.281ms
[11351.244s][info][gc] GC(4888) Pause Young (Allocation Failure) 13M->9M(15M) 0.302ms
[11353.244s][info][gc] GC(4889) Pause Young (Allocation Failure) 13M->9M(15M) 0.296ms
[11355.245s][info][gc] GC(4890) Pause Young (Allocation Failure) 13M->9M(15M) 0.288ms
[11357.344s][info][gc] GC(4891) Pause Young (Allocation Failure) 13M->9M(15M) 0.251ms
[11359.344s][info][gc] GC(4892) Pause Young (Allocation Failure) 13M->9M(15M) 0.255ms
[11361.344s][info][gc] GC(4893) Pause Young (Allocation Failure) 13M->9M(15M) 0.262ms
[11363.344s][info][gc] GC(4894) Pause Young (Allocation Failure) 13M->9M(15M) 0.285ms
[11365.344s][info][gc] GC(4895) Pause Young (Allocation Failure) 13M->9M(15M) 0.314ms
[11367.344s][info][gc] GC(4896) Pause Young (Allocation Failure) 13M->9M(15M) 0.309ms
[11369.443s][info][gc] GC(4897) Pause Young (Allocation Failure) 13M->9M(15M) 0.241ms
[11371.443s][info][gc] GC(4898) Pause Young (Allocation Failure) 13M->9M(15M) 0.259ms
[11373.444s][info][gc] GC(4899) Pause Young (Allocation Failure) 13M->9M(15M) 0.252ms
[11375.444s][info][gc] GC(4900) Pause Young (Allocation Failure) 13M->9M(15M) 0.300ms
[11377.445s][info][gc] GC(4901) Pause Young (Allocation Failure) 13M->9M(15M) 0.308ms
[11379.444s][info][gc] GC(4902) Pause Young (Allocation Failure) 13M->9M(15M) 0.296ms
[11381.444s][info][gc] GC(4903) Pause Young (Allocation Failure) 13M->9M(15M) 0.309ms
[11383.544s][info][gc] GC(4904) Pause Young (Allocation Failure) 13M->9M(15M) 0.299ms
[11385.644s][info][gc] GC(4905) Pause Young (Allocation Failure) 13M->9M(15M) 0.250ms
[11387.743s][info][gc] GC(4906) Pause Young (Allocation Failure) 13M->9M(15M) 0.290ms
[11389.845s][info][gc] GC(4907) Pause Young (Allocation Failure) 13M->9M(15M) 0.260ms
[11392.043s][info][gc] GC(4908) Pause Young (Allocation Failure) 13M->9M(15M) 0.286ms
[11394.144s][info][gc] GC(4909) Pause Young (Allocation Failure) 13M->9M(15M) 0.287ms
[11396.244s][info][gc] GC(4910) Pause Young (Allocation Failure) 13M->9M(15M) 0.264ms
[11398.344s][info][gc] GC(4911) Pause Young (Allocation Failure) 13M->9M(15M) 0.293ms
[11400.444s][info][gc] GC(4912) Pause Young (Allocation Failure) 13M->9M(15M) 0.282ms
[11402.644s][info][gc] GC(4913) Pause Young (Allocation Failure) 13M->9M(15M) 0.291ms
[11404.744s][info][gc] GC(4914) Pause Young (Allocation Failure) 13M->9M(15M) 0.315ms
[11406.844s][info][gc] GC(4915) Pause Young (Allocation Failure) 13M->9M(15M) 0.295ms
[11409.044s][info][gc] GC(4916) Pause Young (Allocation Failure) 13M->9M(15M) 0.268ms
[11411.144s][info][gc] GC(4917) Pause Young (Allocation Failure) 13M->9M(15M) 0.359ms
[11413.244s][info][gc] GC(4918) Pause Young (Allocation Failure) 13M->9M(15M) 0.268ms
[11415.344s][info][gc] GC(4919) Pause Young (Allocation Failure) 13M->9M(15M) 0.290ms
[11417.444s][info][gc] GC(4920) Pause Young (Allocation Failure) 13M->9M(15M) 0.295ms
[11419.643s][info][gc] GC(4921) Pause Young (Allocation Failure) 13M->9M(15M) 0.256ms
[11421.644s][info][gc] GC(4922) Pause Young (Allocation Failure) 13M->9M(15M) 0.310ms
[11423.544s][info][gc] GC(4923) Pause Young (Allocation Failure) 13M->9M(15M) 0.287ms
[11425.444s][info][gc] GC(4924) Pause Young (Allocation Failure) 13M->9M(15M) 0.295ms
[11427.344s][info][gc] GC(4925) Pause Young (Allocation Failure) 13M->9M(15M) 0.311ms
[11429.244s][info][gc] GC(4926) Pause Young (Allocation Failure) 13M->9M(15M) 0.320ms
[11431.144s][info][gc] GC(4927) Pause Young (Allocation Failure) 13M->9M(15M) 0.343ms
[11433.143s][info][gc] GC(4928) Pause Young (Allocation Failure) 13M->9M(15M) 0.291ms
[11435.044s][info][gc] GC(4929) Pause Young (Allocation Failure) 13M->9M(15M) 0.290ms
[11436.944s][info][gc] GC(4930) Pause Young (Allocation Failure) 13M->9M(15M) 0.296ms
[11438.845s][info][gc] GC(4931) Pause Young (Allocation Failure) 13M->9M(15M) 0.343ms
[11440.744s][info][gc] GC(4932) Pause Young (Allocation Failure) 13M->9M(15M) 0.318ms
[11442.644s][info][gc] GC(4933) Pause Young (Allocation Failure) 13M->9M(15M) 0.337ms
[11444.644s][info][gc] GC(4934) Pause Young (Allocation Failure) 13M->9M(15M) 0.590ms
[11446.645s][info][gc] GC(4935) Pause Young (Allocation Failure) 13M->9M(15M) 0.541ms
[11448.644s][info][gc] GC(4936) Pause Young (Allocation Failure) 13M->9M(15M) 0.297ms
[11450.643s][info][gc] GC(4937) Pause Young (Allocation Failure) 13M->9M(15M) 0.304ms
[11452.644s][info][gc] GC(4938) Pause Young (Allocation Failure) 13M->9M(15M) 0.336ms
[11454.644s][info][gc] GC(4939) Pause Young (Allocation Failure) 13M->9M(15M) 0.295ms
[11456.645s][info][gc] GC(4940) Pause Young (Allocation Failure) 13M->9M(15M) 0.291ms
[11458.744s][info][gc] GC(4941) Pause Young (Allocation Failure) 13M->9M(15M) 0.344ms
[11460.744s][info][gc] GC(4942) Pause Young (Allocation Failure) 13M->9M(15M) 0.309ms
[11462.744s][info][gc] GC(4943) Pause Young (Allocation Failure) 13M->9M(15M) 0.290ms
[11464.744s][info][gc] GC(4944) Pause Young (Allocation Failure) 13M->9M(15M) 0.289ms
[11466.745s][info][gc] GC(4945) Pause Young (Allocation Failure) 13M->9M(15M) 0.646ms
[11468.744s][info][gc] GC(4946) Pause Young (Allocation Failure) 13M->9M(15M) 0.310ms
[11470.745s][info][gc] GC(4947) Pause Young (Allocation Failure) 13M->9M(15M) 0.328ms
[11472.644s][info][gc] GC(4948) Pause Young (Allocation Failure) 13M->9M(15M) 0.333ms
[11474.544s][info][gc] GC(4949) Pause Young (Allocation Failure) 13M->9M(15M) 0.300ms
[11476.444s][info][gc] GC(4950) Pause Young (Allocation Failure) 13M->9M(15M) 0.415ms
[11478.345s][info][gc] GC(4951) Pause Young (Allocation Failure) 13M->9M(15M) 0.297ms
[11480.244s][info][gc] GC(4952) Pause Young (Allocation Failure) 13M->9M(15M) 0.319ms
[11482.145s][info][gc] GC(4953) Pause Young (Allocation Failure) 13M->9M(15M) 0.331ms
[11484.044s][info][gc] GC(4954) Pause Young (Allocation Failure) 13M->9M(15M) 0.328ms
[11486.043s][info][gc] GC(4955) Pause Young (Allocation Failure) 13M->9M(15M) 0.290ms
[11487.944s][info][gc] GC(4956) Pause Young (Allocation Failure) 13M->9M(15M) 0.274ms
[11489.844s][info][gc] GC(4957) Pause Young (Allocation Failure) 13M->9M(15M) 0.287ms
[11491.844s][info][gc] GC(4958) Pause Young (Allocation Failure) 13M->9M(15M) 0.325ms
[11493.944s][info][gc] GC(4959) Pause Young (Allocation Failure) 13M->9M(15M) 0.254ms
[11495.945s][info][gc] GC(4960) Pause Young (Allocation Failure) 13M->9M(15M) 0.282ms
[11497.944s][info][gc] GC(4961) Pause Young (Allocation Failure) 13M->9M(15M) 0.289ms
[11499.943s][info][gc] GC(4962) Pause Young (Allocation Failure) 13M->9M(15M) 0.325ms
[11501.943s][info][gc] GC(4963) Pause Young (Allocation Failure) 13M->9M(15M) 0.314ms
[11503.944s][info][gc] GC(4964) Pause Young (Allocation Failure) 13M->9M(15M) 0.298ms
[11505.945s][info][gc] GC(4965) Pause Young (Allocation Failure) 13M->9M(15M) 0.305ms
[11508.044s][info][gc] GC(4966) Pause Young (Allocation Failure) 13M->9M(15M) 0.291ms
[11510.044s][info][gc] GC(4967) Pause Young (Allocation Failure) 13M->9M(15M) 0.263ms
[11512.044s][info][gc] GC(4968) Pause Young (Allocation Failure) 13M->9M(15M) 0.290ms
[11514.044s][info][gc] GC(4969) Pause Young (Allocation Failure) 13M->9M(15M) 0.299ms
[11516.044s][info][gc] GC(4970) Pause Young (Allocation Failure) 13M->9M(15M) 0.296ms
[11518.045s][info][gc] GC(4971) Pause Young (Allocation Failure) 13M->9M(15M) 0.312ms
[11520.144s][info][gc] GC(4972) Pause Young (Allocation Failure) 13M->9M(15M) 0.291ms
[11522.144s][info][gc] GC(4973) Pause Young (Allocation Failure) 13M->9M(15M) 0.271ms
[11524.144s][info][gc] GC(4974) Pause Young (Allocation Failure) 13M->9M(15M) 0.279ms
[11526.145s][info][gc] GC(4975) Pause Young (Allocation Failure) 13M->9M(15M) 0.296ms
[11528.144s][info][gc] GC(4976) Pause Young (Allocation Failure) 13M->9M(15M) 0.293ms
[11530.144s][info][gc] GC(4977) Pause Young (Allocation Failure) 13M->9M(15M) 0.306ms
[11532.244s][info][gc] GC(4978) Pause Young (Allocation Failure) 13M->9M(15M) 0.324ms
[11534.244s][info][gc] GC(4979) Pause Young (Allocation Failure) 13M->9M(15M) 0.263ms
[11536.244s][info][gc] GC(4980) Pause Young (Allocation Failure) 13M->9M(15M) 0.275ms
[11538.244s][info][gc] GC(4981) Pause Young (Allocation Failure) 13M->9M(15M) 0.295ms
[11540.244s][info][gc] GC(4982) Pause Young (Allocation Failure) 13M->9M(15M) 0.297ms
[11542.244s][info][gc] GC(4983) Pause Young (Allocation Failure) 13M->9M(15M) 0.300ms
[11544.331s][info][gc] GC(4984) Pause Young (Allocation Failure) 13M->9M(15M) 0.245ms
[11546.335s][info][gc] GC(4985) Pause Young (Allocation Failure) 13M->9M(15M) 0.261ms
[11548.338s][info][gc] GC(4986) Pause Young (Allocation Failure) 13M->9M(15M) 0.309ms
[11550.345s][info][gc] GC(4987) Pause Young (Allocation Failure) 13M->9M(15M) 0.311ms
[11552.543s][info][gc] GC(4988) Pause Young (Allocation Failure) 13M->9M(15M) 0.272ms
[11554.545s][info][gc] GC(4989) Pause Young (Allocation Failure) 13M->9M(15M) 0.331ms
[11556.445s][info][gc] GC(4990) Pause Young (Allocation Failure) 13M->9M(15M) 0.321ms
[11558.343s][info][gc] GC(4991) Pause Young (Allocation Failure) 13M->9M(15M) 0.334ms
[11560.245s][info][gc] GC(4992) Pause Young (Allocation Failure) 13M->9M(15M) 0.329ms
[11562.145s][info][gc] GC(4993) Pause Young (Allocation Failure) 13M->9M(15M) 0.339ms
[11564.044s][info][gc] GC(4994) Pause Young (Allocation Failure) 13M->9M(15M) 0.339ms
[11565.944s][info][gc] GC(4995) Pause Young (Allocation Failure) 13M->9M(15M) 0.335ms
[11567.844s][info][gc] GC(4996) Pause Young (Allocation Failure) 13M->9M(15M) 0.458ms
[11569.843s][info][gc] GC(4997) Pause Young (Allocation Failure) 13M->9M(15M) 0.304ms
[11571.746s][info][gc] GC(4998) Pause Young (Allocation Failure) 13M->9M(15M) 0.318ms
[11573.643s][info][gc] GC(4999) Pause Young (Allocation Failure) 13M->9M(15M) 0.325ms
[11575.544s][info][gc] GC(5000) Pause Young (Allocation Failure) 13M->9M(15M) 0.349ms
[11577.444s][info][gc] GC(5001) Pause Young (Allocation Failure) 13M->9M(15M) 0.333ms
[11579.359s][info][gc] GC(5002) Pause Young (Allocation Failure) 13M->9M(15M) 0.293ms
[11581.445s][info][gc] GC(5003) Pause Young (Allocation Failure) 13M->9M(15M) 0.250ms
[11583.444s][info][gc] GC(5004) Pause Young (Allocation Failure) 13M->9M(15M) 0.316ms
[11585.445s][info][gc] GC(5005) Pause Young (Allocation Failure) 13M->9M(15M) 0.294ms
[11587.444s][info][gc] GC(5006) Pause Young (Allocation Failure) 13M->9M(15M) 0.286ms
[11589.444s][info][gc] GC(5007) Pause Young (Allocation Failure) 13M->9M(15M) 0.303ms
[11591.444s][info][gc] GC(5008) Pause Young (Allocation Failure) 13M->9M(15M) 0.281ms
[11593.544s][info][gc] GC(5009) Pause Young (Allocation Failure) 13M->9M(15M) 0.248ms
[11595.544s][info][gc] GC(5010) Pause Young (Allocation Failure) 13M->9M(15M) 0.360ms
[11597.544s][info][gc] GC(5011) Pause Young (Allocation Failure) 13M->9M(15M) 0.364ms
[11599.544s][info][gc] GC(5012) Pause Young (Allocation Failure) 13M->9M(15M) 0.298ms
[11601.544s][info][gc] GC(5013) Pause Young (Allocation Failure) 13M->9M(15M) 0.286ms
[11603.544s][info][gc] GC(5014) Pause Young (Allocation Failure) 13M->9M(15M) 0.292ms
[11605.543s][info][gc] GC(5015) Pause Young (Allocation Failure) 13M->9M(15M) 0.309ms
[11607.644s][info][gc] GC(5016) Pause Young (Allocation Failure) 13M->9M(15M) 0.284ms
[11609.644s][info][gc] GC(5017) Pause Young (Allocation Failure) 13M->9M(15M) 0.317ms
[11611.645s][info][gc] GC(5018) Pause Young (Allocation Failure) 13M->9M(15M) 0.293ms
[11613.644s][info][gc] GC(5019) Pause Young (Allocation Failure) 13M->9M(15M) 0.290ms
[11615.644s][info][gc] GC(5020) Pause Young (Allocation Failure) 13M->9M(15M) 0.328ms
[11617.644s][info][gc] GC(5021) Pause Young (Allocation Failure) 13M->9M(15M) 0.295ms
[11619.743s][info][gc] GC(5022) Pause Young (Allocation Failure) 13M->9M(15M) 0.249ms
[11621.743s][info][gc] GC(5023) Pause Young (Allocation Failure) 13M->9M(15M) 0.258ms
[11623.744s][info][gc] GC(5024) Pause Young (Allocation Failure) 13M->9M(15M) 0.275ms
[11625.743s][info][gc] GC(5025) Pause Young (Allocation Failure) 13M->9M(15M) 0.273ms
[11627.744s][info][gc] GC(5026) Pause Young (Allocation Failure) 13M->9M(15M) 0.386ms
[11629.744s][info][gc] GC(5027) Pause Young (Allocation Failure) 13M->9M(15M) 0.305ms
[11631.744s][info][gc] GC(5028) Pause Young (Allocation Failure) 13M->9M(15M) 0.288ms
[11633.844s][info][gc] GC(5029) Pause Young (Allocation Failure) 13M->9M(15M) 0.252ms
[11635.843s][info][gc] GC(5030) Pause Young (Allocation Failure) 13M->9M(15M) 0.261ms
[11637.844s][info][gc] GC(5031) Pause Young (Allocation Failure) 13M->9M(15M) 0.280ms
[11639.944s][info][gc] GC(5032) Pause Young (Allocation Failure) 13M->9M(15M) 0.247ms
[11642.044s][info][gc] GC(5033) Pause Young (Allocation Failure) 13M->9M(15M) 0.287ms
[11644.144s][info][gc] GC(5034) Pause Young (Allocation Failure) 13M->9M(15M) 0.294ms
[11646.344s][info][gc] GC(5035) Pause Young (Allocation Failure) 13M->9M(15M) 0.280ms
[11648.443s][info][gc] GC(5036) Pause Young (Allocation Failure) 13M->9M(15M) 0.236ms
[11650.544s][info][gc] GC(5037) Pause Young (Allocation Failure) 13M->9M(15M) 0.274ms
[11652.643s][info][gc] GC(5038) Pause Young (Allocation Failure) 13M->9M(15M) 0.270ms
[11654.544s][info][gc] GC(5039) Pause Young (Allocation Failure) 13M->9M(15M) 0.296ms
[11656.444s][info][gc] GC(5040) Pause Young (Allocation Failure) 13M->9M(15M) 0.295ms
[11658.344s][info][gc] GC(5041) Pause Young (Allocation Failure) 13M->9M(15M) 0.303ms
[11660.244s][info][gc] GC(5042) Pause Young (Allocation Failure) 13M->9M(15M) 0.316ms
[11662.144s][info][gc] GC(5043) Pause Young (Allocation Failure) 13M->9M(15M) 0.292ms
[11664.045s][info][gc] GC(5044) Pause Young (Allocation Failure) 13M->9M(15M) 0.291ms
[11665.944s][info][gc] GC(5045) Pause Young (Allocation Failure) 13M->9M(15M) 0.301ms
[11667.844s][info][gc] GC(5046) Pause Young (Allocation Failure) 13M->9M(15M) 0.311ms
[11669.745s][info][gc] GC(5047) Pause Young (Allocation Failure) 13M->9M(15M) 0.332ms
[11671.644s][info][gc] GC(5048) Pause Young (Allocation Failure) 13M->9M(15M) 0.322ms
[11673.545s][info][gc] GC(5049) Pause Young (Allocation Failure) 13M->9M(15M) 0.334ms
[11675.444s][info][gc] GC(5050) Pause Young (Allocation Failure) 13M->9M(15M) 0.311ms
[11677.344s][info][gc] GC(5051) Pause Young (Allocation Failure) 13M->9M(15M) 0.321ms
[11679.244s][info][gc] GC(5052) Pause Young (Allocation Failure) 13M->9M(15M) 0.311ms
[11681.144s][info][gc] GC(5053) Pause Young (Allocation Failure) 13M->9M(15M) 0.272ms
[11683.044s][info][gc] GC(5054) Pause Young (Allocation Failure) 13M->9M(15M) 0.310ms
[11684.944s][info][gc] GC(5055) Pause Young (Allocation Failure) 13M->9M(15M) 0.264ms
[11686.844s][info][gc] GC(5056) Pause Young (Allocation Failure) 13M->9M(15M) 0.357ms
[11688.744s][info][gc] GC(5057) Pause Young (Allocation Failure) 13M->9M(15M) 0.300ms
[11690.643s][info][gc] GC(5058) Pause Young (Allocation Failure) 13M->9M(15M) 0.309ms
[11692.545s][info][gc] GC(5059) Pause Young (Allocation Failure) 13M->9M(15M) 0.314ms
[11694.457s][info][gc] GC(5060) Pause Young (Allocation Failure) 13M->9M(15M) 0.272ms
[11696.443s][info][gc] GC(5061) Pause Young (Allocation Failure) 13M->9M(15M) 0.265ms
[11698.343s][info][gc] GC(5062) Pause Young (Allocation Failure) 13M->9M(15M) 0.287ms
[11700.344s][info][gc] GC(5063) Pause Young (Allocation Failure) 13M->9M(15M) 0.283ms
[11702.344s][info][gc] GC(5064) Pause Young (Allocation Failure) 13M->9M(15M) 0.268ms
[11704.344s][info][gc] GC(5065) Pause Young (Allocation Failure) 13M->9M(15M) 0.294ms
[11706.343s][info][gc] GC(5066) Pause Young (Allocation Failure) 13M->9M(15M) 0.302ms
[11708.344s][info][gc] GC(5067) Pause Young (Allocation Failure) 13M->9M(15M) 0.303ms
[11710.443s][info][gc] GC(5068) Pause Young (Allocation Failure) 13M->9M(15M) 0.245ms
[11712.444s][info][gc] GC(5069) Pause Young (Allocation Failure) 13M->9M(15M) 0.306ms
[11714.443s][info][gc] GC(5070) Pause Young (Allocation Failure) 13M->9M(15M) 0.257ms
[11716.443s][info][gc] GC(5071) Pause Young (Allocation Failure) 13M->9M(15M) 0.298ms
[11718.445s][info][gc] GC(5072) Pause Young (Allocation Failure) 13M->9M(15M) 0.308ms
[11720.444s][info][gc] GC(5073) Pause Young (Allocation Failure) 13M->9M(15M) 0.310ms
[11722.474s][info][gc] GC(5074) Pause Young (Allocation Failure) 13M->9M(15M) 0.260ms
[11724.475s][info][gc] GC(5075) Pause Young (Allocation Failure) 13M->9M(15M) 0.260ms
[11726.476s][info][gc] GC(5076) Pause Young (Allocation Failure) 13M->9M(15M) 0.272ms
[11728.544s][info][gc] GC(5077) Pause Young (Allocation Failure) 13M->9M(15M) 0.237ms
[11730.544s][info][gc] GC(5078) Pause Young (Allocation Failure) 13M->9M(15M) 0.296ms
[11732.544s][info][gc] GC(5079) Pause Young (Allocation Failure) 13M->9M(15M) 0.274ms
[11734.544s][info][gc] GC(5080) Pause Young (Allocation Failure) 13M->9M(15M) 0.280ms
[11736.544s][info][gc] GC(5081) Pause Young (Allocation Failure) 13M->9M(15M) 0.295ms
[11738.545s][info][gc] GC(5082) Pause Young (Allocation Failure) 13M->9M(15M) 0.305ms
[11740.643s][info][gc] GC(5083) Pause Young (Allocation Failure) 13M->9M(15M) 0.263ms
[11742.643s][info][gc] GC(5084) Pause Young (Allocation Failure) 13M->9M(15M) 0.277ms
[11744.645s][info][gc] GC(5085) Pause Young (Allocation Failure) 13M->9M(15M) 0.266ms
[11746.644s][info][gc] GC(5086) Pause Young (Allocation Failure) 13M->9M(15M) 0.295ms
[11748.643s][info][gc] GC(5087) Pause Young (Allocation Failure) 13M->9M(15M) 0.298ms
[11750.643s][info][gc] GC(5088) Pause Young (Allocation Failure) 13M->9M(15M) 0.302ms
[11752.644s][info][gc] GC(5089) Pause Young (Allocation Failure) 13M->9M(15M) 0.359ms
[11754.743s][info][gc] GC(5090) Pause Young (Allocation Failure) 13M->9M(15M) 0.260ms
[11756.745s][info][gc] GC(5091) Pause Young (Allocation Failure) 13M->9M(15M) 0.272ms
[11758.744s][info][gc] GC(5092) Pause Young (Allocation Failure) 13M->9M(15M) 0.278ms
[11760.844s][info][gc] GC(5093) Pause Young (Allocation Failure) 13M->9M(15M) 0.282ms
[11762.945s][info][gc] GC(5094) Pause Young (Allocation Failure) 13M->9M(15M) 0.300ms
[11765.144s][info][gc] GC(5095) Pause Young (Allocation Failure) 13M->9M(15M) 0.299ms
[11767.243s][info][gc] GC(5096) Pause Young (Allocation Failure) 13M->9M(15M) 0.282ms
[11769.344s][info][gc] GC(5097) Pause Young (Allocation Failure) 13M->9M(15M) 0.295ms
[11771.515s][info][gc] GC(5098) Pause Young (Allocation Failure) 13M->9M(15M) 0.250ms
[11773.544s][info][gc] GC(5099) Pause Young (Allocation Failure) 13M->9M(15M) 0.296ms
[11775.744s][info][gc] GC(5100) Pause Young (Allocation Failure) 13M->9M(15M) 0.282ms
[11777.843s][info][gc] GC(5101) Pause Young (Allocation Failure) 13M->9M(15M) 0.355ms
[11779.944s][info][gc] GC(5102) Pause Young (Allocation Failure) 13M->9M(15M) 0.296ms
[11782.144s][info][gc] GC(5103) Pause Young (Allocation Failure) 13M->9M(15M) 0.266ms
[11784.244s][info][gc] GC(5104) Pause Young (Allocation Failure) 13M->9M(15M) 0.262ms
[11786.344s][info][gc] GC(5105) Pause Young (Allocation Failure) 13M->9M(15M) 0.300ms
[11788.532s][info][gc] GC(5106) Pause Young (Allocation Failure) 13M->9M(15M) 0.254ms
[11790.644s][info][gc] GC(5107) Pause Young (Allocation Failure) 13M->9M(15M) 0.241ms
[11792.744s][info][gc] GC(5108) Pause Young (Allocation Failure) 13M->9M(15M) 0.255ms
[11794.844s][info][gc] GC(5109) Pause Young (Allocation Failure) 13M->9M(15M) 0.297ms
[11796.945s][info][gc] GC(5110) Pause Young (Allocation Failure) 13M->9M(15M) 0.302ms
[11799.144s][info][gc] GC(5111) Pause Young (Allocation Failure) 13M->9M(15M) 0.258ms
[11801.244s][info][gc] GC(5112) Pause Young (Allocation Failure) 13M->9M(15M) 0.289ms
[11803.343s][info][gc] GC(5113) Pause Young (Allocation Failure) 13M->9M(15M) 0.273ms
[11805.244s][info][gc] GC(5114) Pause Young (Allocation Failure) 13M->9M(15M) 0.345ms
[11807.145s][info][gc] GC(5115) Pause Young (Allocation Failure) 13M->9M(15M) 0.308ms
[11809.044s][info][gc] GC(5116) Pause Young (Allocation Failure) 13M->9M(15M) 0.318ms
[11810.944s][info][gc] GC(5117) Pause Young (Allocation Failure) 13M->9M(15M) 0.327ms
[11812.844s][info][gc] GC(5118) Pause Young (Allocation Failure) 13M->9M(15M) 0.338ms
[11814.744s][info][gc] GC(5119) Pause Young (Allocation Failure) 13M->9M(15M) 0.316ms
[11816.644s][info][gc] GC(5120) Pause Young (Allocation Failure) 13M->9M(15M) 0.338ms
[11818.559s][info][gc] GC(5121) Pause Young (Allocation Failure) 13M->9M(15M) 0.298ms
[11820.544s][info][gc] GC(5122) Pause Young (Allocation Failure) 13M->9M(15M) 0.301ms
[11822.443s][info][gc] GC(5123) Pause Young (Allocation Failure) 13M->9M(15M) 0.339ms
[11824.344s][info][gc] GC(5124) Pause Young (Allocation Failure) 13M->9M(15M) 0.329ms
[11826.244s][info][gc] GC(5125) Pause Young (Allocation Failure) 13M->9M(15M) 0.339ms
[11828.243s][info][gc] GC(5126) Pause Young (Allocation Failure) 13M->9M(15M) 0.298ms
[11830.144s][info][gc] GC(5127) Pause Young (Allocation Failure) 13M->9M(15M) 0.308ms
[11832.044s][info][gc] GC(5128) Pause Young (Allocation Failure) 13M->9M(15M) 0.295ms
[11833.945s][info][gc] GC(5129) Pause Young (Allocation Failure) 13M->9M(15M) 0.346ms
[11835.745s][info][gc] GC(5130) Pause Young (Allocation Failure) 13M->9M(15M) 0.321ms
[11837.645s][info][gc] GC(5131) Pause Young (Allocation Failure) 13M->9M(15M) 0.320ms
[11839.576s][info][gc] GC(5132) Pause Young (Allocation Failure) 13M->9M(15M) 0.274ms
[11841.544s][info][gc] GC(5133) Pause Young (Allocation Failure) 13M->9M(15M) 0.292ms
[11843.444s][info][gc] GC(5134) Pause Young (Allocation Failure) 13M->9M(15M) 0.272ms
[11845.344s][info][gc] GC(5135) Pause Young (Allocation Failure) 13M->9M(15M) 0.306ms
[11847.244s][info][gc] GC(5136) Pause Young (Allocation Failure) 13M->9M(15M) 0.253ms
[11849.144s][info][gc] GC(5137) Pause Young (Allocation Failure) 13M->9M(15M) 0.310ms
[11851.044s][info][gc] GC(5138) Pause Young (Allocation Failure) 13M->9M(15M) 0.313ms
[11853.044s][info][gc] GC(5139) Pause Young (Allocation Failure) 13M->9M(15M) 0.257ms
[11854.943s][info][gc] GC(5140) Pause Young (Allocation Failure) 13M->9M(15M) 0.285ms
[11856.844s][info][gc] GC(5141) Pause Young (Allocation Failure) 13M->9M(15M) 0.324ms
[11858.744s][info][gc] GC(5142) Pause Young (Allocation Failure) 13M->9M(15M) 0.297ms
[11860.644s][info][gc] GC(5143) Pause Young (Allocation Failure) 13M->9M(15M) 0.311ms
[11862.593s][info][gc] GC(5144) Pause Young (Allocation Failure) 13M->9M(15M) 0.275ms
[11864.544s][info][gc] GC(5145) Pause Young (Allocation Failure) 13M->9M(15M) 0.265ms
[11866.544s][info][gc] GC(5146) Pause Young (Allocation Failure) 13M->9M(15M) 0.280ms
[11868.544s][info][gc] GC(5147) Pause Young (Allocation Failure) 13M->9M(15M) 0.296ms
[11870.545s][info][gc] GC(5148) Pause Young (Allocation Failure) 13M->9M(15M) 0.309ms
[11872.601s][info][gc] GC(5149) Pause Young (Allocation Failure) 13M->9M(15M) 0.268ms
[11874.603s][info][gc] GC(5150) Pause Young (Allocation Failure) 13M->9M(15M) 0.393ms
[11876.605s][info][gc] GC(5151) Pause Young (Allocation Failure) 13M->9M(15M) 0.319ms
[11878.643s][info][gc] GC(5152) Pause Young (Allocation Failure) 13M->9M(15M) 0.287ms
[11880.644s][info][gc] GC(5153) Pause Young (Allocation Failure) 13M->9M(15M) 0.342ms
[11882.644s][info][gc] GC(5154) Pause Young (Allocation Failure) 13M->9M(15M) 0.277ms
[11884.644s][info][gc] GC(5155) Pause Young (Allocation Failure) 13M->9M(15M) 0.304ms
[11886.644s][info][gc] GC(5156) Pause Young (Allocation Failure) 13M->9M(15M) 0.300ms
[11888.645s][info][gc] GC(5157) Pause Young (Allocation Failure) 13M->9M(15M) 0.319ms
[11890.744s][info][gc] GC(5158) Pause Young (Allocation Failure) 13M->9M(15M) 0.273ms
[11892.744s][info][gc] GC(5159) Pause Young (Allocation Failure) 13M->9M(15M) 0.345ms
[11894.744s][info][gc] GC(5160) Pause Young (Allocation Failure) 13M->9M(15M) 0.278ms
[11896.744s][info][gc] GC(5161) Pause Young (Allocation Failure) 13M->9M(15M) 0.294ms
[11898.744s][info][gc] GC(5162) Pause Young (Allocation Failure) 13M->9M(15M) 0.302ms
[11900.745s][info][gc] GC(5163) Pause Young (Allocation Failure) 13M->9M(15M) 0.398ms
[11902.843s][info][gc] GC(5164) Pause Young (Allocation Failure) 13M->9M(15M) 0.261ms
[11904.844s][info][gc] GC(5165) Pause Young (Allocation Failure) 13M->9M(15M) 0.259ms
[11906.843s][info][gc] GC(5166) Pause Young (Allocation Failure) 13M->9M(15M) 0.322ms
[11908.845s][info][gc] GC(5167) Pause Young (Allocation Failure) 13M->9M(15M) 0.301ms
[11910.844s][info][gc] GC(5168) Pause Young (Allocation Failure) 13M->9M(15M) 0.267ms
[11912.846s][info][gc] GC(5169) Pause Young (Allocation Failure) 13M->9M(15M) 0.304ms
[11914.844s][info][gc] GC(5170) Pause Young (Allocation Failure) 13M->9M(15M) 0.316ms
[11916.943s][info][gc] GC(5171) Pause Young (Allocation Failure) 13M->9M(15M) 0.241ms
[11918.944s][info][gc] GC(5172) Pause Young (Allocation Failure) 13M->9M(15M) 0.264ms
[11920.943s][info][gc] GC(5173) Pause Young (Allocation Failure) 13M->9M(15M) 0.258ms
[11922.944s][info][gc] GC(5174) Pause Young (Allocation Failure) 13M->9M(15M) 0.301ms
[11925.044s][info][gc] GC(5175) Pause Young (Allocation Failure) 13M->9M(15M) 0.264ms
[11927.044s][info][gc] GC(5176) Pause Young (Allocation Failure) 13M->9M(15M) 0.324ms
[11928.943s][info][gc] GC(5177) Pause Young (Allocation Failure) 13M->9M(15M) 0.348ms
[11930.844s][info][gc] GC(5178) Pause Young (Allocation Failure) 13M->9M(15M) 0.286ms
[11932.744s][info][gc] GC(5179) Pause Young (Allocation Failure) 13M->9M(15M) 0.298ms
[11934.644s][info][gc] GC(5180) Pause Young (Allocation Failure) 13M->9M(15M) 0.332ms
[11936.543s][info][gc] GC(5181) Pause Young (Allocation Failure) 13M->9M(15M) 0.338ms
[11938.444s][info][gc] GC(5182) Pause Young (Allocation Failure) 13M->9M(15M) 0.341ms
[11940.345s][info][gc] GC(5183) Pause Young (Allocation Failure) 13M->9M(15M) 0.350ms
[11942.343s][info][gc] GC(5184) Pause Young (Allocation Failure) 13M->9M(15M) 0.305ms
[11944.244s][info][gc] GC(5185) Pause Young (Allocation Failure) 13M->9M(15M) 0.296ms
[11946.145s][info][gc] GC(5186) Pause Young (Allocation Failure) 13M->9M(15M) 0.305ms
[11948.044s][info][gc] GC(5187) Pause Young (Allocation Failure) 13M->9M(15M) 0.326ms
[11949.945s][info][gc] GC(5188) Pause Young (Allocation Failure) 13M->9M(15M) 0.339ms
[11951.844s][info][gc] GC(5189) Pause Young (Allocation Failure) 13M->9M(15M) 0.330ms
[11953.745s][info][gc] GC(5190) Pause Young (Allocation Failure) 13M->9M(15M) 0.406ms
[11955.744s][info][gc] GC(5191) Pause Young (Allocation Failure) 13M->9M(15M) 0.328ms
[11957.745s][info][gc] GC(5192) Pause Young (Allocation Failure) 13M->9M(15M) 0.383ms
[11959.844s][info][gc] GC(5193) Pause Young (Allocation Failure) 13M->9M(15M) 0.423ms
[11961.844s][info][gc] GC(5194) Pause Young (Allocation Failure) 13M->9M(15M) 0.270ms
[11963.843s][info][gc] GC(5195) Pause Young (Allocation Failure) 13M->9M(15M) 0.276ms
[11965.844s][info][gc] GC(5196) Pause Young (Allocation Failure) 13M->9M(15M) 0.277ms
[11967.845s][info][gc] GC(5197) Pause Young (Allocation Failure) 13M->9M(15M) 0.286ms
[11969.844s][info][gc] GC(5198) Pause Young (Allocation Failure) 13M->9M(15M) 0.302ms
[11971.917s][info][gc] GC(5199) Pause Young (Allocation Failure) 13M->9M(15M) 0.262ms
[11973.943s][info][gc] GC(5200) Pause Young (Allocation Failure) 13M->9M(15M) 0.255ms
[11975.944s][info][gc] GC(5201) Pause Young (Allocation Failure) 13M->9M(15M) 0.240ms
[11977.945s][info][gc] GC(5202) Pause Young (Allocation Failure) 13M->9M(15M) 0.292ms
[11979.944s][info][gc] GC(5203) Pause Young (Allocation Failure) 13M->9M(15M) 0.275ms
[11981.944s][info][gc] GC(5204) Pause Young (Allocation Failure) 13M->9M(15M) 0.293ms
[11983.945s][info][gc] GC(5205) Pause Young (Allocation Failure) 13M->9M(15M) 0.297ms
[11985.944s][info][gc] GC(5206) Pause Young (Allocation Failure) 13M->9M(15M) 0.309ms
[11988.044s][info][gc] GC(5207) Pause Young (Allocation Failure) 13M->9M(15M) 0.302ms
[11990.044s][info][gc] GC(5208) Pause Young (Allocation Failure) 13M->9M(15M) 0.280ms
[11992.043s][info][gc] GC(5209) Pause Young (Allocation Failure) 13M->9M(15M) 0.340ms
[11994.044s][info][gc] GC(5210) Pause Young (Allocation Failure) 13M->9M(15M) 0.278ms
[11996.045s][info][gc] GC(5211) Pause Young (Allocation Failure) 13M->9M(15M) 0.302ms
[11998.044s][info][gc] GC(5212) Pause Young (Allocation Failure) 13M->9M(15M) 0.305ms
[12000.143s][info][gc] GC(5213) Pause Young (Allocation Failure) 13M->9M(15M) 0.269ms
[12002.144s][info][gc] GC(5214) Pause Young (Allocation Failure) 13M->9M(15M) 0.284ms
[12004.144s][info][gc] GC(5215) Pause Young (Allocation Failure) 13M->9M(15M) 0.274ms
[12006.144s][info][gc] GC(5216) Pause Young (Allocation Failure) 13M->9M(15M) 0.297ms
[12008.145s][info][gc] GC(5217) Pause Young (Allocation Failure) 13M->9M(15M) 0.300ms
[12010.144s][info][gc] GC(5218) Pause Young (Allocation Failure) 13M->9M(15M) 0.290ms
[12012.243s][info][gc] GC(5219) Pause Young (Allocation Failure) 13M->9M(15M) 0.293ms
[12014.245s][info][gc] GC(5220) Pause Young (Allocation Failure) 13M->9M(15M) 0.253ms
[12016.344s][info][gc] GC(5221) Pause Young (Allocation Failure) 13M->9M(15M) 0.311ms
[12018.444s][info][gc] GC(5222) Pause Young (Allocation Failure) 13M->9M(15M) 0.342ms
[12020.644s][info][gc] GC(5223) Pause Young (Allocation Failure) 13M->9M(15M) 0.334ms
[12022.744s][info][gc] GC(5224) Pause Young (Allocation Failure) 13M->9M(15M) 0.257ms
[12024.845s][info][gc] GC(5225) Pause Young (Allocation Failure) 13M->9M(15M) 0.536ms
[12026.944s][info][gc] GC(5226) Pause Young (Allocation Failure) 13M->9M(15M) 0.315ms
[12029.143s][info][gc] GC(5227) Pause Young (Allocation Failure) 13M->9M(15M) 0.441ms
[12031.245s][info][gc] GC(5228) Pause Young (Allocation Failure) 13M->9M(15M) 0.274ms
[12033.245s][info][gc] GC(5229) Pause Young (Allocation Failure) 13M->9M(15M) 0.342ms
[12035.144s][info][gc] GC(5230) Pause Young (Allocation Failure) 13M->9M(15M) 0.309ms
[12037.044s][info][gc] GC(5231) Pause Young (Allocation Failure) 13M->9M(15M) 0.328ms
[12038.944s][info][gc] GC(5232) Pause Young (Allocation Failure) 13M->9M(15M) 0.392ms
[12040.843s][info][gc] GC(5233) Pause Young (Allocation Failure) 13M->9M(15M) 0.308ms
[12042.744s][info][gc] GC(5234) Pause Young (Allocation Failure) 13M->9M(15M) 0.361ms
[12044.644s][info][gc] GC(5235) Pause Young (Allocation Failure) 13M->9M(15M) 0.335ms
[12046.545s][info][gc] GC(5236) Pause Young (Allocation Failure) 13M->9M(15M) 0.332ms
[12048.443s][info][gc] GC(5237) Pause Young (Allocation Failure) 13M->9M(15M) 0.333ms
[12050.345s][info][gc] GC(5238) Pause Young (Allocation Failure) 13M->9M(15M) 0.328ms
[12052.244s][info][gc] GC(5239) Pause Young (Allocation Failure) 13M->9M(15M) 0.337ms
[12054.144s][info][gc] GC(5240) Pause Young (Allocation Failure) 13M->9M(15M) 0.342ms
[12056.044s][info][gc] GC(5241) Pause Young (Allocation Failure) 13M->9M(15M) 0.348ms
[12058.044s][info][gc] GC(5242) Pause Young (Allocation Failure) 13M->9M(15M) 0.280ms
[12059.945s][info][gc] GC(5243) Pause Young (Allocation Failure) 13M->9M(15M) 0.287ms
[12061.843s][info][gc] GC(5244) Pause Young (Allocation Failure) 13M->9M(15M) 0.361ms
[12063.761s][info][gc] GC(5245) Pause Young (Allocation Failure) 13M->9M(15M) 0.249ms
[12065.744s][info][gc] GC(5246) Pause Young (Allocation Failure) 13M->9M(15M) 0.233ms
[12067.644s][info][gc] GC(5247) Pause Young (Allocation Failure) 13M->9M(15M) 0.274ms
[12069.544s][info][gc] GC(5248) Pause Young (Allocation Failure) 13M->9M(15M) 0.271ms
[12071.444s][info][gc] GC(5249) Pause Young (Allocation Failure) 13M->9M(15M) 0.292ms
[12073.344s][info][gc] GC(5250) Pause Young (Allocation Failure) 13M->9M(15M) 0.307ms
[12075.344s][info][gc] GC(5251) Pause Young (Allocation Failure) 13M->9M(15M) 0.285ms
[12077.344s][info][gc] GC(5252) Pause Young (Allocation Failure) 13M->9M(15M) 0.278ms
[12079.344s][info][gc] GC(5253) Pause Young (Allocation Failure) 13M->9M(15M) 0.288ms
[12081.344s][info][gc] GC(5254) Pause Young (Allocation Failure) 13M->9M(15M) 0.310ms
[12083.443s][info][gc] GC(5255) Pause Young (Allocation Failure) 13M->9M(15M) 0.239ms
[12085.444s][info][gc] GC(5256) Pause Young (Allocation Failure) 13M->9M(15M) 0.302ms
[12087.444s][info][gc] GC(5257) Pause Young (Allocation Failure) 13M->9M(15M) 0.275ms
[12089.443s][info][gc] GC(5258) Pause Young (Allocation Failure) 13M->9M(15M) 0.268ms
[12091.444s][info][gc] GC(5259) Pause Young (Allocation Failure) 13M->9M(15M) 0.282ms
[12093.444s][info][gc] GC(5260) Pause Young (Allocation Failure) 13M->9M(15M) 0.317ms
[12095.444s][info][gc] GC(5261) Pause Young (Allocation Failure) 13M->9M(15M) 0.306ms
[12097.544s][info][gc] GC(5262) Pause Young (Allocation Failure) 13M->9M(15M) 0.290ms
[12099.544s][info][gc] GC(5263) Pause Young (Allocation Failure) 13M->9M(15M) 0.272ms
[12101.544s][info][gc] GC(5264) Pause Young (Allocation Failure) 13M->9M(15M) 0.279ms
[12103.544s][info][gc] GC(5265) Pause Young (Allocation Failure) 13M->9M(15M) 0.288ms
[12105.543s][info][gc] GC(5266) Pause Young (Allocation Failure) 13M->9M(15M) 0.291ms
[12107.544s][info][gc] GC(5267) Pause Young (Allocation Failure) 13M->9M(15M) 0.299ms
[12109.643s][info][gc] GC(5268) Pause Young (Allocation Failure) 13M->9M(15M) 0.267ms
[12111.643s][info][gc] GC(5269) Pause Young (Allocation Failure) 13M->9M(15M) 0.269ms
[12113.643s][info][gc] GC(5270) Pause Young (Allocation Failure) 13M->9M(15M) 0.260ms
[12115.644s][info][gc] GC(5271) Pause Young (Allocation Failure) 13M->9M(15M) 0.289ms
[12117.644s][info][gc] GC(5272) Pause Young (Allocation Failure) 13M->9M(15M) 0.307ms
[12119.644s][info][gc] GC(5273) Pause Young (Allocation Failure) 13M->9M(15M) 0.317ms
[12121.744s][info][gc] GC(5274) Pause Young (Allocation Failure) 13M->9M(15M) 0.264ms
[12123.744s][info][gc] GC(5275) Pause Young (Allocation Failure) 13M->9M(15M) 0.254ms
[12125.744s][info][gc] GC(5276) Pause Young (Allocation Failure) 13M->9M(15M) 0.281ms
[12127.744s][info][gc] GC(5277) Pause Young (Allocation Failure) 13M->9M(15M) 0.290ms
[12129.743s][info][gc] GC(5278) Pause Young (Allocation Failure) 13M->9M(15M) 0.281ms
[12131.745s][info][gc] GC(5279) Pause Young (Allocation Failure) 13M->9M(15M) 0.306ms
[12133.745s][info][gc] GC(5280) Pause Young (Allocation Failure) 13M->9M(15M) 0.312ms
[12135.844s][info][gc] GC(5281) Pause Young (Allocation Failure) 13M->9M(15M) 0.278ms
[12138.043s][info][gc] GC(5282) Pause Young (Allocation Failure) 13M->9M(15M) 0.216ms
[12140.144s][info][gc] GC(5283) Pause Young (Allocation Failure) 13M->9M(15M) 0.252ms
[12142.244s][info][gc] GC(5284) Pause Young (Allocation Failure) 13M->9M(15M) 0.277ms
[12144.345s][info][gc] GC(5285) Pause Young (Allocation Failure) 13M->9M(15M) 0.295ms
[12146.543s][info][gc] GC(5286) Pause Young (Allocation Failure) 13M->9M(15M) 0.272ms
[12148.644s][info][gc] GC(5287) Pause Young (Allocation Failure) 13M->9M(15M) 0.273ms
[12150.745s][info][gc] GC(5288) Pause Young (Allocation Failure) 13M->9M(15M) 0.301ms
[12152.844s][info][gc] GC(5289) Pause Young (Allocation Failure) 13M->9M(15M) 0.294ms
[12155.043s][info][gc] GC(5290) Pause Young (Allocation Failure) 13M->9M(15M) 0.262ms
[12157.144s][info][gc] GC(5291) Pause Young (Allocation Failure) 13M->9M(15M) 0.270ms
[12159.244s][info][gc] GC(5292) Pause Young (Allocation Failure) 13M->9M(15M) 0.297ms
[12161.443s][info][gc] GC(5293) Pause Young (Allocation Failure) 13M->9M(15M) 0.275ms
[12163.544s][info][gc] GC(5294) Pause Young (Allocation Failure) 13M->9M(15M) 0.278ms
[12165.644s][info][gc] GC(5295) Pause Young (Allocation Failure) 13M->9M(15M) 0.280ms
[12167.543s][info][gc] GC(5296) Pause Young (Allocation Failure) 13M->9M(15M) 0.322ms
[12169.444s][info][gc] GC(5297) Pause Young (Allocation Failure) 13M->9M(15M) 0.315ms
[12171.344s][info][gc] GC(5298) Pause Young (Allocation Failure) 13M->9M(15M) 0.310ms
[12173.243s][info][gc] GC(5299) Pause Young (Allocation Failure) 13M->9M(15M) 0.284ms
[12175.144s][info][gc] GC(5300) Pause Young (Allocation Failure) 13M->9M(15M) 0.330ms
[12177.043s][info][gc] GC(5301) Pause Young (Allocation Failure) 13M->9M(15M) 0.302ms
[12178.943s][info][gc] GC(5302) Pause Young (Allocation Failure) 13M->9M(15M) 0.289ms
[12180.844s][info][gc] GC(5303) Pause Young (Allocation Failure) 13M->9M(15M) 0.342ms
[12182.844s][info][gc] GC(5304) Pause Young (Allocation Failure) 13M->9M(15M) 0.271ms
[12184.744s][info][gc] GC(5305) Pause Young (Allocation Failure) 13M->9M(15M) 0.279ms
[12186.644s][info][gc] GC(5306) Pause Young (Allocation Failure) 13M->9M(15M) 0.334ms
[12188.543s][info][gc] GC(5307) Pause Young (Allocation Failure) 13M->9M(15M) 0.334ms
[12190.444s][info][gc] GC(5308) Pause Young (Allocation Failure) 13M->9M(15M) 0.317ms
[12192.344s][info][gc] GC(5309) Pause Young (Allocation Failure) 13M->9M(15M) 0.375ms
[12194.244s][info][gc] GC(5310) Pause Young (Allocation Failure) 13M->9M(15M) 0.326ms
[12196.244s][info][gc] GC(5311) Pause Young (Allocation Failure) 13M->9M(15M) 0.344ms
[12198.343s][info][gc] GC(5312) Pause Young (Allocation Failure) 13M->9M(15M) 0.259ms
[12200.344s][info][gc] GC(5313) Pause Young (Allocation Failure) 13M->9M(15M) 0.310ms
[12202.344s][info][gc] GC(5314) Pause Young (Allocation Failure) 13M->9M(15M) 0.270ms
[12204.344s][info][gc] GC(5315) Pause Young (Allocation Failure) 13M->9M(15M) 0.295ms
[12206.344s][info][gc] GC(5316) Pause Young (Allocation Failure) 13M->9M(15M) 0.299ms
[12208.344s][info][gc] GC(5317) Pause Young (Allocation Failure) 13M->9M(15M) 0.291ms
[12210.443s][info][gc] GC(5318) Pause Young (Allocation Failure) 13M->9M(15M) 0.255ms
[12212.444s][info][gc] GC(5319) Pause Young (Allocation Failure) 13M->9M(15M) 0.271ms
[12214.444s][info][gc] GC(5320) Pause Young (Allocation Failure) 13M->9M(15M) 0.322ms
[12216.444s][info][gc] GC(5321) Pause Young (Allocation Failure) 13M->9M(15M) 0.298ms
[12218.445s][info][gc] GC(5322) Pause Young (Allocation Failure) 13M->9M(15M) 0.279ms
[12220.444s][info][gc] GC(5323) Pause Young (Allocation Failure) 13M->9M(15M) 0.315ms
[12222.544s][info][gc] GC(5324) Pause Young (Allocation Failure) 13M->9M(15M) 0.294ms
[12224.544s][info][gc] GC(5325) Pause Young (Allocation Failure) 13M->9M(15M) 0.255ms
[12226.543s][info][gc] GC(5326) Pause Young (Allocation Failure) 13M->9M(15M) 0.271ms
[12228.544s][info][gc] GC(5327) Pause Young (Allocation Failure) 13M->9M(15M) 0.278ms
[12230.544s][info][gc] GC(5328) Pause Young (Allocation Failure) 13M->9M(15M) 0.297ms
[12232.545s][info][gc] GC(5329) Pause Young (Allocation Failure) 13M->9M(15M) 0.299ms
[12234.544s][info][gc] GC(5330) Pause Young (Allocation Failure) 13M->9M(15M) 0.305ms
[12236.644s][info][gc] GC(5331) Pause Young (Allocation Failure) 13M->9M(15M) 0.267ms
[12238.643s][info][gc] GC(5332) Pause Young (Allocation Failure) 13M->9M(15M) 0.333ms
[12240.644s][info][gc] GC(5333) Pause Young (Allocation Failure) 13M->9M(15M) 0.274ms
[12242.645s][info][gc] GC(5334) Pause Young (Allocation Failure) 13M->9M(15M) 0.282ms
[12244.644s][info][gc] GC(5335) Pause Young (Allocation Failure) 13M->9M(15M) 0.295ms
[12246.644s][info][gc] GC(5336) Pause Young (Allocation Failure) 13M->9M(15M) 0.287ms
[12248.743s][info][gc] GC(5337) Pause Young (Allocation Failure) 13M->9M(15M) 0.269ms
[12250.745s][info][gc] GC(5338) Pause Young (Allocation Failure) 13M->9M(15M) 0.270ms
[12252.744s][info][gc] GC(5339) Pause Young (Allocation Failure) 13M->9M(15M) 0.286ms
[12254.843s][info][gc] GC(5340) Pause Young (Allocation Failure) 13M->9M(15M) 0.243ms
[12256.924s][info][gc] GC(5341) Pause Young (Allocation Failure) 13M->9M(15M) 0.325ms
[12258.843s][info][gc] GC(5342) Pause Young (Allocation Failure) 13M->9M(15M) 0.288ms
[12260.644s][info][gc] GC(5343) Pause Young (Allocation Failure) 13M->9M(15M) 0.338ms
[12262.644s][info][gc] GC(5344) Pause Young (Allocation Failure) 13M->9M(15M) 0.310ms
[12264.543s][info][gc] GC(5345) Pause Young (Allocation Failure) 13M->9M(15M) 0.328ms
[12266.443s][info][gc] GC(5346) Pause Young (Allocation Failure) 13M->9M(15M) 0.292ms
[12268.344s][info][gc] GC(5347) Pause Young (Allocation Failure) 13M->9M(15M) 0.320ms
[12270.245s][info][gc] GC(5348) Pause Young (Allocation Failure) 13M->9M(15M) 0.318ms
[12272.144s][info][gc] GC(5349) Pause Young (Allocation Failure) 13M->9M(15M) 0.348ms
[12274.044s][info][gc] GC(5350) Pause Young (Allocation Failure) 13M->9M(15M) 0.347ms
[12275.944s][info][gc] GC(5351) Pause Young (Allocation Failure) 13M->9M(15M) 0.330ms
[12277.944s][info][gc] GC(5352) Pause Young (Allocation Failure) 13M->9M(15M) 0.294ms
[12279.844s][info][gc] GC(5353) Pause Young (Allocation Failure) 13M->9M(15M) 0.348ms
[12281.744s][info][gc] GC(5354) Pause Young (Allocation Failure) 13M->9M(15M) 0.302ms
[12283.643s][info][gc] GC(5355) Pause Young (Allocation Failure) 13M->9M(15M) 0.277ms
[12285.544s][info][gc] GC(5356) Pause Young (Allocation Failure) 13M->9M(15M) 0.623ms
[12287.444s][info][gc] GC(5357) Pause Young (Allocation Failure) 13M->9M(15M) 0.318ms
[12289.345s][info][gc] GC(5358) Pause Young (Allocation Failure) 13M->9M(15M) 0.461ms
[12291.244s][info][gc] GC(5359) Pause Young (Allocation Failure) 13M->9M(15M) 0.289ms
[12293.144s][info][gc] GC(5360) Pause Young (Allocation Failure) 13M->9M(15M) 0.293ms
[12295.044s][info][gc] GC(5361) Pause Young (Allocation Failure) 13M->9M(15M) 0.316ms
[12296.953s][info][gc] GC(5362) Pause Young (Allocation Failure) 13M->9M(15M) 0.266ms
[12298.946s][info][gc] GC(5363) Pause Young (Allocation Failure) 13M->9M(15M) 0.333ms
[12300.844s][info][gc] GC(5364) Pause Young (Allocation Failure) 13M->9M(15M) 0.318ms
[12302.744s][info][gc] GC(5365) Pause Young (Allocation Failure) 13M->9M(15M) 0.293ms
[12304.644s][info][gc] GC(5366) Pause Young (Allocation Failure) 13M->9M(15M) 0.310ms
[12306.544s][info][gc] GC(5367) Pause Young (Allocation Failure) 13M->9M(15M) 0.307ms
[12308.445s][info][gc] GC(5368) Pause Young (Allocation Failure) 13M->9M(15M) 0.515ms
[12310.444s][info][gc] GC(5369) Pause Young (Allocation Failure) 13M->9M(15M) 0.267ms
[12312.344s][info][gc] GC(5370) Pause Young (Allocation Failure) 13M->9M(15M) 0.262ms
[12314.243s][info][gc] GC(5371) Pause Young (Allocation Failure) 13M->9M(15M) 0.296ms
[12316.244s][info][gc] GC(5372) Pause Young (Allocation Failure) 13M->9M(15M) 0.284ms
[12318.245s][info][gc] GC(5373) Pause Young (Allocation Failure) 13M->9M(15M) 0.334ms
[12320.244s][info][gc] GC(5374) Pause Young (Allocation Failure) 13M->9M(15M) 0.310ms
[12322.343s][info][gc] GC(5375) Pause Young (Allocation Failure) 13M->9M(15M) 0.252ms
[12324.344s][info][gc] GC(5376) Pause Young (Allocation Failure) 13M->9M(15M) 0.309ms
[12326.344s][info][gc] GC(5377) Pause Young (Allocation Failure) 13M->9M(15M) 0.262ms
[12328.344s][info][gc] GC(5378) Pause Young (Allocation Failure) 13M->9M(15M) 0.283ms
[12330.345s][info][gc] GC(5379) Pause Young (Allocation Failure) 13M->9M(15M) 0.292ms
[12332.344s][info][gc] GC(5380) Pause Young (Allocation Failure) 13M->9M(15M) 0.299ms
[12334.345s][info][gc] GC(5381) Pause Young (Allocation Failure) 13M->9M(15M) 0.306ms
[12336.444s][info][gc] GC(5382) Pause Young (Allocation Failure) 13M->9M(15M) 0.250ms
[12338.444s][info][gc] GC(5383) Pause Young (Allocation Failure) 13M->9M(15M) 0.282ms
[12340.443s][info][gc] GC(5384) Pause Young (Allocation Failure) 13M->9M(15M) 0.277ms
[12342.444s][info][gc] GC(5385) Pause Young (Allocation Failure) 13M->9M(15M) 0.287ms
[12344.444s][info][gc] GC(5386) Pause Young (Allocation Failure) 13M->9M(15M) 0.282ms
[12346.443s][info][gc] GC(5387) Pause Young (Allocation Failure) 13M->9M(15M) 0.311ms
[12348.543s][info][gc] GC(5388) Pause Young (Allocation Failure) 13M->9M(15M) 0.262ms
[12350.544s][info][gc] GC(5389) Pause Young (Allocation Failure) 13M->9M(15M) 0.251ms
[12352.543s][info][gc] GC(5390) Pause Young (Allocation Failure) 13M->9M(15M) 0.303ms
[12354.544s][info][gc] GC(5391) Pause Young (Allocation Failure) 13M->9M(15M) 0.290ms
[12356.544s][info][gc] GC(5392) Pause Young (Allocation Failure) 13M->9M(15M) 0.282ms
[12358.545s][info][gc] GC(5393) Pause Young (Allocation Failure) 13M->9M(15M) 0.307ms
[12360.643s][info][gc] GC(5394) Pause Young (Allocation Failure) 13M->9M(15M) 0.270ms
[12362.644s][info][gc] GC(5395) Pause Young (Allocation Failure) 13M->9M(15M) 0.277ms
[12364.644s][info][gc] GC(5396) Pause Young (Allocation Failure) 13M->9M(15M) 0.284ms
[12366.644s][info][gc] GC(5397) Pause Young (Allocation Failure) 13M->9M(15M) 0.321ms
[12368.644s][info][gc] GC(5398) Pause Young (Allocation Failure) 13M->9M(15M) 0.300ms
[12370.645s][info][gc] GC(5399) Pause Young (Allocation Failure) 13M->9M(15M) 0.297ms
[12372.644s][info][gc] GC(5400) Pause Young (Allocation Failure) 13M->9M(15M) 0.312ms
[12374.744s][info][gc] GC(5401) Pause Young (Allocation Failure) 13M->9M(15M) 0.302ms
[12376.844s][info][gc] GC(5402) Pause Young (Allocation Failure) 13M->9M(15M) 0.286ms
[12379.027s][info][gc] GC(5403) Pause Young (Allocation Failure) 13M->9M(15M) 0.263ms
[12381.143s][info][gc] GC(5404) Pause Young (Allocation Failure) 13M->9M(15M) 0.253ms
[12383.245s][info][gc] GC(5405) Pause Young (Allocation Failure) 13M->9M(15M) 0.261ms
[12385.344s][info][gc] GC(5406) Pause Young (Allocation Failure) 13M->9M(15M) 0.302ms
[12387.444s][info][gc] GC(5407) Pause Young (Allocation Failure) 13M->9M(15M) 0.299ms
[12389.644s][info][gc] GC(5408) Pause Young (Allocation Failure) 13M->9M(15M) 0.266ms
[12391.744s][info][gc] GC(5409) Pause Young (Allocation Failure) 13M->9M(15M) 0.278ms
[12393.844s][info][gc] GC(5410) Pause Young (Allocation Failure) 13M->9M(15M) 0.308ms
[12395.744s][info][gc] GC(5411) Pause Young (Allocation Failure) 13M->9M(15M) 0.340ms
[12397.644s][info][gc] GC(5412) Pause Young (Allocation Failure) 13M->9M(15M) 0.324ms
[12399.544s][info][gc] GC(5413) Pause Young (Allocation Failure) 13M->9M(15M) 0.327ms
[12401.444s][info][gc] GC(5414) Pause Young (Allocation Failure) 13M->9M(15M) 0.332ms
[12403.344s][info][gc] GC(5415) Pause Young (Allocation Failure) 13M->9M(15M) 0.344ms
[12405.244s][info][gc] GC(5416) Pause Young (Allocation Failure) 13M->9M(15M) 0.337ms
[12407.145s][info][gc] GC(5417) Pause Young (Allocation Failure) 13M->9M(15M) 0.335ms
[12409.113s][info][gc] GC(5418) Pause Young (Allocation Failure) 13M->9M(15M) 0.269ms
[12411.044s][info][gc] GC(5419) Pause Young (Allocation Failure) 13M->9M(15M) 0.309ms
[12412.944s][info][gc] GC(5420) Pause Young (Allocation Failure) 13M->9M(15M) 0.340ms
[12414.845s][info][gc] GC(5421) Pause Young (Allocation Failure) 13M->9M(15M) 0.336ms
[12416.744s][info][gc] GC(5422) Pause Young (Allocation Failure) 13M->9M(15M) 0.343ms
[12418.682s][info][gc] GC(5423) Pause Young (Allocation Failure) 13M->9M(15M) 0.321ms
[12420.644s][info][gc] GC(5424) Pause Young (Allocation Failure) 13M->9M(15M) 0.338ms
[12422.744s][info][gc] GC(5425) Pause Young (Allocation Failure) 13M->9M(15M) 0.275ms
[12424.744s][info][gc] GC(5426) Pause Young (Allocation Failure) 13M->9M(15M) 0.535ms
[12426.743s][info][gc] GC(5427) Pause Young (Allocation Failure) 13M->9M(15M) 0.324ms
[12428.744s][info][gc] GC(5428) Pause Young (Allocation Failure) 13M->9M(15M) 0.294ms
[12430.744s][info][gc] GC(5429) Pause Young (Allocation Failure) 13M->9M(15M) 0.295ms
[12432.745s][info][gc] GC(5430) Pause Young (Allocation Failure) 13M->9M(15M) 0.298ms
[12434.843s][info][gc] GC(5431) Pause Young (Allocation Failure) 13M->9M(15M) 0.349ms
[12436.846s][info][gc] GC(5432) Pause Young (Allocation Failure) 13M->9M(15M) 0.683ms
[12438.844s][info][gc] GC(5433) Pause Young (Allocation Failure) 13M->9M(15M) 0.352ms
[12440.843s][info][gc] GC(5434) Pause Young (Allocation Failure) 13M->9M(15M) 0.301ms
[12442.845s][info][gc] GC(5435) Pause Young (Allocation Failure) 13M->9M(15M) 0.312ms
[12444.845s][info][gc] GC(5436) Pause Young (Allocation Failure) 13M->9M(15M) 0.307ms
[12446.944s][info][gc] GC(5437) Pause Young (Allocation Failure) 13M->9M(15M) 0.232ms
[12448.943s][info][gc] GC(5438) Pause Young (Allocation Failure) 13M->9M(15M) 0.291ms
[12450.944s][info][gc] GC(5439) Pause Young (Allocation Failure) 13M->9M(15M) 0.279ms
[12452.944s][info][gc] GC(5440) Pause Young (Allocation Failure) 13M->9M(15M) 0.294ms
[12454.944s][info][gc] GC(5441) Pause Young (Allocation Failure) 13M->9M(15M) 0.309ms
[12456.944s][info][gc] GC(5442) Pause Young (Allocation Failure) 13M->9M(15M) 0.296ms
[12459.044s][info][gc] GC(5443) Pause Young (Allocation Failure) 13M->9M(15M) 0.246ms
[12461.044s][info][gc] GC(5444) Pause Young (Allocation Failure) 13M->9M(15M) 0.266ms
[12463.044s][info][gc] GC(5445) Pause Young (Allocation Failure) 13M->9M(15M) 0.335ms
[12465.043s][info][gc] GC(5446) Pause Young (Allocation Failure) 13M->9M(15M) 0.288ms
[12467.044s][info][gc] GC(5447) Pause Young (Allocation Failure) 13M->9M(15M) 0.299ms
[12469.044s][info][gc] GC(5448) Pause Young (Allocation Failure) 13M->9M(15M) 0.305ms
[12471.045s][info][gc] GC(5449) Pause Young (Allocation Failure) 13M->9M(15M) 0.313ms
[12472.944s][info][gc] GC(5450) Pause Young (Allocation Failure) 13M->9M(15M) 0.341ms
[12474.845s][info][gc] GC(5451) Pause Young (Allocation Failure) 13M->9M(15M) 0.377ms
[12476.744s][info][gc] GC(5452) Pause Young (Allocation Failure) 13M->9M(15M) 0.336ms
[12478.645s][info][gc] GC(5453) Pause Young (Allocation Failure) 13M->9M(15M) 0.322ms
[12480.544s][info][gc] GC(5454) Pause Young (Allocation Failure) 13M->9M(15M) 0.297ms
[12482.444s][info][gc] GC(5455) Pause Young (Allocation Failure) 13M->9M(15M) 0.325ms
[12484.345s][info][gc] GC(5456) Pause Young (Allocation Failure) 13M->9M(15M) 0.363ms
[12486.245s][info][gc] GC(5457) Pause Young (Allocation Failure) 13M->9M(15M) 0.336ms
[12488.244s][info][gc] GC(5458) Pause Young (Allocation Failure) 13M->9M(15M) 0.278ms
[12490.145s][info][gc] GC(5459) Pause Young (Allocation Failure) 13M->9M(15M) 0.421ms
[12492.045s][info][gc] GC(5460) Pause Young (Allocation Failure) 13M->9M(15M) 0.345ms
[12493.944s][info][gc] GC(5461) Pause Young (Allocation Failure) 13M->9M(15M) 0.321ms
[12495.944s][info][gc] GC(5462) Pause Young (Allocation Failure) 13M->9M(15M) 0.334ms
[12498.044s][info][gc] GC(5463) Pause Young (Allocation Failure) 13M->9M(15M) 0.314ms
[12500.044s][info][gc] GC(5464) Pause Young (Allocation Failure) 13M->9M(15M) 0.298ms
[12502.044s][info][gc] GC(5465) Pause Young (Allocation Failure) 13M->9M(15M) 0.300ms
[12504.044s][info][gc] GC(5466) Pause Young (Allocation Failure) 13M->9M(15M) 0.307ms
[12506.044s][info][gc] GC(5467) Pause Young (Allocation Failure) 13M->9M(15M) 0.294ms
[12508.044s][info][gc] GC(5468) Pause Young (Allocation Failure) 13M->9M(15M) 0.302ms
[12510.131s][info][gc] GC(5469) Pause Young (Allocation Failure) 13M->9M(15M) 0.225ms
[12512.132s][info][gc] GC(5470) Pause Young (Allocation Failure) 13M->9M(15M) 0.269ms
[12514.134s][info][gc] GC(5471) Pause Young (Allocation Failure) 13M->9M(15M) 0.278ms
[12516.144s][info][gc] GC(5472) Pause Young (Allocation Failure) 13M->9M(15M) 0.257ms
[12518.144s][info][gc] GC(5473) Pause Young (Allocation Failure) 13M->9M(15M) 0.271ms
[12520.143s][info][gc] GC(5474) Pause Young (Allocation Failure) 13M->9M(15M) 0.287ms
[12522.145s][info][gc] GC(5475) Pause Young (Allocation Failure) 13M->9M(15M) 0.331ms
[12524.152s][info][gc] GC(5476) Pause Young (Allocation Failure) 13M->9M(15M) 0.285ms
[12526.044s][info][gc] GC(5477) Pause Young (Allocation Failure) 13M->9M(15M) 0.306ms
[12527.944s][info][gc] GC(5478) Pause Young (Allocation Failure) 13M->9M(15M) 0.272ms
[12529.744s][info][gc] GC(5479) Pause Young (Allocation Failure) 13M->9M(15M) 0.334ms
[12531.645s][info][gc] GC(5480) Pause Young (Allocation Failure) 13M->9M(15M) 0.320ms
[12533.643s][info][gc] GC(5481) Pause Young (Allocation Failure) 13M->9M(15M) 0.299ms
[12535.544s][info][gc] GC(5482) Pause Young (Allocation Failure) 13M->9M(15M) 0.305ms
[12537.444s][info][gc] GC(5483) Pause Young (Allocation Failure) 13M->9M(15M) 0.284ms
[12539.343s][info][gc] GC(5484) Pause Young (Allocation Failure) 13M->9M(15M) 0.277ms
[12541.244s][info][gc] GC(5485) Pause Young (Allocation Failure) 13M->9M(15M) 0.309ms
[12543.153s][info][gc] GC(5486) Pause Young (Allocation Failure) 13M->9M(15M) 0.276ms
[12545.144s][info][gc] GC(5487) Pause Young (Allocation Failure) 13M->9M(15M) 0.265ms
[12547.044s][info][gc] GC(5488) Pause Young (Allocation Failure) 13M->9M(15M) 0.315ms
[12548.944s][info][gc] GC(5489) Pause Young (Allocation Failure) 13M->9M(15M) 0.275ms
[12550.844s][info][gc] GC(5490) Pause Young (Allocation Failure) 13M->9M(15M) 0.304ms
[12552.744s][info][gc] GC(5491) Pause Young (Allocation Failure) 13M->9M(15M) 0.307ms
[12554.644s][info][gc] GC(5492) Pause Young (Allocation Failure) 13M->9M(15M) 0.291ms
[12556.743s][info][gc] GC(5493) Pause Young (Allocation Failure) 13M->9M(15M) 0.258ms
[12558.744s][info][gc] GC(5494) Pause Young (Allocation Failure) 13M->9M(15M) 0.273ms
[12560.743s][info][gc] GC(5495) Pause Young (Allocation Failure) 13M->9M(15M) 0.282ms
[12562.745s][info][gc] GC(5496) Pause Young (Allocation Failure) 13M->9M(15M) 0.300ms
[12564.744s][info][gc] GC(5497) Pause Young (Allocation Failure) 13M->9M(15M) 0.298ms
[12566.744s][info][gc] GC(5498) Pause Young (Allocation Failure) 13M->9M(15M) 0.315ms
[12568.844s][info][gc] GC(5499) Pause Young (Allocation Failure) 13M->9M(15M) 0.266ms
[12570.844s][info][gc] GC(5500) Pause Young (Allocation Failure) 13M->9M(15M) 0.303ms
[12572.844s][info][gc] GC(5501) Pause Young (Allocation Failure) 13M->9M(15M) 0.279ms
[12574.844s][info][gc] GC(5502) Pause Young (Allocation Failure) 13M->9M(15M) 0.293ms
[12576.845s][info][gc] GC(5503) Pause Young (Allocation Failure) 13M->9M(15M) 0.298ms
[12578.845s][info][gc] GC(5504) Pause Young (Allocation Failure) 13M->9M(15M) 0.457ms
[12580.943s][info][gc] GC(5505) Pause Young (Allocation Failure) 13M->9M(15M) 0.242ms
[12582.944s][info][gc] GC(5506) Pause Young (Allocation Failure) 13M->9M(15M) 0.263ms
[12584.943s][info][gc] GC(5507) Pause Young (Allocation Failure) 13M->9M(15M) 0.271ms
[12586.944s][info][gc] GC(5508) Pause Young (Allocation Failure) 13M->9M(15M) 0.278ms
[12588.944s][info][gc] GC(5509) Pause Young (Allocation Failure) 13M->9M(15M) 0.298ms
[12590.944s][info][gc] GC(5510) Pause Young (Allocation Failure) 13M->9M(15M) 0.289ms
[12592.944s][info][gc] GC(5511) Pause Young (Allocation Failure) 13M->9M(15M) 0.316ms
[12595.043s][info][gc] GC(5512) Pause Young (Allocation Failure) 13M->9M(15M) 0.268ms
[12597.044s][info][gc] GC(5513) Pause Young (Allocation Failure) 13M->9M(15M) 0.316ms
[12599.045s][info][gc] GC(5514) Pause Young (Allocation Failure) 13M->9M(15M) 0.285ms
[12601.043s][info][gc] GC(5515) Pause Young (Allocation Failure) 13M->9M(15M) 0.297ms
[12603.044s][info][gc] GC(5516) Pause Young (Allocation Failure) 13M->9M(15M) 0.304ms
[12605.044s][info][gc] GC(5517) Pause Young (Allocation Failure) 13M->9M(15M) 0.284ms
[12607.144s][info][gc] GC(5518) Pause Young (Allocation Failure) 13M->9M(15M) 0.269ms
[12609.143s][info][gc] GC(5519) Pause Young (Allocation Failure) 13M->9M(15M) 0.264ms
[12611.144s][info][gc] GC(5520) Pause Young (Allocation Failure) 13M->9M(15M) 0.282ms
[12613.144s][info][gc] GC(5521) Pause Young (Allocation Failure) 13M->9M(15M) 0.298ms
[12615.211s][info][gc] GC(5522) Pause Young (Allocation Failure) 13M->9M(15M) 0.315ms
[12617.343s][info][gc] GC(5523) Pause Young (Allocation Failure) 13M->9M(15M) 0.244ms
[12619.444s][info][gc] GC(5524) Pause Young (Allocation Failure) 13M->9M(15M) 0.259ms
[12621.345s][info][gc] GC(5525) Pause Young (Allocation Failure) 13M->9M(15M) 0.330ms
[12623.344s][info][gc] GC(5526) Pause Young (Allocation Failure) 13M->9M(15M) 0.295ms
[12625.244s][info][gc] GC(5527) Pause Young (Allocation Failure) 13M->9M(15M) 0.301ms
[12627.144s][info][gc] GC(5528) Pause Young (Allocation Failure) 13M->9M(15M) 0.354ms
[12629.044s][info][gc] GC(5529) Pause Young (Allocation Failure) 13M->9M(15M) 0.348ms
[12630.945s][info][gc] GC(5530) Pause Young (Allocation Failure) 13M->9M(15M) 0.341ms
[12632.943s][info][gc] GC(5531) Pause Young (Allocation Failure) 13M->9M(15M) 0.281ms
[12634.844s][info][gc] GC(5532) Pause Young (Allocation Failure) 13M->9M(15M) 0.296ms
[12636.744s][info][gc] GC(5533) Pause Young (Allocation Failure) 13M->9M(15M) 0.312ms
[12638.644s][info][gc] GC(5534) Pause Young (Allocation Failure) 13M->9M(15M) 0.313ms
[12640.544s][info][gc] GC(5535) Pause Young (Allocation Failure) 13M->9M(15M) 0.334ms
[12642.444s][info][gc] GC(5536) Pause Young (Allocation Failure) 13M->9M(15M) 0.309ms
[12644.344s][info][gc] GC(5537) Pause Young (Allocation Failure) 13M->9M(15M) 0.335ms
[12646.344s][info][gc] GC(5538) Pause Young (Allocation Failure) 13M->9M(15M) 0.328ms
[12648.444s][info][gc] GC(5539) Pause Young (Allocation Failure) 13M->9M(15M) 0.283ms
[12650.444s][info][gc] GC(5540) Pause Young (Allocation Failure) 13M->9M(15M) 0.289ms
[12652.443s][info][gc] GC(5541) Pause Young (Allocation Failure) 13M->9M(15M) 0.291ms
[12654.444s][info][gc] GC(5542) Pause Young (Allocation Failure) 13M->9M(15M) 0.368ms
[12656.344s][info][gc] GC(5543) Pause Young (Allocation Failure) 13M->9M(15M) 0.291ms
[12658.244s][info][gc] GC(5544) Pause Young (Allocation Failure) 13M->9M(15M) 0.298ms
[12660.144s][info][gc] GC(5545) Pause Young (Allocation Failure) 13M->9M(15M) 0.310ms
[12662.044s][info][gc] GC(5546) Pause Young (Allocation Failure) 13M->9M(15M) 0.317ms
[12663.944s][info][gc] GC(5547) Pause Young (Allocation Failure) 13M->9M(15M) 0.314ms
[12665.843s][info][gc] GC(5548) Pause Young (Allocation Failure) 13M->9M(15M) 0.335ms
[12667.744s][info][gc] GC(5549) Pause Young (Allocation Failure) 13M->9M(15M) 0.311ms
[12669.644s][info][gc] GC(5550) Pause Young (Allocation Failure) 13M->9M(15M) 0.329ms
[12671.544s][info][gc] GC(5551) Pause Young (Allocation Failure) 13M->9M(15M) 0.330ms
[12673.544s][info][gc] GC(5552) Pause Young (Allocation Failure) 13M->9M(15M) 0.284ms
[12675.444s][info][gc] GC(5553) Pause Young (Allocation Failure) 13M->9M(15M) 0.333ms
[12677.544s][info][gc] GC(5554) Pause Young (Allocation Failure) 13M->9M(15M) 0.303ms
[12679.544s][info][gc] GC(5555) Pause Young (Allocation Failure) 13M->9M(15M) 0.292ms
[12681.544s][info][gc] GC(5556) Pause Young (Allocation Failure) 13M->9M(15M) 0.300ms
[12683.444s][info][gc] GC(5557) Pause Young (Allocation Failure) 13M->9M(15M) 0.339ms
[12685.343s][info][gc] GC(5558) Pause Young (Allocation Failure) 13M->9M(15M) 0.302ms
[12687.245s][info][gc] GC(5559) Pause Young (Allocation Failure) 13M->9M(15M) 0.345ms
[12689.144s][info][gc] GC(5560) Pause Young (Allocation Failure) 13M->9M(15M) 0.342ms
[12691.045s][info][gc] GC(5561) Pause Young (Allocation Failure) 13M->9M(15M) 0.320ms
[12692.945s][info][gc] GC(5562) Pause Young (Allocation Failure) 13M->9M(15M) 0.318ms
[12694.844s][info][gc] GC(5563) Pause Young (Allocation Failure) 13M->9M(15M) 0.323ms
[12696.744s][info][gc] GC(5564) Pause Young (Allocation Failure) 13M->9M(15M) 0.335ms
[12698.744s][info][gc] GC(5565) Pause Young (Allocation Failure) 13M->9M(15M) 0.257ms
[12700.644s][info][gc] GC(5566) Pause Young (Allocation Failure) 13M->9M(15M) 0.273ms
[12702.545s][info][gc] GC(5567) Pause Young (Allocation Failure) 13M->9M(15M) 0.296ms
[12704.444s][info][gc] GC(5568) Pause Young (Allocation Failure) 13M->9M(15M) 0.296ms
[12706.445s][info][gc] GC(5569) Pause Young (Allocation Failure) 13M->9M(15M) 0.315ms
[12708.445s][info][gc] GC(5570) Pause Young (Allocation Failure) 13M->9M(15M) 0.318ms
[12710.545s][info][gc] GC(5571) Pause Young (Allocation Failure) 13M->9M(15M) 0.556ms
[12712.544s][info][gc] GC(5572) Pause Young (Allocation Failure) 13M->9M(15M) 0.316ms
[12714.545s][info][gc] GC(5573) Pause Young (Allocation Failure) 13M->9M(15M) 0.291ms
[12716.545s][info][gc] GC(5574) Pause Young (Allocation Failure) 13M->9M(15M) 0.368ms
[12718.544s][info][gc] GC(5575) Pause Young (Allocation Failure) 13M->9M(15M) 0.323ms
[12720.545s][info][gc] GC(5576) Pause Young (Allocation Failure) 13M->9M(15M) 0.315ms
[12722.644s][info][gc] GC(5577) Pause Young (Allocation Failure) 13M->9M(15M) 0.264ms
[12724.644s][info][gc] GC(5578) Pause Young (Allocation Failure) 13M->9M(15M) 0.258ms
[12726.644s][info][gc] GC(5579) Pause Young (Allocation Failure) 13M->9M(15M) 0.279ms
[12728.644s][info][gc] GC(5580) Pause Young (Allocation Failure) 13M->9M(15M) 0.287ms
[12730.645s][info][gc] GC(5581) Pause Young (Allocation Failure) 13M->9M(15M) 0.266ms
[12732.644s][info][gc] GC(5582) Pause Young (Allocation Failure) 13M->9M(15M) 0.316ms
[12734.645s][info][gc] GC(5583) Pause Young (Allocation Failure) 13M->9M(15M) 0.294ms
[12736.744s][info][gc] GC(5584) Pause Young (Allocation Failure) 13M->9M(15M) 0.262ms
[12738.744s][info][gc] GC(5585) Pause Young (Allocation Failure) 13M->9M(15M) 0.281ms
[12740.744s][info][gc] GC(5586) Pause Young (Allocation Failure) 13M->9M(15M) 0.280ms
[12742.743s][info][gc] GC(5587) Pause Young (Allocation Failure) 13M->9M(15M) 0.311ms
[12744.744s][info][gc] GC(5588) Pause Young (Allocation Failure) 13M->9M(15M) 0.303ms
[12746.744s][info][gc] GC(5589) Pause Young (Allocation Failure) 13M->9M(15M) 0.315ms
[12748.843s][info][gc] GC(5590) Pause Young (Allocation Failure) 13M->9M(15M) 0.269ms
[12750.843s][info][gc] GC(5591) Pause Young (Allocation Failure) 13M->9M(15M) 0.281ms
[12752.844s][info][gc] GC(5592) Pause Young (Allocation Failure) 13M->9M(15M) 0.285ms
[12754.844s][info][gc] GC(5593) Pause Young (Allocation Failure) 13M->9M(15M) 0.298ms
[12756.844s][info][gc] GC(5594) Pause Young (Allocation Failure) 13M->9M(15M) 0.302ms
[12758.844s][info][gc] GC(5595) Pause Young (Allocation Failure) 13M->9M(15M) 0.310ms
[12760.943s][info][gc] GC(5596) Pause Young (Allocation Failure) 13M->9M(15M) 0.247ms
[12762.943s][info][gc] GC(5597) Pause Young (Allocation Failure) 13M->9M(15M) 0.277ms
[12764.944s][info][gc] GC(5598) Pause Young (Allocation Failure) 13M->9M(15M) 0.309ms
[12767.144s][info][gc] GC(5599) Pause Young (Allocation Failure) 13M->9M(15M) 0.294ms
[12769.244s][info][gc] GC(5600) Pause Young (Allocation Failure) 13M->9M(15M) 0.314ms
[12771.344s][info][gc] GC(5601) Pause Young (Allocation Failure) 13M->9M(15M) 0.279ms
[12773.444s][info][gc] GC(5602) Pause Young (Allocation Failure) 13M->9M(15M) 0.314ms
[12775.544s][info][gc] GC(5603) Pause Young (Allocation Failure) 13M->9M(15M) 0.316ms
[12777.743s][info][gc] GC(5604) Pause Young (Allocation Failure) 13M->9M(15M) 0.284ms
[12779.844s][info][gc] GC(5605) Pause Young (Allocation Failure) 13M->9M(15M) 0.314ms
[12781.944s][info][gc] GC(5606) Pause Young (Allocation Failure) 13M->9M(15M) 0.314ms
[12784.144s][info][gc] GC(5607) Pause Young (Allocation Failure) 13M->9M(15M) 0.262ms
[12786.245s][info][gc] GC(5608) Pause Young (Allocation Failure) 13M->9M(15M) 0.305ms
[12788.343s][info][gc] GC(5609) Pause Young (Allocation Failure) 13M->9M(15M) 0.304ms
[12790.443s][info][gc] GC(5610) Pause Young (Allocation Failure) 13M->9M(15M) 0.271ms
[12792.544s][info][gc] GC(5611) Pause Young (Allocation Failure) 13M->9M(15M) 0.352ms
[12794.444s][info][gc] GC(5612) Pause Young (Allocation Failure) 13M->9M(15M) 0.278ms
[12796.343s][info][gc] GC(5613) Pause Young (Allocation Failure) 13M->9M(15M) 0.361ms
[12798.244s][info][gc] GC(5614) Pause Young (Allocation Failure) 13M->9M(15M) 0.360ms
[12800.144s][info][gc] GC(5615) Pause Young (Allocation Failure) 13M->9M(15M) 0.368ms
[12802.044s][info][gc] GC(5616) Pause Young (Allocation Failure) 13M->9M(15M) 0.358ms
[12803.945s][info][gc] GC(5617) Pause Young (Allocation Failure) 13M->9M(15M) 0.348ms
[12805.844s][info][gc] GC(5618) Pause Young (Allocation Failure) 13M->9M(15M) 0.373ms
[12807.843s][info][gc] GC(5619) Pause Young (Allocation Failure) 13M->9M(15M) 0.296ms
[12809.743s][info][gc] GC(5620) Pause Young (Allocation Failure) 13M->9M(15M) 0.312ms
[12811.644s][info][gc] GC(5621) Pause Young (Allocation Failure) 13M->9M(15M) 0.322ms
[12813.544s][info][gc] GC(5622) Pause Young (Allocation Failure) 13M->9M(15M) 0.339ms
[12815.446s][info][gc] GC(5623) Pause Young (Allocation Failure) 13M->9M(15M) 0.349ms
[12817.361s][info][gc] GC(5624) Pause Young (Allocation Failure) 13M->9M(15M) 0.302ms
[12819.344s][info][gc] GC(5625) Pause Young (Allocation Failure) 13M->9M(15M) 0.330ms
[12821.244s][info][gc] GC(5626) Pause Young (Allocation Failure) 13M->9M(15M) 0.334ms
[12823.143s][info][gc] GC(5627) Pause Young (Allocation Failure) 13M->9M(15M) 0.312ms
[12825.144s][info][gc] GC(5628) Pause Young (Allocation Failure) 13M->9M(15M) 0.291ms
[12827.144s][info][gc] GC(5629) Pause Young (Allocation Failure) 13M->9M(15M) 0.319ms
[12829.145s][info][gc] GC(5630) Pause Young (Allocation Failure) 13M->9M(15M) 0.300ms
[12831.144s][info][gc] GC(5631) Pause Young (Allocation Failure) 13M->9M(15M) 0.553ms
[12833.145s][info][gc] GC(5632) Pause Young (Allocation Failure) 13M->9M(15M) 0.305ms
[12835.243s][info][gc] GC(5633) Pause Young (Allocation Failure) 13M->9M(15M) 0.273ms
[12837.245s][info][gc] GC(5634) Pause Young (Allocation Failure) 13M->9M(15M) 0.444ms
[12839.244s][info][gc] GC(5635) Pause Young (Allocation Failure) 13M->9M(15M) 0.469ms
[12841.244s][info][gc] GC(5636) Pause Young (Allocation Failure) 13M->9M(15M) 0.419ms
[12843.245s][info][gc] GC(5637) Pause Young (Allocation Failure) 13M->9M(15M) 0.418ms
[12845.244s][info][gc] GC(5638) Pause Young (Allocation Failure) 13M->9M(15M) 0.324ms
[12847.327s][info][gc] GC(5639) Pause Young (Allocation Failure) 13M->9M(15M) 0.355ms
[12849.344s][info][gc] GC(5640) Pause Young (Allocation Failure) 13M->9M(15M) 0.501ms
[12851.344s][info][gc] GC(5641) Pause Young (Allocation Failure) 13M->9M(15M) 0.330ms
[12853.344s][info][gc] GC(5642) Pause Young (Allocation Failure) 13M->9M(15M) 0.571ms
[12855.344s][info][gc] GC(5643) Pause Young (Allocation Failure) 13M->9M(15M) 0.302ms
[12857.345s][info][gc] GC(5644) Pause Young (Allocation Failure) 13M->9M(15M) 0.440ms
[12859.345s][info][gc] GC(5645) Pause Young (Allocation Failure) 13M->9M(15M) 0.671ms
[12861.394s][info][gc] GC(5646) Pause Young (Allocation Failure) 13M->9M(15M) 0.569ms
[12863.394s][info][gc] GC(5647) Pause Young (Allocation Failure) 13M->9M(15M) 0.332ms
[12865.397s][info][gc] GC(5648) Pause Young (Allocation Failure) 13M->9M(15M) 0.494ms
[12867.443s][info][gc] GC(5649) Pause Young (Allocation Failure) 13M->9M(15M) 0.292ms
[12869.444s][info][gc] GC(5650) Pause Young (Allocation Failure) 13M->9M(15M) 0.282ms
[12871.444s][info][gc] GC(5651) Pause Young (Allocation Failure) 13M->9M(15M) 0.428ms
[12873.444s][info][gc] GC(5652) Pause Young (Allocation Failure) 13M->9M(15M) 0.348ms
[12875.444s][info][gc] GC(5653) Pause Young (Allocation Failure) 13M->9M(15M) 0.340ms
[12877.445s][info][gc] GC(5654) Pause Young (Allocation Failure) 13M->9M(15M) 0.541ms
[12879.544s][info][gc] GC(5655) Pause Young (Allocation Failure) 13M->9M(15M) 0.264ms
[12881.443s][info][gc] GC(5656) Pause Young (Allocation Failure) 13M->9M(15M) 0.307ms
[12883.343s][info][gc] GC(5657) Pause Young (Allocation Failure) 13M->9M(15M) 0.294ms
[12885.244s][info][gc] GC(5658) Pause Young (Allocation Failure) 13M->9M(15M) 0.276ms
[12887.143s][info][gc] GC(5659) Pause Young (Allocation Failure) 13M->9M(15M) 0.265ms
[12888.944s][info][gc] GC(5660) Pause Young (Allocation Failure) 13M->9M(15M) 0.360ms
[12890.845s][info][gc] GC(5661) Pause Young (Allocation Failure) 13M->9M(15M) 0.445ms
[12892.744s][info][gc] GC(5662) Pause Young (Allocation Failure) 13M->9M(15M) 0.323ms
[12894.644s][info][gc] GC(5663) Pause Young (Allocation Failure) 13M->9M(15M) 0.500ms
[12896.544s][info][gc] GC(5664) Pause Young (Allocation Failure) 13M->9M(15M) 0.330ms
[12898.444s][info][gc] GC(5665) Pause Young (Allocation Failure) 13M->9M(15M) 0.361ms
[12900.428s][info][gc] GC(5666) Pause Young (Allocation Failure) 13M->9M(15M) 0.289ms
[12902.344s][info][gc] GC(5667) Pause Young (Allocation Failure) 13M->9M(15M) 0.323ms
[12904.244s][info][gc] GC(5668) Pause Young (Allocation Failure) 13M->9M(15M) 0.334ms
[12906.144s][info][gc] GC(5669) Pause Young (Allocation Failure) 13M->9M(15M) 0.347ms
[12908.045s][info][gc] GC(5670) Pause Young (Allocation Failure) 13M->9M(15M) 0.340ms
[12910.043s][info][gc] GC(5671) Pause Young (Allocation Failure) 13M->9M(15M) 0.300ms
[12911.943s][info][gc] GC(5672) Pause Young (Allocation Failure) 13M->9M(15M) 0.274ms
[12913.843s][info][gc] GC(5673) Pause Young (Allocation Failure) 13M->9M(15M) 0.280ms
[12915.843s][info][gc] GC(5674) Pause Young (Allocation Failure) 13M->9M(15M) 0.413ms
[12917.844s][info][gc] GC(5675) Pause Young (Allocation Failure) 13M->9M(15M) 0.293ms
[12919.844s][info][gc] GC(5676) Pause Young (Allocation Failure) 13M->9M(15M) 0.613ms
[12921.845s][info][gc] GC(5677) Pause Young (Allocation Failure) 13M->9M(15M) 0.327ms
[12923.744s][info][gc] GC(5678) Pause Young (Allocation Failure) 13M->9M(15M) 0.352ms
[12925.644s][info][gc] GC(5679) Pause Young (Allocation Failure) 13M->9M(15M) 0.327ms
[12927.544s][info][gc] GC(5680) Pause Young (Allocation Failure) 13M->9M(15M) 0.340ms
[12929.450s][info][gc] GC(5681) Pause Young (Allocation Failure) 13M->9M(15M) 0.386ms
[12931.443s][info][gc] GC(5682) Pause Young (Allocation Failure) 13M->9M(15M) 0.275ms
[12933.344s][info][gc] GC(5683) Pause Young (Allocation Failure) 13M->9M(15M) 0.327ms
[12935.245s][info][gc] GC(5684) Pause Young (Allocation Failure) 13M->9M(15M) 0.303ms
[12937.144s][info][gc] GC(5685) Pause Young (Allocation Failure) 13M->9M(15M) 0.462ms
[12939.044s][info][gc] GC(5686) Pause Young (Allocation Failure) 13M->9M(15M) 0.400ms
[12940.945s][info][gc] GC(5687) Pause Young (Allocation Failure) 13M->9M(15M) 0.522ms
[12942.845s][info][gc] GC(5688) Pause Young (Allocation Failure) 13M->9M(15M) 0.353ms
[12944.845s][info][gc] GC(5689) Pause Young (Allocation Failure) 13M->9M(15M) 0.298ms
[12946.845s][info][gc] GC(5690) Pause Young (Allocation Failure) 13M->9M(15M) 0.316ms
[12948.844s][info][gc] GC(5691) Pause Young (Allocation Failure) 13M->9M(15M) 0.380ms
[12950.845s][info][gc] GC(5692) Pause Young (Allocation Failure) 13M->9M(15M) 0.376ms
[12952.844s][info][gc] GC(5693) Pause Young (Allocation Failure) 13M->9M(15M) 0.427ms
[12954.944s][info][gc] GC(5694) Pause Young (Allocation Failure) 13M->9M(15M) 0.321ms
[12956.944s][info][gc] GC(5695) Pause Young (Allocation Failure) 13M->9M(15M) 0.281ms
[12958.944s][info][gc] GC(5696) Pause Young (Allocation Failure) 13M->9M(15M) 0.389ms
[12960.944s][info][gc] GC(5697) Pause Young (Allocation Failure) 13M->9M(15M) 0.312ms
[12962.944s][info][gc] GC(5698) Pause Young (Allocation Failure) 13M->9M(15M) 0.365ms
[12964.944s][info][gc] GC(5699) Pause Young (Allocation Failure) 13M->9M(15M) 0.329ms
[12967.044s][info][gc] GC(5700) Pause Young (Allocation Failure) 13M->9M(15M) 0.361ms
[12969.044s][info][gc] GC(5701) Pause Young (Allocation Failure) 13M->9M(15M) 0.287ms
[12971.045s][info][gc] GC(5702) Pause Young (Allocation Failure) 13M->9M(15M) 0.350ms
[12973.044s][info][gc] GC(5703) Pause Young (Allocation Failure) 13M->9M(15M) 0.521ms
[12975.045s][info][gc] GC(5704) Pause Young (Allocation Failure) 13M->9M(15M) 0.722ms
[12977.046s][info][gc] GC(5705) Pause Young (Allocation Failure) 13M->9M(15M) 0.430ms
[12979.143s][info][gc] GC(5706) Pause Young (Allocation Failure) 13M->9M(15M) 0.566ms
[12981.144s][info][gc] GC(5707) Pause Young (Allocation Failure) 13M->9M(15M) 0.322ms
[12983.145s][info][gc] GC(5708) Pause Young (Allocation Failure) 13M->9M(15M) 0.342ms
[12985.145s][info][gc] GC(5709) Pause Young (Allocation Failure) 13M->9M(15M) 0.757ms
[12987.145s][info][gc] GC(5710) Pause Young (Allocation Failure) 13M->9M(15M) 0.885ms
[12989.146s][info][gc] GC(5711) Pause Young (Allocation Failure) 13M->9M(15M) 0.436ms
[12991.244s][info][gc] GC(5712) Pause Young (Allocation Failure) 13M->9M(15M) 0.616ms
[12993.244s][info][gc] GC(5713) Pause Young (Allocation Failure) 13M->9M(15M) 0.414ms
[12995.245s][info][gc] GC(5714) Pause Young (Allocation Failure) 13M->9M(15M) 0.497ms
[12997.245s][info][gc] GC(5715) Pause Young (Allocation Failure) 13M->9M(15M) 0.531ms
[12999.246s][info][gc] GC(5716) Pause Young (Allocation Failure) 13M->9M(15M) 0.545ms
[13001.246s][info][gc] GC(5717) Pause Young (Allocation Failure) 13M->9M(15M) 0.903ms
[13003.343s][info][gc] GC(5718) Pause Young (Allocation Failure) 13M->9M(15M) 0.372ms
[13005.346s][info][gc] GC(5719) Pause Young (Allocation Failure) 13M->9M(15M) 0.594ms
[13007.514s][info][gc] GC(5720) Pause Young (Allocation Failure) 13M->9M(15M) 0.285ms
[13009.546s][info][gc] GC(5721) Pause Young (Allocation Failure) 13M->9M(15M) 0.336ms
[13011.746s][info][gc] GC(5722) Pause Young (Allocation Failure) 13M->9M(15M) 0.757ms
[13013.844s][info][gc] GC(5723) Pause Young (Allocation Failure) 13M->9M(15M) 0.474ms
[13015.946s][info][gc] GC(5724) Pause Young (Allocation Failure) 13M->9M(15M) 0.598ms
[13018.145s][info][gc] GC(5725) Pause Young (Allocation Failure) 13M->9M(15M) 0.421ms
[13020.244s][info][gc] GC(5726) Pause Young (Allocation Failure) 13M->9M(15M) 0.334ms
[13022.344s][info][gc] GC(5727) Pause Young (Allocation Failure) 13M->9M(15M) 0.489ms
[13024.527s][info][gc] GC(5728) Pause Young (Allocation Failure) 13M->9M(15M) 0.279ms
[13026.643s][info][gc] GC(5729) Pause Young (Allocation Failure) 13M->9M(15M) 0.231ms
[13028.744s][info][gc] GC(5730) Pause Young (Allocation Failure) 13M->9M(15M) 0.383ms
[13030.844s][info][gc] GC(5731) Pause Young (Allocation Failure) 13M->9M(15M) 0.329ms
[13032.945s][info][gc] GC(5732) Pause Young (Allocation Failure) 13M->9M(15M) 0.483ms
[13035.144s][info][gc] GC(5733) Pause Young (Allocation Failure) 13M->9M(15M) 0.291ms
[13037.244s][info][gc] GC(5734) Pause Young (Allocation Failure) 13M->9M(15M) 0.712ms
[13039.345s][info][gc] GC(5735) Pause Young (Allocation Failure) 13M->9M(15M) 0.332ms
[13041.542s][info][gc] GC(5736) Pause Young (Allocation Failure) 13M->9M(15M) 0.306ms
[13043.444s][info][gc] GC(5737) Pause Young (Allocation Failure) 13M->9M(15M) 0.355ms
[13045.345s][info][gc] GC(5738) Pause Young (Allocation Failure) 13M->9M(15M) 0.334ms
[13047.244s][info][gc] GC(5739) Pause Young (Allocation Failure) 13M->9M(15M) 0.393ms
[13049.244s][info][gc] GC(5740) Pause Young (Allocation Failure) 13M->9M(15M) 0.321ms
[13051.143s][info][gc] GC(5741) Pause Young (Allocation Failure) 13M->9M(15M) 0.410ms
[13053.044s][info][gc] GC(5742) Pause Young (Allocation Failure) 13M->9M(15M) 0.405ms
[13054.943s][info][gc] GC(5743) Pause Young (Allocation Failure) 13M->9M(15M) 0.385ms
[13056.845s][info][gc] GC(5744) Pause Young (Allocation Failure) 13M->9M(15M) 0.487ms
[13058.743s][info][gc] GC(5745) Pause Young (Allocation Failure) 13M->9M(15M) 0.418ms
[13060.645s][info][gc] GC(5746) Pause Young (Allocation Failure) 13M->9M(15M) 0.359ms
[13062.563s][info][gc] GC(5747) Pause Young (Allocation Failure) 13M->9M(15M) 0.590ms
[13064.544s][info][gc] GC(5748) Pause Young (Allocation Failure) 13M->9M(15M) 0.362ms
[13066.544s][info][gc] GC(5749) Pause Young (Allocation Failure) 13M->9M(15M) 0.358ms
[13068.565s][info][gc] GC(5750) Pause Young (Allocation Failure) 13M->9M(15M) 0.313ms
[13070.567s][info][gc] GC(5751) Pause Young (Allocation Failure) 13M->9M(15M) 0.432ms
[13072.568s][info][gc] GC(5752) Pause Young (Allocation Failure) 13M->9M(15M) 0.506ms
[13074.643s][info][gc] GC(5753) Pause Young (Allocation Failure) 13M->9M(15M) 0.277ms
[13076.644s][info][gc] GC(5754) Pause Young (Allocation Failure) 13M->9M(15M) 0.282ms
[13078.644s][info][gc] GC(5755) Pause Young (Allocation Failure) 13M->9M(15M) 0.306ms
[13080.644s][info][gc] GC(5756) Pause Young (Allocation Failure) 13M->9M(15M) 0.539ms
[13082.644s][info][gc] GC(5757) Pause Young (Allocation Failure) 13M->9M(15M) 0.340ms
[13084.645s][info][gc] GC(5758) Pause Young (Allocation Failure) 13M->9M(15M) 0.328ms
[13086.743s][info][gc] GC(5759) Pause Young (Allocation Failure) 13M->9M(15M) 0.416ms
[13088.743s][info][gc] GC(5760) Pause Young (Allocation Failure) 13M->9M(15M) 0.431ms
[13090.744s][info][gc] GC(5761) Pause Young (Allocation Failure) 13M->9M(15M) 0.561ms
[13092.744s][info][gc] GC(5762) Pause Young (Allocation Failure) 13M->9M(15M) 0.331ms
[13094.744s][info][gc] GC(5763) Pause Young (Allocation Failure) 13M->9M(15M) 0.335ms
[13096.744s][info][gc] GC(5764) Pause Young (Allocation Failure) 13M->9M(15M) 0.350ms
[13098.844s][info][gc] GC(5765) Pause Young (Allocation Failure) 13M->9M(15M) 0.394ms
[13100.844s][info][gc] GC(5766) Pause Young (Allocation Failure) 13M->9M(15M) 0.300ms
[13102.843s][info][gc] GC(5767) Pause Young (Allocation Failure) 13M->9M(15M) 0.546ms
[13104.845s][info][gc] GC(5768) Pause Young (Allocation Failure) 13M->9M(15M) 0.348ms
[13106.844s][info][gc] GC(5769) Pause Young (Allocation Failure) 13M->9M(15M) 0.344ms
[13108.745s][info][gc] GC(5770) Pause Young (Allocation Failure) 13M->9M(15M) 0.456ms
[13110.644s][info][gc] GC(5771) Pause Young (Allocation Failure) 13M->9M(15M) 0.309ms
[13112.545s][info][gc] GC(5772) Pause Young (Allocation Failure) 13M->9M(15M) 0.377ms
[13114.445s][info][gc] GC(5773) Pause Young (Allocation Failure) 13M->9M(15M) 0.463ms
[13116.344s][info][gc] GC(5774) Pause Young (Allocation Failure) 13M->9M(15M) 0.481ms
[13118.244s][info][gc] GC(5775) Pause Young (Allocation Failure) 13M->9M(15M) 0.327ms
[13120.145s][info][gc] GC(5776) Pause Young (Allocation Failure) 13M->9M(15M) 1.053ms
[13122.143s][info][gc] GC(5777) Pause Young (Allocation Failure) 13M->9M(15M) 0.520ms
[13124.045s][info][gc] GC(5778) Pause Young (Allocation Failure) 13M->9M(15M) 0.440ms
[13125.944s][info][gc] GC(5779) Pause Young (Allocation Failure) 13M->9M(15M) 0.461ms
[13127.844s][info][gc] GC(5780) Pause Young (Allocation Failure) 13M->9M(15M) 0.351ms
[13129.745s][info][gc] GC(5781) Pause Young (Allocation Failure) 13M->9M(15M) 0.330ms
[13131.644s][info][gc] GC(5782) Pause Young (Allocation Failure) 13M->9M(15M) 0.370ms
[13133.622s][info][gc] GC(5783) Pause Young (Allocation Failure) 13M->9M(15M) 0.298ms
[13135.545s][info][gc] GC(5784) Pause Young (Allocation Failure) 13M->9M(15M) 0.770ms
[13137.445s][info][gc] GC(5785) Pause Young (Allocation Failure) 13M->9M(15M) 0.490ms
[13139.346s][info][gc] GC(5786) Pause Young (Allocation Failure) 13M->9M(15M) 0.994ms
[13141.345s][info][gc] GC(5787) Pause Young (Allocation Failure) 13M->9M(15M) 0.557ms
[13143.444s][info][gc] GC(5788) Pause Young (Allocation Failure) 13M->9M(15M) 0.341ms
[13145.445s][info][gc] GC(5789) Pause Young (Allocation Failure) 13M->9M(15M) 0.598ms
[13147.446s][info][gc] GC(5790) Pause Young (Allocation Failure) 13M->9M(15M) 0.553ms
[13149.445s][info][gc] GC(5791) Pause Young (Allocation Failure) 13M->9M(15M) 0.549ms
[13151.445s][info][gc] GC(5792) Pause Young (Allocation Failure) 13M->9M(15M) 0.710ms
[13153.446s][info][gc] GC(5793) Pause Young (Allocation Failure) 13M->9M(15M) 0.357ms
[13155.444s][info][gc] GC(5794) Pause Young (Allocation Failure) 13M->9M(15M) 0.692ms
[13157.544s][info][gc] GC(5795) Pause Young (Allocation Failure) 13M->9M(15M) 0.369ms
[13159.544s][info][gc] GC(5796) Pause Young (Allocation Failure) 13M->9M(15M) 0.333ms
[13161.444s][info][gc] GC(5797) Pause Young (Allocation Failure) 13M->9M(15M) 0.419ms
[13163.344s][info][gc] GC(5798) Pause Young (Allocation Failure) 13M->9M(15M) 0.329ms
[13165.145s][info][gc] GC(5799) Pause Young (Allocation Failure) 13M->9M(15M) 0.510ms
[13167.044s][info][gc] GC(5800) Pause Young (Allocation Failure) 13M->9M(15M) 0.367ms
[13168.943s][info][gc] GC(5801) Pause Young (Allocation Failure) 13M->9M(15M) 0.391ms
[13170.844s][info][gc] GC(5802) Pause Young (Allocation Failure) 13M->9M(15M) 0.428ms
[13172.745s][info][gc] GC(5803) Pause Young (Allocation Failure) 13M->9M(15M) 0.360ms
[13174.743s][info][gc] GC(5804) Pause Young (Allocation Failure) 13M->9M(15M) 0.311ms
[13176.644s][info][gc] GC(5805) Pause Young (Allocation Failure) 13M->9M(15M) 0.340ms
[13178.544s][info][gc] GC(5806) Pause Young (Allocation Failure) 13M->9M(15M) 0.329ms
[13180.444s][info][gc] GC(5807) Pause Young (Allocation Failure) 13M->9M(15M) 0.356ms
[13182.444s][info][gc] GC(5808) Pause Young (Allocation Failure) 13M->9M(15M) 0.360ms
[13184.345s][info][gc] GC(5809) Pause Young (Allocation Failure) 13M->9M(15M) 0.331ms
[13186.344s][info][gc] GC(5810) Pause Young (Allocation Failure) 13M->9M(15M) 0.333ms
[13188.345s][info][gc] GC(5811) Pause Young (Allocation Failure) 13M->9M(15M) 0.333ms
[13190.344s][info][gc] GC(5812) Pause Young (Allocation Failure) 13M->9M(15M) 0.351ms
[13192.344s][info][gc] GC(5813) Pause Young (Allocation Failure) 13M->9M(15M) 0.328ms
[13194.344s][info][gc] GC(5814) Pause Young (Allocation Failure) 13M->9M(15M) 0.342ms
[13196.444s][info][gc] GC(5815) Pause Young (Allocation Failure) 13M->9M(15M) 0.277ms
[13198.445s][info][gc] GC(5816) Pause Young (Allocation Failure) 13M->9M(15M) 0.287ms
[13200.444s][info][gc] GC(5817) Pause Young (Allocation Failure) 13M->9M(15M) 0.333ms
[13202.445s][info][gc] GC(5818) Pause Young (Allocation Failure) 13M->9M(15M) 0.344ms
[13204.445s][info][gc] GC(5819) Pause Young (Allocation Failure) 13M->9M(15M) 0.409ms
[13206.453s][info][gc] GC(5820) Pause Young (Allocation Failure) 13M->9M(15M) 8.488ms
[13208.493s][info][gc] GC(5821) Pause Young (Allocation Failure) 13M->9M(15M) 0.303ms
[13210.544s][info][gc] GC(5822) Pause Young (Allocation Failure) 13M->9M(15M) 0.451ms
[13212.544s][info][gc] GC(5823) Pause Young (Allocation Failure) 13M->9M(15M) 0.366ms
[13214.545s][info][gc] GC(5824) Pause Young (Allocation Failure) 13M->9M(15M) 0.425ms
[13216.544s][info][gc] GC(5825) Pause Young (Allocation Failure) 13M->9M(15M) 0.377ms
[13218.545s][info][gc] GC(5826) Pause Young (Allocation Failure) 13M->9M(15M) 0.397ms
[13220.544s][info][gc] GC(5827) Pause Young (Allocation Failure) 13M->9M(15M) 0.349ms
[13222.644s][info][gc] GC(5828) Pause Young (Allocation Failure) 13M->9M(15M) 0.295ms
[13224.644s][info][gc] GC(5829) Pause Young (Allocation Failure) 13M->9M(15M) 0.280ms
[13226.644s][info][gc] GC(5830) Pause Young (Allocation Failure) 13M->9M(15M) 0.321ms
[13228.644s][info][gc] GC(5831) Pause Young (Allocation Failure) 13M->9M(15M) 0.351ms
[13230.644s][info][gc] GC(5832) Pause Young (Allocation Failure) 13M->9M(15M) 0.326ms
[13232.645s][info][gc] GC(5833) Pause Young (Allocation Failure) 13M->9M(15M) 0.329ms
[13234.696s][info][gc] GC(5834) Pause Young (Allocation Failure) 13M->9M(15M) 0.302ms
[13236.700s][info][gc] GC(5835) Pause Young (Allocation Failure) 13M->9M(15M) 0.309ms
[13238.701s][info][gc] GC(5836) Pause Young (Allocation Failure) 13M->9M(15M) 0.302ms
[13240.744s][info][gc] GC(5837) Pause Young (Allocation Failure) 13M->9M(15M) 0.272ms
[13242.744s][info][gc] GC(5838) Pause Young (Allocation Failure) 13M->9M(15M) 0.318ms
[13244.745s][info][gc] GC(5839) Pause Young (Allocation Failure) 13M->9M(15M) 0.353ms
[13246.943s][info][gc] GC(5840) Pause Young (Allocation Failure) 13M->9M(15M) 0.278ms
[13249.044s][info][gc] GC(5841) Pause Young (Allocation Failure) 13M->9M(15M) 0.310ms
[13251.144s][info][gc] GC(5842) Pause Young (Allocation Failure) 13M->9M(15M) 0.333ms
[13253.344s][info][gc] GC(5843) Pause Young (Allocation Failure) 13M->9M(15M) 0.311ms
[13255.444s][info][gc] GC(5844) Pause Young (Allocation Failure) 13M->9M(15M) 0.292ms
[13257.545s][info][gc] GC(5845) Pause Young (Allocation Failure) 13M->9M(15M) 0.331ms
[13259.645s][info][gc] GC(5846) Pause Young (Allocation Failure) 13M->9M(15M) 0.316ms
[13261.745s][info][gc] GC(5847) Pause Young (Allocation Failure) 13M->9M(15M) 0.333ms
[13263.945s][info][gc] GC(5848) Pause Young (Allocation Failure) 13M->9M(15M) 0.970ms
[13266.044s][info][gc] GC(5849) Pause Young (Allocation Failure) 13M->9M(15M) 0.307ms
[13268.146s][info][gc] GC(5850) Pause Young (Allocation Failure) 13M->9M(15M) 0.507ms
[13270.345s][info][gc] GC(5851) Pause Young (Allocation Failure) 13M->9M(15M) 0.312ms
[13272.445s][info][gc] GC(5852) Pause Young (Allocation Failure) 13M->9M(15M) 0.479ms
[13274.546s][info][gc] GC(5853) Pause Young (Allocation Failure) 13M->9M(15M) 0.319ms
[13276.731s][info][gc] GC(5854) Pause Young (Allocation Failure) 13M->9M(15M) 0.276ms
[13278.746s][info][gc] GC(5855) Pause Young (Allocation Failure) 13M->9M(15M) 0.485ms
[13280.944s][info][gc] GC(5856) Pause Young (Allocation Failure) 13M->9M(15M) 0.407ms
[13283.045s][info][gc] GC(5857) Pause Young (Allocation Failure) 13M->9M(15M) 0.372ms
[13285.145s][info][gc] GC(5858) Pause Young (Allocation Failure) 13M->9M(15M) 0.940ms
[13287.344s][info][gc] GC(5859) Pause Young (Allocation Failure) 13M->9M(15M) 0.434ms
[13289.344s][info][gc] GC(5860) Pause Young (Allocation Failure) 13M->9M(15M) 0.410ms
[13291.244s][info][gc] GC(5861) Pause Young (Allocation Failure) 13M->9M(15M) 0.551ms
[13293.144s][info][gc] GC(5862) Pause Young (Allocation Failure) 13M->9M(15M) 0.532ms
[13295.045s][info][gc] GC(5863) Pause Young (Allocation Failure) 13M->9M(15M) 0.588ms
[13296.945s][info][gc] GC(5864) Pause Young (Allocation Failure) 13M->9M(15M) 0.498ms
[13298.846s][info][gc] GC(5865) Pause Young (Allocation Failure) 13M->9M(15M) 0.475ms
[13300.745s][info][gc] GC(5866) Pause Young (Allocation Failure) 13M->9M(15M) 0.867ms
[13302.644s][info][gc] GC(5867) Pause Young (Allocation Failure) 13M->9M(15M) 0.377ms
[13304.545s][info][gc] GC(5868) Pause Young (Allocation Failure) 13M->9M(15M) 0.675ms
[13306.543s][info][gc] GC(5869) Pause Young (Allocation Failure) 13M->9M(15M) 0.366ms
[13308.345s][info][gc] GC(5870) Pause Young (Allocation Failure) 13M->9M(15M) 0.698ms
[13310.245s][info][gc] GC(5871) Pause Young (Allocation Failure) 13M->9M(15M) 0.697ms
[13312.244s][info][gc] GC(5872) Pause Young (Allocation Failure) 13M->9M(15M) 0.302ms
[13314.144s][info][gc] GC(5873) Pause Young (Allocation Failure) 13M->9M(15M) 0.313ms
[13316.044s][info][gc] GC(5874) Pause Young (Allocation Failure) 13M->9M(15M) 0.310ms
[13317.943s][info][gc] GC(5875) Pause Young (Allocation Failure) 13M->9M(15M) 0.312ms
[13319.844s][info][gc] GC(5876) Pause Young (Allocation Failure) 13M->9M(15M) 0.363ms
[13321.769s][info][gc] GC(5877) Pause Young (Allocation Failure) 13M->9M(15M) 0.239ms
[13323.744s][info][gc] GC(5878) Pause Young (Allocation Failure) 13M->9M(15M) 0.265ms
[13325.644s][info][gc] GC(5879) Pause Young (Allocation Failure) 13M->9M(15M) 0.325ms
[13327.543s][info][gc] GC(5880) Pause Young (Allocation Failure) 13M->9M(15M) 0.293ms
[13329.443s][info][gc] GC(5881) Pause Young (Allocation Failure) 13M->9M(15M) 0.331ms
[13331.345s][info][gc] GC(5882) Pause Young (Allocation Failure) 13M->9M(15M) 0.327ms
[13333.245s][info][gc] GC(5883) Pause Young (Allocation Failure) 13M->9M(15M) 0.481ms
[13335.245s][info][gc] GC(5884) Pause Young (Allocation Failure) 13M->9M(15M) 0.316ms
[13337.244s][info][gc] GC(5885) Pause Young (Allocation Failure) 13M->9M(15M) 0.336ms
[13339.245s][info][gc] GC(5886) Pause Young (Allocation Failure) 13M->9M(15M) 0.318ms
[13341.245s][info][gc] GC(5887) Pause Young (Allocation Failure) 13M->9M(15M) 0.357ms
[13343.344s][info][gc] GC(5888) Pause Young (Allocation Failure) 13M->9M(15M) 0.327ms
[13345.345s][info][gc] GC(5889) Pause Young (Allocation Failure) 13M->9M(15M) 0.296ms
[13347.344s][info][gc] GC(5890) Pause Young (Allocation Failure) 13M->9M(15M) 0.352ms
[13349.345s][info][gc] GC(5891) Pause Young (Allocation Failure) 13M->9M(15M) 0.553ms
[13351.344s][info][gc] GC(5892) Pause Young (Allocation Failure) 13M->9M(15M) 0.320ms
[13353.344s][info][gc] GC(5893) Pause Young (Allocation Failure) 13M->9M(15M) 0.327ms
[13355.444s][info][gc] GC(5894) Pause Young (Allocation Failure) 13M->9M(15M) 0.351ms
[13357.444s][info][gc] GC(5895) Pause Young (Allocation Failure) 13M->9M(15M) 0.403ms
[13359.444s][info][gc] GC(5896) Pause Young (Allocation Failure) 13M->9M(15M) 0.316ms
[13361.445s][info][gc] GC(5897) Pause Young (Allocation Failure) 13M->9M(15M) 0.336ms
[13363.444s][info][gc] GC(5898) Pause Young (Allocation Failure) 13M->9M(15M) 0.309ms
[13365.445s][info][gc] GC(5899) Pause Young (Allocation Failure) 13M->9M(15M) 0.337ms
[13367.543s][info][gc] GC(5900) Pause Young (Allocation Failure) 13M->9M(15M) 0.298ms
[13369.543s][info][gc] GC(5901) Pause Young (Allocation Failure) 13M->9M(15M) 0.285ms
[13371.545s][info][gc] GC(5902) Pause Young (Allocation Failure) 13M->9M(15M) 0.314ms
[13373.544s][info][gc] GC(5903) Pause Young (Allocation Failure) 13M->9M(15M) 0.322ms
[13375.544s][info][gc] GC(5904) Pause Young (Allocation Failure) 13M->9M(15M) 0.324ms
[13377.544s][info][gc] GC(5905) Pause Young (Allocation Failure) 13M->9M(15M) 0.347ms
[13379.586s][info][gc] GC(5906) Pause Young (Allocation Failure) 13M->9M(15M) 0.485ms
[13381.643s][info][gc] GC(5907) Pause Young (Allocation Failure) 13M->9M(15M) 0.282ms
[13383.644s][info][gc] GC(5908) Pause Young (Allocation Failure) 13M->9M(15M) 0.284ms
[13385.644s][info][gc] GC(5909) Pause Young (Allocation Failure) 13M->9M(15M) 0.303ms
[13387.644s][info][gc] GC(5910) Pause Young (Allocation Failure) 13M->9M(15M) 0.366ms
[13389.644s][info][gc] GC(5911) Pause Young (Allocation Failure) 13M->9M(15M) 0.339ms
[13391.645s][info][gc] GC(5912) Pause Young (Allocation Failure) 13M->9M(15M) 0.353ms
[13393.744s][info][gc] GC(5913) Pause Young (Allocation Failure) 13M->9M(15M) 0.355ms
[13395.836s][info][gc] GC(5914) Pause Young (Allocation Failure) 13M->9M(15M) 0.268ms
[13397.944s][info][gc] GC(5915) Pause Young (Allocation Failure) 13M->9M(15M) 0.270ms
[13400.044s][info][gc] GC(5916) Pause Young (Allocation Failure) 13M->9M(15M) 0.400ms
[13402.144s][info][gc] GC(5917) Pause Young (Allocation Failure) 13M->9M(15M) 0.334ms
[13403.945s][info][gc] GC(5918) Pause Young (Allocation Failure) 13M->9M(15M) 0.324ms
[13405.844s][info][gc] GC(5919) Pause Young (Allocation Failure) 13M->9M(15M) 0.333ms
[13407.744s][info][gc] GC(5920) Pause Young (Allocation Failure) 13M->9M(15M) 0.609ms
[13409.645s][info][gc] GC(5921) Pause Young (Allocation Failure) 13M->9M(15M) 0.329ms
[13411.544s][info][gc] GC(5922) Pause Young (Allocation Failure) 13M->9M(15M) 0.460ms
[13413.444s][info][gc] GC(5923) Pause Young (Allocation Failure) 13M->9M(15M) 0.376ms
[13415.346s][info][gc] GC(5924) Pause Young (Allocation Failure) 13M->9M(15M) 0.373ms
[13417.245s][info][gc] GC(5925) Pause Young (Allocation Failure) 13M->9M(15M) 0.645ms
[13419.244s][info][gc] GC(5926) Pause Young (Allocation Failure) 13M->9M(15M) 0.558ms
[13421.144s][info][gc] GC(5927) Pause Young (Allocation Failure) 13M->9M(15M) 0.601ms
[13423.044s][info][gc] GC(5928) Pause Young (Allocation Failure) 13M->9M(15M) 0.412ms
[13424.945s][info][gc] GC(5929) Pause Young (Allocation Failure) 13M->9M(15M) 0.577ms
[13427.044s][info][gc] GC(5930) Pause Young (Allocation Failure) 13M->9M(15M) 0.713ms
[13429.044s][info][gc] GC(5931) Pause Young (Allocation Failure) 13M->9M(15M) 0.440ms
[13431.045s][info][gc] GC(5932) Pause Young (Allocation Failure) 13M->9M(15M) 0.467ms
[13433.045s][info][gc] GC(5933) Pause Young (Allocation Failure) 13M->9M(15M) 0.503ms
[13435.044s][info][gc] GC(5934) Pause Young (Allocation Failure) 13M->9M(15M) 0.530ms
[13437.047s][info][gc] GC(5935) Pause Young (Allocation Failure) 13M->9M(15M) 1.088ms
[13439.143s][info][gc] GC(5936) Pause Young (Allocation Failure) 13M->9M(15M) 0.337ms
[13441.144s][info][gc] GC(5937) Pause Young (Allocation Failure) 13M->9M(15M) 0.534ms
[13443.144s][info][gc] GC(5938) Pause Young (Allocation Failure) 13M->9M(15M) 0.390ms
[13445.144s][info][gc] GC(5939) Pause Young (Allocation Failure) 13M->9M(15M) 0.393ms
[13447.145s][info][gc] GC(5940) Pause Young (Allocation Failure) 13M->9M(15M) 0.509ms
[13449.144s][info][gc] GC(5941) Pause Young (Allocation Failure) 13M->9M(15M) 0.416ms
[13451.243s][info][gc] GC(5942) Pause Young (Allocation Failure) 13M->9M(15M) 0.273ms
[13453.243s][info][gc] GC(5943) Pause Young (Allocation Failure) 13M->9M(15M) 0.339ms
[13455.244s][info][gc] GC(5944) Pause Young (Allocation Failure) 13M->9M(15M) 0.312ms
[13457.244s][info][gc] GC(5945) Pause Young (Allocation Failure) 13M->9M(15M) 0.370ms
[13459.243s][info][gc] GC(5946) Pause Young (Allocation Failure) 13M->9M(15M) 0.368ms
[13461.244s][info][gc] GC(5947) Pause Young (Allocation Failure) 13M->9M(15M) 0.346ms
[13463.344s][info][gc] GC(5948) Pause Young (Allocation Failure) 13M->9M(15M) 0.439ms
[13465.344s][info][gc] GC(5949) Pause Young (Allocation Failure) 13M->9M(15M) 0.288ms
[13467.343s][info][gc] GC(5950) Pause Young (Allocation Failure) 13M->9M(15M) 0.441ms
[13469.344s][info][gc] GC(5951) Pause Young (Allocation Failure) 13M->9M(15M) 0.336ms
[13471.344s][info][gc] GC(5952) Pause Young (Allocation Failure) 13M->9M(15M) 0.333ms
[13473.344s][info][gc] GC(5953) Pause Young (Allocation Failure) 13M->9M(15M) 0.351ms
[13475.344s][info][gc] GC(5954) Pause Young (Allocation Failure) 13M->9M(15M) 0.340ms
[13477.444s][info][gc] GC(5955) Pause Young (Allocation Failure) 13M->9M(15M) 0.279ms
[13479.444s][info][gc] GC(5956) Pause Young (Allocation Failure) 13M->9M(15M) 0.323ms
[13481.443s][info][gc] GC(5957) Pause Young (Allocation Failure) 13M->9M(15M) 0.312ms
[13483.444s][info][gc] GC(5958) Pause Young (Allocation Failure) 13M->9M(15M) 0.337ms
[13485.544s][info][gc] GC(5959) Pause Young (Allocation Failure) 13M->9M(15M) 0.324ms
[13487.644s][info][gc] GC(5960) Pause Young (Allocation Failure) 13M->9M(15M) 0.315ms
[13489.844s][info][gc] GC(5961) Pause Young (Allocation Failure) 13M->9M(15M) 0.285ms
[13491.944s][info][gc] GC(5962) Pause Young (Allocation Failure) 13M->9M(15M) 0.350ms
[13494.044s][info][gc] GC(5963) Pause Young (Allocation Failure) 13M->9M(15M) 0.290ms
[13496.144s][info][gc] GC(5964) Pause Young (Allocation Failure) 13M->9M(15M) 0.302ms
[13498.344s][info][gc] GC(5965) Pause Young (Allocation Failure) 13M->9M(15M) 0.274ms
[13500.443s][info][gc] GC(5966) Pause Young (Allocation Failure) 13M->9M(15M) 0.336ms
[13502.544s][info][gc] GC(5967) Pause Young (Allocation Failure) 13M->9M(15M) 0.448ms
[13504.644s][info][gc] GC(5968) Pause Young (Allocation Failure) 13M->9M(15M) 0.336ms
[13506.844s][info][gc] GC(5969) Pause Young (Allocation Failure) 13M->9M(15M) 0.284ms
[13508.844s][info][gc] GC(5970) Pause Young (Allocation Failure) 13M->9M(15M) 0.330ms
[13510.745s][info][gc] GC(5971) Pause Young (Allocation Failure) 13M->9M(15M) 0.352ms
[13512.644s][info][gc] GC(5972) Pause Young (Allocation Failure) 13M->9M(15M) 0.378ms
[13514.544s][info][gc] GC(5973) Pause Young (Allocation Failure) 13M->9M(15M) 0.347ms
[13516.444s][info][gc] GC(5974) Pause Young (Allocation Failure) 13M->9M(15M) 0.331ms
[13518.344s][info][gc] GC(5975) Pause Young (Allocation Failure) 13M->9M(15M) 0.348ms
[13520.245s][info][gc] GC(5976) Pause Young (Allocation Failure) 13M->9M(15M) 0.356ms
[13522.146s][info][gc] GC(5977) Pause Young (Allocation Failure) 13M->9M(15M) 0.362ms
[13524.045s][info][gc] GC(5978) Pause Young (Allocation Failure) 13M->9M(15M) 0.473ms
[13526.044s][info][gc] GC(5979) Pause Young (Allocation Failure) 13M->9M(15M) 0.267ms
[13527.944s][info][gc] GC(5980) Pause Young (Allocation Failure) 13M->9M(15M) 0.298ms
[13529.941s][info][gc] GC(5981) Pause Young (Allocation Failure) 13M->9M(15M) 0.315ms
[13531.744s][info][gc] GC(5982) Pause Young (Allocation Failure) 13M->9M(15M) 0.356ms
[13533.645s][info][gc] GC(5983) Pause Young (Allocation Failure) 13M->9M(15M) 0.343ms
[13535.544s][info][gc] GC(5984) Pause Young (Allocation Failure) 13M->9M(15M) 0.352ms
[13537.444s][info][gc] GC(5985) Pause Young (Allocation Failure) 13M->9M(15M) 0.344ms
[13539.344s][info][gc] GC(5986) Pause Young (Allocation Failure) 13M->9M(15M) 0.345ms
[13541.245s][info][gc] GC(5987) Pause Young (Allocation Failure) 13M->9M(15M) 0.316ms
[13543.145s][info][gc] GC(5988) Pause Young (Allocation Failure) 13M->9M(15M) 1.275ms
[13545.045s][info][gc] GC(5989) Pause Young (Allocation Failure) 13M->9M(15M) 0.513ms
[13546.955s][info][gc] GC(5990) Pause Young (Allocation Failure) 13M->9M(15M) 0.409ms
[13548.945s][info][gc] GC(5991) Pause Young (Allocation Failure) 13M->9M(15M) 0.305ms
[13550.844s][info][gc] GC(5992) Pause Young (Allocation Failure) 13M->9M(15M) 0.330ms
[13552.745s][info][gc] GC(5993) Pause Young (Allocation Failure) 13M->9M(15M) 0.317ms
[13554.645s][info][gc] GC(5994) Pause Young (Allocation Failure) 13M->9M(15M) 0.345ms
[13556.643s][info][gc] GC(5995) Pause Young (Allocation Failure) 13M->9M(15M) 0.561ms
[13558.545s][info][gc] GC(5996) Pause Young (Allocation Failure) 13M->9M(15M) 0.867ms
[13560.445s][info][gc] GC(5997) Pause Young (Allocation Failure) 13M->9M(15M) 0.473ms
[13562.545s][info][gc] GC(5998) Pause Young (Allocation Failure) 13M->9M(15M) 0.791ms
[13564.545s][info][gc] GC(5999) Pause Young (Allocation Failure) 13M->9M(15M) 0.415ms
[13566.545s][info][gc] GC(6000) Pause Young (Allocation Failure) 13M->9M(15M) 0.461ms
[13568.545s][info][gc] GC(6001) Pause Young (Allocation Failure) 13M->9M(15M) 1.076ms
[13570.545s][info][gc] GC(6002) Pause Young (Allocation Failure) 13M->9M(15M) 0.597ms
[13572.545s][info][gc] GC(6003) Pause Young (Allocation Failure) 13M->9M(15M) 0.659ms
[13574.643s][info][gc] GC(6004) Pause Young (Allocation Failure) 13M->9M(15M) 0.558ms
[13576.644s][info][gc] GC(6005) Pause Young (Allocation Failure) 13M->9M(15M) 0.856ms
[13578.644s][info][gc] GC(6006) Pause Young (Allocation Failure) 13M->9M(15M) 0.576ms
[13580.645s][info][gc] GC(6007) Pause Young (Allocation Failure) 13M->9M(15M) 0.585ms
[13582.644s][info][gc] GC(6008) Pause Young (Allocation Failure) 13M->9M(15M) 1.216ms
[13584.645s][info][gc] GC(6009) Pause Young (Allocation Failure) 13M->9M(15M) 0.817ms
[13586.645s][info][gc] GC(6010) Pause Young (Allocation Failure) 13M->9M(15M) 0.987ms
[13588.744s][info][gc] GC(6011) Pause Young (Allocation Failure) 13M->9M(15M) 0.289ms
[13590.745s][info][gc] GC(6012) Pause Young (Allocation Failure) 13M->9M(15M) 0.718ms
[13592.745s][info][gc] GC(6013) Pause Young (Allocation Failure) 13M->9M(15M) 0.382ms
[13594.743s][info][gc] GC(6014) Pause Young (Allocation Failure) 13M->9M(15M) 0.334ms
[13596.744s][info][gc] GC(6015) Pause Young (Allocation Failure) 13M->9M(15M) 0.332ms
[13598.743s][info][gc] GC(6016) Pause Young (Allocation Failure) 13M->9M(15M) 0.342ms
[13600.844s][info][gc] GC(6017) Pause Young (Allocation Failure) 13M->9M(15M) 0.278ms
[13602.844s][info][gc] GC(6018) Pause Young (Allocation Failure) 13M->9M(15M) 0.319ms
[13604.844s][info][gc] GC(6019) Pause Young (Allocation Failure) 13M->9M(15M) 0.314ms
[13606.844s][info][gc] GC(6020) Pause Young (Allocation Failure) 13M->9M(15M) 0.327ms
[13608.844s][info][gc] GC(6021) Pause Young (Allocation Failure) 13M->9M(15M) 0.330ms
[13610.844s][info][gc] GC(6022) Pause Young (Allocation Failure) 13M->9M(15M) 0.332ms
[13612.845s][info][gc] GC(6023) Pause Young (Allocation Failure) 13M->9M(15M) 0.335ms
[13614.943s][info][gc] GC(6024) Pause Young (Allocation Failure) 13M->9M(15M) 0.326ms
[13616.943s][info][gc] GC(6025) Pause Young (Allocation Failure) 13M->9M(15M) 0.297ms
[13618.944s][info][gc] GC(6026) Pause Young (Allocation Failure) 13M->9M(15M) 0.303ms
[13621.044s][info][gc] GC(6027) Pause Young (Allocation Failure) 13M->9M(15M) 0.265ms
[13623.144s][info][gc] GC(6028) Pause Young (Allocation Failure) 13M->9M(15M) 0.292ms
[13625.245s][info][gc] GC(6029) Pause Young (Allocation Failure) 13M->9M(15M) 0.295ms
[13627.444s][info][gc] GC(6030) Pause Young (Allocation Failure) 13M->9M(15M) 0.282ms
[13629.544s][info][gc] GC(6031) Pause Young (Allocation Failure) 13M->9M(15M) 0.297ms
[13631.644s][info][gc] GC(6032) Pause Young (Allocation Failure) 13M->9M(15M) 0.310ms
[13633.844s][info][gc] GC(6033) Pause Young (Allocation Failure) 13M->9M(15M) 0.267ms
[13635.943s][info][gc] GC(6034) Pause Young (Allocation Failure) 13M->9M(15M) 0.264ms
[13638.044s][info][gc] GC(6035) Pause Young (Allocation Failure) 13M->9M(15M) 0.267ms
[13640.143s][info][gc] GC(6036) Pause Young (Allocation Failure) 13M->9M(15M) 0.277ms
[13642.244s][info][gc] GC(6037) Pause Young (Allocation Failure) 13M->9M(15M) 0.308ms
[13644.443s][info][gc] GC(6038) Pause Young (Allocation Failure) 13M->9M(15M) 0.257ms
[13646.545s][info][gc] GC(6039) Pause Young (Allocation Failure) 13M->9M(15M) 0.285ms
[13648.644s][info][gc] GC(6040) Pause Young (Allocation Failure) 13M->9M(15M) 0.326ms
[13650.844s][info][gc] GC(6041) Pause Young (Allocation Failure) 13M->9M(15M) 0.250ms
[13652.944s][info][gc] GC(6042) Pause Young (Allocation Failure) 13M->9M(15M) 0.283ms
[13654.944s][info][gc] GC(6043) Pause Young (Allocation Failure) 13M->9M(15M) 0.322ms
[13656.844s][info][gc] GC(6044) Pause Young (Allocation Failure) 13M->9M(15M) 0.271ms
[13658.744s][info][gc] GC(6045) Pause Young (Allocation Failure) 13M->9M(15M) 0.299ms
[13660.644s][info][gc] GC(6046) Pause Young (Allocation Failure) 13M->9M(15M) 0.292ms
[13662.543s][info][gc] GC(6047) Pause Young (Allocation Failure) 13M->9M(15M) 0.307ms
[13664.444s][info][gc] GC(6048) Pause Young (Allocation Failure) 13M->9M(15M) 0.350ms
[13666.344s][info][gc] GC(6049) Pause Young (Allocation Failure) 13M->9M(15M) 0.311ms
[13668.245s][info][gc] GC(6050) Pause Young (Allocation Failure) 13M->9M(15M) 0.333ms
[13670.144s][info][gc] GC(6051) Pause Young (Allocation Failure) 13M->9M(15M) 0.349ms
[13672.057s][info][gc] GC(6052) Pause Young (Allocation Failure) 14M->9M(15M) 0.715ms
[13674.044s][info][gc] GC(6053) Pause Young (Allocation Failure) 13M->9M(15M) 0.332ms
[13675.945s][info][gc] GC(6054) Pause Young (Allocation Failure) 13M->9M(15M) 0.315ms
[13677.844s][info][gc] GC(6055) Pause Young (Allocation Failure) 13M->9M(15M) 0.294ms
[13679.744s][info][gc] GC(6056) Pause Young (Allocation Failure) 13M->9M(15M) 0.392ms
[13681.644s][info][gc] GC(6057) Pause Young (Allocation Failure) 13M->9M(15M) 0.392ms
[13683.544s][info][gc] GC(6058) Pause Young (Allocation Failure) 13M->9M(15M) 0.284ms
[13685.344s][info][gc] GC(6059) Pause Young (Allocation Failure) 13M->9M(15M) 0.333ms
[13687.244s][info][gc] GC(6060) Pause Young (Allocation Failure) 14M->9M(15M) 0.325ms
[13689.144s][info][gc] GC(6061) Pause Young (Allocation Failure) 13M->9M(15M) 0.318ms
[13691.044s][info][gc] GC(6062) Pause Young (Allocation Failure) 13M->9M(15M) 0.302ms
[13692.945s][info][gc] GC(6063) Pause Young (Allocation Failure) 13M->9M(15M) 0.326ms
[13694.845s][info][gc] GC(6064) Pause Young (Allocation Failure) 14M->9M(15M) 0.298ms
[13696.745s][info][gc] GC(6065) Pause Young (Allocation Failure) 13M->9M(15M) 0.326ms
[13698.644s][info][gc] GC(6066) Pause Young (Allocation Failure) 13M->9M(15M) 0.314ms
[13700.545s][info][gc] GC(6067) Pause Young (Allocation Failure) 14M->9M(15M) 0.305ms
[13702.545s][info][gc] GC(6068) Pause Young (Allocation Failure) 14M->9M(15M) 0.439ms
[13704.444s][info][gc] GC(6069) Pause Young (Allocation Failure) 13M->9M(15M) 0.284ms
[13706.346s][info][gc] GC(6070) Pause Young (Allocation Failure) 13M->9M(15M) 0.321ms
[13708.245s][info][gc] GC(6071) Pause Young (Allocation Failure) 13M->9M(15M) 0.493ms
[13710.244s][info][gc] GC(6072) Pause Young (Allocation Failure) 13M->9M(15M) 0.439ms
[13712.244s][info][gc] GC(6073) Pause Young (Allocation Failure) 13M->9M(15M) 0.285ms
[13714.245s][info][gc] GC(6074) Pause Young (Allocation Failure) 13M->9M(15M) 0.491ms
[13716.245s][info][gc] GC(6075) Pause Young (Allocation Failure) 13M->9M(15M) 0.567ms
[13718.245s][info][gc] GC(6076) Pause Young (Allocation Failure) 13M->9M(15M) 0.666ms
[13720.245s][info][gc] GC(6077) Pause Young (Allocation Failure) 13M->9M(15M) 0.337ms
[13722.345s][info][gc] GC(6078) Pause Young (Allocation Failure) 13M->9M(15M) 0.705ms
[13724.344s][info][gc] GC(6079) Pause Young (Allocation Failure) 13M->9M(15M) 0.470ms
[13726.345s][info][gc] GC(6080) Pause Young (Allocation Failure) 13M->9M(15M) 0.395ms
[13728.343s][info][gc] GC(6081) Pause Young (Allocation Failure) 13M->9M(15M) 0.379ms
[13730.344s][info][gc] GC(6082) Pause Young (Allocation Failure) 13M->9M(15M) 0.360ms
[13732.345s][info][gc] GC(6083) Pause Young (Allocation Failure) 13M->9M(15M) 0.482ms
[13734.443s][info][gc] GC(6084) Pause Young (Allocation Failure) 13M->9M(15M) 0.283ms
[13736.443s][info][gc] GC(6085) Pause Young (Allocation Failure) 13M->9M(15M) 0.291ms
[13738.444s][info][gc] GC(6086) Pause Young (Allocation Failure) 13M->9M(15M) 0.392ms
[13740.444s][info][gc] GC(6087) Pause Young (Allocation Failure) 13M->9M(15M) 0.328ms
[13742.444s][info][gc] GC(6088) Pause Young (Allocation Failure) 13M->9M(15M) 0.340ms
[13744.445s][info][gc] GC(6089) Pause Young (Allocation Failure) 13M->9M(15M) 0.387ms
[13746.543s][info][gc] GC(6090) Pause Young (Allocation Failure) 13M->9M(15M) 0.266ms
[13748.544s][info][gc] GC(6091) Pause Young (Allocation Failure) 13M->9M(15M) 0.295ms
[13750.543s][info][gc] GC(6092) Pause Young (Allocation Failure) 13M->9M(15M) 0.308ms
[13752.544s][info][gc] GC(6093) Pause Young (Allocation Failure) 13M->9M(15M) 0.297ms
[13754.544s][info][gc] GC(6094) Pause Young (Allocation Failure) 13M->9M(15M) 0.300ms
[13756.545s][info][gc] GC(6095) Pause Young (Allocation Failure) 13M->9M(15M) 0.338ms
[13758.643s][info][gc] GC(6096) Pause Young (Allocation Failure) 13M->9M(15M) 0.273ms
[13760.644s][info][gc] GC(6097) Pause Young (Allocation Failure) 13M->9M(15M) 0.275ms
[13762.643s][info][gc] GC(6098) Pause Young (Allocation Failure) 13M->9M(15M) 0.296ms
[13764.644s][info][gc] GC(6099) Pause Young (Allocation Failure) 13M->9M(15M) 0.312ms
[13766.645s][info][gc] GC(6100) Pause Young (Allocation Failure) 13M->9M(15M) 0.337ms
[13768.645s][info][gc] GC(6101) Pause Young (Allocation Failure) 13M->9M(15M) 0.340ms
[13770.786s][info][gc] GC(6102) Pause Young (Allocation Failure) 13M->9M(15M) 0.246ms
[13772.944s][info][gc] GC(6103) Pause Young (Allocation Failure) 13M->9M(15M) 0.270ms
[13775.043s][info][gc] GC(6104) Pause Young (Allocation Failure) 13M->9M(15M) 0.326ms
[13776.944s][info][gc] GC(6105) Pause Young (Allocation Failure) 13M->9M(15M) 0.360ms
[13778.845s][info][gc] GC(6106) Pause Young (Allocation Failure) 14M->9M(15M) 0.308ms
[13780.744s][info][gc] GC(6107) Pause Young (Allocation Failure) 14M->9M(15M) 0.352ms
[13782.644s][info][gc] GC(6108) Pause Young (Allocation Failure) 14M->9M(15M) 0.339ms
[13784.545s][info][gc] GC(6109) Pause Young (Allocation Failure) 14M->9M(15M) 0.351ms
[13786.445s][info][gc] GC(6110) Pause Young (Allocation Failure) 14M->9M(15M) 0.425ms
[13788.444s][info][gc] GC(6111) Pause Young (Allocation Failure) 14M->9M(15M) 0.323ms
[13790.344s][info][gc] GC(6112) Pause Young (Allocation Failure) 13M->9M(15M) 0.304ms
[13792.244s][info][gc] GC(6113) Pause Young (Allocation Failure) 13M->9M(15M) 0.320ms
[13794.145s][info][gc] GC(6114) Pause Young (Allocation Failure) 13M->9M(15M) 0.387ms
[13796.044s][info][gc] GC(6115) Pause Young (Allocation Failure) 14M->9M(15M) 0.337ms
[13798.044s][info][gc] GC(6116) Pause Young (Allocation Failure) 14M->9M(15M) 0.288ms
[13799.943s][info][gc] GC(6117) Pause Young (Allocation Failure) 13M->9M(15M) 0.347ms
[13801.943s][info][gc] GC(6118) Pause Young (Allocation Failure) 13M->9M(15M) 0.355ms
[13803.945s][info][gc] GC(6119) Pause Young (Allocation Failure) 13M->9M(15M) 0.353ms
[13806.043s][info][gc] GC(6120) Pause Young (Allocation Failure) 14M->9M(15M) 0.269ms
[13808.044s][info][gc] GC(6121) Pause Young (Allocation Failure) 13M->9M(15M) 0.270ms
[13810.044s][info][gc] GC(6122) Pause Young (Allocation Failure) 13M->9M(15M) 0.300ms
[13812.044s][info][gc] GC(6123) Pause Young (Allocation Failure) 13M->9M(15M) 0.314ms
[13814.044s][info][gc] GC(6124) Pause Young (Allocation Failure) 13M->9M(15M) 0.294ms
[13816.044s][info][gc] GC(6125) Pause Young (Allocation Failure) 13M->9M(15M) 0.334ms
[13818.143s][info][gc] GC(6126) Pause Young (Allocation Failure) 14M->9M(15M) 0.277ms
[13820.144s][info][gc] GC(6127) Pause Young (Allocation Failure) 13M->9M(15M) 0.268ms
[13822.144s][info][gc] GC(6128) Pause Young (Allocation Failure) 13M->9M(15M) 0.287ms
[13824.144s][info][gc] GC(6129) Pause Young (Allocation Failure) 13M->9M(15M) 0.313ms
[13826.144s][info][gc] GC(6130) Pause Young (Allocation Failure) 13M->9M(15M) 0.320ms
[13828.145s][info][gc] GC(6131) Pause Young (Allocation Failure) 13M->9M(15M) 0.336ms
[13830.188s][info][gc] GC(6132) Pause Young (Allocation Failure) 13M->9M(15M) 0.501ms
[13832.192s][info][gc] GC(6133) Pause Young (Allocation Failure) 13M->9M(15M) 0.273ms
[13834.192s][info][gc] GC(6134) Pause Young (Allocation Failure) 13M->9M(15M) 0.347ms
[13836.243s][info][gc] GC(6135) Pause Young (Allocation Failure) 13M->9M(15M) 0.269ms
[13838.245s][info][gc] GC(6136) Pause Young (Allocation Failure) 13M->9M(15M) 0.285ms
[13840.243s][info][gc] GC(6137) Pause Young (Allocation Failure) 13M->9M(15M) 0.337ms
[13842.245s][info][gc] GC(6138) Pause Young (Allocation Failure) 13M->9M(15M) 0.309ms
[13844.244s][info][gc] GC(6139) Pause Young (Allocation Failure) 13M->9M(15M) 0.327ms
[13846.244s][info][gc] GC(6140) Pause Young (Allocation Failure) 13M->9M(15M) 0.278ms
[13848.245s][info][gc] GC(6141) Pause Young (Allocation Failure) 13M->9M(15M) 0.329ms
[13850.343s][info][gc] GC(6142) Pause Young (Allocation Failure) 14M->9M(15M) 0.270ms
[13852.344s][info][gc] GC(6143) Pause Young (Allocation Failure) 13M->9M(15M) 0.272ms
[13854.344s][info][gc] GC(6144) Pause Young (Allocation Failure) 13M->9M(15M) 0.303ms
[13856.344s][info][gc] GC(6145) Pause Young (Allocation Failure) 13M->9M(15M) 0.299ms
[13858.344s][info][gc] GC(6146) Pause Young (Allocation Failure) 13M->9M(15M) 0.322ms
[13860.444s][info][gc] GC(6147) Pause Young (Allocation Failure) 13M->9M(15M) 0.297ms
[13862.644s][info][gc] GC(6148) Pause Young (Allocation Failure) 13M->9M(15M) 0.269ms
[13864.744s][info][gc] GC(6149) Pause Young (Allocation Failure) 13M->9M(15M) 0.274ms
[13866.844s][info][gc] GC(6150) Pause Young (Allocation Failure) 13M->9M(15M) 0.288ms
[13868.944s][info][gc] GC(6151) Pause Young (Allocation Failure) 13M->9M(15M) 0.306ms
[13871.145s][info][gc] GC(6152) Pause Young (Allocation Failure) 13M->9M(15M) 0.256ms
[13873.244s][info][gc] GC(6153) Pause Young (Allocation Failure) 13M->9M(15M) 0.494ms
[13875.144s][info][gc] GC(6154) Pause Young (Allocation Failure) 13M->9M(15M) 0.307ms
[13877.044s][info][gc] GC(6155) Pause Young (Allocation Failure) 14M->9M(15M) 0.338ms
[13878.945s][info][gc] GC(6156) Pause Young (Allocation Failure) 14M->9M(15M) 0.362ms
[13880.845s][info][gc] GC(6157) Pause Young (Allocation Failure) 14M->9M(15M) 0.343ms
[13882.744s][info][gc] GC(6158) Pause Young (Allocation Failure) 14M->9M(15M) 0.403ms
[13884.646s][info][gc] GC(6159) Pause Young (Allocation Failure) 14M->9M(15M) 0.471ms
[13886.544s][info][gc] GC(6160) Pause Young (Allocation Failure) 14M->9M(15M) 0.334ms
[13888.543s][info][gc] GC(6161) Pause Young (Allocation Failure) 14M->9M(15M) 0.295ms
[13890.444s][info][gc] GC(6162) Pause Young (Allocation Failure) 13M->9M(15M) 0.287ms
[13892.343s][info][gc] GC(6163) Pause Young (Allocation Failure) 13M->9M(15M) 0.303ms
[13894.244s][info][gc] GC(6164) Pause Young (Allocation Failure) 13M->9M(15M) 0.323ms
[13896.144s][info][gc] GC(6165) Pause Young (Allocation Failure) 13M->9M(15M) 0.342ms
[13898.144s][info][gc] GC(6166) Pause Young (Allocation Failure) 14M->9M(15M) 0.293ms
[13900.043s][info][gc] GC(6167) Pause Young (Allocation Failure) 13M->9M(15M) 0.363ms
[13901.944s][info][gc] GC(6168) Pause Young (Allocation Failure) 13M->9M(15M) 0.301ms
[13903.844s][info][gc] GC(6169) Pause Young (Allocation Failure) 13M->9M(15M) 0.302ms
[13905.745s][info][gc] GC(6170) Pause Young (Allocation Failure) 13M->9M(15M) 0.329ms
[13907.643s][info][gc] GC(6171) Pause Young (Allocation Failure) 14M->9M(15M) 0.335ms
[13909.544s][info][gc] GC(6172) Pause Young (Allocation Failure) 14M->9M(15M) 0.314ms
[13911.444s][info][gc] GC(6173) Pause Young (Allocation Failure) 13M->9M(15M) 0.278ms
[13913.344s][info][gc] GC(6174) Pause Young (Allocation Failure) 13M->9M(15M) 0.302ms
[13915.245s][info][gc] GC(6175) Pause Young (Allocation Failure) 13M->9M(15M) 0.334ms
[13917.144s][info][gc] GC(6176) Pause Young (Allocation Failure) 14M->9M(15M) 0.328ms
[13919.144s][info][gc] GC(6177) Pause Young (Allocation Failure) 14M->9M(15M) 0.269ms
[13921.044s][info][gc] GC(6178) Pause Young (Allocation Failure) 13M->9M(15M) 0.285ms
[13922.944s][info][gc] GC(6179) Pause Young (Allocation Failure) 13M->9M(15M) 0.287ms
[13924.845s][info][gc] GC(6180) Pause Young (Allocation Failure) 13M->9M(15M) 0.317ms
[13926.744s][info][gc] GC(6181) Pause Young (Allocation Failure) 14M->9M(15M) 0.331ms
[13928.645s][info][gc] GC(6182) Pause Young (Allocation Failure) 14M->9M(15M) 0.331ms
[13930.544s][info][gc] GC(6183) Pause Young (Allocation Failure) 14M->9M(15M) 0.323ms
[13932.544s][info][gc] GC(6184) Pause Young (Allocation Failure) 14M->9M(15M) 0.277ms
[13934.445s][info][gc] GC(6185) Pause Young (Allocation Failure) 13M->9M(15M) 0.312ms
[13936.443s][info][gc] GC(6186) Pause Young (Allocation Failure) 13M->9M(15M) 0.292ms
[13938.444s][info][gc] GC(6187) Pause Young (Allocation Failure) 13M->9M(15M) 0.311ms
[13940.445s][info][gc] GC(6188) Pause Young (Allocation Failure) 14M->9M(15M) 0.292ms
[13942.445s][info][gc] GC(6189) Pause Young (Allocation Failure) 14M->9M(15M) 0.327ms
[13944.543s][info][gc] GC(6190) Pause Young (Allocation Failure) 14M->9M(15M) 0.270ms
[13946.544s][info][gc] GC(6191) Pause Young (Allocation Failure) 13M->9M(15M) 0.285ms
[13948.545s][info][gc] GC(6192) Pause Young (Allocation Failure) 13M->9M(15M) 0.284ms
[13950.545s][info][gc] GC(6193) Pause Young (Allocation Failure) 13M->9M(15M) 0.318ms
[13952.545s][info][gc] GC(6194) Pause Young (Allocation Failure) 13M->9M(15M) 0.326ms
[13954.544s][info][gc] GC(6195) Pause Young (Allocation Failure) 14M->9M(15M) 0.326ms
[13956.545s][info][gc] GC(6196) Pause Young (Allocation Failure) 14M->9M(15M) 0.327ms
[13958.644s][info][gc] GC(6197) Pause Young (Allocation Failure) 14M->9M(15M) 0.267ms
[13960.644s][info][gc] GC(6198) Pause Young (Allocation Failure) 13M->9M(15M) 0.286ms
[13962.644s][info][gc] GC(6199) Pause Young (Allocation Failure) 13M->9M(15M) 0.281ms
[13964.643s][info][gc] GC(6200) Pause Young (Allocation Failure) 13M->9M(15M) 0.319ms
[13966.644s][info][gc] GC(6201) Pause Young (Allocation Failure) 14M->9M(15M) 0.314ms
[13968.644s][info][gc] GC(6202) Pause Young (Allocation Failure) 14M->9M(15M) 0.324ms
[13970.743s][info][gc] GC(6203) Pause Young (Allocation Failure) 14M->9M(15M) 0.260ms
[13972.744s][info][gc] GC(6204) Pause Young (Allocation Failure) 13M->9M(15M) 0.263ms
[13974.744s][info][gc] GC(6205) Pause Young (Allocation Failure) 13M->9M(15M) 0.270ms
[13976.744s][info][gc] GC(6206) Pause Young (Allocation Failure) 13M->9M(15M) 0.313ms
[13978.744s][info][gc] GC(6207) Pause Young (Allocation Failure) 13M->9M(15M) 0.306ms
[13980.744s][info][gc] GC(6208) Pause Young (Allocation Failure) 14M->9M(15M) 0.320ms
[13982.744s][info][gc] GC(6209) Pause Young (Allocation Failure) 14M->9M(15M) 0.331ms
[13984.843s][info][gc] GC(6210) Pause Young (Allocation Failure) 14M->9M(15M) 0.280ms
[13986.843s][info][gc] GC(6211) Pause Young (Allocation Failure) 13M->9M(15M) 0.365ms
[13988.844s][info][gc] GC(6212) Pause Young (Allocation Failure) 13M->9M(15M) 0.326ms
[13990.843s][info][gc] GC(6213) Pause Young (Allocation Failure) 13M->9M(15M) 0.318ms
[13992.845s][info][gc] GC(6214) Pause Young (Allocation Failure) 14M->9M(15M) 0.321ms
[13994.944s][info][gc] GC(6215) Pause Young (Allocation Failure) 14M->9M(15M) 0.271ms
[13997.044s][info][gc] GC(6216) Pause Young (Allocation Failure) 13M->9M(15M) 0.298ms
[13999.145s][info][gc] GC(6217) Pause Young (Allocation Failure) 13M->9M(15M) 0.290ms
[14001.320s][info][gc] GC(6218) Pause Young (Allocation Failure) 14M->9M(15M) 0.257ms
[14003.444s][info][gc] GC(6219) Pause Young (Allocation Failure) 13M->9M(15M) 0.253ms
[14005.544s][info][gc] GC(6220) Pause Young (Allocation Failure) 13M->9M(15M) 0.280ms
[14007.644s][info][gc] GC(6221) Pause Young (Allocation Failure) 13M->9M(15M) 0.374ms
[14009.843s][info][gc] GC(6222) Pause Young (Allocation Failure) 14M->9M(15M) 0.249ms
[14011.944s][info][gc] GC(6223) Pause Young (Allocation Failure) 13M->9M(15M) 0.281ms
[14014.044s][info][gc] GC(6224) Pause Young (Allocation Failure) 13M->9M(15M) 0.292ms
[14016.145s][info][gc] GC(6225) Pause Young (Allocation Failure) 14M->9M(15M) 0.286ms
[14018.336s][info][gc] GC(6226) Pause Young (Allocation Failure) 14M->9M(15M) 0.266ms
[14020.444s][info][gc] GC(6227) Pause Young (Allocation Failure) 13M->9M(15M) 0.297ms
[14022.544s][info][gc] GC(6228) Pause Young (Allocation Failure) 13M->9M(15M) 0.360ms
[14024.645s][info][gc] GC(6229) Pause Young (Allocation Failure) 13M->9M(15M) 0.377ms
[14026.844s][info][gc] GC(6230) Pause Young (Allocation Failure) 14M->9M(15M) 0.269ms
[14028.945s][info][gc] GC(6231) Pause Young (Allocation Failure) 13M->9M(15M) 0.388ms
[14031.044s][info][gc] GC(6232) Pause Young (Allocation Failure) 13M->9M(15M) 0.302ms
[14033.144s][info][gc] GC(6233) Pause Young (Allocation Failure) 14M->9M(15M) 0.300ms
[14035.045s][info][gc] GC(6234) Pause Young (Allocation Failure) 14M->9M(15M) 0.325ms
[14036.944s][info][gc] GC(6235) Pause Young (Allocation Failure) 14M->9M(15M) 0.338ms
[14038.844s][info][gc] GC(6236) Pause Young (Allocation Failure) 14M->9M(15M) 0.335ms
[14040.744s][info][gc] GC(6237) Pause Young (Allocation Failure) 14M->9M(15M) 0.341ms
[14042.643s][info][gc] GC(6238) Pause Young (Allocation Failure) 14M->9M(15M) 0.318ms
[14044.544s][info][gc] GC(6239) Pause Young (Allocation Failure) 14M->9M(15M) 0.330ms
[14046.445s][info][gc] GC(6240) Pause Young (Allocation Failure) 14M->9M(15M) 0.334ms
[14048.359s][info][gc] GC(6241) Pause Young (Allocation Failure) 14M->9M(15M) 0.289ms
[14050.245s][info][gc] GC(6242) Pause Young (Allocation Failure) 13M->9M(15M) 0.340ms
[14052.144s][info][gc] GC(6243) Pause Young (Allocation Failure) 14M->9M(15M) 0.313ms
[14054.045s][info][gc] GC(6244) Pause Young (Allocation Failure) 14M->9M(15M) 0.340ms
[14055.944s][info][gc] GC(6245) Pause Young (Allocation Failure) 14M->9M(15M) 0.327ms
[14057.844s][info][gc] GC(6246) Pause Young (Allocation Failure) 14M->9M(15M) 0.331ms
[14059.744s][info][gc] GC(6247) Pause Young (Allocation Failure) 14M->9M(15M) 0.344ms
[14061.644s][info][gc] GC(6248) Pause Young (Allocation Failure) 14M->9M(15M) 0.367ms
[14063.544s][info][gc] GC(6249) Pause Young (Allocation Failure) 14M->9M(15M) 0.329ms
[14065.444s][info][gc] GC(6250) Pause Young (Allocation Failure) 14M->9M(15M) 0.311ms
[14067.380s][info][gc] GC(6251) Pause Young (Allocation Failure) 14M->9M(15M) 0.262ms
[14069.344s][info][gc] GC(6252) Pause Young (Allocation Failure) 13M->9M(15M) 0.310ms
[14071.244s][info][gc] GC(6253) Pause Young (Allocation Failure) 14M->9M(15M) 0.326ms
[14073.144s][info][gc] GC(6254) Pause Young (Allocation Failure) 14M->9M(15M) 0.314ms
[14075.045s][info][gc] GC(6255) Pause Young (Allocation Failure) 14M->9M(15M) 0.319ms
[14076.955s][info][gc] GC(6256) Pause Young (Allocation Failure) 14M->9M(15M) 0.296ms
[14078.943s][info][gc] GC(6257) Pause Young (Allocation Failure) 13M->9M(15M) 0.277ms
[14080.844s][info][gc] GC(6258) Pause Young (Allocation Failure) 13M->9M(15M) 0.259ms
[14082.744s][info][gc] GC(6259) Pause Young (Allocation Failure) 14M->9M(15M) 0.303ms
[14084.644s][info][gc] GC(6260) Pause Young (Allocation Failure) 14M->9M(15M) 0.332ms
[14086.644s][info][gc] GC(6261) Pause Young (Allocation Failure) 14M->9M(15M) 0.337ms
[14088.743s][info][gc] GC(6262) Pause Young (Allocation Failure) 14M->9M(15M) 0.280ms
[14090.744s][info][gc] GC(6263) Pause Young (Allocation Failure) 13M->9M(15M) 0.299ms
[14092.744s][info][gc] GC(6264) Pause Young (Allocation Failure) 13M->9M(15M) 0.320ms
[14094.744s][info][gc] GC(6265) Pause Young (Allocation Failure) 14M->9M(15M) 0.323ms
[14096.744s][info][gc] GC(6266) Pause Young (Allocation Failure) 14M->9M(15M) 0.319ms
[14098.745s][info][gc] GC(6267) Pause Young (Allocation Failure) 14M->9M(15M) 0.340ms
[14100.844s][info][gc] GC(6268) Pause Young (Allocation Failure) 14M->9M(15M) 0.268ms
[14102.844s][info][gc] GC(6269) Pause Young (Allocation Failure) 13M->9M(15M) 0.318ms
[14104.844s][info][gc] GC(6270) Pause Young (Allocation Failure) 13M->9M(15M) 0.293ms
[14106.844s][info][gc] GC(6271) Pause Young (Allocation Failure) 14M->9M(15M) 0.318ms
[14108.844s][info][gc] GC(6272) Pause Young (Allocation Failure) 14M->9M(15M) 0.316ms
[14110.844s][info][gc] GC(6273) Pause Young (Allocation Failure) 14M->9M(15M) 0.339ms
[14112.943s][info][gc] GC(6274) Pause Young (Allocation Failure) 14M->9M(15M) 0.288ms
[14114.944s][info][gc] GC(6275) Pause Young (Allocation Failure) 13M->9M(15M) 0.291ms
[14116.944s][info][gc] GC(6276) Pause Young (Allocation Failure) 13M->9M(15M) 0.274ms
[14118.944s][info][gc] GC(6277) Pause Young (Allocation Failure) 13M->9M(15M) 0.323ms
[14120.944s][info][gc] GC(6278) Pause Young (Allocation Failure) 14M->9M(15M) 0.328ms
[14122.944s][info][gc] GC(6279) Pause Young (Allocation Failure) 14M->9M(15M) 0.339ms
[14124.977s][info][gc] GC(6280) Pause Young (Allocation Failure) 14M->9M(15M) 0.247ms
[14127.044s][info][gc] GC(6281) Pause Young (Allocation Failure) 13M->9M(15M) 0.266ms
[14129.043s][info][gc] GC(6282) Pause Young (Allocation Failure) 13M->9M(15M) 0.283ms
[14131.044s][info][gc] GC(6283) Pause Young (Allocation Failure) 13M->9M(15M) 0.298ms
[14133.044s][info][gc] GC(6284) Pause Young (Allocation Failure) 13M->9M(15M) 0.325ms
[14135.044s][info][gc] GC(6285) Pause Young (Allocation Failure) 14M->9M(15M) 0.322ms
[14137.045s][info][gc] GC(6286) Pause Young (Allocation Failure) 14M->9M(15M) 0.333ms
[14139.044s][info][gc] GC(6287) Pause Young (Allocation Failure) 14M->9M(15M) 0.334ms
[14141.144s][info][gc] GC(6288) Pause Young (Allocation Failure) 14M->9M(15M) 0.283ms
[14143.144s][info][gc] GC(6289) Pause Young (Allocation Failure) 13M->9M(15M) 0.261ms
[14144.945s][info][gc] GC(6290) Pause Young (Allocation Failure) 13M->9M(15M) 0.339ms
[14146.844s][info][gc] GC(6291) Pause Young (Allocation Failure) 14M->9M(15M) 0.339ms
[14148.744s][info][gc] GC(6292) Pause Young (Allocation Failure) 14M->9M(15M) 0.335ms
[14150.644s][info][gc] GC(6293) Pause Young (Allocation Failure) 14M->9M(15M) 0.341ms
[14152.643s][info][gc] GC(6294) Pause Young (Allocation Failure) 14M->9M(15M) 0.296ms
[14154.545s][info][gc] GC(6295) Pause Young (Allocation Failure) 13M->9M(15M) 0.289ms
[14156.445s][info][gc] GC(6296) Pause Young (Allocation Failure) 14M->9M(15M) 0.336ms
[14158.345s][info][gc] GC(6297) Pause Young (Allocation Failure) 14M->9M(15M) 0.683ms
[14160.245s][info][gc] GC(6298) Pause Young (Allocation Failure) 14M->9M(15M) 0.414ms
[14162.144s][info][gc] GC(6299) Pause Young (Allocation Failure) 14M->9M(15M) 0.432ms
[14164.044s][info][gc] GC(6300) Pause Young (Allocation Failure) 14M->9M(15M) 0.309ms
[14165.944s][info][gc] GC(6301) Pause Young (Allocation Failure) 14M->9M(15M) 0.313ms
[14167.844s][info][gc] GC(6302) Pause Young (Allocation Failure) 14M->9M(15M) 0.346ms
[14169.744s][info][gc] GC(6303) Pause Young (Allocation Failure) 14M->9M(15M) 0.341ms
[14171.645s][info][gc] GC(6304) Pause Young (Allocation Failure) 14M->9M(15M) 0.351ms
[14173.544s][info][gc] GC(6305) Pause Young (Allocation Failure) 14M->9M(15M) 0.328ms
[14175.456s][info][gc] GC(6306) Pause Young (Allocation Failure) 14M->9M(15M) 0.250ms
[14177.444s][info][gc] GC(6307) Pause Young (Allocation Failure) 13M->9M(15M) 0.305ms
[14179.344s][info][gc] GC(6308) Pause Young (Allocation Failure) 14M->9M(15M) 0.320ms
[14181.244s][info][gc] GC(6309) Pause Young (Allocation Failure) 14M->9M(15M) 0.329ms
[14183.144s][info][gc] GC(6310) Pause Young (Allocation Failure) 14M->9M(15M) 0.352ms
[14185.144s][info][gc] GC(6311) Pause Young (Allocation Failure) 14M->9M(15M) 0.282ms
[14187.044s][info][gc] GC(6312) Pause Young (Allocation Failure) 13M->9M(15M) 0.256ms
[14188.944s][info][gc] GC(6313) Pause Young (Allocation Failure) 13M->9M(15M) 0.296ms
[14190.944s][info][gc] GC(6314) Pause Young (Allocation Failure) 13M->9M(15M) 0.302ms
[14192.944s][info][gc] GC(6315) Pause Young (Allocation Failure) 14M->9M(15M) 0.304ms
[14194.944s][info][gc] GC(6316) Pause Young (Allocation Failure) 14M->9M(15M) 0.339ms
[14196.944s][info][gc] GC(6317) Pause Young (Allocation Failure) 14M->9M(15M) 0.329ms
[14198.944s][info][gc] GC(6318) Pause Young (Allocation Failure) 14M->9M(15M) 0.340ms
[14201.044s][info][gc] GC(6319) Pause Young (Allocation Failure) 14M->9M(15M) 0.286ms
[14203.043s][info][gc] GC(6320) Pause Young (Allocation Failure) 13M->9M(15M) 0.328ms
[14205.043s][info][gc] GC(6321) Pause Young (Allocation Failure) 14M->9M(15M) 0.291ms
[14207.044s][info][gc] GC(6322) Pause Young (Allocation Failure) 14M->9M(15M) 0.307ms
[14209.044s][info][gc] GC(6323) Pause Young (Allocation Failure) 14M->9M(15M) 0.321ms
[14211.045s][info][gc] GC(6324) Pause Young (Allocation Failure) 14M->9M(15M) 0.338ms
[14213.044s][info][gc] GC(6325) Pause Young (Allocation Failure) 14M->9M(15M) 0.341ms
[14215.144s][info][gc] GC(6326) Pause Young (Allocation Failure) 14M->9M(15M) 0.281ms
[14217.143s][info][gc] GC(6327) Pause Young (Allocation Failure) 13M->9M(15M) 0.291ms
[14219.144s][info][gc] GC(6328) Pause Young (Allocation Failure) 14M->9M(15M) 0.310ms
[14221.144s][info][gc] GC(6329) Pause Young (Allocation Failure) 14M->9M(15M) 0.324ms
[14223.144s][info][gc] GC(6330) Pause Young (Allocation Failure) 14M->9M(15M) 0.337ms
[14225.144s][info][gc] GC(6331) Pause Young (Allocation Failure) 14M->9M(15M) 0.317ms
[14227.244s][info][gc] GC(6332) Pause Young (Allocation Failure) 14M->9M(15M) 0.274ms
[14229.244s][info][gc] GC(6333) Pause Young (Allocation Failure) 13M->9M(15M) 0.324ms
[14231.243s][info][gc] GC(6334) Pause Young (Allocation Failure) 14M->9M(15M) 0.324ms
[14233.245s][info][gc] GC(6335) Pause Young (Allocation Failure) 14M->9M(15M) 0.338ms
[14235.245s][info][gc] GC(6336) Pause Young (Allocation Failure) 14M->9M(15M) 0.327ms
[14237.244s][info][gc] GC(6337) Pause Young (Allocation Failure) 14M->9M(15M) 0.339ms
[14239.344s][info][gc] GC(6338) Pause Young (Allocation Failure) 14M->9M(15M) 0.314ms
[14241.344s][info][gc] GC(6339) Pause Young (Allocation Failure) 13M->9M(15M) 0.298ms
[14243.344s][info][gc] GC(6340) Pause Young (Allocation Failure) 14M->9M(15M) 0.307ms
[14245.344s][info][gc] GC(6341) Pause Young (Allocation Failure) 14M->9M(15M) 0.323ms
[14247.344s][info][gc] GC(6342) Pause Young (Allocation Failure) 14M->9M(15M) 0.335ms
[14249.443s][info][gc] GC(6343) Pause Young (Allocation Failure) 14M->9M(15M) 0.266ms
[14251.517s][info][gc] GC(6344) Pause Young (Allocation Failure) 13M->9M(15M) 0.268ms
[14253.643s][info][gc] GC(6345) Pause Young (Allocation Failure) 14M->9M(15M) 0.305ms
[14255.743s][info][gc] GC(6346) Pause Young (Allocation Failure) 14M->9M(15M) 0.275ms
[14257.844s][info][gc] GC(6347) Pause Young (Allocation Failure) 14M->9M(15M) 0.287ms
[14260.044s][info][gc] GC(6348) Pause Young (Allocation Failure) 14M->9M(15M) 0.288ms
[14262.144s][info][gc] GC(6349) Pause Young (Allocation Failure) 13M->9M(15M) 0.273ms
[14264.244s][info][gc] GC(6350) Pause Young (Allocation Failure) 14M->9M(15M) 0.303ms
[14266.444s][info][gc] GC(6351) Pause Young (Allocation Failure) 14M->9M(15M) 0.252ms
[14268.528s][info][gc] GC(6352) Pause Young (Allocation Failure) 13M->9M(15M) 0.318ms
[14270.644s][info][gc] GC(6353) Pause Young (Allocation Failure) 14M->9M(15M) 0.271ms
[14272.744s][info][gc] GC(6354) Pause Young (Allocation Failure) 14M->9M(15M) 0.318ms
[14274.845s][info][gc] GC(6355) Pause Young (Allocation Failure) 14M->9M(15M) 0.305ms
[14277.044s][info][gc] GC(6356) Pause Young (Allocation Failure) 14M->9M(15M) 0.253ms
[14279.144s][info][gc] GC(6357) Pause Young (Allocation Failure) 13M->9M(15M) 0.305ms
[14281.244s][info][gc] GC(6358) Pause Young (Allocation Failure) 14M->9M(15M) 0.332ms
[14283.444s][info][gc] GC(6359) Pause Young (Allocation Failure) 14M->9M(15M) 0.255ms
[14285.538s][info][gc] GC(6360) Pause Young (Allocation Failure) 13M->9M(15M) 0.248ms
[14287.643s][info][gc] GC(6361) Pause Young (Allocation Failure) 13M->9M(15M) 0.297ms
[14289.744s][info][gc] GC(6362) Pause Young (Allocation Failure) 14M->9M(15M) 0.273ms
[14291.843s][info][gc] GC(6363) Pause Young (Allocation Failure) 14M->9M(15M) 0.312ms
[14293.644s][info][gc] GC(6364) Pause Young (Allocation Failure) 14M->9M(15M) 0.349ms
[14295.547s][info][gc] GC(6365) Pause Young (Allocation Failure) 14M->9M(15M) 0.301ms
[14297.544s][info][gc] GC(6366) Pause Young (Allocation Failure) 14M->9M(15M) 0.314ms
[14299.444s][info][gc] GC(6367) Pause Young (Allocation Failure) 14M->9M(15M) 0.554ms
[14301.245s][info][gc] GC(6368) Pause Young (Allocation Failure) 14M->9M(15M) 0.630ms
[14303.145s][info][gc] GC(6369) Pause Young (Allocation Failure) 14M->9M(15M) 0.704ms
[14305.144s][info][gc] GC(6370) Pause Young (Allocation Failure) 14M->9M(15M) 0.291ms
[14307.044s][info][gc] GC(6371) Pause Young (Allocation Failure) 14M->9M(15M) 0.404ms
[14308.944s][info][gc] GC(6372) Pause Young (Allocation Failure) 14M->9M(15M) 0.316ms
[14310.844s][info][gc] GC(6373) Pause Young (Allocation Failure) 14M->9M(15M) 0.329ms
[14312.744s][info][gc] GC(6374) Pause Young (Allocation Failure) 14M->9M(15M) 0.331ms
[14314.644s][info][gc] GC(6375) Pause Young (Allocation Failure) 14M->9M(15M) 0.325ms
[14316.559s][info][gc] GC(6376) Pause Young (Allocation Failure) 14M->9M(15M) 0.299ms
[14318.544s][info][gc] GC(6377) Pause Young (Allocation Failure) 14M->9M(15M) 0.296ms
[14320.444s][info][gc] GC(6378) Pause Young (Allocation Failure) 14M->9M(15M) 0.319ms
[14322.344s][info][gc] GC(6379) Pause Young (Allocation Failure) 14M->9M(15M) 0.299ms
[14324.245s][info][gc] GC(6380) Pause Young (Allocation Failure) 14M->9M(15M) 0.312ms
[14326.245s][info][gc] GC(6381) Pause Young (Allocation Failure) 14M->9M(15M) 0.329ms
[14328.245s][info][gc] GC(6382) Pause Young (Allocation Failure) 14M->9M(15M) 0.332ms
[14330.344s][info][gc] GC(6383) Pause Young (Allocation Failure) 14M->9M(15M) 0.276ms
[14332.344s][info][gc] GC(6384) Pause Young (Allocation Failure) 14M->9M(15M) 0.288ms
[14334.344s][info][gc] GC(6385) Pause Young (Allocation Failure) 14M->9M(15M) 0.319ms
[14336.344s][info][gc] GC(6386) Pause Young (Allocation Failure) 14M->9M(15M) 0.307ms
[14338.345s][info][gc] GC(6387) Pause Young (Allocation Failure) 14M->9M(15M) 0.339ms
[14340.345s][info][gc] GC(6388) Pause Young (Allocation Failure) 14M->9M(15M) 0.328ms
[14342.444s][info][gc] GC(6389) Pause Young (Allocation Failure) 14M->9M(15M) 0.289ms
[14344.444s][info][gc] GC(6390) Pause Young (Allocation Failure) 14M->9M(15M) 0.355ms
[14346.445s][info][gc] GC(6391) Pause Young (Allocation Failure) 14M->9M(15M) 0.319ms
[14348.445s][info][gc] GC(6392) Pause Young (Allocation Failure) 14M->9M(15M) 0.311ms
[14350.444s][info][gc] GC(6393) Pause Young (Allocation Failure) 14M->9M(15M) 0.329ms
[14352.445s][info][gc] GC(6394) Pause Young (Allocation Failure) 14M->9M(15M) 0.332ms
[14354.543s][info][gc] GC(6395) Pause Young (Allocation Failure) 14M->9M(15M) 0.275ms
[14356.543s][info][gc] GC(6396) Pause Young (Allocation Failure) 14M->9M(15M) 0.326ms
[14358.544s][info][gc] GC(6397) Pause Young (Allocation Failure) 14M->9M(15M) 0.319ms
[14360.545s][info][gc] GC(6398) Pause Young (Allocation Failure) 14M->9M(15M) 0.336ms
[14362.545s][info][gc] GC(6399) Pause Young (Allocation Failure) 14M->9M(15M) 0.314ms
[14364.544s][info][gc] GC(6400) Pause Young (Allocation Failure) 14M->9M(15M) 0.327ms
[14366.592s][info][gc] GC(6401) Pause Young (Allocation Failure) 14M->9M(15M) 0.263ms
[14368.595s][info][gc] GC(6402) Pause Young (Allocation Failure) 14M->9M(15M) 0.291ms
[14370.596s][info][gc] GC(6403) Pause Young (Allocation Failure) 14M->9M(15M) 0.320ms
[14372.644s][info][gc] GC(6404) Pause Young (Allocation Failure) 14M->9M(15M) 0.307ms
[14374.644s][info][gc] GC(6405) Pause Young (Allocation Failure) 14M->9M(15M) 0.302ms
[14376.644s][info][gc] GC(6406) Pause Young (Allocation Failure) 14M->9M(15M) 0.296ms
[14378.645s][info][gc] GC(6407) Pause Young (Allocation Failure) 14M->9M(15M) 0.319ms
[14380.644s][info][gc] GC(6408) Pause Young (Allocation Failure) 14M->9M(15M) 0.321ms
[14382.644s][info][gc] GC(6409) Pause Young (Allocation Failure) 14M->9M(15M) 0.335ms
[14384.744s][info][gc] GC(6410) Pause Young (Allocation Failure) 14M->9M(15M) 0.300ms
[14386.845s][info][gc] GC(6411) Pause Young (Allocation Failure) 14M->9M(15M) 0.303ms
[14389.044s][info][gc] GC(6412) Pause Young (Allocation Failure) 14M->9M(15M) 0.271ms
[14391.144s][info][gc] GC(6413) Pause Young (Allocation Failure) 14M->9M(15M) 0.299ms
[14393.244s][info][gc] GC(6414) Pause Young (Allocation Failure) 14M->9M(15M) 0.310ms
[14395.344s][info][gc] GC(6415) Pause Young (Allocation Failure) 14M->9M(15M) 0.294ms
[14397.544s][info][gc] GC(6416) Pause Young (Allocation Failure) 14M->9M(15M) 0.322ms
[14399.644s][info][gc] GC(6417) Pause Young (Allocation Failure) 14M->9M(15M) 0.263ms
[14401.744s][info][gc] GC(6418) Pause Young (Allocation Failure) 14M->9M(15M) 0.273ms
[14403.844s][info][gc] GC(6419) Pause Young (Allocation Failure) 14M->9M(15M) 0.304ms
[14406.043s][info][gc] GC(6420) Pause Young (Allocation Failure) 14M->9M(15M) 0.267ms
[14408.144s][info][gc] GC(6421) Pause Young (Allocation Failure) 14M->9M(15M) 0.275ms
[14410.244s][info][gc] GC(6422) Pause Young (Allocation Failure) 14M->9M(15M) 0.306ms
[14412.345s][info][gc] GC(6423) Pause Young (Allocation Failure) 14M->9M(15M) 0.312ms
[14414.544s][info][gc] GC(6424) Pause Young (Allocation Failure) 14M->9M(15M) 0.276ms
[14416.643s][info][gc] GC(6425) Pause Young (Allocation Failure) 14M->9M(15M) 0.258ms
[14418.744s][info][gc] GC(6426) Pause Young (Allocation Failure) 14M->9M(15M) 0.272ms
[14420.845s][info][gc] GC(6427) Pause Young (Allocation Failure) 14M->9M(15M) 0.304ms
[14423.044s][info][gc] GC(6428) Pause Young (Allocation Failure) 14M->9M(15M) 0.265ms
[14425.144s][info][gc] GC(6429) Pause Young (Allocation Failure) 14M->9M(15M) 0.334ms
[14427.244s][info][gc] GC(6430) Pause Young (Allocation Failure) 14M->9M(15M) 0.304ms
[14429.344s][info][gc] GC(6431) Pause Young (Allocation Failure) 14M->9M(15M) 0.304ms
[14431.544s][info][gc] GC(6432) Pause Young (Allocation Failure) 14M->9M(15M) 0.267ms
[14433.644s][info][gc] GC(6433) Pause Young (Allocation Failure) 14M->9M(15M) 0.266ms
[14435.745s][info][gc] GC(6434) Pause Young (Allocation Failure) 14M->9M(15M) 0.308ms
[14437.643s][info][gc] GC(6435) Pause Young (Allocation Failure) 14M->9M(15M) 0.305ms
[14439.543s][info][gc] GC(6436) Pause Young (Allocation Failure) 14M->9M(15M) 0.300ms
[14441.444s][info][gc] GC(6437) Pause Young (Allocation Failure) 14M->9M(15M) 0.333ms
[14443.343s][info][gc] GC(6438) Pause Young (Allocation Failure) 14M->9M(15M) 0.308ms
[14445.244s][info][gc] GC(6439) Pause Young (Allocation Failure) 14M->9M(15M) 0.340ms
[14447.144s][info][gc] GC(6440) Pause Young (Allocation Failure) 14M->9M(15M) 0.419ms
[14449.044s][info][gc] GC(6441) Pause Young (Allocation Failure) 14M->9M(15M) 0.496ms
[14450.944s][info][gc] GC(6442) Pause Young (Allocation Failure) 14M->9M(15M) 0.367ms
[14452.844s][info][gc] GC(6443) Pause Young (Allocation Failure) 14M->9M(15M) 0.369ms
[14454.745s][info][gc] GC(6444) Pause Young (Allocation Failure) 14M->9M(15M) 0.353ms
[14456.655s][info][gc] GC(6445) Pause Young (Allocation Failure) 14M->9M(15M) 0.307ms
[14458.645s][info][gc] GC(6446) Pause Young (Allocation Failure) 14M->9M(15M) 0.335ms
[14460.643s][info][gc] GC(6447) Pause Young (Allocation Failure) 14M->9M(15M) 0.324ms
[14462.644s][info][gc] GC(6448) Pause Young (Allocation Failure) 14M->9M(15M) 0.323ms
[14464.644s][info][gc] GC(6449) Pause Young (Allocation Failure) 14M->9M(15M) 0.335ms
[14466.645s][info][gc] GC(6450) Pause Young (Allocation Failure) 14M->9M(15M) 0.348ms
[14468.667s][info][gc] GC(6451) Pause Young (Allocation Failure) 14M->9M(15M) 0.270ms
[14470.670s][info][gc] GC(6452) Pause Young (Allocation Failure) 14M->9M(15M) 0.288ms
[14472.671s][info][gc] GC(6453) Pause Young (Allocation Failure) 14M->9M(15M) 0.303ms
[14474.743s][info][gc] GC(6454) Pause Young (Allocation Failure) 14M->9M(15M) 0.292ms
[14476.743s][info][gc] GC(6455) Pause Young (Allocation Failure) 14M->9M(15M) 0.292ms
[14478.744s][info][gc] GC(6456) Pause Young (Allocation Failure) 14M->9M(15M) 0.312ms
[14480.744s][info][gc] GC(6457) Pause Young (Allocation Failure) 14M->9M(15M) 0.304ms
[14482.744s][info][gc] GC(6458) Pause Young (Allocation Failure) 14M->9M(15M) 0.335ms
[14484.744s][info][gc] GC(6459) Pause Young (Allocation Failure) 14M->9M(15M) 0.337ms
[14486.844s][info][gc] GC(6460) Pause Young (Allocation Failure) 14M->9M(15M) 0.297ms
[14488.844s][info][gc] GC(6461) Pause Young (Allocation Failure) 14M->9M(15M) 0.276ms
[14490.844s][info][gc] GC(6462) Pause Young (Allocation Failure) 14M->9M(15M) 0.312ms
[14492.844s][info][gc] GC(6463) Pause Young (Allocation Failure) 14M->9M(15M) 0.325ms
[14494.844s][info][gc] GC(6464) Pause Young (Allocation Failure) 14M->9M(15M) 0.331ms
[14496.844s][info][gc] GC(6465) Pause Young (Allocation Failure) 14M->9M(15M) 0.340ms
[14498.944s][info][gc] GC(6466) Pause Young (Allocation Failure) 14M->9M(15M) 0.277ms
[14500.944s][info][gc] GC(6467) Pause Young (Allocation Failure) 14M->9M(15M) 0.290ms
[14502.944s][info][gc] GC(6468) Pause Young (Allocation Failure) 14M->9M(15M) 0.309ms
[14504.844s][info][gc] GC(6469) Pause Young (Allocation Failure) 14M->9M(15M) 0.312ms
[14506.744s][info][gc] GC(6470) Pause Young (Allocation Failure) 14M->9M(15M) 0.273ms
[14508.644s][info][gc] GC(6471) Pause Young (Allocation Failure) 14M->9M(15M) 0.283ms
[14510.544s][info][gc] GC(6472) Pause Young (Allocation Failure) 14M->9M(15M) 0.415ms
[14512.444s][info][gc] GC(6473) Pause Young (Allocation Failure) 14M->9M(15M) 0.284ms
[14514.344s][info][gc] GC(6474) Pause Young (Allocation Failure) 14M->9M(15M) 0.317ms
[14516.244s][info][gc] GC(6475) Pause Young (Allocation Failure) 14M->9M(15M) 0.317ms
[14518.144s][info][gc] GC(6476) Pause Young (Allocation Failure) 14M->9M(15M) 0.317ms
[14520.044s][info][gc] GC(6477) Pause Young (Allocation Failure) 14M->9M(15M) 0.334ms
[14521.945s][info][gc] GC(6478) Pause Young (Allocation Failure) 14M->9M(15M) 0.333ms
[14523.944s][info][gc] GC(6479) Pause Young (Allocation Failure) 14M->9M(15M) 0.307ms
[14525.844s][info][gc] GC(6480) Pause Young (Allocation Failure) 14M->9M(15M) 0.271ms
[14527.744s][info][gc] GC(6481) Pause Young (Allocation Failure) 14M->9M(15M) 0.283ms
[14529.645s][info][gc] GC(6482) Pause Young (Allocation Failure) 14M->9M(15M) 0.343ms
[14531.545s][info][gc] GC(6483) Pause Young (Allocation Failure) 14M->9M(15M) 0.342ms
[14533.543s][info][gc] GC(6484) Pause Young (Allocation Failure) 14M->9M(15M) 0.273ms
[14535.444s][info][gc] GC(6485) Pause Young (Allocation Failure) 14M->9M(15M) 0.344ms
[14537.543s][info][gc] GC(6486) Pause Young (Allocation Failure) 14M->9M(15M) 0.268ms
[14539.544s][info][gc] GC(6487) Pause Young (Allocation Failure) 14M->9M(15M) 0.273ms
[14541.544s][info][gc] GC(6488) Pause Young (Allocation Failure) 14M->9M(15M) 0.284ms
[14543.544s][info][gc] GC(6489) Pause Young (Allocation Failure) 14M->9M(15M) 0.321ms
[14545.544s][info][gc] GC(6490) Pause Young (Allocation Failure) 14M->9M(15M) 0.309ms
[14547.543s][info][gc] GC(6491) Pause Young (Allocation Failure) 14M->9M(15M) 0.338ms
[14549.544s][info][gc] GC(6492) Pause Young (Allocation Failure) 14M->9M(15M) 0.338ms
[14551.644s][info][gc] GC(6493) Pause Young (Allocation Failure) 14M->9M(15M) 0.278ms
[14553.644s][info][gc] GC(6494) Pause Young (Allocation Failure) 14M->9M(15M) 0.329ms
[14555.644s][info][gc] GC(6495) Pause Young (Allocation Failure) 14M->9M(15M) 0.319ms
[14557.644s][info][gc] GC(6496) Pause Young (Allocation Failure) 14M->9M(15M) 0.332ms
[14559.645s][info][gc] GC(6497) Pause Young (Allocation Failure) 14M->9M(15M) 0.333ms
[14561.645s][info][gc] GC(6498) Pause Young (Allocation Failure) 14M->9M(15M) 0.333ms
[14563.737s][info][gc] GC(6499) Pause Young (Allocation Failure) 14M->9M(15M) 0.287ms
[14565.739s][info][gc] GC(6500) Pause Young (Allocation Failure) 14M->9M(15M) 0.291ms
[14567.740s][info][gc] GC(6501) Pause Young (Allocation Failure) 14M->9M(15M) 0.298ms
[14569.744s][info][gc] GC(6502) Pause Young (Allocation Failure) 14M->9M(15M) 0.284ms
[14571.644s][info][gc] GC(6503) Pause Young (Allocation Failure) 14M->9M(15M) 0.342ms
[14573.544s][info][gc] GC(6504) Pause Young (Allocation Failure) 14M->9M(15M) 0.288ms
[14575.444s][info][gc] GC(6505) Pause Young (Allocation Failure) 14M->9M(15M) 0.328ms
[14577.344s][info][gc] GC(6506) Pause Young (Allocation Failure) 14M->9M(15M) 0.271ms
[14579.243s][info][gc] GC(6507) Pause Young (Allocation Failure) 14M->9M(15M) 0.310ms
[14581.144s][info][gc] GC(6508) Pause Young (Allocation Failure) 14M->9M(15M) 0.335ms
[14583.044s][info][gc] GC(6509) Pause Young (Allocation Failure) 14M->9M(15M) 0.335ms
[14584.945s][info][gc] GC(6510) Pause Young (Allocation Failure) 14M->9M(15M) 0.323ms
[14586.845s][info][gc] GC(6511) Pause Young (Allocation Failure) 14M->9M(15M) 0.648ms
[14588.754s][info][gc] GC(6512) Pause Young (Allocation Failure) 14M->9M(15M) 0.286ms
[14590.744s][info][gc] GC(6513) Pause Young (Allocation Failure) 14M->9M(15M) 0.289ms
[14592.644s][info][gc] GC(6514) Pause Young (Allocation Failure) 14M->9M(15M) 0.292ms
[14594.546s][info][gc] GC(6515) Pause Young (Allocation Failure) 14M->9M(15M) 0.340ms
[14596.545s][info][gc] GC(6516) Pause Young (Allocation Failure) 14M->9M(15M) 0.360ms
[14598.644s][info][gc] GC(6517) Pause Young (Allocation Failure) 14M->9M(15M) 0.298ms
[14600.644s][info][gc] GC(6518) Pause Young (Allocation Failure) 14M->9M(15M) 0.293ms
[14602.644s][info][gc] GC(6519) Pause Young (Allocation Failure) 14M->9M(15M) 0.305ms
[14604.644s][info][gc] GC(6520) Pause Young (Allocation Failure) 14M->9M(15M) 0.298ms
[14606.644s][info][gc] GC(6521) Pause Young (Allocation Failure) 14M->9M(15M) 0.331ms
[14608.644s][info][gc] GC(6522) Pause Young (Allocation Failure) 14M->9M(15M) 0.331ms
[14610.743s][info][gc] GC(6523) Pause Young (Allocation Failure) 14M->9M(15M) 0.289ms
[14612.744s][info][gc] GC(6524) Pause Young (Allocation Failure) 14M->9M(15M) 0.288ms
[14614.744s][info][gc] GC(6525) Pause Young (Allocation Failure) 14M->9M(15M) 0.310ms
[14616.743s][info][gc] GC(6526) Pause Young (Allocation Failure) 14M->9M(15M) 0.316ms
[14618.744s][info][gc] GC(6527) Pause Young (Allocation Failure) 14M->9M(15M) 0.313ms
[14620.744s][info][gc] GC(6528) Pause Young (Allocation Failure) 14M->9M(15M) 0.340ms
[14622.781s][info][gc] GC(6529) Pause Young (Allocation Failure) 14M->9M(15M) 0.282ms
[14624.783s][info][gc] GC(6530) Pause Young (Allocation Failure) 14M->9M(15M) 0.318ms
[14626.784s][info][gc] GC(6531) Pause Young (Allocation Failure) 14M->9M(15M) 0.295ms
[14628.844s][info][gc] GC(6532) Pause Young (Allocation Failure) 14M->9M(15M) 0.273ms
[14630.844s][info][gc] GC(6533) Pause Young (Allocation Failure) 14M->9M(15M) 0.309ms
[14632.844s][info][gc] GC(6534) Pause Young (Allocation Failure) 14M->9M(15M) 0.286ms
[14634.844s][info][gc] GC(6535) Pause Young (Allocation Failure) 14M->9M(15M) 0.308ms
[14636.844s][info][gc] GC(6536) Pause Young (Allocation Failure) 14M->9M(15M) 0.329ms
[14638.844s][info][gc] GC(6537) Pause Young (Allocation Failure) 14M->9M(15M) 0.343ms
[14640.943s][info][gc] GC(6538) Pause Young (Allocation Failure) 14M->9M(15M) 0.279ms
[14642.944s][info][gc] GC(6539) Pause Young (Allocation Failure) 14M->9M(15M) 0.270ms
[14644.944s][info][gc] GC(6540) Pause Young (Allocation Failure) 14M->9M(15M) 0.303ms
[14646.944s][info][gc] GC(6541) Pause Young (Allocation Failure) 14M->9M(15M) 0.327ms
[14648.945s][info][gc] GC(6542) Pause Young (Allocation Failure) 14M->9M(15M) 0.355ms
[14650.944s][info][gc] GC(6543) Pause Young (Allocation Failure) 14M->9M(15M) 0.331ms
[14653.044s][info][gc] GC(6544) Pause Young (Allocation Failure) 14M->9M(15M) 0.291ms
[14655.044s][info][gc] GC(6545) Pause Young (Allocation Failure) 14M->9M(15M) 0.307ms
[14657.212s][info][gc] GC(6546) Pause Young (Allocation Failure) 14M->9M(15M) 0.263ms
[14659.344s][info][gc] GC(6547) Pause Young (Allocation Failure) 14M->9M(15M) 0.266ms
[14661.444s][info][gc] GC(6548) Pause Young (Allocation Failure) 14M->9M(15M) 0.277ms
[14663.544s][info][gc] GC(6549) Pause Young (Allocation Failure) 14M->9M(15M) 0.307ms
[14665.743s][info][gc] GC(6550) Pause Young (Allocation Failure) 14M->9M(15M) 0.269ms
[14667.843s][info][gc] GC(6551) Pause Young (Allocation Failure) 14M->9M(15M) 0.252ms
[14669.944s][info][gc] GC(6552) Pause Young (Allocation Failure) 14M->9M(15M) 0.283ms
[14672.044s][info][gc] GC(6553) Pause Young (Allocation Failure) 14M->9M(15M) 0.306ms
[14674.243s][info][gc] GC(6554) Pause Young (Allocation Failure) 14M->9M(15M) 0.258ms
[14676.343s][info][gc] GC(6555) Pause Young (Allocation Failure) 14M->9M(15M) 0.262ms
[14678.444s][info][gc] GC(6556) Pause Young (Allocation Failure) 14M->9M(15M) 0.285ms
[14680.545s][info][gc] GC(6557) Pause Young (Allocation Failure) 14M->9M(15M) 0.305ms
[14682.744s][info][gc] GC(6558) Pause Young (Allocation Failure) 14M->9M(15M) 0.270ms
[14684.844s][info][gc] GC(6559) Pause Young (Allocation Failure) 14M->9M(15M) 0.263ms
[14686.944s][info][gc] GC(6560) Pause Young (Allocation Failure) 14M->9M(15M) 0.280ms
[14689.044s][info][gc] GC(6561) Pause Young (Allocation Failure) 14M->9M(15M) 0.305ms
[14691.244s][info][gc] GC(6562) Pause Young (Allocation Failure) 14M->9M(15M) 0.247ms
[14693.244s][info][gc] GC(6563) Pause Young (Allocation Failure) 14M->9M(15M) 0.325ms
[14695.145s][info][gc] GC(6564) Pause Young (Allocation Failure) 14M->9M(15M) 0.353ms
[14697.044s][info][gc] GC(6565) Pause Young (Allocation Failure) 14M->9M(15M) 0.323ms
[14698.945s][info][gc] GC(6566) Pause Young (Allocation Failure) 14M->9M(15M) 0.340ms
[14700.851s][info][gc] GC(6567) Pause Young (Allocation Failure) 14M->9M(15M) 0.264ms
[14702.844s][info][gc] GC(6568) Pause Young (Allocation Failure) 14M->9M(15M) 0.284ms
[14704.744s][info][gc] GC(6569) Pause Young (Allocation Failure) 14M->9M(15M) 0.289ms
[14706.644s][info][gc] GC(6570) Pause Young (Allocation Failure) 14M->9M(15M) 0.299ms
[14708.544s][info][gc] GC(6571) Pause Young (Allocation Failure) 14M->9M(15M) 0.307ms
[14710.444s][info][gc] GC(6572) Pause Young (Allocation Failure) 14M->9M(15M) 0.343ms
[14712.345s][info][gc] GC(6573) Pause Young (Allocation Failure) 14M->9M(15M) 0.339ms
[14714.245s][info][gc] GC(6574) Pause Young (Allocation Failure) 14M->9M(15M) 0.321ms
[14716.144s][info][gc] GC(6575) Pause Young (Allocation Failure) 14M->9M(15M) 0.339ms
[14718.044s][info][gc] GC(6576) Pause Young (Allocation Failure) 14M->9M(15M) 0.618ms
[14720.044s][info][gc] GC(6577) Pause Young (Allocation Failure) 14M->9M(15M) 0.365ms
[14721.871s][info][gc] GC(6578) Pause Young (Allocation Failure) 14M->9M(15M) 0.297ms
[14723.844s][info][gc] GC(6579) Pause Young (Allocation Failure) 14M->9M(15M) 0.287ms
[14725.744s][info][gc] GC(6580) Pause Young (Allocation Failure) 14M->9M(15M) 0.357ms
[14727.645s][info][gc] GC(6581) Pause Young (Allocation Failure) 14M->9M(15M) 0.301ms
[14729.544s][info][gc] GC(6582) Pause Young (Allocation Failure) 14M->9M(15M) 0.313ms
[14731.445s][info][gc] GC(6583) Pause Young (Allocation Failure) 14M->9M(15M) 0.312ms
[14733.345s][info][gc] GC(6584) Pause Young (Allocation Failure) 14M->9M(15M) 0.321ms
[14735.344s][info][gc] GC(6585) Pause Young (Allocation Failure) 14M->9M(15M) 0.246ms
[14737.244s][info][gc] GC(6586) Pause Young (Allocation Failure) 14M->9M(15M) 0.267ms
[14739.144s][info][gc] GC(6587) Pause Young (Allocation Failure) 14M->9M(15M) 0.282ms
[14741.044s][info][gc] GC(6588) Pause Young (Allocation Failure) 14M->9M(15M) 0.296ms
[14742.944s][info][gc] GC(6589) Pause Young (Allocation Failure) 14M->9M(15M) 0.484ms
[14744.844s][info][gc] GC(6590) Pause Young (Allocation Failure) 14M->9M(15M) 0.326ms
[14746.744s][info][gc] GC(6591) Pause Young (Allocation Failure) 14M->9M(15M) 0.321ms
[14748.744s][info][gc] GC(6592) Pause Young (Allocation Failure) 14M->9M(15M) 0.259ms
[14750.643s][info][gc] GC(6593) Pause Young (Allocation Failure) 14M->9M(15M) 0.260ms
[14752.544s][info][gc] GC(6594) Pause Young (Allocation Failure) 14M->9M(15M) 0.292ms
[14754.444s][info][gc] GC(6595) Pause Young (Allocation Failure) 14M->9M(15M) 0.309ms
[14756.344s][info][gc] GC(6596) Pause Young (Allocation Failure) 14M->9M(15M) 0.303ms
[14758.244s][info][gc] GC(6597) Pause Young (Allocation Failure) 14M->9M(15M) 0.323ms
[14760.245s][info][gc] GC(6598) Pause Young (Allocation Failure) 14M->9M(15M) 0.327ms
[14762.244s][info][gc] GC(6599) Pause Young (Allocation Failure) 14M->9M(15M) 0.337ms
[14764.244s][info][gc] GC(6600) Pause Young (Allocation Failure) 14M->9M(15M) 0.331ms
[14766.272s][info][gc] GC(6601) Pause Young (Allocation Failure) 14M->9M(15M) 0.256ms
[14768.344s][info][gc] GC(6602) Pause Young (Allocation Failure) 14M->9M(15M) 0.267ms
[14770.344s][info][gc] GC(6603) Pause Young (Allocation Failure) 14M->9M(15M) 0.279ms
[14772.344s][info][gc] GC(6604) Pause Young (Allocation Failure) 14M->9M(15M) 0.310ms
[14774.345s][info][gc] GC(6605) Pause Young (Allocation Failure) 14M->9M(15M) 0.326ms
[14776.345s][info][gc] GC(6606) Pause Young (Allocation Failure) 14M->9M(15M) 0.326ms
[14778.344s][info][gc] GC(6607) Pause Young (Allocation Failure) 14M->9M(15M) 0.338ms
[14780.444s][info][gc] GC(6608) Pause Young (Allocation Failure) 14M->9M(15M) 0.267ms
[14782.444s][info][gc] GC(6609) Pause Young (Allocation Failure) 14M->9M(15M) 0.276ms
[14784.444s][info][gc] GC(6610) Pause Young (Allocation Failure) 14M->9M(15M) 0.320ms
[14786.445s][info][gc] GC(6611) Pause Young (Allocation Failure) 14M->9M(15M) 0.320ms
[14788.444s][info][gc] GC(6612) Pause Young (Allocation Failure) 14M->9M(15M) 0.327ms
[14790.445s][info][gc] GC(6613) Pause Young (Allocation Failure) 14M->9M(15M) 0.331ms
[14792.544s][info][gc] GC(6614) Pause Young (Allocation Failure) 14M->9M(15M) 0.265ms
[14794.544s][info][gc] GC(6615) Pause Young (Allocation Failure) 14M->9M(15M) 0.294ms
[14796.543s][info][gc] GC(6616) Pause Young (Allocation Failure) 14M->9M(15M) 0.288ms
[14798.544s][info][gc] GC(6617) Pause Young (Allocation Failure) 14M->9M(15M) 0.328ms
[14800.544s][info][gc] GC(6618) Pause Young (Allocation Failure) 14M->9M(15M) 0.338ms
[14802.545s][info][gc] GC(6619) Pause Young (Allocation Failure) 14M->9M(15M) 0.306ms
[14804.644s][info][gc] GC(6620) Pause Young (Allocation Failure) 14M->9M(15M) 0.287ms
[14806.644s][info][gc] GC(6621) Pause Young (Allocation Failure) 14M->9M(15M) 0.270ms
[14808.644s][info][gc] GC(6622) Pause Young (Allocation Failure) 14M->9M(15M) 0.289ms
[14810.644s][info][gc] GC(6623) Pause Young (Allocation Failure) 14M->9M(15M) 0.320ms
[14812.545s][info][gc] GC(6624) Pause Young (Allocation Failure) 14M->9M(15M) 0.340ms
[14814.444s][info][gc] GC(6625) Pause Young (Allocation Failure) 14M->9M(15M) 0.336ms
[14816.345s][info][gc] GC(6626) Pause Young (Allocation Failure) 14M->9M(15M) 0.343ms
[14818.295s][info][gc] GC(6627) Pause Young (Allocation Failure) 14M->9M(15M) 0.267ms
[14820.243s][info][gc] GC(6628) Pause Young (Allocation Failure) 14M->9M(15M) 0.278ms
[14822.144s][info][gc] GC(6629) Pause Young (Allocation Failure) 14M->9M(15M) 0.308ms
[14824.044s][info][gc] GC(6630) Pause Young (Allocation Failure) 14M->9M(15M) 0.322ms
[14825.955s][info][gc] GC(6631) Pause Young (Allocation Failure) 14M->9M(15M) 0.273ms
[14827.944s][info][gc] GC(6632) Pause Young (Allocation Failure) 14M->9M(15M) 0.266ms
[14829.843s][info][gc] GC(6633) Pause Young (Allocation Failure) 14M->9M(15M) 0.281ms
[14831.744s][info][gc] GC(6634) Pause Young (Allocation Failure) 14M->9M(15M) 0.312ms
[14833.644s][info][gc] GC(6635) Pause Young (Allocation Failure) 14M->9M(15M) 0.300ms
[14835.644s][info][gc] GC(6636) Pause Young (Allocation Failure) 14M->9M(15M) 0.294ms
[14837.644s][info][gc] GC(6637) Pause Young (Allocation Failure) 14M->9M(15M) 0.323ms
[14839.644s][info][gc] GC(6638) Pause Young (Allocation Failure) 14M->9M(15M) 0.325ms
[14841.645s][info][gc] GC(6639) Pause Young (Allocation Failure) 14M->9M(15M) 0.332ms
[14843.744s][info][gc] GC(6640) Pause Young (Allocation Failure) 14M->9M(15M) 0.290ms
[14845.744s][info][gc] GC(6641) Pause Young (Allocation Failure) 14M->9M(15M) 0.281ms
[14847.744s][info][gc] GC(6642) Pause Young (Allocation Failure) 14M->9M(15M) 0.280ms
[14849.744s][info][gc] GC(6643) Pause Young (Allocation Failure) 14M->9M(15M) 0.319ms
[14851.744s][info][gc] GC(6644) Pause Young (Allocation Failure) 14M->9M(15M) 0.326ms
[14853.744s][info][gc] GC(6645) Pause Young (Allocation Failure) 14M->9M(15M) 0.359ms
[14855.844s][info][gc] GC(6646) Pause Young (Allocation Failure) 14M->9M(15M) 0.323ms
[14857.843s][info][gc] GC(6647) Pause Young (Allocation Failure) 14M->9M(15M) 0.279ms
[14859.844s][info][gc] GC(6648) Pause Young (Allocation Failure) 14M->9M(15M) 0.288ms
[14861.844s][info][gc] GC(6649) Pause Young (Allocation Failure) 14M->9M(15M) 0.305ms
[14863.844s][info][gc] GC(6650) Pause Young (Allocation Failure) 14M->9M(15M) 0.343ms
[14865.844s][info][gc] GC(6651) Pause Young (Allocation Failure) 14M->9M(15M) 0.338ms
[14867.844s][info][gc] GC(6652) Pause Young (Allocation Failure) 14M->9M(15M) 0.345ms
[14869.943s][info][gc] GC(6653) Pause Young (Allocation Failure) 14M->9M(15M) 0.274ms
[14871.944s][info][gc] GC(6654) Pause Young (Allocation Failure) 14M->9M(15M) 0.322ms
[14873.944s][info][gc] GC(6655) Pause Young (Allocation Failure) 14M->9M(15M) 0.314ms
[14875.944s][info][gc] GC(6656) Pause Young (Allocation Failure) 14M->9M(15M) 0.336ms
[14877.945s][info][gc] GC(6657) Pause Young (Allocation Failure) 14M->9M(15M) 0.782ms
[14879.944s][info][gc] GC(6658) Pause Young (Allocation Failure) 14M->9M(15M) 0.370ms
[14881.998s][info][gc] GC(6659) Pause Young (Allocation Failure) 14M->9M(15M) 0.286ms
[14883.999s][info][gc] GC(6660) Pause Young (Allocation Failure) 14M->9M(15M) 0.292ms
[14886.044s][info][gc] GC(6661) Pause Young (Allocation Failure) 14M->9M(15M) 0.277ms
[14888.044s][info][gc] GC(6662) Pause Young (Allocation Failure) 14M->9M(15M) 0.290ms
[14890.044s][info][gc] GC(6663) Pause Young (Allocation Failure) 14M->9M(15M) 0.326ms
[14892.045s][info][gc] GC(6664) Pause Young (Allocation Failure) 14M->9M(15M) 0.321ms
[14894.045s][info][gc] GC(6665) Pause Young (Allocation Failure) 14M->9M(15M) 0.349ms
[14896.144s][info][gc] GC(6666) Pause Young (Allocation Failure) 14M->9M(15M) 0.293ms
[14898.344s][info][gc] GC(6667) Pause Young (Allocation Failure) 14M->9M(15M) 0.313ms
[14900.443s][info][gc] GC(6668) Pause Young (Allocation Failure) 14M->9M(15M) 0.286ms
[14902.544s][info][gc] GC(6669) Pause Young (Allocation Failure) 14M->9M(15M) 0.309ms
[14904.744s][info][gc] GC(6670) Pause Young (Allocation Failure) 14M->9M(15M) 0.304ms
[14906.844s][info][gc] GC(6671) Pause Young (Allocation Failure) 14M->9M(15M) 0.281ms
[14908.744s][info][gc] GC(6672) Pause Young (Allocation Failure) 14M->9M(15M) 0.334ms
[14910.644s][info][gc] GC(6673) Pause Young (Allocation Failure) 14M->9M(15M) 0.345ms
[14912.545s][info][gc] GC(6674) Pause Young (Allocation Failure) 14M->9M(15M) 0.329ms
[14914.445s][info][gc] GC(6675) Pause Young (Allocation Failure) 14M->9M(15M) 0.320ms
[14916.344s][info][gc] GC(6676) Pause Young (Allocation Failure) 14M->9M(15M) 0.336ms
[14918.244s][info][gc] GC(6677) Pause Young (Allocation Failure) 14M->9M(15M) 0.323ms
[14920.145s][info][gc] GC(6678) Pause Young (Allocation Failure) 14M->9M(15M) 0.337ms
[14922.044s][info][gc] GC(6679) Pause Young (Allocation Failure) 14M->9M(15M) 0.344ms
[14924.027s][info][gc] GC(6680) Pause Young (Allocation Failure) 14M->9M(15M) 0.303ms
[14925.944s][info][gc] GC(6681) Pause Young (Allocation Failure) 14M->9M(15M) 0.405ms
[14927.844s][info][gc] GC(6682) Pause Young (Allocation Failure) 14M->9M(15M) 0.294ms
[14929.744s][info][gc] GC(6683) Pause Young (Allocation Failure) 14M->9M(15M) 0.304ms
[14931.644s][info][gc] GC(6684) Pause Young (Allocation Failure) 14M->9M(15M) 0.324ms
[14933.544s][info][gc] GC(6685) Pause Young (Allocation Failure) 14M->9M(15M) 0.346ms
[14935.444s][info][gc] GC(6686) Pause Young (Allocation Failure) 14M->9M(15M) 0.322ms
[14937.361s][info][gc] GC(6687) Pause Young (Allocation Failure) 14M->9M(15M) 0.283ms
[14939.244s][info][gc] GC(6688) Pause Young (Allocation Failure) 14M->9M(15M) 0.323ms
[14941.144s][info][gc] GC(6689) Pause Young (Allocation Failure) 14M->9M(15M) 0.393ms
[14943.045s][info][gc] GC(6690) Pause Young (Allocation Failure) 14M->9M(15M) 0.449ms
[14944.945s][info][gc] GC(6691) Pause Young (Allocation Failure) 14M->9M(15M) 0.439ms
[14946.845s][info][gc] GC(6692) Pause Young (Allocation Failure) 14M->9M(15M) 0.506ms
[14948.744s][info][gc] GC(6693) Pause Young (Allocation Failure) 14M->9M(15M) 0.355ms
[14950.644s][info][gc] GC(6694) Pause Young (Allocation Failure) 14M->9M(15M) 0.328ms
[14952.545s][info][gc] GC(6695) Pause Young (Allocation Failure) 14M->9M(15M) 0.440ms
[14954.445s][info][gc] GC(6696) Pause Young (Allocation Failure) 14M->9M(15M) 0.492ms
[14956.345s][info][gc] GC(6697) Pause Young (Allocation Failure) 14M->9M(15M) 0.484ms
[14958.344s][info][gc] GC(6698) Pause Young (Allocation Failure) 14M->9M(15M) 0.486ms
[14960.245s][info][gc] GC(6699) Pause Young (Allocation Failure) 14M->9M(15M) 0.514ms
[14962.144s][info][gc] GC(6700) Pause Young (Allocation Failure) 14M->9M(15M) 0.457ms
[14964.044s][info][gc] GC(6701) Pause Young (Allocation Failure) 14M->9M(15M) 0.557ms
[14965.944s][info][gc] GC(6702) Pause Young (Allocation Failure) 14M->9M(15M) 0.561ms
[14967.943s][info][gc] GC(6703) Pause Young (Allocation Failure) 14M->9M(15M) 0.288ms
[14969.844s][info][gc] GC(6704) Pause Young (Allocation Failure) 14M->9M(15M) 0.335ms
[14971.844s][info][gc] GC(6705) Pause Young (Allocation Failure) 14M->9M(15M) 0.318ms
[14973.844s][info][gc] GC(6706) Pause Young (Allocation Failure) 14M->9M(15M) 0.343ms
[14975.844s][info][gc] GC(6707) Pause Young (Allocation Failure) 14M->9M(15M) 0.326ms
[14977.943s][info][gc] GC(6708) Pause Young (Allocation Failure) 14M->9M(15M) 0.286ms
[14979.943s][info][gc] GC(6709) Pause Young (Allocation Failure) 14M->9M(15M) 0.333ms
[14981.945s][info][gc] GC(6710) Pause Young (Allocation Failure) 14M->9M(15M) 0.312ms
[14983.944s][info][gc] GC(6711) Pause Young (Allocation Failure) 14M->9M(15M) 0.304ms
[14985.945s][info][gc] GC(6712) Pause Young (Allocation Failure) 14M->9M(15M) 0.321ms
[14987.944s][info][gc] GC(6713) Pause Young (Allocation Failure) 14M->9M(15M) 0.335ms
[14989.944s][info][gc] GC(6714) Pause Young (Allocation Failure) 14M->9M(15M) 0.338ms
[14992.045s][info][gc] GC(6715) Pause Young (Allocation Failure) 14M->9M(15M) 0.491ms
[14994.043s][info][gc] GC(6716) Pause Young (Allocation Failure) 14M->9M(15M) 0.363ms
[14996.045s][info][gc] GC(6717) Pause Young (Allocation Failure) 14M->9M(15M) 0.310ms
[14998.044s][info][gc] GC(6718) Pause Young (Allocation Failure) 14M->9M(15M) 0.365ms
[15000.044s][info][gc] GC(6719) Pause Young (Allocation Failure) 14M->9M(15M) 0.326ms
[15002.045s][info][gc] GC(6720) Pause Young (Allocation Failure) 14M->9M(15M) 0.326ms
[15004.092s][info][gc] GC(6721) Pause Young (Allocation Failure) 14M->9M(15M) 0.273ms
[15006.094s][info][gc] GC(6722) Pause Young (Allocation Failure) 14M->9M(15M) 0.323ms
[15008.096s][info][gc] GC(6723) Pause Young (Allocation Failure) 14M->9M(15M) 0.353ms
[15010.144s][info][gc] GC(6724) Pause Young (Allocation Failure) 14M->9M(15M) 0.349ms
[15012.144s][info][gc] GC(6725) Pause Young (Allocation Failure) 14M->9M(15M) 0.294ms
[15014.145s][info][gc] GC(6726) Pause Young (Allocation Failure) 14M->9M(15M) 0.317ms
[15016.144s][info][gc] GC(6727) Pause Young (Allocation Failure) 14M->9M(15M) 0.325ms
[15018.144s][info][gc] GC(6728) Pause Young (Allocation Failure) 14M->9M(15M) 0.328ms
[15020.144s][info][gc] GC(6729) Pause Young (Allocation Failure) 14M->9M(15M) 0.325ms
[15022.243s][info][gc] GC(6730) Pause Young (Allocation Failure) 14M->9M(15M) 0.394ms
[15024.244s][info][gc] GC(6731) Pause Young (Allocation Failure) 14M->9M(15M) 0.366ms
[15026.244s][info][gc] GC(6732) Pause Young (Allocation Failure) 14M->9M(15M) 0.278ms
[15028.244s][info][gc] GC(6733) Pause Young (Allocation Failure) 14M->9M(15M) 0.524ms
[15030.344s][info][gc] GC(6734) Pause Young (Allocation Failure) 14M->9M(15M) 0.286ms
[15032.443s][info][gc] GC(6735) Pause Young (Allocation Failure) 14M->9M(15M) 0.361ms
[15034.544s][info][gc] GC(6736) Pause Young (Allocation Failure) 14M->9M(15M) 0.305ms
[15036.744s][info][gc] GC(6737) Pause Young (Allocation Failure) 14M->9M(15M) 0.266ms
[15038.843s][info][gc] GC(6738) Pause Young (Allocation Failure) 14M->9M(15M) 0.625ms
[15040.945s][info][gc] GC(6739) Pause Young (Allocation Failure) 14M->9M(15M) 0.293ms
[15043.044s][info][gc] GC(6740) Pause Young (Allocation Failure) 14M->9M(15M) 0.434ms
[15044.944s][info][gc] GC(6741) Pause Young (Allocation Failure) 14M->9M(15M) 0.316ms
[15046.845s][info][gc] GC(6742) Pause Young (Allocation Failure) 14M->9M(15M) 0.570ms
[15048.744s][info][gc] GC(6743) Pause Young (Allocation Failure) 14M->9M(15M) 0.334ms
[15050.645s][info][gc] GC(6744) Pause Young (Allocation Failure) 14M->9M(15M) 0.532ms
[15052.544s][info][gc] GC(6745) Pause Young (Allocation Failure) 14M->9M(15M) 0.316ms
[15054.444s][info][gc] GC(6746) Pause Young (Allocation Failure) 14M->9M(15M) 0.418ms
[15056.344s][info][gc] GC(6747) Pause Young (Allocation Failure) 14M->9M(15M) 0.342ms
[15058.343s][info][gc] GC(6748) Pause Young (Allocation Failure) 14M->9M(15M) 0.256ms
[15060.244s][info][gc] GC(6749) Pause Young (Allocation Failure) 14M->9M(15M) 0.502ms
[15062.244s][info][gc] GC(6750) Pause Young (Allocation Failure) 14M->9M(15M) 0.353ms
[15064.144s][info][gc] GC(6751) Pause Young (Allocation Failure) 14M->9M(15M) 0.397ms
[15066.045s][info][gc] GC(6752) Pause Young (Allocation Failure) 14M->9M(15M) 0.455ms
[15067.944s][info][gc] GC(6753) Pause Young (Allocation Failure) 14M->9M(15M) 0.482ms
[15069.844s][info][gc] GC(6754) Pause Young (Allocation Failure) 14M->9M(15M) 0.395ms
[15071.745s][info][gc] GC(6755) Pause Young (Allocation Failure) 14M->9M(15M) 0.355ms
[15073.744s][info][gc] GC(6756) Pause Young (Allocation Failure) 14M->9M(15M) 0.309ms
[15075.645s][info][gc] GC(6757) Pause Young (Allocation Failure) 14M->9M(15M) 0.414ms
[15077.544s][info][gc] GC(6758) Pause Young (Allocation Failure) 14M->9M(15M) 0.332ms
[15079.444s][info][gc] GC(6759) Pause Young (Allocation Failure) 14M->9M(15M) 0.512ms
[15081.344s][info][gc] GC(6760) Pause Young (Allocation Failure) 14M->9M(15M) 0.326ms
[15083.245s][info][gc] GC(6761) Pause Young (Allocation Failure) 14M->9M(15M) 0.584ms
[15085.162s][info][gc] GC(6762) Pause Young (Allocation Failure) 14M->9M(15M) 0.290ms
[15087.145s][info][gc] GC(6763) Pause Young (Allocation Failure) 14M->9M(15M) 0.297ms
[15089.044s][info][gc] GC(6764) Pause Young (Allocation Failure) 14M->9M(15M) 0.543ms
[15091.044s][info][gc] GC(6765) Pause Young (Allocation Failure) 14M->9M(15M) 0.494ms
[15093.045s][info][gc] GC(6766) Pause Young (Allocation Failure) 14M->9M(15M) 0.562ms
[15095.046s][info][gc] GC(6767) Pause Young (Allocation Failure) 14M->9M(15M) 0.502ms
[15097.144s][info][gc] GC(6768) Pause Young (Allocation Failure) 14M->9M(15M) 0.437ms
[15099.143s][info][gc] GC(6769) Pause Young (Allocation Failure) 14M->9M(15M) 0.424ms
[15101.044s][info][gc] GC(6770) Pause Young (Allocation Failure) 14M->9M(15M) 0.623ms
[15102.945s][info][gc] GC(6771) Pause Young (Allocation Failure) 14M->9M(15M) 0.869ms
[15104.845s][info][gc] GC(6772) Pause Young (Allocation Failure) 14M->9M(15M) 0.912ms
[15106.744s][info][gc] GC(6773) Pause Young (Allocation Failure) 14M->9M(15M) 0.460ms
[15108.545s][info][gc] GC(6774) Pause Young (Allocation Failure) 14M->9M(15M) 0.529ms
[15110.446s][info][gc] GC(6775) Pause Young (Allocation Failure) 14M->9M(15M) 0.517ms
[15112.345s][info][gc] GC(6776) Pause Young (Allocation Failure) 14M->9M(15M) 0.466ms
[15114.343s][info][gc] GC(6777) Pause Young (Allocation Failure) 14M->9M(15M) 0.279ms
[15116.244s][info][gc] GC(6778) Pause Young (Allocation Failure) 14M->9M(15M) 0.411ms
[15118.144s][info][gc] GC(6779) Pause Young (Allocation Failure) 14M->9M(15M) 0.333ms
[15120.045s][info][gc] GC(6780) Pause Young (Allocation Failure) 14M->9M(15M) 0.660ms
[15121.944s][info][gc] GC(6781) Pause Young (Allocation Failure) 14M->9M(15M) 0.340ms
[15123.944s][info][gc] GC(6782) Pause Young (Allocation Failure) 14M->9M(15M) 0.251ms
[15125.843s][info][gc] GC(6783) Pause Young (Allocation Failure) 14M->9M(15M) 0.472ms
[15127.744s][info][gc] GC(6784) Pause Young (Allocation Failure) 14M->9M(15M) 0.269ms
[15129.644s][info][gc] GC(6785) Pause Young (Allocation Failure) 14M->9M(15M) 0.305ms
[15131.544s][info][gc] GC(6786) Pause Young (Allocation Failure) 14M->9M(15M) 0.303ms
[15133.445s][info][gc] GC(6787) Pause Young (Allocation Failure) 14M->9M(15M) 0.360ms
[15135.444s][info][gc] GC(6788) Pause Young (Allocation Failure) 14M->9M(15M) 0.473ms
[15137.444s][info][gc] GC(6789) Pause Young (Allocation Failure) 14M->9M(15M) 0.421ms
[15139.444s][info][gc] GC(6790) Pause Young (Allocation Failure) 14M->9M(15M) 0.434ms
[15141.445s][info][gc] GC(6791) Pause Young (Allocation Failure) 14M->9M(15M) 0.438ms
[15143.464s][info][gc] GC(6792) Pause Young (Allocation Failure) 14M->9M(15M) 0.341ms
[15145.544s][info][gc] GC(6793) Pause Young (Allocation Failure) 14M->9M(15M) 0.344ms
[15147.544s][info][gc] GC(6794) Pause Young (Allocation Failure) 14M->9M(15M) 0.374ms
[15149.545s][info][gc] GC(6795) Pause Young (Allocation Failure) 14M->9M(15M) 0.480ms
[15151.545s][info][gc] GC(6796) Pause Young (Allocation Failure) 14M->9M(15M) 0.316ms
[15153.545s][info][gc] GC(6797) Pause Young (Allocation Failure) 14M->9M(15M) 0.335ms
[15155.544s][info][gc] GC(6798) Pause Young (Allocation Failure) 14M->9M(15M) 0.335ms
[15157.644s][info][gc] GC(6799) Pause Young (Allocation Failure) 14M->9M(15M) 0.279ms
[15159.644s][info][gc] GC(6800) Pause Young (Allocation Failure) 14M->9M(15M) 0.502ms
[15161.644s][info][gc] GC(6801) Pause Young (Allocation Failure) 14M->9M(15M) 0.482ms
[15163.643s][info][gc] GC(6802) Pause Young (Allocation Failure) 14M->9M(15M) 0.319ms
[15165.646s][info][gc] GC(6803) Pause Young (Allocation Failure) 14M->9M(15M) 0.339ms
[15167.645s][info][gc] GC(6804) Pause Young (Allocation Failure) 14M->9M(15M) 0.559ms
[15169.744s][info][gc] GC(6805) Pause Young (Allocation Failure) 14M->9M(15M) 0.249ms
[15171.745s][info][gc] GC(6806) Pause Young (Allocation Failure) 14M->9M(15M) 0.344ms
[15173.743s][info][gc] GC(6807) Pause Young (Allocation Failure) 14M->9M(15M) 0.302ms
[15175.744s][info][gc] GC(6808) Pause Young (Allocation Failure) 14M->9M(15M) 0.327ms
[15177.645s][info][gc] GC(6809) Pause Young (Allocation Failure) 14M->9M(15M) 0.603ms
[15179.544s][info][gc] GC(6810) Pause Young (Allocation Failure) 14M->9M(15M) 0.325ms
[15181.445s][info][gc] GC(6811) Pause Young (Allocation Failure) 14M->9M(15M) 0.433ms
[15183.344s][info][gc] GC(6812) Pause Young (Allocation Failure) 14M->9M(15M) 0.318ms
[15185.245s][info][gc] GC(6813) Pause Young (Allocation Failure) 14M->9M(15M) 0.491ms
[15187.144s][info][gc] GC(6814) Pause Young (Allocation Failure) 14M->9M(15M) 0.343ms
[15189.143s][info][gc] GC(6815) Pause Young (Allocation Failure) 14M->9M(15M) 0.286ms
[15191.045s][info][gc] GC(6816) Pause Young (Allocation Failure) 14M->9M(15M) 0.562ms
[15192.944s][info][gc] GC(6817) Pause Young (Allocation Failure) 14M->9M(15M) 0.320ms
[15194.845s][info][gc] GC(6818) Pause Young (Allocation Failure) 14M->9M(15M) 0.513ms
[15196.744s][info][gc] GC(6819) Pause Young (Allocation Failure) 14M->9M(15M) 0.331ms
[15198.645s][info][gc] GC(6820) Pause Young (Allocation Failure) 14M->9M(15M) 0.479ms
[15200.545s][info][gc] GC(6821) Pause Young (Allocation Failure) 14M->9M(15M) 0.339ms
[15202.497s][info][gc] GC(6822) Pause Young (Allocation Failure) 14M->9M(15M) 0.268ms
[15204.444s][info][gc] GC(6823) Pause Young (Allocation Failure) 14M->9M(15M) 0.698ms
[15206.344s][info][gc] GC(6824) Pause Young (Allocation Failure) 14M->9M(15M) 0.308ms
[15208.244s][info][gc] GC(6825) Pause Young (Allocation Failure) 14M->9M(15M) 0.627ms
[15210.244s][info][gc] GC(6826) Pause Young (Allocation Failure) 14M->9M(15M) 0.685ms
[15212.243s][info][gc] GC(6827) Pause Young (Allocation Failure) 14M->9M(15M) 0.346ms
[15214.244s][info][gc] GC(6828) Pause Young (Allocation Failure) 14M->9M(15M) 0.382ms
[15216.245s][info][gc] GC(6829) Pause Young (Allocation Failure) 14M->9M(15M) 0.398ms
[15218.279s][info][gc] GC(6830) Pause Young (Allocation Failure) 14M->9M(15M) 0.312ms
[15220.282s][info][gc] GC(6831) Pause Young (Allocation Failure) 14M->9M(15M) 0.380ms
[15222.282s][info][gc] GC(6832) Pause Young (Allocation Failure) 14M->9M(15M) 0.348ms
[15224.344s][info][gc] GC(6833) Pause Young (Allocation Failure) 14M->9M(15M) 0.279ms
[15226.344s][info][gc] GC(6834) Pause Young (Allocation Failure) 14M->9M(15M) 0.287ms
[15228.344s][info][gc] GC(6835) Pause Young (Allocation Failure) 14M->9M(15M) 0.437ms
[15230.345s][info][gc] GC(6836) Pause Young (Allocation Failure) 14M->9M(15M) 0.363ms
[15232.344s][info][gc] GC(6837) Pause Young (Allocation Failure) 14M->9M(15M) 0.404ms
[15234.346s][info][gc] GC(6838) Pause Young (Allocation Failure) 14M->9M(15M) 0.330ms
[15236.444s][info][gc] GC(6839) Pause Young (Allocation Failure) 14M->9M(15M) 0.497ms
[15238.445s][info][gc] GC(6840) Pause Young (Allocation Failure) 14M->9M(15M) 0.699ms
[15240.444s][info][gc] GC(6841) Pause Young (Allocation Failure) 14M->9M(15M) 0.415ms
[15242.444s][info][gc] GC(6842) Pause Young (Allocation Failure) 14M->9M(15M) 0.579ms
[15244.445s][info][gc] GC(6843) Pause Young (Allocation Failure) 14M->9M(15M) 0.596ms
[15246.445s][info][gc] GC(6844) Pause Young (Allocation Failure) 14M->9M(15M) 0.575ms
[15248.519s][info][gc] GC(6845) Pause Young (Allocation Failure) 14M->9M(15M) 0.288ms
[15250.543s][info][gc] GC(6846) Pause Young (Allocation Failure) 14M->9M(15M) 0.348ms
[15252.544s][info][gc] GC(6847) Pause Young (Allocation Failure) 14M->9M(15M) 0.380ms
[15254.544s][info][gc] GC(6848) Pause Young (Allocation Failure) 14M->9M(15M) 0.518ms
[15256.544s][info][gc] GC(6849) Pause Young (Allocation Failure) 14M->9M(15M) 0.318ms
[15258.544s][info][gc] GC(6850) Pause Young (Allocation Failure) 14M->9M(15M) 0.334ms
[15260.545s][info][gc] GC(6851) Pause Young (Allocation Failure) 14M->9M(15M) 0.318ms
[15262.644s][info][gc] GC(6852) Pause Young (Allocation Failure) 14M->9M(15M) 0.277ms
[15264.645s][info][gc] GC(6853) Pause Young (Allocation Failure) 14M->9M(15M) 0.564ms
[15266.643s][info][gc] GC(6854) Pause Young (Allocation Failure) 14M->9M(15M) 0.423ms
[15268.645s][info][gc] GC(6855) Pause Young (Allocation Failure) 14M->9M(15M) 0.659ms
[15270.743s][info][gc] GC(6856) Pause Young (Allocation Failure) 14M->9M(15M) 0.309ms
[15272.844s][info][gc] GC(6857) Pause Young (Allocation Failure) 14M->9M(15M) 0.412ms
[15275.044s][info][gc] GC(6858) Pause Young (Allocation Failure) 14M->9M(15M) 0.397ms
[15277.143s][info][gc] GC(6859) Pause Young (Allocation Failure) 14M->9M(15M) 0.302ms
[15279.244s][info][gc] GC(6860) Pause Young (Allocation Failure) 14M->9M(15M) 0.369ms
[15281.345s][info][gc] GC(6861) Pause Young (Allocation Failure) 14M->9M(15M) 0.305ms
[15283.538s][info][gc] GC(6862) Pause Young (Allocation Failure) 14M->9M(15M) 0.385ms
[15285.644s][info][gc] GC(6863) Pause Young (Allocation Failure) 14M->9M(15M) 0.366ms
[15287.744s][info][gc] GC(6864) Pause Young (Allocation Failure) 14M->9M(15M) 0.387ms
[15289.845s][info][gc] GC(6865) Pause Young (Allocation Failure) 14M->9M(15M) 0.349ms
[15292.043s][info][gc] GC(6866) Pause Young (Allocation Failure) 14M->9M(15M) 0.250ms
[15294.044s][info][gc] GC(6867) Pause Young (Allocation Failure) 14M->9M(15M) 0.806ms
[15295.846s][info][gc] GC(6868) Pause Young (Allocation Failure) 14M->9M(15M) 0.338ms
[15297.744s][info][gc] GC(6869) Pause Young (Allocation Failure) 14M->9M(15M) 0.337ms
[15299.645s][info][gc] GC(6870) Pause Young (Allocation Failure) 14M->9M(15M) 0.354ms
[15301.545s][info][gc] GC(6871) Pause Young (Allocation Failure) 14M->9M(15M) 0.334ms
[15303.444s][info][gc] GC(6872) Pause Young (Allocation Failure) 14M->9M(15M) 0.539ms
[15305.352s][info][gc] GC(6873) Pause Young (Allocation Failure) 14M->9M(15M) 0.755ms
[15307.344s][info][gc] GC(6874) Pause Young (Allocation Failure) 14M->9M(15M) 0.311ms
[15309.245s][info][gc] GC(6875) Pause Young (Allocation Failure) 14M->9M(15M) 0.681ms
[15311.143s][info][gc] GC(6876) Pause Young (Allocation Failure) 14M->9M(15M) 0.391ms
[15313.044s][info][gc] GC(6877) Pause Young (Allocation Failure) 14M->9M(15M) 0.341ms
[15314.944s][info][gc] GC(6878) Pause Young (Allocation Failure) 14M->9M(15M) 0.348ms
[15316.845s][info][gc] GC(6879) Pause Young (Allocation Failure) 14M->9M(15M) 0.304ms
[15318.744s][info][gc] GC(6880) Pause Young (Allocation Failure) 14M->9M(15M) 0.344ms
[15320.645s][info][gc] GC(6881) Pause Young (Allocation Failure) 14M->9M(15M) 0.535ms
[15322.645s][info][gc] GC(6882) Pause Young (Allocation Failure) 14M->9M(15M) 0.338ms
[15324.544s][info][gc] GC(6883) Pause Young (Allocation Failure) 14M->9M(15M) 0.320ms
[15326.444s][info][gc] GC(6884) Pause Young (Allocation Failure) 14M->9M(15M) 0.572ms
[15328.344s][info][gc] GC(6885) Pause Young (Allocation Failure) 14M->9M(15M) 0.301ms
[15330.344s][info][gc] GC(6886) Pause Young (Allocation Failure) 14M->9M(15M) 0.338ms
[15332.344s][info][gc] GC(6887) Pause Young (Allocation Failure) 14M->9M(15M) 0.329ms
[15334.344s][info][gc] GC(6888) Pause Young (Allocation Failure) 14M->9M(15M) 0.315ms
[15336.374s][info][gc] GC(6889) Pause Young (Allocation Failure) 14M->9M(15M) 0.237ms
[15338.375s][info][gc] GC(6890) Pause Young (Allocation Failure) 14M->9M(15M) 0.311ms
[15340.376s][info][gc] GC(6891) Pause Young (Allocation Failure) 14M->9M(15M) 0.291ms
[15342.444s][info][gc] GC(6892) Pause Young (Allocation Failure) 14M->9M(15M) 0.516ms
[15344.444s][info][gc] GC(6893) Pause Young (Allocation Failure) 14M->9M(15M) 0.326ms
[15346.444s][info][gc] GC(6894) Pause Young (Allocation Failure) 14M->9M(15M) 0.298ms
[15348.444s][info][gc] GC(6895) Pause Young (Allocation Failure) 14M->9M(15M) 0.540ms
[15350.445s][info][gc] GC(6896) Pause Young (Allocation Failure) 14M->9M(15M) 0.316ms
[15352.444s][info][gc] GC(6897) Pause Young (Allocation Failure) 14M->9M(15M) 0.414ms
[15354.445s][info][gc] GC(6898) Pause Young (Allocation Failure) 14M->9M(15M) 0.324ms
[15356.544s][info][gc] GC(6899) Pause Young (Allocation Failure) 14M->9M(15M) 0.279ms
[15358.545s][info][gc] GC(6900) Pause Young (Allocation Failure) 14M->9M(15M) 0.357ms
[15360.544s][info][gc] GC(6901) Pause Young (Allocation Failure) 14M->9M(15M) 0.310ms
[15362.544s][info][gc] GC(6902) Pause Young (Allocation Failure) 14M->9M(15M) 0.320ms
[15364.544s][info][gc] GC(6903) Pause Young (Allocation Failure) 14M->9M(15M) 0.381ms
[15366.545s][info][gc] GC(6904) Pause Young (Allocation Failure) 14M->9M(15M) 0.391ms
[15368.581s][info][gc] GC(6905) Pause Young (Allocation Failure) 14M->9M(15M) 0.380ms
[15370.644s][info][gc] GC(6906) Pause Young (Allocation Failure) 14M->9M(15M) 0.362ms
[15372.644s][info][gc] GC(6907) Pause Young (Allocation Failure) 14M->9M(15M) 0.356ms
[15374.645s][info][gc] GC(6908) Pause Young (Allocation Failure) 14M->9M(15M) 0.551ms
[15376.645s][info][gc] GC(6909) Pause Young (Allocation Failure) 14M->9M(15M) 0.423ms
[15378.646s][info][gc] GC(6910) Pause Young (Allocation Failure) 14M->9M(15M) 0.576ms
[15380.647s][info][gc] GC(6911) Pause Young (Allocation Failure) 14M->9M(15M) 0.664ms
[15382.744s][info][gc] GC(6912) Pause Young (Allocation Failure) 14M->9M(15M) 0.769ms
[15384.745s][info][gc] GC(6913) Pause Young (Allocation Failure) 14M->9M(15M) 0.474ms
[15386.747s][info][gc] GC(6914) Pause Young (Allocation Failure) 14M->9M(15M) 0.421ms
[15388.746s][info][gc] GC(6915) Pause Young (Allocation Failure) 14M->9M(15M) 0.473ms
[15390.846s][info][gc] GC(6916) Pause Young (Allocation Failure) 14M->9M(15M) 0.461ms
[15393.044s][info][gc] GC(6917) Pause Young (Allocation Failure) 14M->9M(15M) 0.289ms
[15395.144s][info][gc] GC(6918) Pause Young (Allocation Failure) 14M->9M(15M) 0.283ms
[15397.244s][info][gc] GC(6919) Pause Young (Allocation Failure) 14M->9M(15M) 0.377ms
[15399.344s][info][gc] GC(6920) Pause Young (Allocation Failure) 14M->9M(15M) 0.302ms
[15401.445s][info][gc] GC(6921) Pause Young (Allocation Failure) 14M->9M(15M) 0.338ms
[15403.643s][info][gc] GC(6922) Pause Young (Allocation Failure) 14M->9M(15M) 0.243ms
[15405.744s][info][gc] GC(6923) Pause Young (Allocation Failure) 14M->9M(15M) 0.296ms
[15407.845s][info][gc] GC(6924) Pause Young (Allocation Failure) 14M->9M(15M) 0.294ms
[15409.944s][info][gc] GC(6925) Pause Young (Allocation Failure) 14M->9M(15M) 0.310ms
[15412.143s][info][gc] GC(6926) Pause Young (Allocation Failure) 14M->9M(15M) 0.322ms
[15414.245s][info][gc] GC(6927) Pause Young (Allocation Failure) 14M->9M(15M) 0.284ms
[15416.344s][info][gc] GC(6928) Pause Young (Allocation Failure) 14M->9M(15M) 0.303ms
[15418.345s][info][gc] GC(6929) Pause Young (Allocation Failure) 14M->9M(15M) 0.384ms
[15420.244s][info][gc] GC(6930) Pause Young (Allocation Failure) 14M->9M(15M) 0.591ms
[15422.144s][info][gc] GC(6931) Pause Young (Allocation Failure) 14M->9M(15M) 0.313ms
[15424.045s][info][gc] GC(6932) Pause Young (Allocation Failure) 14M->9M(15M) 0.339ms
[15425.944s][info][gc] GC(6933) Pause Young (Allocation Failure) 14M->9M(15M) 0.357ms
[15427.844s][info][gc] GC(6934) Pause Young (Allocation Failure) 14M->9M(15M) 0.325ms
[15429.745s][info][gc] GC(6935) Pause Young (Allocation Failure) 14M->9M(15M) 0.341ms
[15431.645s][info][gc] GC(6936) Pause Young (Allocation Failure) 14M->9M(15M) 0.481ms
[15433.643s][info][gc] GC(6937) Pause Young (Allocation Failure) 14M->9M(15M) 0.305ms
[15435.544s][info][gc] GC(6938) Pause Young (Allocation Failure) 14M->9M(15M) 0.379ms
[15437.444s][info][gc] GC(6939) Pause Young (Allocation Failure) 14M->9M(15M) 0.454ms
[15439.345s][info][gc] GC(6940) Pause Young (Allocation Failure) 14M->9M(15M) 0.342ms
[15441.344s][info][gc] GC(6941) Pause Young (Allocation Failure) 14M->9M(15M) 0.280ms
[15443.244s][info][gc] GC(6942) Pause Young (Allocation Failure) 14M->9M(15M) 0.601ms
[15445.145s][info][gc] GC(6943) Pause Young (Allocation Failure) 14M->9M(15M) 0.331ms
[15447.044s][info][gc] GC(6944) Pause Young (Allocation Failure) 14M->9M(15M) 0.383ms
[15448.944s][info][gc] GC(6945) Pause Young (Allocation Failure) 14M->9M(15M) 0.380ms
[15450.944s][info][gc] GC(6946) Pause Young (Allocation Failure) 14M->9M(15M) 0.297ms
[15452.945s][info][gc] GC(6947) Pause Young (Allocation Failure) 14M->9M(15M) 0.380ms
[15454.945s][info][gc] GC(6948) Pause Young (Allocation Failure) 14M->9M(15M) 0.315ms
[15457.043s][info][gc] GC(6949) Pause Young (Allocation Failure) 14M->9M(15M) 0.289ms
[15459.044s][info][gc] GC(6950) Pause Young (Allocation Failure) 14M->9M(15M) 0.292ms
[15461.045s][info][gc] GC(6951) Pause Young (Allocation Failure) 14M->9M(15M) 0.454ms
[15463.045s][info][gc] GC(6952) Pause Young (Allocation Failure) 14M->9M(15M) 0.317ms
[15465.045s][info][gc] GC(6953) Pause Young (Allocation Failure) 14M->9M(15M) 0.322ms
[15467.044s][info][gc] GC(6954) Pause Young (Allocation Failure) 14M->9M(15M) 0.302ms
[15469.045s][info][gc] GC(6955) Pause Young (Allocation Failure) 14M->9M(15M) 0.339ms
[15471.144s][info][gc] GC(6956) Pause Young (Allocation Failure) 14M->9M(15M) 0.352ms
[15473.144s][info][gc] GC(6957) Pause Young (Allocation Failure) 14M->9M(15M) 0.300ms
[15475.144s][info][gc] GC(6958) Pause Young (Allocation Failure) 14M->9M(15M) 0.296ms
[15477.144s][info][gc] GC(6959) Pause Young (Allocation Failure) 14M->9M(15M) 0.329ms
[15479.145s][info][gc] GC(6960) Pause Young (Allocation Failure) 14M->9M(15M) 0.316ms
[15481.145s][info][gc] GC(6961) Pause Young (Allocation Failure) 14M->9M(15M) 0.336ms
[15483.244s][info][gc] GC(6962) Pause Young (Allocation Failure) 14M->9M(15M) 0.316ms
[15485.245s][info][gc] GC(6963) Pause Young (Allocation Failure) 14M->9M(15M) 0.408ms
[15487.245s][info][gc] GC(6964) Pause Young (Allocation Failure) 14M->9M(15M) 0.310ms
[15489.245s][info][gc] GC(6965) Pause Young (Allocation Failure) 14M->9M(15M) 0.290ms
[15491.245s][info][gc] GC(6966) Pause Young (Allocation Failure) 14M->9M(15M) 0.329ms
[15493.245s][info][gc] GC(6967) Pause Young (Allocation Failure) 14M->9M(15M) 0.312ms
[15495.345s][info][gc] GC(6968) Pause Young (Allocation Failure) 14M->9M(15M) 0.276ms
[15497.344s][info][gc] GC(6969) Pause Young (Allocation Failure) 14M->9M(15M) 0.276ms
[15499.244s][info][gc] GC(6970) Pause Young (Allocation Failure) 14M->9M(15M) 0.311ms
[15501.145s][info][gc] GC(6971) Pause Young (Allocation Failure) 14M->9M(15M) 0.298ms
[15503.044s][info][gc] GC(6972) Pause Young (Allocation Failure) 14M->9M(15M) 0.262ms
[15504.943s][info][gc] GC(6973) Pause Young (Allocation Failure) 14M->9M(15M) 0.496ms
[15506.844s][info][gc] GC(6974) Pause Young (Allocation Failure) 14M->9M(15M) 0.432ms
[15508.646s][info][gc] GC(6975) Pause Young (Allocation Failure) 14M->9M(15M) 0.353ms
[15510.545s][info][gc] GC(6976) Pause Young (Allocation Failure) 14M->9M(15M) 0.354ms
[15512.543s][info][gc] GC(6977) Pause Young (Allocation Failure) 14M->9M(15M) 0.368ms
[15514.445s][info][gc] GC(6978) Pause Young (Allocation Failure) 14M->9M(15M) 0.533ms
[15516.345s][info][gc] GC(6979) Pause Young (Allocation Failure) 14M->9M(15M) 0.632ms
[15518.245s][info][gc] GC(6980) Pause Young (Allocation Failure) 14M->9M(15M) 0.528ms
[15520.145s][info][gc] GC(6981) Pause Young (Allocation Failure) 14M->9M(15M) 0.341ms
[15522.046s][info][gc] GC(6982) Pause Young (Allocation Failure) 14M->9M(15M) 0.481ms
[15523.945s][info][gc] GC(6983) Pause Young (Allocation Failure) 14M->9M(15M) 0.353ms
[15525.946s][info][gc] GC(6984) Pause Young (Allocation Failure) 14M->9M(15M) 0.541ms
[15528.043s][info][gc] GC(6985) Pause Young (Allocation Failure) 14M->9M(15M) 0.393ms
[15530.044s][info][gc] GC(6986) Pause Young (Allocation Failure) 14M->9M(15M) 0.428ms
[15532.043s][info][gc] GC(6987) Pause Young (Allocation Failure) 14M->9M(15M) 0.511ms
[15534.045s][info][gc] GC(6988) Pause Young (Allocation Failure) 14M->9M(15M) 0.475ms
[15536.045s][info][gc] GC(6989) Pause Young (Allocation Failure) 14M->9M(15M) 0.604ms
[15538.047s][info][gc] GC(6990) Pause Young (Allocation Failure) 14M->9M(15M) 0.568ms
[15540.144s][info][gc] GC(6991) Pause Young (Allocation Failure) 14M->9M(15M) 0.290ms
[15542.143s][info][gc] GC(6992) Pause Young (Allocation Failure) 14M->9M(15M) 0.361ms
[15544.145s][info][gc] GC(6993) Pause Young (Allocation Failure) 14M->9M(15M) 0.319ms
[15546.143s][info][gc] GC(6994) Pause Young (Allocation Failure) 14M->9M(15M) 0.327ms
[15548.145s][info][gc] GC(6995) Pause Young (Allocation Failure) 14M->9M(15M) 0.364ms
[15550.145s][info][gc] GC(6996) Pause Young (Allocation Failure) 14M->9M(15M) 0.336ms
[15552.143s][info][gc] GC(6997) Pause Young (Allocation Failure) 14M->9M(15M) 0.304ms
[15554.044s][info][gc] GC(6998) Pause Young (Allocation Failure) 14M->9M(15M) 0.314ms
[15555.944s][info][gc] GC(6999) Pause Young (Allocation Failure) 14M->9M(15M) 0.362ms
[15557.844s][info][gc] GC(7000) Pause Young (Allocation Failure) 14M->9M(15M) 0.286ms
[15559.744s][info][gc] GC(7001) Pause Young (Allocation Failure) 14M->9M(15M) 0.300ms
[15561.644s][info][gc] GC(7002) Pause Young (Allocation Failure) 14M->9M(15M) 0.330ms
[15563.544s][info][gc] GC(7003) Pause Young (Allocation Failure) 14M->9M(15M) 0.459ms
[15565.544s][info][gc] GC(7004) Pause Young (Allocation Failure) 14M->9M(15M) 0.377ms
[15567.444s][info][gc] GC(7005) Pause Young (Allocation Failure) 14M->9M(15M) 0.290ms
[15569.344s][info][gc] GC(7006) Pause Young (Allocation Failure) 14M->9M(15M) 0.302ms
[15571.244s][info][gc] GC(7007) Pause Young (Allocation Failure) 14M->9M(15M) 0.297ms
[15573.144s][info][gc] GC(7008) Pause Young (Allocation Failure) 14M->9M(15M) 0.333ms
[15575.044s][info][gc] GC(7009) Pause Young (Allocation Failure) 14M->9M(15M) 0.333ms
[15576.945s][info][gc] GC(7010) Pause Young (Allocation Failure) 14M->9M(15M) 0.323ms
[15578.845s][info][gc] GC(7011) Pause Young (Allocation Failure) 14M->9M(15M) 0.491ms
[15580.845s][info][gc] GC(7012) Pause Young (Allocation Failure) 14M->9M(15M) 0.287ms
[15582.744s][info][gc] GC(7013) Pause Young (Allocation Failure) 14M->9M(15M) 0.329ms
[15584.644s][info][gc] GC(7014) Pause Young (Allocation Failure) 14M->9M(15M) 0.344ms
[15586.644s][info][gc] GC(7015) Pause Young (Allocation Failure) 14M->9M(15M) 0.312ms
[15588.644s][info][gc] GC(7016) Pause Young (Allocation Failure) 14M->9M(15M) 0.457ms
[15590.695s][info][gc] GC(7017) Pause Young (Allocation Failure) 14M->9M(15M) 0.297ms
[15592.744s][info][gc] GC(7018) Pause Young (Allocation Failure) 14M->9M(15M) 0.348ms
[15594.744s][info][gc] GC(7019) Pause Young (Allocation Failure) 14M->9M(15M) 0.361ms
[15596.744s][info][gc] GC(7020) Pause Young (Allocation Failure) 14M->9M(15M) 0.311ms
[15598.743s][info][gc] GC(7021) Pause Young (Allocation Failure) 14M->9M(15M) 0.301ms
[15600.744s][info][gc] GC(7022) Pause Young (Allocation Failure) 14M->9M(15M) 0.335ms
[15602.744s][info][gc] GC(7023) Pause Young (Allocation Failure) 14M->9M(15M) 0.333ms
[15604.844s][info][gc] GC(7024) Pause Young (Allocation Failure) 14M->9M(15M) 0.458ms
[15606.844s][info][gc] GC(7025) Pause Young (Allocation Failure) 14M->9M(15M) 0.298ms
[15608.844s][info][gc] GC(7026) Pause Young (Allocation Failure) 14M->9M(15M) 0.354ms
[15610.845s][info][gc] GC(7027) Pause Young (Allocation Failure) 14M->9M(15M) 0.489ms
[15612.844s][info][gc] GC(7028) Pause Young (Allocation Failure) 14M->9M(15M) 0.325ms
[15614.845s][info][gc] GC(7029) Pause Young (Allocation Failure) 14M->9M(15M) 0.335ms
[15616.944s][info][gc] GC(7030) Pause Young (Allocation Failure) 14M->9M(15M) 0.301ms
[15618.945s][info][gc] GC(7031) Pause Young (Allocation Failure) 14M->9M(15M) 0.431ms
[15620.945s][info][gc] GC(7032) Pause Young (Allocation Failure) 14M->9M(15M) 0.309ms
[15622.944s][info][gc] GC(7033) Pause Young (Allocation Failure) 14M->9M(15M) 0.320ms
[15624.944s][info][gc] GC(7034) Pause Young (Allocation Failure) 14M->9M(15M) 0.327ms
[15626.945s][info][gc] GC(7035) Pause Young (Allocation Failure) 14M->9M(15M) 0.356ms
[15629.044s][info][gc] GC(7036) Pause Young (Allocation Failure) 14M->9M(15M) 0.260ms
[15631.044s][info][gc] GC(7037) Pause Young (Allocation Failure) 14M->9M(15M) 0.309ms
[15633.044s][info][gc] GC(7038) Pause Young (Allocation Failure) 14M->9M(15M) 0.336ms
[15635.044s][info][gc] GC(7039) Pause Young (Allocation Failure) 14M->9M(15M) 0.306ms
[15637.045s][info][gc] GC(7040) Pause Young (Allocation Failure) 14M->9M(15M) 0.328ms
[15639.045s][info][gc] GC(7041) Pause Young (Allocation Failure) 14M->9M(15M) 0.407ms
[15641.144s][info][gc] GC(7042) Pause Young (Allocation Failure) 14M->9M(15M) 0.271ms
[15643.144s][info][gc] GC(7043) Pause Young (Allocation Failure) 14M->9M(15M) 0.364ms
[15645.144s][info][gc] GC(7044) Pause Young (Allocation Failure) 14M->9M(15M) 0.321ms
[15647.344s][info][gc] GC(7045) Pause Young (Allocation Failure) 14M->9M(15M) 0.262ms
[15649.445s][info][gc] GC(7046) Pause Young (Allocation Failure) 14M->9M(15M) 0.841ms
[15651.545s][info][gc] GC(7047) Pause Young (Allocation Failure) 14M->9M(15M) 0.367ms
[15653.645s][info][gc] GC(7048) Pause Young (Allocation Failure) 14M->9M(15M) 0.404ms
[15655.745s][info][gc] GC(7049) Pause Young (Allocation Failure) 14M->9M(15M) 0.301ms
[15657.945s][info][gc] GC(7050) Pause Young (Allocation Failure) 14M->9M(15M) 0.267ms
[15660.045s][info][gc] GC(7051) Pause Young (Allocation Failure) 14M->9M(15M) 0.611ms
[15662.146s][info][gc] GC(7052) Pause Young (Allocation Failure) 14M->9M(15M) 0.412ms
[15664.345s][info][gc] GC(7053) Pause Young (Allocation Failure) 14M->9M(15M) 0.328ms
[15666.446s][info][gc] GC(7054) Pause Young (Allocation Failure) 14M->9M(15M) 0.607ms
[15668.545s][info][gc] GC(7055) Pause Young (Allocation Failure) 14M->9M(15M) 0.530ms
[15670.445s][info][gc] GC(7056) Pause Young (Allocation Failure) 14M->9M(15M) 0.579ms
[15672.345s][info][gc] GC(7057) Pause Young (Allocation Failure) 14M->9M(15M) 1.099ms
[15674.245s][info][gc] GC(7058) Pause Young (Allocation Failure) 14M->9M(15M) 0.380ms
[15676.146s][info][gc] GC(7059) Pause Young (Allocation Failure) 14M->9M(15M) 0.927ms
[15678.046s][info][gc] GC(7060) Pause Young (Allocation Failure) 14M->9M(15M) 0.658ms
[15679.945s][info][gc] GC(7061) Pause Young (Allocation Failure) 14M->9M(15M) 0.488ms
[15681.846s][info][gc] GC(7062) Pause Young (Allocation Failure) 14M->9M(15M) 0.566ms
[15683.845s][info][gc] GC(7063) Pause Young (Allocation Failure) 14M->9M(15M) 0.396ms
[15685.744s][info][gc] GC(7064) Pause Young (Allocation Failure) 14M->9M(15M) 0.285ms
[15687.644s][info][gc] GC(7065) Pause Young (Allocation Failure) 14M->9M(15M) 0.294ms
[15689.445s][info][gc] GC(7066) Pause Young (Allocation Failure) 14M->9M(15M) 0.599ms
[15691.344s][info][gc] GC(7067) Pause Young (Allocation Failure) 14M->9M(15M) 0.419ms
[15693.245s][info][gc] GC(7068) Pause Young (Allocation Failure) 14M->9M(15M) 0.658ms
[15695.244s][info][gc] GC(7069) Pause Young (Allocation Failure) 14M->9M(15M) 0.277ms
[15697.143s][info][gc] GC(7070) Pause Young (Allocation Failure) 14M->9M(15M) 0.287ms
[15699.044s][info][gc] GC(7071) Pause Young (Allocation Failure) 14M->9M(15M) 0.288ms
[15700.944s][info][gc] GC(7072) Pause Young (Allocation Failure) 14M->9M(15M) 0.281ms
[15702.844s][info][gc] GC(7073) Pause Young (Allocation Failure) 14M->9M(15M) 0.277ms
[15704.745s][info][gc] GC(7074) Pause Young (Allocation Failure) 14M->9M(15M) 0.423ms
[15706.744s][info][gc] GC(7075) Pause Young (Allocation Failure) 14M->9M(15M) 0.332ms
[15708.754s][info][gc] GC(7076) Pause Young (Allocation Failure) 14M->9M(15M) 0.338ms
[15710.844s][info][gc] GC(7077) Pause Young (Allocation Failure) 14M->9M(15M) 0.363ms
[15712.844s][info][gc] GC(7078) Pause Young (Allocation Failure) 14M->9M(15M) 0.292ms
[15714.844s][info][gc] GC(7079) Pause Young (Allocation Failure) 14M->9M(15M) 0.682ms
[15716.845s][info][gc] GC(7080) Pause Young (Allocation Failure) 14M->9M(15M) 0.324ms
[15718.845s][info][gc] GC(7081) Pause Young (Allocation Failure) 14M->9M(15M) 0.347ms
[15720.845s][info][gc] GC(7082) Pause Young (Allocation Failure) 14M->9M(15M) 0.372ms
[15722.944s][info][gc] GC(7083) Pause Young (Allocation Failure) 14M->9M(15M) 0.258ms
[15724.944s][info][gc] GC(7084) Pause Young (Allocation Failure) 14M->9M(15M) 0.293ms
[15726.945s][info][gc] GC(7085) Pause Young (Allocation Failure) 14M->9M(15M) 0.300ms
[15728.945s][info][gc] GC(7086) Pause Young (Allocation Failure) 14M->9M(15M) 0.323ms
[15730.944s][info][gc] GC(7087) Pause Young (Allocation Failure) 14M->9M(15M) 0.373ms
[15732.945s][info][gc] GC(7088) Pause Young (Allocation Failure) 14M->9M(15M) 0.394ms
[15735.043s][info][gc] GC(7089) Pause Young (Allocation Failure) 14M->9M(15M) 0.517ms
[15737.044s][info][gc] GC(7090) Pause Young (Allocation Failure) 14M->9M(15M) 0.307ms
[15739.045s][info][gc] GC(7091) Pause Young (Allocation Failure) 14M->9M(15M) 0.384ms
[15741.044s][info][gc] GC(7092) Pause Young (Allocation Failure) 14M->9M(15M) 0.317ms
[15743.044s][info][gc] GC(7093) Pause Young (Allocation Failure) 14M->9M(15M) 0.531ms
[15745.044s][info][gc] GC(7094) Pause Young (Allocation Failure) 14M->9M(15M) 0.331ms
[15747.044s][info][gc] GC(7095) Pause Young (Allocation Failure) 14M->9M(15M) 0.390ms
[15749.144s][info][gc] GC(7096) Pause Young (Allocation Failure) 14M->9M(15M) 0.274ms
[15751.145s][info][gc] GC(7097) Pause Young (Allocation Failure) 14M->9M(15M) 0.292ms
[15753.144s][info][gc] GC(7098) Pause Young (Allocation Failure) 14M->9M(15M) 0.317ms
[15755.144s][info][gc] GC(7099) Pause Young (Allocation Failure) 14M->9M(15M) 0.353ms
[15757.144s][info][gc] GC(7100) Pause Young (Allocation Failure) 14M->9M(15M) 0.435ms
[15759.146s][info][gc] GC(7101) Pause Young (Allocation Failure) 14M->9M(15M) 0.328ms
[15761.244s][info][gc] GC(7102) Pause Young (Allocation Failure) 14M->9M(15M) 0.343ms
[15763.243s][info][gc] GC(7103) Pause Young (Allocation Failure) 14M->9M(15M) 0.304ms
[15765.244s][info][gc] GC(7104) Pause Young (Allocation Failure) 14M->9M(15M) 0.367ms
[15767.445s][info][gc] GC(7105) Pause Young (Allocation Failure) 14M->9M(15M) 0.247ms
[15769.544s][info][gc] GC(7106) Pause Young (Allocation Failure) 14M->9M(15M) 0.271ms
[15771.644s][info][gc] GC(7107) Pause Young (Allocation Failure) 14M->9M(15M) 0.428ms
[15773.745s][info][gc] GC(7108) Pause Young (Allocation Failure) 14M->9M(15M) 0.290ms
[15775.846s][info][gc] GC(7109) Pause Young (Allocation Failure) 14M->9M(15M) 0.277ms
[15778.043s][info][gc] GC(7110) Pause Young (Allocation Failure) 14M->9M(15M) 0.334ms
[15780.144s][info][gc] GC(7111) Pause Young (Allocation Failure) 14M->9M(15M) 0.361ms
[15782.245s][info][gc] GC(7112) Pause Young (Allocation Failure) 14M->9M(15M) 0.307ms
[15784.444s][info][gc] GC(7113) Pause Young (Allocation Failure) 14M->9M(15M) 0.252ms
[15786.544s][info][gc] GC(7114) Pause Young (Allocation Failure) 14M->9M(15M) 0.302ms
[15788.646s][info][gc] GC(7115) Pause Young (Allocation Failure) 14M->9M(15M) 0.753ms
[15790.745s][info][gc] GC(7116) Pause Young (Allocation Failure) 14M->9M(15M) 0.311ms
[15792.846s][info][gc] GC(7117) Pause Young (Allocation Failure) 14M->9M(15M) 0.329ms
[15795.044s][info][gc] GC(7118) Pause Young (Allocation Failure) 14M->9M(15M) 0.328ms
[15796.944s][info][gc] GC(7119) Pause Young (Allocation Failure) 14M->9M(15M) 0.341ms
[15798.844s][info][gc] GC(7120) Pause Young (Allocation Failure) 14M->9M(15M) 0.529ms
[15800.746s][info][gc] GC(7121) Pause Young (Allocation Failure) 14M->10M(15M) 0.496ms
[15802.646s][info][gc] GC(7122) Pause Young (Allocation Failure) 14M->10M(15M) 0.757ms
[15804.644s][info][gc] GC(7123) Pause Young (Allocation Failure) 14M->9M(15M) 0.442ms
[15806.544s][info][gc] GC(7124) Pause Young (Allocation Failure) 14M->9M(15M) 0.784ms
[15808.445s][info][gc] GC(7125) Pause Young (Allocation Failure) 14M->9M(15M) 0.645ms
[15810.345s][info][gc] GC(7126) Pause Young (Allocation Failure) 14M->9M(15M) 0.860ms
[15812.245s][info][gc] GC(7127) Pause Young (Allocation Failure) 14M->9M(15M) 0.515ms
[15814.144s][info][gc] GC(7128) Pause Young (Allocation Failure) 14M->9M(15M) 0.353ms
[15816.044s][info][gc] GC(7129) Pause Young (Allocation Failure) 14M->9M(15M) 0.599ms
[15817.946s][info][gc] GC(7130) Pause Young (Allocation Failure) 14M->10M(15M) 1.039ms
[15819.845s][info][gc] GC(7131) Pause Young (Allocation Failure) 14M->10M(15M) 0.486ms
[15821.844s][info][gc] GC(7132) Pause Young (Allocation Failure) 14M->9M(15M) 0.381ms
[15823.744s][info][gc] GC(7133) Pause Young (Allocation Failure) 14M->9M(15M) 0.400ms
[15825.744s][info][gc] GC(7134) Pause Young (Allocation Failure) 14M->9M(15M) 0.331ms
[15827.745s][info][gc] GC(7135) Pause Young (Allocation Failure) 14M->9M(15M) 0.330ms
[15829.744s][info][gc] GC(7136) Pause Young (Allocation Failure) 14M->9M(15M) 0.427ms
[15831.772s][info][gc] GC(7137) Pause Young (Allocation Failure) 14M->9M(15M) 0.409ms
[15833.775s][info][gc] GC(7138) Pause Young (Allocation Failure) 14M->9M(15M) 0.356ms
[15835.824s][info][gc] GC(7139) Pause Young (Allocation Failure) 14M->9M(15M) 0.239ms
[15837.844s][info][gc] GC(7140) Pause Young (Allocation Failure) 14M->9M(15M) 0.273ms
[15839.843s][info][gc] GC(7141) Pause Young (Allocation Failure) 14M->9M(15M) 0.289ms
[15841.844s][info][gc] GC(7142) Pause Young (Allocation Failure) 14M->9M(15M) 0.415ms
[15843.844s][info][gc] GC(7143) Pause Young (Allocation Failure) 14M->9M(15M) 0.323ms
[15845.844s][info][gc] GC(7144) Pause Young (Allocation Failure) 14M->9M(15M) 0.415ms
[15847.845s][info][gc] GC(7145) Pause Young (Allocation Failure) 14M->9M(15M) 0.339ms
[15849.944s][info][gc] GC(7146) Pause Young (Allocation Failure) 14M->9M(15M) 0.252ms
[15851.944s][info][gc] GC(7147) Pause Young (Allocation Failure) 14M->9M(15M) 0.364ms
[15853.944s][info][gc] GC(7148) Pause Young (Allocation Failure) 14M->9M(15M) 0.539ms
[15855.944s][info][gc] GC(7149) Pause Young (Allocation Failure) 14M->9M(15M) 0.323ms
[15857.943s][info][gc] GC(7150) Pause Young (Allocation Failure) 14M->9M(15M) 0.322ms
[15859.943s][info][gc] GC(7151) Pause Young (Allocation Failure) 14M->9M(15M) 0.314ms
[15862.044s][info][gc] GC(7152) Pause Young (Allocation Failure) 14M->9M(15M) 0.268ms
[15864.044s][info][gc] GC(7153) Pause Young (Allocation Failure) 14M->9M(15M) 0.402ms
[15866.044s][info][gc] GC(7154) Pause Young (Allocation Failure) 14M->9M(15M) 0.307ms
[15868.043s][info][gc] GC(7155) Pause Young (Allocation Failure) 14M->9M(15M) 0.312ms
[15870.044s][info][gc] GC(7156) Pause Young (Allocation Failure) 14M->9M(15M) 0.327ms
[15872.044s][info][gc] GC(7157) Pause Young (Allocation Failure) 14M->9M(15M) 0.317ms
[15873.943s][info][gc] GC(7158) Pause Young (Allocation Failure) 14M->9M(15M) 0.287ms
[15875.844s][info][gc] GC(7159) Pause Young (Allocation Failure) 14M->9M(15M) 0.351ms
[15877.744s][info][gc] GC(7160) Pause Young (Allocation Failure) 14M->9M(15M) 0.357ms
[15879.644s][info][gc] GC(7161) Pause Young (Allocation Failure) 14M->9M(15M) 0.299ms
[15881.544s][info][gc] GC(7162) Pause Young (Allocation Failure) 14M->10M(15M) 0.324ms
[15883.444s][info][gc] GC(7163) Pause Young (Allocation Failure) 14M->10M(15M) 0.330ms
[15885.345s][info][gc] GC(7164) Pause Young (Allocation Failure) 14M->10M(15M) 0.354ms
[15887.245s][info][gc] GC(7165) Pause Young (Allocation Failure) 14M->10M(15M) 0.316ms
[15889.244s][info][gc] GC(7166) Pause Young (Allocation Failure) 14M->9M(15M) 0.272ms
[15891.143s][info][gc] GC(7167) Pause Young (Allocation Failure) 14M->9M(15M) 0.283ms
[15893.044s][info][gc] GC(7168) Pause Young (Allocation Failure) 14M->9M(15M) 0.285ms
[15894.944s][info][gc] GC(7169) Pause Young (Allocation Failure) 14M->9M(15M) 0.293ms
[15896.844s][info][gc] GC(7170) Pause Young (Allocation Failure) 14M->10M(15M) 0.344ms
[15898.827s][info][gc] GC(7171) Pause Young (Allocation Failure) 14M->9M(15M) 0.292ms
[15900.829s][info][gc] GC(7172) Pause Young (Allocation Failure) 14M->9M(15M) 0.367ms
[15902.830s][info][gc] GC(7173) Pause Young (Allocation Failure) 14M->9M(15M) 0.278ms
[15904.843s][info][gc] GC(7174) Pause Young (Allocation Failure) 14M->9M(15M) 0.349ms
[15906.844s][info][gc] GC(7175) Pause Young (Allocation Failure) 14M->9M(15M) 0.293ms
[15908.844s][info][gc] GC(7176) Pause Young (Allocation Failure) 14M->9M(15M) 0.309ms
[15910.844s][info][gc] GC(7177) Pause Young (Allocation Failure) 14M->9M(15M) 0.381ms
[15912.844s][info][gc] GC(7178) Pause Young (Allocation Failure) 14M->9M(15M) 0.638ms
[15914.844s][info][gc] GC(7179) Pause Young (Allocation Failure) 14M->9M(15M) 0.428ms
[15916.853s][info][gc] GC(7180) Pause Young (Allocation Failure) 14M->9M(15M) 0.331ms
[15918.744s][info][gc] GC(7181) Pause Young (Allocation Failure) 14M->9M(15M) 0.347ms
[15920.644s][info][gc] GC(7182) Pause Young (Allocation Failure) 14M->9M(15M) 0.294ms
[15922.543s][info][gc] GC(7183) Pause Young (Allocation Failure) 14M->9M(15M) 0.300ms
[15924.345s][info][gc] GC(7184) Pause Young (Allocation Failure) 14M->10M(15M) 0.351ms
[15926.245s][info][gc] GC(7185) Pause Young (Allocation Failure) 14M->10M(15M) 0.302ms
[15928.146s][info][gc] GC(7186) Pause Young (Allocation Failure) 14M->10M(15M) 0.320ms
[15930.045s][info][gc] GC(7187) Pause Young (Allocation Failure) 14M->10M(15M) 0.609ms
[15931.945s][info][gc] GC(7188) Pause Young (Allocation Failure) 14M->10M(15M) 0.364ms
[15933.945s][info][gc] GC(7189) Pause Young (Allocation Failure) 14M->9M(15M) 0.367ms
[15935.844s][info][gc] GC(7190) Pause Young (Allocation Failure) 14M->10M(15M) 0.649ms
[15937.745s][info][gc] GC(7191) Pause Young (Allocation Failure) 14M->10M(15M) 0.330ms
[15939.648s][info][gc] GC(7192) Pause Young (Allocation Failure) 14M->10M(15M) 1.154ms
[15941.644s][info][gc] GC(7193) Pause Young (Allocation Failure) 14M->9M(15M) 0.470ms
[15943.544s][info][gc] GC(7194) Pause Young (Allocation Failure) 14M->9M(15M) 0.279ms
[15945.445s][info][gc] GC(7195) Pause Young (Allocation Failure) 14M->9M(15M) 0.503ms
[15947.445s][info][gc] GC(7196) Pause Young (Allocation Failure) 14M->10M(15M) 0.529ms
[15949.544s][info][gc] GC(7197) Pause Young (Allocation Failure) 14M->9M(15M) 0.712ms
[15951.546s][info][gc] GC(7198) Pause Young (Allocation Failure) 14M->9M(15M) 0.535ms
[15953.543s][info][gc] GC(7199) Pause Young (Allocation Failure) 14M->9M(15M) 0.314ms
[15955.544s][info][gc] GC(7200) Pause Young (Allocation Failure) 14M->9M(15M) 0.335ms
[15957.544s][info][gc] GC(7201) Pause Young (Allocation Failure) 14M->9M(15M) 0.461ms
[15959.546s][info][gc] GC(7202) Pause Young (Allocation Failure) 14M->10M(15M) 0.442ms
[15961.645s][info][gc] GC(7203) Pause Young (Allocation Failure) 14M->9M(15M) 0.521ms
[15963.644s][info][gc] GC(7204) Pause Young (Allocation Failure) 14M->9M(15M) 0.489ms
[15965.643s][info][gc] GC(7205) Pause Young (Allocation Failure) 14M->9M(15M) 0.304ms
[15967.644s][info][gc] GC(7206) Pause Young (Allocation Failure) 14M->9M(15M) 0.301ms
[15969.644s][info][gc] GC(7207) Pause Young (Allocation Failure) 14M->9M(15M) 0.336ms
[15971.645s][info][gc] GC(7208) Pause Young (Allocation Failure) 14M->10M(15M) 0.462ms
[15973.744s][info][gc] GC(7209) Pause Young (Allocation Failure) 14M->9M(15M) 0.315ms
[15975.743s][info][gc] GC(7210) Pause Young (Allocation Failure) 14M->9M(15M) 0.288ms
[15977.744s][info][gc] GC(7211) Pause Young (Allocation Failure) 14M->9M(15M) 0.382ms
[15979.744s][info][gc] GC(7212) Pause Young (Allocation Failure) 14M->9M(15M) 0.313ms
[15981.745s][info][gc] GC(7213) Pause Young (Allocation Failure) 14M->9M(15M) 0.364ms
[15983.744s][info][gc] GC(7214) Pause Young (Allocation Failure) 14M->9M(15M) 0.277ms
[15985.545s][info][gc] GC(7215) Pause Young (Allocation Failure) 14M->10M(15M) 0.335ms
[15987.445s][info][gc] GC(7216) Pause Young (Allocation Failure) 14M->10M(15M) 0.308ms
[15989.345s][info][gc] GC(7217) Pause Young (Allocation Failure) 14M->10M(15M) 0.391ms
[15991.245s][info][gc] GC(7218) Pause Young (Allocation Failure) 14M->9M(15M) 0.358ms
[15993.144s][info][gc] GC(7219) Pause Young (Allocation Failure) 14M->9M(15M) 0.356ms
[15995.045s][info][gc] GC(7220) Pause Young (Allocation Failure) 14M->9M(15M) 0.302ms
[15996.945s][info][gc] GC(7221) Pause Young (Allocation Failure) 14M->9M(15M) 0.360ms
[15998.844s][info][gc] GC(7222) Pause Young (Allocation Failure) 14M->10M(15M) 0.393ms
[16000.844s][info][gc] GC(7223) Pause Young (Allocation Failure) 14M->9M(15M) 0.265ms
[16002.745s][info][gc] GC(7224) Pause Young (Allocation Failure) 14M->9M(15M) 0.352ms
[16004.645s][info][gc] GC(7225) Pause Young (Allocation Failure) 14M->9M(15M) 0.371ms
[16006.545s][info][gc] GC(7226) Pause Young (Allocation Failure) 14M->9M(15M) 0.552ms
[16008.444s][info][gc] GC(7227) Pause Young (Allocation Failure) 14M->10M(15M) 0.318ms
[16010.345s][info][gc] GC(7228) Pause Young (Allocation Failure) 14M->10M(15M) 0.346ms
[16012.245s][info][gc] GC(7229) Pause Young (Allocation Failure) 14M->10M(15M) 0.325ms
[16014.145s][info][gc] GC(7230) Pause Young (Allocation Failure) 14M->10M(15M) 0.317ms
[16016.143s][info][gc] GC(7231) Pause Young (Allocation Failure) 14M->9M(15M) 0.270ms
[16018.043s][info][gc] GC(7232) Pause Young (Allocation Failure) 14M->9M(15M) 0.269ms
[16019.945s][info][gc] GC(7233) Pause Young (Allocation Failure) 14M->10M(15M) 0.504ms
[16021.945s][info][gc] GC(7234) Pause Young (Allocation Failure) 14M->10M(15M) 0.385ms
[16023.945s][info][gc] GC(7235) Pause Young (Allocation Failure) 14M->10M(15M) 0.352ms
[16026.043s][info][gc] GC(7236) Pause Young (Allocation Failure) 14M->9M(15M) 0.332ms
[16028.045s][info][gc] GC(7237) Pause Young (Allocation Failure) 14M->9M(15M) 0.289ms
[16030.044s][info][gc] GC(7238) Pause Young (Allocation Failure) 14M->9M(15M) 0.308ms
[16032.045s][info][gc] GC(7239) Pause Young (Allocation Failure) 14M->10M(15M) 0.333ms
[16034.045s][info][gc] GC(7240) Pause Young (Allocation Failure) 14M->10M(15M) 0.393ms
[16036.045s][info][gc] GC(7241) Pause Young (Allocation Failure) 14M->10M(15M) 0.354ms
[16038.144s][info][gc] GC(7242) Pause Young (Allocation Failure) 14M->9M(15M) 0.261ms
[16040.144s][info][gc] GC(7243) Pause Young (Allocation Failure) 14M->9M(15M) 0.271ms
[16042.146s][info][gc] GC(7244) Pause Young (Allocation Failure) 14M->9M(15M) 0.301ms
[16044.144s][info][gc] GC(7245) Pause Young (Allocation Failure) 14M->10M(15M) 0.338ms
[16046.145s][info][gc] GC(7246) Pause Young (Allocation Failure) 14M->10M(15M) 0.313ms
[16048.144s][info][gc] GC(7247) Pause Young (Allocation Failure) 14M->10M(15M) 0.330ms
[16050.244s][info][gc] GC(7248) Pause Young (Allocation Failure) 14M->9M(15M) 0.254ms
[16052.245s][info][gc] GC(7249) Pause Young (Allocation Failure) 14M->9M(15M) 0.332ms
[16054.244s][info][gc] GC(7250) Pause Young (Allocation Failure) 14M->9M(15M) 0.284ms
[16056.145s][info][gc] GC(7251) Pause Young (Allocation Failure) 14M->10M(15M) 0.352ms
[16058.045s][info][gc] GC(7252) Pause Young (Allocation Failure) 14M->10M(15M) 0.330ms
[16059.945s][info][gc] GC(7253) Pause Young (Allocation Failure) 14M->10M(15M) 0.520ms
[16061.935s][info][gc] GC(7254) Pause Young (Allocation Failure) 14M->9M(15M) 0.361ms
[16063.746s][info][gc] GC(7255) Pause Young (Allocation Failure) 14M->10M(15M) 0.497ms
[16065.744s][info][gc] GC(7256) Pause Young (Allocation Failure) 14M->9M(15M) 0.288ms
[16067.644s][info][gc] GC(7257) Pause Young (Allocation Failure) 14M->9M(15M) 0.499ms
[16069.544s][info][gc] GC(7258) Pause Young (Allocation Failure) 14M->9M(15M) 0.416ms
[16071.446s][info][gc] GC(7259) Pause Young (Allocation Failure) 14M->9M(15M) 0.954ms
[16073.344s][info][gc] GC(7260) Pause Young (Allocation Failure) 14M->10M(15M) 0.310ms
[16075.245s][info][gc] GC(7261) Pause Young (Allocation Failure) 14M->10M(15M) 0.293ms
[16077.144s][info][gc] GC(7262) Pause Young (Allocation Failure) 14M->10M(15M) 0.312ms
[16079.045s][info][gc] GC(7263) Pause Young (Allocation Failure) 14M->9M(15M) 0.308ms
[16080.945s][info][gc] GC(7264) Pause Young (Allocation Failure) 14M->10M(15M) 0.576ms
[16082.846s][info][gc] GC(7265) Pause Young (Allocation Failure) 14M->10M(15M) 0.632ms
[16084.745s][info][gc] GC(7266) Pause Young (Allocation Failure) 14M->10M(15M) 0.417ms
[16086.645s][info][gc] GC(7267) Pause Young (Allocation Failure) 14M->10M(15M) 0.567ms
[16088.546s][info][gc] GC(7268) Pause Young (Allocation Failure) 14M->10M(15M) 0.421ms
[16090.543s][info][gc] GC(7269) Pause Young (Allocation Failure) 14M->9M(15M) 0.385ms
[16092.445s][info][gc] GC(7270) Pause Young (Allocation Failure) 14M->9M(15M) 0.342ms
[16094.344s][info][gc] GC(7271) Pause Young (Allocation Failure) 14M->9M(15M) 0.300ms
[16096.245s][info][gc] GC(7272) Pause Young (Allocation Failure) 14M->10M(15M) 0.610ms
[16098.146s][info][gc] GC(7273) Pause Young (Allocation Failure) 14M->10M(15M) 1.092ms
[16100.045s][info][gc] GC(7274) Pause Young (Allocation Failure) 14M->10M(15M) 0.618ms
[16101.959s][info][gc] GC(7275) Pause Young (Allocation Failure) 14M->9M(15M) 0.233ms
[16103.944s][info][gc] GC(7276) Pause Young (Allocation Failure) 14M->9M(15M) 0.335ms
[16105.845s][info][gc] GC(7277) Pause Young (Allocation Failure) 14M->9M(15M) 0.516ms
[16107.744s][info][gc] GC(7278) Pause Young (Allocation Failure) 14M->10M(15M) 0.297ms
[16109.644s][info][gc] GC(7279) Pause Young (Allocation Failure) 14M->10M(15M) 0.447ms
[16111.645s][info][gc] GC(7280) Pause Young (Allocation Failure) 14M->10M(15M) 0.477ms
[16113.645s][info][gc] GC(7281) Pause Young (Allocation Failure) 14M->10M(15M) 0.351ms
[16115.745s][info][gc] GC(7282) Pause Young (Allocation Failure) 14M->9M(15M) 0.422ms
[16117.743s][info][gc] GC(7283) Pause Young (Allocation Failure) 14M->9M(15M) 0.380ms
[16119.745s][info][gc] GC(7284) Pause Young (Allocation Failure) 14M->10M(15M) 0.377ms
[16121.745s][info][gc] GC(7285) Pause Young (Allocation Failure) 14M->10M(15M) 0.549ms
[16123.744s][info][gc] GC(7286) Pause Young (Allocation Failure) 14M->10M(15M) 0.416ms
[16125.745s][info][gc] GC(7287) Pause Young (Allocation Failure) 14M->10M(15M) 0.402ms
[16127.844s][info][gc] GC(7288) Pause Young (Allocation Failure) 14M->9M(15M) 0.565ms
[16129.845s][info][gc] GC(7289) Pause Young (Allocation Failure) 14M->9M(15M) 0.322ms
[16131.844s][info][gc] GC(7290) Pause Young (Allocation Failure) 14M->9M(15M) 0.339ms
[16133.845s][info][gc] GC(7291) Pause Young (Allocation Failure) 14M->10M(15M) 0.622ms
[16135.844s][info][gc] GC(7292) Pause Young (Allocation Failure) 14M->10M(15M) 0.548ms
[16137.845s][info][gc] GC(7293) Pause Young (Allocation Failure) 14M->10M(15M) 0.744ms
[16139.845s][info][gc] GC(7294) Pause Young (Allocation Failure) 14M->10M(15M) 0.464ms
[16141.944s][info][gc] GC(7295) Pause Young (Allocation Failure) 14M->9M(15M) 0.467ms
[16143.944s][info][gc] GC(7296) Pause Young (Allocation Failure) 14M->9M(15M) 0.399ms
[16145.943s][info][gc] GC(7297) Pause Young (Allocation Failure) 14M->10M(15M) 0.383ms
[16147.945s][info][gc] GC(7298) Pause Young (Allocation Failure) 14M->10M(15M) 0.329ms
[16149.945s][info][gc] GC(7299) Pause Young (Allocation Failure) 14M->10M(15M) 0.429ms
[16151.945s][info][gc] GC(7300) Pause Young (Allocation Failure) 14M->10M(15M) 0.479ms
[16154.023s][info][gc] GC(7301) Pause Young (Allocation Failure) 14M->9M(15M) 0.328ms
[16156.026s][info][gc] GC(7302) Pause Young (Allocation Failure) 14M->9M(15M) 0.277ms
[16158.027s][info][gc] GC(7303) Pause Young (Allocation Failure) 14M->9M(15M) 0.377ms
[16160.044s][info][gc] GC(7304) Pause Young (Allocation Failure) 14M->9M(15M) 0.351ms
[16162.044s][info][gc] GC(7305) Pause Young (Allocation Failure) 14M->9M(15M) 0.456ms
[16164.044s][info][gc] GC(7306) Pause Young (Allocation Failure) 14M->9M(15M) 0.453ms
[16166.045s][info][gc] GC(7307) Pause Young (Allocation Failure) 14M->10M(15M) 0.514ms
[16168.045s][info][gc] GC(7308) Pause Young (Allocation Failure) 14M->10M(15M) 0.565ms
[16170.143s][info][gc] GC(7309) Pause Young (Allocation Failure) 14M->9M(15M) 0.272ms
[16172.244s][info][gc] GC(7310) Pause Young (Allocation Failure) 14M->10M(15M) 0.483ms
[16174.346s][info][gc] GC(7311) Pause Young (Allocation Failure) 14M->10M(15M) 0.436ms
[16176.543s][info][gc] GC(7312) Pause Young (Allocation Failure) 14M->9M(15M) 0.296ms
[16178.445s][info][gc] GC(7313) Pause Young (Allocation Failure) 14M->10M(15M) 0.480ms
[16180.346s][info][gc] GC(7314) Pause Young (Allocation Failure) 14M->10M(15M) 0.522ms
[16182.245s][info][gc] GC(7315) Pause Young (Allocation Failure) 14M->10M(15M) 0.522ms
[16184.145s][info][gc] GC(7316) Pause Young (Allocation Failure) 14M->10M(15M) 0.464ms
[16186.053s][info][gc] GC(7317) Pause Young (Allocation Failure) 14M->9M(15M) 0.524ms
[16188.045s][info][gc] GC(7318) Pause Young (Allocation Failure) 14M->10M(15M) 0.418ms
[16189.945s][info][gc] GC(7319) Pause Young (Allocation Failure) 14M->10M(15M) 0.449ms
[16191.844s][info][gc] GC(7320) Pause Young (Allocation Failure) 14M->10M(15M) 0.605ms
[16193.745s][info][gc] GC(7321) Pause Young (Allocation Failure) 14M->10M(15M) 0.419ms
[16195.645s][info][gc] GC(7322) Pause Young (Allocation Failure) 14M->10M(15M) 0.618ms
[16197.545s][info][gc] GC(7323) Pause Young (Allocation Failure) 14M->10M(15M) 0.551ms
[16199.544s][info][gc] GC(7324) Pause Young (Allocation Failure) 14M->9M(15M) 0.471ms
[16201.545s][info][gc] GC(7325) Pause Young (Allocation Failure) 14M->10M(15M) 0.584ms
[16203.544s][info][gc] GC(7326) Pause Young (Allocation Failure) 14M->10M(15M) 0.390ms
[16205.544s][info][gc] GC(7327) Pause Young (Allocation Failure) 14M->10M(15M) 0.436ms
[16207.546s][info][gc] GC(7328) Pause Young (Allocation Failure) 14M->10M(15M) 0.504ms
[16209.545s][info][gc] GC(7329) Pause Young (Allocation Failure) 14M->10M(15M) 0.549ms
[16211.645s][info][gc] GC(7330) Pause Young (Allocation Failure) 14M->9M(15M) 0.983ms
[16213.646s][info][gc] GC(7331) Pause Young (Allocation Failure) 14M->10M(15M) 0.614ms
[16215.646s][info][gc] GC(7332) Pause Young (Allocation Failure) 14M->10M(15M) 1.341ms
[16217.645s][info][gc] GC(7333) Pause Young (Allocation Failure) 14M->10M(15M) 0.829ms
[16219.646s][info][gc] GC(7334) Pause Young (Allocation Failure) 14M->10M(15M) 0.636ms
[16221.646s][info][gc] GC(7335) Pause Young (Allocation Failure) 14M->10M(15M) 0.632ms
[16223.744s][info][gc] GC(7336) Pause Young (Allocation Failure) 14M->9M(15M) 0.378ms
[16225.745s][info][gc] GC(7337) Pause Young (Allocation Failure) 14M->10M(15M) 0.597ms
[16227.745s][info][gc] GC(7338) Pause Young (Allocation Failure) 14M->10M(15M) 0.576ms
[16229.745s][info][gc] GC(7339) Pause Young (Allocation Failure) 14M->10M(15M) 0.544ms
[16231.746s][info][gc] GC(7340) Pause Young (Allocation Failure) 14M->10M(15M) 0.800ms
[16233.746s][info][gc] GC(7341) Pause Young (Allocation Failure) 14M->10M(15M) 0.602ms
[16235.844s][info][gc] GC(7342) Pause Young (Allocation Failure) 14M->9M(15M) 0.443ms
[16237.844s][info][gc] GC(7343) Pause Young (Allocation Failure) 14M->9M(15M) 0.314ms
[16239.844s][info][gc] GC(7344) Pause Young (Allocation Failure) 14M->10M(15M) 0.392ms
[16241.845s][info][gc] GC(7345) Pause Young (Allocation Failure) 14M->10M(15M) 0.360ms
[16243.844s][info][gc] GC(7346) Pause Young (Allocation Failure) 14M->10M(15M) 0.349ms
[16245.844s][info][gc] GC(7347) Pause Young (Allocation Failure) 14M->10M(15M) 0.672ms
[16247.844s][info][gc] GC(7348) Pause Young (Allocation Failure) 14M->10M(15M) 0.421ms
[16249.944s][info][gc] GC(7349) Pause Young (Allocation Failure) 14M->9M(15M) 0.321ms
[16251.944s][info][gc] GC(7350) Pause Young (Allocation Failure) 14M->9M(15M) 0.325ms
[16253.945s][info][gc] GC(7351) Pause Young (Allocation Failure) 14M->10M(15M) 0.298ms
[16255.945s][info][gc] GC(7352) Pause Young (Allocation Failure) 14M->10M(15M) 0.340ms
[16257.945s][info][gc] GC(7353) Pause Young (Allocation Failure) 14M->10M(15M) 0.318ms
[16260.044s][info][gc] GC(7354) Pause Young (Allocation Failure) 14M->9M(15M) 0.327ms
[16262.144s][info][gc] GC(7355) Pause Young (Allocation Failure) 14M->9M(15M) 0.329ms
[16264.244s][info][gc] GC(7356) Pause Young (Allocation Failure) 14M->10M(15M) 0.334ms
[16266.344s][info][gc] GC(7357) Pause Young (Allocation Failure) 14M->10M(15M) 0.396ms
[16268.445s][info][gc] GC(7358) Pause Young (Allocation Failure) 14M->10M(15M) 0.395ms
[16270.644s][info][gc] GC(7359) Pause Young (Allocation Failure) 14M->10M(15M) 0.362ms
[16272.544s][info][gc] GC(7360) Pause Young (Allocation Failure) 14M->10M(15M) 0.321ms
[16274.444s][info][gc] GC(7361) Pause Young (Allocation Failure) 14M->10M(15M) 0.451ms
[16276.344s][info][gc] GC(7362) Pause Young (Allocation Failure) 14M->10M(15M) 0.439ms
[16278.245s][info][gc] GC(7363) Pause Young (Allocation Failure) 14M->10M(15M) 0.334ms
[16280.144s][info][gc] GC(7364) Pause Young (Allocation Failure) 14M->10M(15M) 0.387ms
[16282.125s][info][gc] GC(7365) Pause Young (Allocation Failure) 14M->10M(15M) 0.311ms
[16284.045s][info][gc] GC(7366) Pause Young (Allocation Failure) 14M->10M(15M) 0.397ms
[16285.945s][info][gc] GC(7367) Pause Young (Allocation Failure) 14M->10M(15M) 0.337ms
[16287.845s][info][gc] GC(7368) Pause Young (Allocation Failure) 14M->10M(15M) 0.342ms
[16289.744s][info][gc] GC(7369) Pause Young (Allocation Failure) 14M->10M(15M) 0.431ms
[16291.644s][info][gc] GC(7370) Pause Young (Allocation Failure) 14M->10M(15M) 0.392ms
[16293.546s][info][gc] GC(7371) Pause Young (Allocation Failure) 14M->10M(15M) 0.378ms
[16295.544s][info][gc] GC(7372) Pause Young (Allocation Failure) 14M->10M(15M) 0.498ms
[16297.444s][info][gc] GC(7373) Pause Young (Allocation Failure) 14M->10M(15M) 0.316ms
[16299.344s][info][gc] GC(7374) Pause Young (Allocation Failure) 14M->10M(15M) 0.449ms
[16301.146s][info][gc] GC(7375) Pause Young (Allocation Failure) 14M->10M(15M) 0.373ms
[16303.144s][info][gc] GC(7376) Pause Young (Allocation Failure) 14M->10M(15M) 0.345ms
[16305.045s][info][gc] GC(7377) Pause Young (Allocation Failure) 14M->10M(15M) 0.307ms
[16306.945s][info][gc] GC(7378) Pause Young (Allocation Failure) 14M->10M(15M) 0.406ms
[16308.845s][info][gc] GC(7379) Pause Young (Allocation Failure) 14M->10M(15M) 0.303ms
[16310.744s][info][gc] GC(7380) Pause Young (Allocation Failure) 14M->10M(15M) 0.327ms
[16312.644s][info][gc] GC(7381) Pause Young (Allocation Failure) 14M->10M(15M) 0.434ms
[16314.544s][info][gc] GC(7382) Pause Young (Allocation Failure) 14M->10M(15M) 0.361ms
[16316.543s][info][gc] GC(7383) Pause Young (Allocation Failure) 14M->10M(15M) 0.249ms
[16318.444s][info][gc] GC(7384) Pause Young (Allocation Failure) 14M->10M(15M) 0.340ms
[16320.344s][info][gc] GC(7385) Pause Young (Allocation Failure) 14M->10M(15M) 0.534ms
[16322.344s][info][gc] GC(7386) Pause Young (Allocation Failure) 14M->10M(15M) 0.596ms
[16324.444s][info][gc] GC(7387) Pause Young (Allocation Failure) 14M->10M(15M) 0.290ms
[16326.444s][info][gc] GC(7388) Pause Young (Allocation Failure) 14M->10M(15M) 0.383ms
[16328.444s][info][gc] GC(7389) Pause Young (Allocation Failure) 14M->10M(15M) 0.302ms
[16330.445s][info][gc] GC(7390) Pause Young (Allocation Failure) 14M->10M(15M) 0.536ms
[16332.444s][info][gc] GC(7391) Pause Young (Allocation Failure) 14M->10M(15M) 0.533ms
[16334.446s][info][gc] GC(7392) Pause Young (Allocation Failure) 14M->10M(15M) 0.468ms
[16336.544s][info][gc] GC(7393) Pause Young (Allocation Failure) 14M->10M(15M) 0.561ms
[16338.545s][info][gc] GC(7394) Pause Young (Allocation Failure) 14M->10M(15M) 0.290ms
[16340.545s][info][gc] GC(7395) Pause Young (Allocation Failure) 14M->10M(15M) 0.407ms
[16342.544s][info][gc] GC(7396) Pause Young (Allocation Failure) 14M->10M(15M) 0.615ms
[16344.545s][info][gc] GC(7397) Pause Young (Allocation Failure) 14M->10M(15M) 0.406ms
[16346.546s][info][gc] GC(7398) Pause Young (Allocation Failure) 14M->10M(15M) 0.371ms
[16348.644s][info][gc] GC(7399) Pause Young (Allocation Failure) 14M->10M(15M) 1.090ms
[16350.646s][info][gc] GC(7400) Pause Young (Allocation Failure) 14M->10M(15M) 0.618ms
[16352.646s][info][gc] GC(7401) Pause Young (Allocation Failure) 14M->10M(15M) 0.620ms
[16354.645s][info][gc] GC(7402) Pause Young (Allocation Failure) 14M->10M(15M) 0.724ms
[16356.646s][info][gc] GC(7403) Pause Young (Allocation Failure) 14M->10M(15M) 0.483ms
[16358.646s][info][gc] GC(7404) Pause Young (Allocation Failure) 14M->10M(15M) 1.127ms
[16360.744s][info][gc] GC(7405) Pause Young (Allocation Failure) 14M->10M(15M) 0.624ms
[16362.745s][info][gc] GC(7406) Pause Young (Allocation Failure) 14M->10M(15M) 0.446ms
[16364.745s][info][gc] GC(7407) Pause Young (Allocation Failure) 14M->10M(15M) 0.409ms
[16366.745s][info][gc] GC(7408) Pause Young (Allocation Failure) 14M->10M(15M) 0.448ms
[16368.745s][info][gc] GC(7409) Pause Young (Allocation Failure) 14M->10M(15M) 0.571ms
[16370.745s][info][gc] GC(7410) Pause Young (Allocation Failure) 14M->10M(15M) 0.626ms
[16372.746s][info][gc] GC(7411) Pause Young (Allocation Failure) 14M->10M(15M) 0.782ms
[16374.843s][info][gc] GC(7412) Pause Young (Allocation Failure) 14M->10M(15M) 0.357ms
[16376.844s][info][gc] GC(7413) Pause Young (Allocation Failure) 14M->10M(15M) 0.410ms
[16378.845s][info][gc] GC(7414) Pause Young (Allocation Failure) 14M->10M(15M) 0.337ms
[16380.945s][info][gc] GC(7415) Pause Young (Allocation Failure) 14M->10M(15M) 0.358ms
[16383.046s][info][gc] GC(7416) Pause Young (Allocation Failure) 14M->10M(15M) 0.461ms
[16385.215s][info][gc] GC(7417) Pause Young (Allocation Failure) 14M->10M(15M) 0.233ms
[16387.245s][info][gc] GC(7418) Pause Young (Allocation Failure) 14M->10M(15M) 0.410ms
[16389.444s][info][gc] GC(7419) Pause Young (Allocation Failure) 14M->10M(15M) 0.353ms
[16391.544s][info][gc] GC(7420) Pause Young (Allocation Failure) 14M->10M(15M) 0.322ms
[16393.644s][info][gc] GC(7421) Pause Young (Allocation Failure) 14M->10M(15M) 0.477ms
[16395.845s][info][gc] GC(7422) Pause Young (Allocation Failure) 14M->10M(15M) 0.276ms
[16397.944s][info][gc] GC(7423) Pause Young (Allocation Failure) 14M->10M(15M) 0.301ms
[16400.044s][info][gc] GC(7424) Pause Young (Allocation Failure) 14M->10M(15M) 0.392ms
[16402.229s][info][gc] GC(7425) Pause Young (Allocation Failure) 14M->10M(15M) 0.285ms
[16404.343s][info][gc] GC(7426) Pause Young (Allocation Failure) 14M->10M(15M) 0.335ms
[16406.445s][info][gc] GC(7427) Pause Young (Allocation Failure) 14M->10M(15M) 0.355ms
[16408.543s][info][gc] GC(7428) Pause Young (Allocation Failure) 14M->10M(15M) 0.350ms
[16410.645s][info][gc] GC(7429) Pause Young (Allocation Failure) 14M->10M(15M) 0.303ms
[16412.845s][info][gc] GC(7430) Pause Young (Allocation Failure) 14M->10M(15M) 0.473ms
[16414.944s][info][gc] GC(7431) Pause Young (Allocation Failure) 14M->10M(15M) 0.315ms
[16416.944s][info][gc] GC(7432) Pause Young (Allocation Failure) 14M->10M(15M) 0.349ms
[16418.844s][info][gc] GC(7433) Pause Young (Allocation Failure) 14M->10M(15M) 0.312ms
[16420.744s][info][gc] GC(7434) Pause Young (Allocation Failure) 14M->10M(15M) 0.375ms
[16422.544s][info][gc] GC(7435) Pause Young (Allocation Failure) 14M->10M(15M) 0.352ms
[16424.444s][info][gc] GC(7436) Pause Young (Allocation Failure) 14M->10M(15M) 0.358ms
[16426.344s][info][gc] GC(7437) Pause Young (Allocation Failure) 14M->10M(15M) 0.339ms
[16428.251s][info][gc] GC(7438) Pause Young (Allocation Failure) 14M->10M(15M) 0.450ms
[16430.243s][info][gc] GC(7439) Pause Young (Allocation Failure) 14M->10M(15M) 0.416ms
[16432.145s][info][gc] GC(7440) Pause Young (Allocation Failure) 14M->10M(15M) 0.326ms
[16434.044s][info][gc] GC(7441) Pause Young (Allocation Failure) 14M->10M(15M) 0.509ms
[16435.945s][info][gc] GC(7442) Pause Young (Allocation Failure) 14M->10M(15M) 0.483ms
[16437.845s][info][gc] GC(7443) Pause Young (Allocation Failure) 14M->10M(15M) 0.364ms
[16439.843s][info][gc] GC(7444) Pause Young (Allocation Failure) 14M->10M(15M) 0.465ms
[16441.844s][info][gc] GC(7445) Pause Young (Allocation Failure) 14M->10M(15M) 0.388ms
[16443.844s][info][gc] GC(7446) Pause Young (Allocation Failure) 14M->10M(15M) 0.322ms
[16445.845s][info][gc] GC(7447) Pause Young (Allocation Failure) 14M->10M(15M) 0.384ms
[16447.845s][info][gc] GC(7448) Pause Young (Allocation Failure) 14M->10M(15M) 0.406ms
[16449.944s][info][gc] GC(7449) Pause Young (Allocation Failure) 14M->10M(15M) 0.316ms
[16451.944s][info][gc] GC(7450) Pause Young (Allocation Failure) 14M->10M(15M) 0.438ms
[16453.944s][info][gc] GC(7451) Pause Young (Allocation Failure) 14M->10M(15M) 0.310ms
[16455.943s][info][gc] GC(7452) Pause Young (Allocation Failure) 14M->10M(15M) 0.418ms
[16457.944s][info][gc] GC(7453) Pause Young (Allocation Failure) 14M->10M(15M) 0.345ms
[16459.945s][info][gc] GC(7454) Pause Young (Allocation Failure) 14M->10M(15M) 0.335ms
[16462.044s][info][gc] GC(7455) Pause Young (Allocation Failure) 14M->10M(15M) 0.411ms
[16464.044s][info][gc] GC(7456) Pause Young (Allocation Failure) 14M->10M(15M) 0.297ms
[16466.044s][info][gc] GC(7457) Pause Young (Allocation Failure) 14M->10M(15M) 0.315ms
[16468.043s][info][gc] GC(7458) Pause Young (Allocation Failure) 14M->10M(15M) 0.471ms
[16470.044s][info][gc] GC(7459) Pause Young (Allocation Failure) 14M->10M(15M) 0.387ms
[16472.044s][info][gc] GC(7460) Pause Young (Allocation Failure) 14M->10M(15M) 0.461ms
[16474.143s][info][gc] GC(7461) Pause Young (Allocation Failure) 14M->10M(15M) 0.553ms
[16475.944s][info][gc] GC(7462) Pause Young (Allocation Failure) 14M->10M(15M) 0.358ms
[16477.845s][info][gc] GC(7463) Pause Young (Allocation Failure) 14M->10M(15M) 0.511ms
[16479.745s][info][gc] GC(7464) Pause Young (Allocation Failure) 14M->10M(15M) 0.292ms
[16481.645s][info][gc] GC(7465) Pause Young (Allocation Failure) 14M->10M(15M) 0.634ms
[16483.544s][info][gc] GC(7466) Pause Young (Allocation Failure) 14M->10M(15M) 0.481ms
[16485.445s][info][gc] GC(7467) Pause Young (Allocation Failure) 14M->10M(15M) 0.469ms
[16487.344s][info][gc] GC(7468) Pause Young (Allocation Failure) 14M->10M(15M) 0.326ms
[16489.246s][info][gc] GC(7469) Pause Young (Allocation Failure) 14M->10M(15M) 0.433ms
[16491.151s][info][gc] GC(7470) Pause Young (Allocation Failure) 14M->10M(15M) 0.285ms
[16493.145s][info][gc] GC(7471) Pause Young (Allocation Failure) 14M->10M(15M) 0.596ms
[16495.046s][info][gc] GC(7472) Pause Young (Allocation Failure) 14M->10M(15M) 0.663ms
[16496.945s][info][gc] GC(7473) Pause Young (Allocation Failure) 14M->10M(15M) 0.601ms
[16498.845s][info][gc] GC(7474) Pause Young (Allocation Failure) 14M->10M(15M) 0.530ms
[16500.846s][info][gc] GC(7475) Pause Young (Allocation Failure) 14M->10M(15M) 0.844ms
[16502.846s][info][gc] GC(7476) Pause Young (Allocation Failure) 14M->10M(15M) 0.870ms
[16504.846s][info][gc] GC(7477) Pause Young (Allocation Failure) 14M->10M(15M) 0.826ms
[16506.846s][info][gc] GC(7478) Pause Young (Allocation Failure) 14M->10M(15M) 0.591ms
[16508.944s][info][gc] GC(7479) Pause Young (Allocation Failure) 14M->10M(15M) 0.448ms
[16510.946s][info][gc] GC(7480) Pause Young (Allocation Failure) 14M->10M(15M) 0.722ms
[16512.945s][info][gc] GC(7481) Pause Young (Allocation Failure) 14M->10M(15M) 0.587ms
[16514.945s][info][gc] GC(7482) Pause Young (Allocation Failure) 14M->10M(15M) 0.500ms
[16516.945s][info][gc] GC(7483) Pause Young (Allocation Failure) 14M->10M(15M) 0.877ms
[16518.945s][info][gc] GC(7484) Pause Young (Allocation Failure) 14M->10M(15M) 0.859ms
[16521.044s][info][gc] GC(7485) Pause Young (Allocation Failure) 14M->10M(15M) 0.302ms
[16523.044s][info][gc] GC(7486) Pause Young (Allocation Failure) 14M->10M(15M) 0.313ms
[16525.044s][info][gc] GC(7487) Pause Young (Allocation Failure) 14M->10M(15M) 0.676ms
[16527.044s][info][gc] GC(7488) Pause Young (Allocation Failure) 14M->10M(15M) 0.386ms
[16529.044s][info][gc] GC(7489) Pause Young (Allocation Failure) 14M->10M(15M) 0.357ms
[16530.944s][info][gc] GC(7490) Pause Young (Allocation Failure) 14M->10M(15M) 0.356ms
[16532.844s][info][gc] GC(7491) Pause Young (Allocation Failure) 14M->10M(15M) 0.350ms
[16534.744s][info][gc] GC(7492) Pause Young (Allocation Failure) 14M->10M(15M) 0.366ms
[16536.644s][info][gc] GC(7493) Pause Young (Allocation Failure) 14M->10M(15M) 0.320ms
[16538.544s][info][gc] GC(7494) Pause Young (Allocation Failure) 14M->10M(15M) 0.314ms
[16540.445s][info][gc] GC(7495) Pause Young (Allocation Failure) 14M->10M(15M) 0.379ms
[16542.353s][info][gc] GC(7496) Pause Young (Allocation Failure) 14M->10M(15M) 0.491ms
[16544.344s][info][gc] GC(7497) Pause Young (Allocation Failure) 14M->10M(15M) 0.311ms
[16546.243s][info][gc] GC(7498) Pause Young (Allocation Failure) 14M->10M(15M) 0.356ms
[16548.144s][info][gc] GC(7499) Pause Young (Allocation Failure) 14M->10M(15M) 0.335ms
[16550.044s][info][gc] GC(7500) Pause Young (Allocation Failure) 14M->10M(15M) 0.399ms
[16551.945s][info][gc] GC(7501) Pause Young (Allocation Failure) 14M->10M(15M) 0.345ms
[16553.844s][info][gc] GC(7502) Pause Young (Allocation Failure) 14M->10M(15M) 0.331ms
[16555.744s][info][gc] GC(7503) Pause Young (Allocation Failure) 14M->10M(15M) 0.354ms
[16557.743s][info][gc] GC(7504) Pause Young (Allocation Failure) 14M->10M(15M) 0.314ms
[16559.644s][info][gc] GC(7505) Pause Young (Allocation Failure) 14M->10M(15M) 0.313ms
[16561.644s][info][gc] GC(7506) Pause Young (Allocation Failure) 14M->10M(15M) 0.330ms
[16563.645s][info][gc] GC(7507) Pause Young (Allocation Failure) 14M->10M(15M) 0.317ms
[16565.644s][info][gc] GC(7508) Pause Young (Allocation Failure) 14M->10M(15M) 0.339ms
[16567.645s][info][gc] GC(7509) Pause Young (Allocation Failure) 14M->10M(15M) 0.379ms
[16569.744s][info][gc] GC(7510) Pause Young (Allocation Failure) 14M->10M(15M) 0.306ms
[16571.744s][info][gc] GC(7511) Pause Young (Allocation Failure) 14M->10M(15M) 0.298ms
[16573.745s][info][gc] GC(7512) Pause Young (Allocation Failure) 14M->10M(15M) 0.309ms
[16575.744s][info][gc] GC(7513) Pause Young (Allocation Failure) 14M->10M(15M) 0.333ms
[16577.743s][info][gc] GC(7514) Pause Young (Allocation Failure) 14M->10M(15M) 0.326ms
[16579.744s][info][gc] GC(7515) Pause Young (Allocation Failure) 14M->10M(15M) 0.318ms
[16581.843s][info][gc] GC(7516) Pause Young (Allocation Failure) 14M->10M(15M) 0.297ms
[16583.844s][info][gc] GC(7517) Pause Young (Allocation Failure) 14M->10M(15M) 0.288ms
[16585.845s][info][gc] GC(7518) Pause Young (Allocation Failure) 14M->10M(15M) 0.466ms
[16587.844s][info][gc] GC(7519) Pause Young (Allocation Failure) 14M->10M(15M) 0.476ms
[16589.844s][info][gc] GC(7520) Pause Young (Allocation Failure) 14M->10M(15M) 0.327ms
[16591.844s][info][gc] GC(7521) Pause Young (Allocation Failure) 14M->10M(15M) 0.327ms
[16593.943s][info][gc] GC(7522) Pause Young (Allocation Failure) 14M->10M(15M) 0.374ms
[16595.944s][info][gc] GC(7523) Pause Young (Allocation Failure) 14M->10M(15M) 0.333ms
[16597.944s][info][gc] GC(7524) Pause Young (Allocation Failure) 14M->10M(15M) 0.292ms
[16599.944s][info][gc] GC(7525) Pause Young (Allocation Failure) 14M->10M(15M) 0.319ms
[16601.944s][info][gc] GC(7526) Pause Young (Allocation Failure) 14M->10M(15M) 0.325ms
[16603.944s][info][gc] GC(7527) Pause Young (Allocation Failure) 14M->10M(15M) 0.376ms
[16605.944s][info][gc] GC(7528) Pause Young (Allocation Failure) 14M->10M(15M) 0.357ms
[16608.044s][info][gc] GC(7529) Pause Young (Allocation Failure) 14M->10M(15M) 0.383ms
[16610.044s][info][gc] GC(7530) Pause Young (Allocation Failure) 14M->10M(15M) 0.287ms
[16612.044s][info][gc] GC(7531) Pause Young (Allocation Failure) 14M->10M(15M) 0.370ms
[16614.044s][info][gc] GC(7532) Pause Young (Allocation Failure) 14M->10M(15M) 0.357ms
[16616.045s][info][gc] GC(7533) Pause Young (Allocation Failure) 14M->10M(15M) 0.627ms
[16618.045s][info][gc] GC(7534) Pause Young (Allocation Failure) 14M->10M(15M) 0.495ms
[16620.144s][info][gc] GC(7535) Pause Young (Allocation Failure) 14M->10M(15M) 0.467ms
[16622.246s][info][gc] GC(7536) Pause Young (Allocation Failure) 14M->10M(15M) 0.638ms
[16624.420s][info][gc] GC(7537) Pause Young (Allocation Failure) 14M->10M(15M) 0.260ms
[16626.446s][info][gc] GC(7538) Pause Young (Allocation Failure) 14M->10M(15M) 0.518ms
[16628.645s][info][gc] GC(7539) Pause Young (Allocation Failure) 14M->10M(15M) 0.422ms
[16630.744s][info][gc] GC(7540) Pause Young (Allocation Failure) 14M->10M(15M) 0.305ms
[16632.846s][info][gc] GC(7541) Pause Young (Allocation Failure) 14M->10M(15M) 0.577ms
[16635.044s][info][gc] GC(7542) Pause Young (Allocation Failure) 14M->10M(15M) 0.719ms
[16637.144s][info][gc] GC(7543) Pause Young (Allocation Failure) 14M->10M(15M) 0.553ms
[16639.245s][info][gc] GC(7544) Pause Young (Allocation Failure) 14M->10M(15M) 0.645ms
[16641.432s][info][gc] GC(7545) Pause Young (Allocation Failure) 14M->10M(15M) 0.361ms
[16643.447s][info][gc] GC(7546) Pause Young (Allocation Failure) 14M->10M(15M) 0.683ms
[16645.645s][info][gc] GC(7547) Pause Young (Allocation Failure) 14M->10M(15M) 1.041ms
[16647.745s][info][gc] GC(7548) Pause Young (Allocation Failure) 14M->10M(15M) 0.781ms
[16649.845s][info][gc] GC(7549) Pause Young (Allocation Failure) 14M->10M(15M) 0.858ms
[16652.043s][info][gc] GC(7550) Pause Young (Allocation Failure) 14M->10M(15M) 0.298ms
[16654.044s][info][gc] GC(7551) Pause Young (Allocation Failure) 14M->10M(15M) 0.410ms
[16655.946s][info][gc] GC(7552) Pause Young (Allocation Failure) 14M->10M(15M) 0.431ms
[16657.844s][info][gc] GC(7553) Pause Young (Allocation Failure) 14M->10M(15M) 0.347ms
[16659.644s][info][gc] GC(7554) Pause Young (Allocation Failure) 14M->10M(15M) 0.393ms
[16661.546s][info][gc] GC(7555) Pause Young (Allocation Failure) 14M->10M(15M) 0.535ms
[16663.445s][info][gc] GC(7556) Pause Young (Allocation Failure) 14M->10M(15M) 0.663ms
[16665.444s][info][gc] GC(7557) Pause Young (Allocation Failure) 14M->10M(15M) 0.432ms
[16667.344s][info][gc] GC(7558) Pause Young (Allocation Failure) 14M->10M(15M) 0.295ms
[16669.244s][info][gc] GC(7559) Pause Young (Allocation Failure) 14M->10M(15M) 0.347ms
[16671.144s][info][gc] GC(7560) Pause Young (Allocation Failure) 14M->10M(15M) 0.528ms
[16673.044s][info][gc] GC(7561) Pause Young (Allocation Failure) 14M->10M(15M) 0.323ms
[16674.944s][info][gc] GC(7562) Pause Young (Allocation Failure) 14M->10M(15M) 0.351ms
[16676.845s][info][gc] GC(7563) Pause Young (Allocation Failure) 14M->10M(15M) 0.352ms
[16678.744s][info][gc] GC(7564) Pause Young (Allocation Failure) 14M->10M(15M) 0.350ms
[16680.744s][info][gc] GC(7565) Pause Young (Allocation Failure) 14M->10M(15M) 0.387ms
[16682.745s][info][gc] GC(7566) Pause Young (Allocation Failure) 14M->10M(15M) 0.413ms
[16684.843s][info][gc] GC(7567) Pause Young (Allocation Failure) 14M->10M(15M) 0.373ms
[16686.844s][info][gc] GC(7568) Pause Young (Allocation Failure) 14M->10M(15M) 0.385ms
[16688.844s][info][gc] GC(7569) Pause Young (Allocation Failure) 14M->10M(15M) 0.310ms
[16690.844s][info][gc] GC(7570) Pause Young (Allocation Failure) 14M->10M(15M) 0.541ms
[16692.844s][info][gc] GC(7571) Pause Young (Allocation Failure) 14M->10M(15M) 0.336ms
[16694.844s][info][gc] GC(7572) Pause Young (Allocation Failure) 14M->10M(15M) 0.328ms
[16696.844s][info][gc] GC(7573) Pause Young (Allocation Failure) 14M->10M(15M) 0.341ms
[16698.943s][info][gc] GC(7574) Pause Young (Allocation Failure) 14M->10M(15M) 0.271ms
[16700.945s][info][gc] GC(7575) Pause Young (Allocation Failure) 14M->10M(15M) 0.373ms
[16702.944s][info][gc] GC(7576) Pause Young (Allocation Failure) 14M->10M(15M) 0.311ms
[16704.944s][info][gc] GC(7577) Pause Young (Allocation Failure) 14M->10M(15M) 0.308ms
[16706.944s][info][gc] GC(7578) Pause Young (Allocation Failure) 14M->10M(15M) 0.404ms
[16708.945s][info][gc] GC(7579) Pause Young (Allocation Failure) 14M->10M(15M) 0.330ms
[16710.944s][info][gc] GC(7580) Pause Young (Allocation Failure) 14M->10M(15M) 0.510ms
[16713.044s][info][gc] GC(7581) Pause Young (Allocation Failure) 14M->10M(15M) 0.403ms
[16715.043s][info][gc] GC(7582) Pause Young (Allocation Failure) 14M->10M(15M) 0.307ms
[16717.044s][info][gc] GC(7583) Pause Young (Allocation Failure) 14M->10M(15M) 0.365ms
[16719.044s][info][gc] GC(7584) Pause Young (Allocation Failure) 14M->10M(15M) 0.322ms
[16721.044s][info][gc] GC(7585) Pause Young (Allocation Failure) 14M->10M(15M) 0.356ms
[16723.044s][info][gc] GC(7586) Pause Young (Allocation Failure) 14M->10M(15M) 0.336ms
[16725.144s][info][gc] GC(7587) Pause Young (Allocation Failure) 14M->10M(15M) 0.302ms
[16727.143s][info][gc] GC(7588) Pause Young (Allocation Failure) 14M->10M(15M) 0.333ms
[16729.144s][info][gc] GC(7589) Pause Young (Allocation Failure) 14M->10M(15M) 0.376ms
[16731.145s][info][gc] GC(7590) Pause Young (Allocation Failure) 14M->10M(15M) 0.690ms
[16733.144s][info][gc] GC(7591) Pause Young (Allocation Failure) 14M->10M(15M) 0.315ms
[16735.144s][info][gc] GC(7592) Pause Young (Allocation Failure) 14M->10M(15M) 0.329ms
[16737.243s][info][gc] GC(7593) Pause Young (Allocation Failure) 14M->10M(15M) 0.316ms
[16739.244s][info][gc] GC(7594) Pause Young (Allocation Failure) 14M->10M(15M) 0.289ms
[16741.344s][info][gc] GC(7595) Pause Young (Allocation Failure) 14M->10M(15M) 0.328ms
[16743.443s][info][gc] GC(7596) Pause Young (Allocation Failure) 14M->10M(15M) 0.347ms
[16745.544s][info][gc] GC(7597) Pause Young (Allocation Failure) 14M->10M(15M) 0.296ms
[16747.645s][info][gc] GC(7598) Pause Young (Allocation Failure) 14M->10M(15M) 0.348ms
[16749.843s][info][gc] GC(7599) Pause Young (Allocation Failure) 14M->10M(15M) 0.302ms
[16751.944s][info][gc] GC(7600) Pause Young (Allocation Failure) 14M->10M(15M) 0.347ms
[16754.045s][info][gc] GC(7601) Pause Young (Allocation Failure) 14M->10M(15M) 0.406ms
[16756.244s][info][gc] GC(7602) Pause Young (Allocation Failure) 14M->10M(15M) 0.346ms
[16758.344s][info][gc] GC(7603) Pause Young (Allocation Failure) 14M->10M(15M) 0.282ms
[16760.445s][info][gc] GC(7604) Pause Young (Allocation Failure) 14M->10M(15M) 0.404ms
[16762.544s][info][gc] GC(7605) Pause Young (Allocation Failure) 14M->10M(15M) 0.313ms
[16764.645s][info][gc] GC(7606) Pause Young (Allocation Failure) 14M->10M(15M) 0.466ms
[16766.845s][info][gc] GC(7607) Pause Young (Allocation Failure) 14M->10M(15M) 0.609ms
[16768.944s][info][gc] GC(7608) Pause Young (Allocation Failure) 14M->10M(15M) 0.322ms
[16771.045s][info][gc] GC(7609) Pause Young (Allocation Failure) 14M->10M(15M) 0.321ms
[16773.145s][info][gc] GC(7610) Pause Young (Allocation Failure) 14M->10M(15M) 0.315ms
[16775.045s][info][gc] GC(7611) Pause Young (Allocation Failure) 14M->10M(15M) 0.507ms
[16776.846s][info][gc] GC(7612) Pause Young (Allocation Failure) 14M->10M(15M) 0.421ms
[16778.745s][info][gc] GC(7613) Pause Young (Allocation Failure) 14M->10M(15M) 0.435ms
[16780.645s][info][gc] GC(7614) Pause Young (Allocation Failure) 14M->10M(15M) 0.833ms
[16782.548s][info][gc] GC(7615) Pause Young (Allocation Failure) 14M->10M(15M) 0.305ms
[16784.544s][info][gc] GC(7616) Pause Young (Allocation Failure) 14M->10M(15M) 0.491ms
[16786.445s][info][gc] GC(7617) Pause Young (Allocation Failure) 14M->10M(15M) 1.113ms
[16788.344s][info][gc] GC(7618) Pause Young (Allocation Failure) 14M->10M(15M) 0.785ms
[16790.244s][info][gc] GC(7619) Pause Young (Allocation Failure) 14M->10M(15M) 0.791ms
[16792.145s][info][gc] GC(7620) Pause Young (Allocation Failure) 14M->10M(15M) 0.501ms
[16794.045s][info][gc] GC(7621) Pause Young (Allocation Failure) 14M->10M(15M) 1.020ms
[16796.044s][info][gc] GC(7622) Pause Young (Allocation Failure) 14M->10M(15M) 0.397ms
[16797.945s][info][gc] GC(7623) Pause Young (Allocation Failure) 14M->10M(15M) 0.963ms
[16799.844s][info][gc] GC(7624) Pause Young (Allocation Failure) 14M->10M(15M) 0.518ms
[16801.845s][info][gc] GC(7625) Pause Young (Allocation Failure) 14M->10M(15M) 0.648ms
[16803.844s][info][gc] GC(7626) Pause Young (Allocation Failure) 14M->10M(15M) 0.394ms
[16805.943s][info][gc] GC(7627) Pause Young (Allocation Failure) 14M->10M(15M) 0.300ms
[16807.943s][info][gc] GC(7628) Pause Young (Allocation Failure) 14M->10M(15M) 0.276ms
[16809.944s][info][gc] GC(7629) Pause Young (Allocation Failure) 14M->10M(15M) 0.311ms
[16811.945s][info][gc] GC(7630) Pause Young (Allocation Failure) 14M->10M(15M) 0.457ms
[16813.944s][info][gc] GC(7631) Pause Young (Allocation Failure) 14M->10M(15M) 0.424ms
[16815.944s][info][gc] GC(7632) Pause Young (Allocation Failure) 14M->10M(15M) 0.383ms
[16817.945s][info][gc] GC(7633) Pause Young (Allocation Failure) 14M->10M(15M) 0.438ms
[16820.044s][info][gc] GC(7634) Pause Young (Allocation Failure) 14M->10M(15M) 0.291ms
[16822.044s][info][gc] GC(7635) Pause Young (Allocation Failure) 14M->10M(15M) 0.310ms
[16824.044s][info][gc] GC(7636) Pause Young (Allocation Failure) 14M->10M(15M) 0.333ms
[16826.043s][info][gc] GC(7637) Pause Young (Allocation Failure) 14M->10M(15M) 0.417ms
[16828.044s][info][gc] GC(7638) Pause Young (Allocation Failure) 14M->10M(15M) 0.348ms
[16830.045s][info][gc] GC(7639) Pause Young (Allocation Failure) 14M->10M(15M) 0.410ms
[16832.144s][info][gc] GC(7640) Pause Young (Allocation Failure) 14M->10M(15M) 0.416ms
[16834.144s][info][gc] GC(7641) Pause Young (Allocation Failure) 14M->10M(15M) 0.278ms
[16836.144s][info][gc] GC(7642) Pause Young (Allocation Failure) 14M->10M(15M) 0.311ms
[16838.144s][info][gc] GC(7643) Pause Young (Allocation Failure) 14M->10M(15M) 0.395ms
[16840.145s][info][gc] GC(7644) Pause Young (Allocation Failure) 14M->10M(15M) 0.451ms
[16842.144s][info][gc] GC(7645) Pause Young (Allocation Failure) 14M->10M(15M) 0.389ms
[16844.144s][info][gc] GC(7646) Pause Young (Allocation Failure) 14M->10M(15M) 0.352ms
[16846.244s][info][gc] GC(7647) Pause Young (Allocation Failure) 14M->10M(15M) 0.290ms
[16848.244s][info][gc] GC(7648) Pause Young (Allocation Failure) 14M->10M(15M) 0.447ms
[16850.244s][info][gc] GC(7649) Pause Young (Allocation Failure) 14M->10M(15M) 0.335ms
[16852.245s][info][gc] GC(7650) Pause Young (Allocation Failure) 14M->10M(15M) 0.322ms
[16854.244s][info][gc] GC(7651) Pause Young (Allocation Failure) 14M->10M(15M) 0.311ms
[16856.245s][info][gc] GC(7652) Pause Young (Allocation Failure) 14M->10M(15M) 0.438ms
[16858.339s][info][gc] GC(7653) Pause Young (Allocation Failure) 14M->10M(15M) 0.313ms
[16860.344s][info][gc] GC(7654) Pause Young (Allocation Failure) 14M->10M(15M) 0.302ms
[16862.543s][info][gc] GC(7655) Pause Young (Allocation Failure) 14M->10M(15M) 0.251ms
[16864.614s][info][gc] GC(7656) Pause Young (Allocation Failure) 14M->10M(15M) 0.297ms
[16866.744s][info][gc] GC(7657) Pause Young (Allocation Failure) 14M->10M(15M) 0.301ms
[16868.844s][info][gc] GC(7658) Pause Young (Allocation Failure) 14M->10M(15M) 0.325ms
[16870.745s][info][gc] GC(7659) Pause Young (Allocation Failure) 14M->10M(15M) 0.369ms
[16872.645s][info][gc] GC(7660) Pause Young (Allocation Failure) 14M->10M(15M) 0.401ms
[16874.544s][info][gc] GC(7661) Pause Young (Allocation Failure) 14M->10M(15M) 0.350ms
[16876.445s][info][gc] GC(7662) Pause Young (Allocation Failure) 14M->10M(15M) 0.361ms
[16878.345s][info][gc] GC(7663) Pause Young (Allocation Failure) 14M->10M(15M) 0.763ms
[16880.245s][info][gc] GC(7664) Pause Young (Allocation Failure) 14M->10M(15M) 0.508ms
[16882.144s][info][gc] GC(7665) Pause Young (Allocation Failure) 14M->10M(15M) 0.357ms
[16884.044s][info][gc] GC(7666) Pause Young (Allocation Failure) 14M->10M(15M) 0.350ms
[16885.944s][info][gc] GC(7667) Pause Young (Allocation Failure) 14M->10M(15M) 0.363ms
[16887.844s][info][gc] GC(7668) Pause Young (Allocation Failure) 14M->10M(15M) 0.372ms
[16889.844s][info][gc] GC(7669) Pause Young (Allocation Failure) 14M->10M(15M) 0.381ms
[16891.744s][info][gc] GC(7670) Pause Young (Allocation Failure) 14M->10M(15M) 0.301ms
[16893.644s][info][gc] GC(7671) Pause Young (Allocation Failure) 14M->10M(15M) 0.324ms
[16895.545s][info][gc] GC(7672) Pause Young (Allocation Failure) 14M->10M(15M) 0.410ms
[16897.544s][info][gc] GC(7673) Pause Young (Allocation Failure) 14M->10M(15M) 0.286ms
[16899.445s][info][gc] GC(7674) Pause Young (Allocation Failure) 14M->10M(15M) 0.336ms
[16901.344s][info][gc] GC(7675) Pause Young (Allocation Failure) 14M->10M(15M) 0.389ms
[16903.245s][info][gc] GC(7676) Pause Young (Allocation Failure) 14M->10M(15M) 0.504ms
[16905.144s][info][gc] GC(7677) Pause Young (Allocation Failure) 14M->10M(15M) 0.289ms
[16907.043s][info][gc] GC(7678) Pause Young (Allocation Failure) 14M->10M(15M) 0.377ms
[16908.943s][info][gc] GC(7679) Pause Young (Allocation Failure) 14M->10M(15M) 0.292ms
[16910.845s][info][gc] GC(7680) Pause Young (Allocation Failure) 14M->10M(15M) 0.464ms
[16912.744s][info][gc] GC(7681) Pause Young (Allocation Failure) 14M->10M(15M) 0.347ms
[16914.645s][info][gc] GC(7682) Pause Young (Allocation Failure) 14M->10M(15M) 0.361ms
[16916.545s][info][gc] GC(7683) Pause Young (Allocation Failure) 14M->10M(15M) 0.528ms
[16918.446s][info][gc] GC(7684) Pause Young (Allocation Failure) 14M->10M(15M) 0.409ms
[16920.445s][info][gc] GC(7685) Pause Young (Allocation Failure) 14M->10M(15M) 0.625ms
[16922.345s][info][gc] GC(7686) Pause Young (Allocation Failure) 14M->10M(15M) 0.432ms
[16924.245s][info][gc] GC(7687) Pause Young (Allocation Failure) 14M->10M(15M) 0.488ms
[16926.144s][info][gc] GC(7688) Pause Young (Allocation Failure) 14M->10M(15M) 0.294ms
[16928.044s][info][gc] GC(7689) Pause Young (Allocation Failure) 14M->10M(15M) 0.603ms
[16929.945s][info][gc] GC(7690) Pause Young (Allocation Failure) 14M->10M(15M) 0.486ms
[16931.846s][info][gc] GC(7691) Pause Young (Allocation Failure) 14M->10M(15M) 0.360ms
[16933.844s][info][gc] GC(7692) Pause Young (Allocation Failure) 14M->10M(15M) 0.355ms
[16935.746s][info][gc] GC(7693) Pause Young (Allocation Failure) 14M->10M(15M) 0.645ms
[16937.843s][info][gc] GC(7694) Pause Young (Allocation Failure) 14M->10M(15M) 0.403ms
[16939.844s][info][gc] GC(7695) Pause Young (Allocation Failure) 14M->10M(15M) 0.574ms
[16941.844s][info][gc] GC(7696) Pause Young (Allocation Failure) 14M->10M(15M) 0.388ms
[16943.845s][info][gc] GC(7697) Pause Young (Allocation Failure) 14M->10M(15M) 0.444ms
[16945.844s][info][gc] GC(7698) Pause Young (Allocation Failure) 14M->10M(15M) 0.557ms
[16947.844s][info][gc] GC(7699) Pause Young (Allocation Failure) 14M->10M(15M) 0.390ms
[16949.945s][info][gc] GC(7700) Pause Young (Allocation Failure) 14M->10M(15M) 0.812ms
[16951.944s][info][gc] GC(7701) Pause Young (Allocation Failure) 14M->10M(15M) 0.414ms
[16953.944s][info][gc] GC(7702) Pause Young (Allocation Failure) 14M->10M(15M) 0.344ms
[16955.944s][info][gc] GC(7703) Pause Young (Allocation Failure) 14M->10M(15M) 0.492ms
[16957.946s][info][gc] GC(7704) Pause Young (Allocation Failure) 14M->10M(15M) 1.071ms
[16959.944s][info][gc] GC(7705) Pause Young (Allocation Failure) 14M->10M(15M) 0.343ms
[16961.944s][info][gc] GC(7706) Pause Young (Allocation Failure) 14M->10M(15M) 0.389ms
[16964.043s][info][gc] GC(7707) Pause Young (Allocation Failure) 14M->10M(15M) 0.292ms
[16966.044s][info][gc] GC(7708) Pause Young (Allocation Failure) 14M->10M(15M) 0.438ms
[16968.044s][info][gc] GC(7709) Pause Young (Allocation Failure) 14M->10M(15M) 0.341ms
[16970.044s][info][gc] GC(7710) Pause Young (Allocation Failure) 14M->10M(15M) 0.396ms
[16972.045s][info][gc] GC(7711) Pause Young (Allocation Failure) 14M->10M(15M) 0.414ms
[16974.045s][info][gc] GC(7712) Pause Young (Allocation Failure) 14M->10M(15M) 0.329ms
[16976.143s][info][gc] GC(7713) Pause Young (Allocation Failure) 14M->10M(15M) 0.286ms
[16978.144s][info][gc] GC(7714) Pause Young (Allocation Failure) 14M->10M(15M) 0.308ms
[16980.144s][info][gc] GC(7715) Pause Young (Allocation Failure) 14M->10M(15M) 0.383ms
[16982.144s][info][gc] GC(7716) Pause Young (Allocation Failure) 14M->10M(15M) 0.489ms
[16984.143s][info][gc] GC(7717) Pause Young (Allocation Failure) 14M->10M(15M) 0.411ms
[16986.145s][info][gc] GC(7718) Pause Young (Allocation Failure) 14M->10M(15M) 0.424ms
[16988.243s][info][gc] GC(7719) Pause Young (Allocation Failure) 14M->10M(15M) 0.302ms
[16990.244s][info][gc] GC(7720) Pause Young (Allocation Failure) 14M->10M(15M) 0.289ms
[16992.244s][info][gc] GC(7721) Pause Young (Allocation Failure) 14M->10M(15M) 0.294ms
[16994.244s][info][gc] GC(7722) Pause Young (Allocation Failure) 14M->10M(15M) 0.302ms
[16996.343s][info][gc] GC(7723) Pause Young (Allocation Failure) 14M->10M(15M) 0.303ms
[16998.543s][info][gc] GC(7724) Pause Young (Allocation Failure) 14M->10M(15M) 0.309ms
[17000.644s][info][gc] GC(7725) Pause Young (Allocation Failure) 14M->10M(15M) 0.280ms
[17002.744s][info][gc] GC(7726) Pause Young (Allocation Failure) 14M->10M(15M) 0.272ms
[17004.844s][info][gc] GC(7727) Pause Young (Allocation Failure) 14M->10M(15M) 0.300ms
[17006.944s][info][gc] GC(7728) Pause Young (Allocation Failure) 14M->10M(15M) 0.325ms
[17009.143s][info][gc] GC(7729) Pause Young (Allocation Failure) 14M->10M(15M) 0.357ms
[17011.245s][info][gc] GC(7730) Pause Young (Allocation Failure) 14M->10M(15M) 0.304ms
[17013.344s][info][gc] GC(7731) Pause Young (Allocation Failure) 14M->10M(15M) 0.295ms
[17015.543s][info][gc] GC(7732) Pause Young (Allocation Failure) 14M->10M(15M) 0.249ms
[17017.643s][info][gc] GC(7733) Pause Young (Allocation Failure) 14M->10M(15M) 0.295ms
[17019.745s][info][gc] GC(7734) Pause Young (Allocation Failure) 14M->10M(15M) 0.257ms
[17021.844s][info][gc] GC(7735) Pause Young (Allocation Failure) 14M->10M(15M) 0.464ms
[17023.944s][info][gc] GC(7736) Pause Young (Allocation Failure) 14M->10M(15M) 0.294ms
[17025.744s][info][gc] GC(7737) Pause Young (Allocation Failure) 14M->10M(15M) 0.337ms
[17027.743s][info][gc] GC(7738) Pause Young (Allocation Failure) 14M->10M(15M) 0.287ms
[17029.643s][info][gc] GC(7739) Pause Young (Allocation Failure) 14M->10M(15M) 0.292ms
[17031.543s][info][gc] GC(7740) Pause Young (Allocation Failure) 14M->10M(15M) 0.278ms
[17033.445s][info][gc] GC(7741) Pause Young (Allocation Failure) 14M->10M(15M) 0.378ms
[17035.343s][info][gc] GC(7742) Pause Young (Allocation Failure) 14M->10M(15M) 0.335ms
[17037.244s][info][gc] GC(7743) Pause Young (Allocation Failure) 14M->10M(15M) 0.339ms
[17039.144s][info][gc] GC(7744) Pause Young (Allocation Failure) 14M->10M(15M) 0.363ms
[17041.044s][info][gc] GC(7745) Pause Young (Allocation Failure) 14M->10M(15M) 0.369ms
[17042.945s][info][gc] GC(7746) Pause Young (Allocation Failure) 14M->10M(15M) 0.354ms
[17044.944s][info][gc] GC(7747) Pause Young (Allocation Failure) 14M->10M(15M) 0.303ms
[17046.844s][info][gc] GC(7748) Pause Young (Allocation Failure) 14M->10M(15M) 0.303ms
[17048.743s][info][gc] GC(7749) Pause Young (Allocation Failure) 14M->10M(15M) 0.325ms
[17050.645s][info][gc] GC(7750) Pause Young (Allocation Failure) 14M->10M(15M) 0.334ms
[17052.545s][info][gc] GC(7751) Pause Young (Allocation Failure) 14M->10M(15M) 0.344ms
[17054.544s][info][gc] GC(7752) Pause Young (Allocation Failure) 14M->10M(15M) 0.282ms
[17056.544s][info][gc] GC(7753) Pause Young (Allocation Failure) 14M->10M(15M) 0.317ms
[17058.544s][info][gc] GC(7754) Pause Young (Allocation Failure) 14M->10M(15M) 0.456ms
[17060.545s][info][gc] GC(7755) Pause Young (Allocation Failure) 14M->10M(15M) 0.464ms
[17062.544s][info][gc] GC(7756) Pause Young (Allocation Failure) 14M->10M(15M) 0.459ms
[17064.644s][info][gc] GC(7757) Pause Young (Allocation Failure) 14M->10M(15M) 0.496ms
[17066.645s][info][gc] GC(7758) Pause Young (Allocation Failure) 14M->10M(15M) 0.595ms
[17068.645s][info][gc] GC(7759) Pause Young (Allocation Failure) 14M->10M(15M) 0.583ms
[17070.646s][info][gc] GC(7760) Pause Young (Allocation Failure) 14M->10M(15M) 0.616ms
[17072.645s][info][gc] GC(7761) Pause Young (Allocation Failure) 14M->10M(15M) 0.767ms
[17074.445s][info][gc] GC(7762) Pause Young (Allocation Failure) 14M->10M(15M) 0.334ms
[17076.345s][info][gc] GC(7763) Pause Young (Allocation Failure) 14M->10M(15M) 0.537ms
[17078.244s][info][gc] GC(7764) Pause Young (Allocation Failure) 14M->10M(15M) 0.518ms
[17080.145s][info][gc] GC(7765) Pause Young (Allocation Failure) 14M->10M(15M) 0.341ms
[17082.046s][info][gc] GC(7766) Pause Young (Allocation Failure) 14M->10M(15M) 0.855ms
[17083.945s][info][gc] GC(7767) Pause Young (Allocation Failure) 14M->10M(15M) 0.335ms
[17085.843s][info][gc] GC(7768) Pause Young (Allocation Failure) 14M->10M(15M) 0.360ms
[17087.793s][info][gc] GC(7769) Pause Young (Allocation Failure) 14M->10M(15M) 0.420ms
[17089.746s][info][gc] GC(7770) Pause Young (Allocation Failure) 14M->10M(15M) 0.314ms
[17091.646s][info][gc] GC(7771) Pause Young (Allocation Failure) 14M->10M(15M) 1.134ms
[17093.545s][info][gc] GC(7772) Pause Young (Allocation Failure) 14M->10M(15M) 0.833ms
[17095.443s][info][gc] GC(7773) Pause Young (Allocation Failure) 14M->10M(15M) 0.342ms
[17097.444s][info][gc] GC(7774) Pause Young (Allocation Failure) 14M->10M(15M) 0.262ms
[17099.344s][info][gc] GC(7775) Pause Young (Allocation Failure) 14M->10M(15M) 0.521ms
[17101.344s][info][gc] GC(7776) Pause Young (Allocation Failure) 14M->10M(15M) 0.317ms
[17103.345s][info][gc] GC(7777) Pause Young (Allocation Failure) 14M->10M(15M) 0.309ms
[17105.344s][info][gc] GC(7778) Pause Young (Allocation Failure) 14M->10M(15M) 0.339ms
[17107.344s][info][gc] GC(7779) Pause Young (Allocation Failure) 14M->10M(15M) 0.320ms
[17109.345s][info][gc] GC(7780) Pause Young (Allocation Failure) 14M->10M(15M) 0.328ms
[17111.443s][info][gc] GC(7781) Pause Young (Allocation Failure) 14M->10M(15M) 0.277ms
[17113.443s][info][gc] GC(7782) Pause Young (Allocation Failure) 14M->10M(15M) 0.289ms
[17115.444s][info][gc] GC(7783) Pause Young (Allocation Failure) 14M->10M(15M) 0.296ms
[17117.444s][info][gc] GC(7784) Pause Young (Allocation Failure) 14M->10M(15M) 0.294ms
[17119.444s][info][gc] GC(7785) Pause Young (Allocation Failure) 14M->10M(15M) 0.305ms
[17121.445s][info][gc] GC(7786) Pause Young (Allocation Failure) 14M->10M(15M) 0.333ms
[17123.471s][info][gc] GC(7787) Pause Young (Allocation Failure) 14M->10M(15M) 0.255ms
[17125.543s][info][gc] GC(7788) Pause Young (Allocation Failure) 14M->10M(15M) 0.265ms
[17127.544s][info][gc] GC(7789) Pause Young (Allocation Failure) 14M->10M(15M) 0.281ms
[17129.544s][info][gc] GC(7790) Pause Young (Allocation Failure) 14M->10M(15M) 0.304ms
[17131.544s][info][gc] GC(7791) Pause Young (Allocation Failure) 14M->10M(15M) 0.310ms
[17133.544s][info][gc] GC(7792) Pause Young (Allocation Failure) 14M->10M(15M) 0.330ms
[17135.545s][info][gc] GC(7793) Pause Young (Allocation Failure) 14M->10M(15M) 0.327ms
[17137.644s][info][gc] GC(7794) Pause Young (Allocation Failure) 14M->10M(15M) 0.262ms
[17139.645s][info][gc] GC(7795) Pause Young (Allocation Failure) 14M->10M(15M) 0.267ms
[17141.644s][info][gc] GC(7796) Pause Young (Allocation Failure) 14M->10M(15M) 0.289ms
[17143.644s][info][gc] GC(7797) Pause Young (Allocation Failure) 14M->10M(15M) 0.309ms
[17145.644s][info][gc] GC(7798) Pause Young (Allocation Failure) 14M->10M(15M) 0.322ms
[17147.644s][info][gc] GC(7799) Pause Young (Allocation Failure) 14M->10M(15M) 0.310ms
[17149.644s][info][gc] GC(7800) Pause Young (Allocation Failure) 14M->10M(15M) 0.327ms
[17151.744s][info][gc] GC(7801) Pause Young (Allocation Failure) 14M->10M(15M) 0.258ms
[17153.743s][info][gc] GC(7802) Pause Young (Allocation Failure) 14M->10M(15M) 0.319ms
[17155.743s][info][gc] GC(7803) Pause Young (Allocation Failure) 14M->10M(15M) 0.299ms
[17157.643s][info][gc] GC(7804) Pause Young (Allocation Failure) 14M->10M(15M) 0.319ms
[17159.493s][info][gc] GC(7805) Pause Young (Allocation Failure) 14M->10M(15M) 0.262ms
[17161.343s][info][gc] GC(7806) Pause Young (Allocation Failure) 14M->10M(15M) 0.320ms
[17163.245s][info][gc] GC(7807) Pause Young (Allocation Failure) 14M->10M(15M) 0.333ms
[17165.144s][info][gc] GC(7808) Pause Young (Allocation Failure) 14M->10M(15M) 0.320ms
[17167.044s][info][gc] GC(7809) Pause Young (Allocation Failure) 14M->10M(15M) 0.334ms
[17168.944s][info][gc] GC(7810) Pause Young (Allocation Failure) 14M->10M(15M) 0.305ms
[17170.944s][info][gc] GC(7811) Pause Young (Allocation Failure) 14M->10M(15M) 0.306ms
[17172.844s][info][gc] GC(7812) Pause Young (Allocation Failure) 14M->10M(15M) 0.333ms
[17174.744s][info][gc] GC(7813) Pause Young (Allocation Failure) 14M->10M(15M) 0.327ms
[17176.644s][info][gc] GC(7814) Pause Young (Allocation Failure) 14M->10M(15M) 0.333ms
[17178.544s][info][gc] GC(7815) Pause Young (Allocation Failure) 14M->10M(15M) 0.335ms
[17180.544s][info][gc] GC(7816) Pause Young (Allocation Failure) 14M->10M(15M) 0.309ms
[17182.444s][info][gc] GC(7817) Pause Young (Allocation Failure) 14M->10M(15M) 0.289ms
[17184.345s][info][gc] GC(7818) Pause Young (Allocation Failure) 14M->10M(15M) 0.295ms
[17186.243s][info][gc] GC(7819) Pause Young (Allocation Failure) 14M->10M(15M) 0.320ms
[17188.144s][info][gc] GC(7820) Pause Young (Allocation Failure) 14M->10M(15M) 0.298ms
[17190.143s][info][gc] GC(7821) Pause Young (Allocation Failure) 14M->10M(15M) 0.297ms
[17192.144s][info][gc] GC(7822) Pause Young (Allocation Failure) 14M->10M(15M) 0.282ms
[17194.145s][info][gc] GC(7823) Pause Young (Allocation Failure) 14M->10M(15M) 0.306ms
[17196.144s][info][gc] GC(7824) Pause Young (Allocation Failure) 14M->10M(15M) 0.330ms
[17198.144s][info][gc] GC(7825) Pause Young (Allocation Failure) 14M->10M(15M) 0.326ms
[17200.244s][info][gc] GC(7826) Pause Young (Allocation Failure) 14M->10M(15M) 0.298ms
[17202.244s][info][gc] GC(7827) Pause Young (Allocation Failure) 14M->10M(15M) 0.288ms
[17204.244s][info][gc] GC(7828) Pause Young (Allocation Failure) 14M->10M(15M) 0.310ms
[17206.244s][info][gc] GC(7829) Pause Young (Allocation Failure) 14M->10M(15M) 0.317ms
[17208.244s][info][gc] GC(7830) Pause Young (Allocation Failure) 14M->10M(15M) 0.327ms
[17210.245s][info][gc] GC(7831) Pause Young (Allocation Failure) 14M->10M(15M) 0.332ms
[17212.344s][info][gc] GC(7832) Pause Young (Allocation Failure) 14M->10M(15M) 0.278ms
[17214.344s][info][gc] GC(7833) Pause Young (Allocation Failure) 14M->10M(15M) 0.281ms
[17216.345s][info][gc] GC(7834) Pause Young (Allocation Failure) 14M->10M(15M) 0.345ms
[17218.345s][info][gc] GC(7835) Pause Young (Allocation Failure) 14M->10M(15M) 0.305ms
[17220.344s][info][gc] GC(7836) Pause Young (Allocation Failure) 14M->10M(15M) 0.314ms
[17222.344s][info][gc] GC(7837) Pause Young (Allocation Failure) 14M->10M(15M) 0.328ms
[17224.443s][info][gc] GC(7838) Pause Young (Allocation Failure) 14M->10M(15M) 0.440ms
[17226.445s][info][gc] GC(7839) Pause Young (Allocation Failure) 14M->10M(15M) 0.489ms
[17228.445s][info][gc] GC(7840) Pause Young (Allocation Failure) 14M->10M(15M) 0.304ms
[17230.445s][info][gc] GC(7841) Pause Young (Allocation Failure) 14M->10M(15M) 0.430ms
[17232.444s][info][gc] GC(7842) Pause Young (Allocation Failure) 14M->10M(15M) 0.346ms
[17234.444s][info][gc] GC(7843) Pause Young (Allocation Failure) 14M->10M(15M) 0.381ms
[17236.530s][info][gc] GC(7844) Pause Young (Allocation Failure) 14M->10M(15M) 0.278ms
[17238.543s][info][gc] GC(7845) Pause Young (Allocation Failure) 14M->10M(15M) 0.277ms
[17240.545s][info][gc] GC(7846) Pause Young (Allocation Failure) 14M->10M(15M) 0.416ms
[17242.545s][info][gc] GC(7847) Pause Young (Allocation Failure) 14M->10M(15M) 0.449ms
[17244.545s][info][gc] GC(7848) Pause Young (Allocation Failure) 14M->10M(15M) 0.356ms
[17246.544s][info][gc] GC(7849) Pause Young (Allocation Failure) 14M->10M(15M) 0.314ms
[17248.545s][info][gc] GC(7850) Pause Young (Allocation Failure) 14M->10M(15M) 0.330ms
[17250.644s][info][gc] GC(7851) Pause Young (Allocation Failure) 14M->10M(15M) 0.321ms
[17252.844s][info][gc] GC(7852) Pause Young (Allocation Failure) 14M->10M(15M) 0.240ms
[17254.943s][info][gc] GC(7853) Pause Young (Allocation Failure) 14M->10M(15M) 0.251ms
[17256.944s][info][gc] GC(7854) Pause Young (Allocation Failure) 14M->10M(15M) 0.331ms
[17258.844s][info][gc] GC(7855) Pause Young (Allocation Failure) 14M->10M(15M) 0.347ms
[17260.744s][info][gc] GC(7856) Pause Young (Allocation Failure) 14M->10M(15M) 0.326ms
[17262.644s][info][gc] GC(7857) Pause Young (Allocation Failure) 14M->10M(15M) 0.339ms
[17264.544s][info][gc] GC(7858) Pause Young (Allocation Failure) 14M->10M(15M) 0.327ms
[17266.444s][info][gc] GC(7859) Pause Young (Allocation Failure) 14M->10M(15M) 0.323ms
[17268.344s][info][gc] GC(7860) Pause Young (Allocation Failure) 14M->10M(15M) 0.298ms
[17270.244s][info][gc] GC(7861) Pause Young (Allocation Failure) 14M->10M(15M) 0.323ms
[17272.144s][info][gc] GC(7862) Pause Young (Allocation Failure) 14M->10M(15M) 0.320ms
[17274.044s][info][gc] GC(7863) Pause Young (Allocation Failure) 14M->10M(15M) 0.336ms
[17275.944s][info][gc] GC(7864) Pause Young (Allocation Failure) 14M->10M(15M) 0.380ms
[17277.936s][info][gc] GC(7865) Pause Young (Allocation Failure) 14M->10M(15M) 0.349ms
[17279.844s][info][gc] GC(7866) Pause Young (Allocation Failure) 14M->10M(15M) 0.314ms
[17281.744s][info][gc] GC(7867) Pause Young (Allocation Failure) 14M->10M(15M) 0.314ms
[17283.646s][info][gc] GC(7868) Pause Young (Allocation Failure) 14M->10M(15M) 0.483ms
[17285.545s][info][gc] GC(7869) Pause Young (Allocation Failure) 14M->10M(15M) 0.338ms
[17287.544s][info][gc] GC(7870) Pause Young (Allocation Failure) 14M->10M(15M) 0.268ms
[17289.345s][info][gc] GC(7871) Pause Young (Allocation Failure) 14M->10M(15M) 0.318ms
[17291.244s][info][gc] GC(7872) Pause Young (Allocation Failure) 14M->10M(15M) 0.321ms
[17293.145s][info][gc] GC(7873) Pause Young (Allocation Failure) 14M->10M(15M) 0.317ms
[17295.143s][info][gc] GC(7874) Pause Young (Allocation Failure) 14M->10M(15M) 0.258ms
[17297.044s][info][gc] GC(7875) Pause Young (Allocation Failure) 14M->10M(15M) 0.248ms
[17298.944s][info][gc] GC(7876) Pause Young (Allocation Failure) 14M->10M(15M) 0.319ms
[17300.845s][info][gc] GC(7877) Pause Young (Allocation Failure) 14M->10M(15M) 0.310ms
[17302.744s][info][gc] GC(7878) Pause Young (Allocation Failure) 14M->10M(15M) 0.300ms
[17304.644s][info][gc] GC(7879) Pause Young (Allocation Failure) 14M->10M(15M) 0.316ms
[17306.644s][info][gc] GC(7880) Pause Young (Allocation Failure) 14M->10M(15M) 0.297ms
[17308.544s][info][gc] GC(7881) Pause Young (Allocation Failure) 14M->10M(15M) 0.287ms
[17310.444s][info][gc] GC(7882) Pause Young (Allocation Failure) 14M->10M(15M) 0.336ms
[17312.544s][info][gc] GC(7883) Pause Young (Allocation Failure) 14M->10M(15M) 0.355ms
[17314.544s][info][gc] GC(7884) Pause Young (Allocation Failure) 14M->10M(15M) 0.287ms
[17316.543s][info][gc] GC(7885) Pause Young (Allocation Failure) 14M->10M(15M) 0.313ms
[17318.545s][info][gc] GC(7886) Pause Young (Allocation Failure) 14M->10M(15M) 0.298ms
[17320.545s][info][gc] GC(7887) Pause Young (Allocation Failure) 14M->10M(15M) 0.298ms
[17322.544s][info][gc] GC(7888) Pause Young (Allocation Failure) 14M->10M(15M) 0.337ms
[17324.574s][info][gc] GC(7889) Pause Young (Allocation Failure) 14M->10M(15M) 0.241ms
[17326.644s][info][gc] GC(7890) Pause Young (Allocation Failure) 14M->10M(15M) 0.276ms
[17328.644s][info][gc] GC(7891) Pause Young (Allocation Failure) 14M->10M(15M) 0.326ms
[17330.644s][info][gc] GC(7892) Pause Young (Allocation Failure) 14M->10M(15M) 0.302ms
[17332.644s][info][gc] GC(7893) Pause Young (Allocation Failure) 14M->10M(15M) 0.342ms
[17334.644s][info][gc] GC(7894) Pause Young (Allocation Failure) 14M->10M(15M) 0.322ms
[17336.644s][info][gc] GC(7895) Pause Young (Allocation Failure) 14M->10M(15M) 0.329ms
[17338.743s][info][gc] GC(7896) Pause Young (Allocation Failure) 14M->10M(15M) 0.279ms
[17340.743s][info][gc] GC(7897) Pause Young (Allocation Failure) 14M->10M(15M) 0.284ms
[17342.744s][info][gc] GC(7898) Pause Young (Allocation Failure) 14M->10M(15M) 0.341ms
[17344.744s][info][gc] GC(7899) Pause Young (Allocation Failure) 14M->10M(15M) 0.300ms
[17346.744s][info][gc] GC(7900) Pause Young (Allocation Failure) 14M->10M(15M) 0.323ms
[17348.745s][info][gc] GC(7901) Pause Young (Allocation Failure) 14M->10M(15M) 0.326ms
[17350.844s][info][gc] GC(7902) Pause Young (Allocation Failure) 14M->10M(15M) 0.279ms
[17352.844s][info][gc] GC(7903) Pause Young (Allocation Failure) 14M->10M(15M) 0.280ms
[17354.845s][info][gc] GC(7904) Pause Young (Allocation Failure) 14M->10M(15M) 0.296ms
[17356.844s][info][gc] GC(7905) Pause Young (Allocation Failure) 14M->10M(15M) 0.317ms
[17358.844s][info][gc] GC(7906) Pause Young (Allocation Failure) 14M->10M(15M) 0.320ms
[17360.845s][info][gc] GC(7907) Pause Young (Allocation Failure) 14M->10M(15M) 0.390ms
[17362.845s][info][gc] GC(7908) Pause Young (Allocation Failure) 14M->10M(15M) 0.865ms
[17364.944s][info][gc] GC(7909) Pause Young (Allocation Failure) 14M->10M(15M) 0.280ms
[17366.944s][info][gc] GC(7910) Pause Young (Allocation Failure) 14M->10M(15M) 0.298ms
[17368.944s][info][gc] GC(7911) Pause Young (Allocation Failure) 14M->10M(15M) 0.306ms
[17371.044s][info][gc] GC(7912) Pause Young (Allocation Failure) 14M->10M(15M) 0.479ms
[17373.145s][info][gc] GC(7913) Pause Young (Allocation Failure) 14M->10M(15M) 0.311ms
[17375.244s][info][gc] GC(7914) Pause Young (Allocation Failure) 14M->10M(15M) 0.320ms
[17377.444s][info][gc] GC(7915) Pause Young (Allocation Failure) 14M->10M(15M) 0.359ms
[17379.545s][info][gc] GC(7916) Pause Young (Allocation Failure) 14M->10M(15M) 0.692ms
[17381.644s][info][gc] GC(7917) Pause Young (Allocation Failure) 14M->10M(15M) 0.395ms
[17383.744s][info][gc] GC(7918) Pause Young (Allocation Failure) 14M->10M(15M) 0.292ms
[17385.944s][info][gc] GC(7919) Pause Young (Allocation Failure) 14M->10M(15M) 0.287ms
[17388.043s][info][gc] GC(7920) Pause Young (Allocation Failure) 14M->10M(15M) 0.291ms
[17390.143s][info][gc] GC(7921) Pause Young (Allocation Failure) 14M->10M(15M) 0.287ms
[17392.244s][info][gc] GC(7922) Pause Young (Allocation Failure) 14M->10M(15M) 0.273ms
[17394.443s][info][gc] GC(7923) Pause Young (Allocation Failure) 14M->10M(15M) 0.323ms
[17396.544s][info][gc] GC(7924) Pause Young (Allocation Failure) 14M->10M(15M) 0.266ms
[17398.644s][info][gc] GC(7925) Pause Young (Allocation Failure) 14M->10M(15M) 0.302ms
[17400.745s][info][gc] GC(7926) Pause Young (Allocation Failure) 14M->10M(15M) 0.304ms
[17402.744s][info][gc] GC(7927) Pause Young (Allocation Failure) 14M->10M(15M) 0.332ms
[17404.644s][info][gc] GC(7928) Pause Young (Allocation Failure) 14M->10M(15M) 0.381ms
[17406.545s][info][gc] GC(7929) Pause Young (Allocation Failure) 14M->10M(15M) 0.344ms
[17408.445s][info][gc] GC(7930) Pause Young (Allocation Failure) 14M->10M(15M) 0.331ms
[17410.345s][info][gc] GC(7931) Pause Young (Allocation Failure) 14M->10M(15M) 0.349ms
[17412.344s][info][gc] GC(7932) Pause Young (Allocation Failure) 14M->10M(15M) 0.458ms
[17414.244s][info][gc] GC(7933) Pause Young (Allocation Failure) 14M->10M(15M) 0.303ms
[17416.144s][info][gc] GC(7934) Pause Young (Allocation Failure) 14M->10M(15M) 0.294ms
[17418.045s][info][gc] GC(7935) Pause Young (Allocation Failure) 14M->10M(15M) 0.337ms
[17419.945s][info][gc] GC(7936) Pause Young (Allocation Failure) 14M->10M(15M) 0.311ms
[17421.845s][info][gc] GC(7937) Pause Young (Allocation Failure) 14M->10M(15M) 0.342ms
[17423.844s][info][gc] GC(7938) Pause Young (Allocation Failure) 14M->10M(15M) 0.298ms
[17425.744s][info][gc] GC(7939) Pause Young (Allocation Failure) 14M->10M(15M) 0.295ms
[17427.644s][info][gc] GC(7940) Pause Young (Allocation Failure) 14M->10M(15M) 0.310ms
[17429.545s][info][gc] GC(7941) Pause Young (Allocation Failure) 14M->10M(15M) 0.337ms
[17431.544s][info][gc] GC(7942) Pause Young (Allocation Failure) 14M->10M(15M) 0.338ms
[17433.544s][info][gc] GC(7943) Pause Young (Allocation Failure) 14M->10M(15M) 0.330ms
[17435.632s][info][gc] GC(7944) Pause Young (Allocation Failure) 14M->10M(15M) 0.251ms
[17437.644s][info][gc] GC(7945) Pause Young (Allocation Failure) 14M->10M(15M) 0.300ms
[17439.644s][info][gc] GC(7946) Pause Young (Allocation Failure) 14M->10M(15M) 0.273ms
[17441.644s][info][gc] GC(7947) Pause Young (Allocation Failure) 14M->10M(15M) 0.460ms
[17443.644s][info][gc] GC(7948) Pause Young (Allocation Failure) 14M->10M(15M) 0.327ms
[17445.644s][info][gc] GC(7949) Pause Young (Allocation Failure) 14M->10M(15M) 0.334ms
[17447.645s][info][gc] GC(7950) Pause Young (Allocation Failure) 14M->10M(15M) 0.327ms
[17449.744s][info][gc] GC(7951) Pause Young (Allocation Failure) 14M->10M(15M) 0.268ms
[17451.744s][info][gc] GC(7952) Pause Young (Allocation Failure) 14M->10M(15M) 0.328ms
[17453.744s][info][gc] GC(7953) Pause Young (Allocation Failure) 14M->10M(15M) 0.306ms
[17455.644s][info][gc] GC(7954) Pause Young (Allocation Failure) 14M->10M(15M) 0.340ms
[17457.544s][info][gc] GC(7955) Pause Young (Allocation Failure) 14M->10M(15M) 0.340ms
[17459.444s][info][gc] GC(7956) Pause Young (Allocation Failure) 14M->10M(15M) 0.320ms
[17461.344s][info][gc] GC(7957) Pause Young (Allocation Failure) 14M->10M(15M) 0.302ms
[17463.245s][info][gc] GC(7958) Pause Young (Allocation Failure) 14M->10M(15M) 0.321ms
[17465.144s][info][gc] GC(7959) Pause Young (Allocation Failure) 14M->10M(15M) 0.336ms
[17467.096s][info][gc] GC(7960) Pause Young (Allocation Failure) 14M->10M(15M) 0.324ms
[17469.044s][info][gc] GC(7961) Pause Young (Allocation Failure) 14M->10M(15M) 0.304ms
[17470.944s][info][gc] GC(7962) Pause Young (Allocation Failure) 14M->10M(15M) 0.310ms
[17472.844s][info][gc] GC(7963) Pause Young (Allocation Failure) 14M->10M(15M) 0.335ms
[17474.744s][info][gc] GC(7964) Pause Young (Allocation Failure) 14M->10M(15M) 0.348ms
[17476.844s][info][gc] GC(7965) Pause Young (Allocation Failure) 14M->10M(15M) 0.328ms
[17478.844s][info][gc] GC(7966) Pause Young (Allocation Failure) 14M->10M(15M) 0.307ms
[17480.844s][info][gc] GC(7967) Pause Young (Allocation Failure) 14M->10M(15M) 0.327ms
[17482.845s][info][gc] GC(7968) Pause Young (Allocation Failure) 14M->10M(15M) 0.339ms
[17484.844s][info][gc] GC(7969) Pause Young (Allocation Failure) 14M->10M(15M) 0.331ms
[17486.844s][info][gc] GC(7970) Pause Young (Allocation Failure) 14M->10M(15M) 0.343ms
[17488.944s][info][gc] GC(7971) Pause Young (Allocation Failure) 14M->10M(15M) 0.260ms
[17490.944s][info][gc] GC(7972) Pause Young (Allocation Failure) 14M->10M(15M) 0.289ms
[17492.944s][info][gc] GC(7973) Pause Young (Allocation Failure) 14M->10M(15M) 0.305ms
[17494.944s][info][gc] GC(7974) Pause Young (Allocation Failure) 14M->10M(15M) 0.318ms
[17496.944s][info][gc] GC(7975) Pause Young (Allocation Failure) 14M->10M(15M) 0.309ms
[17498.945s][info][gc] GC(7976) Pause Young (Allocation Failure) 14M->10M(15M) 0.329ms
[17501.044s][info][gc] GC(7977) Pause Young (Allocation Failure) 14M->10M(15M) 0.496ms
[17503.045s][info][gc] GC(7978) Pause Young (Allocation Failure) 14M->10M(15M) 0.291ms
[17505.043s][info][gc] GC(7979) Pause Young (Allocation Failure) 14M->10M(15M) 0.302ms
[17507.044s][info][gc] GC(7980) Pause Young (Allocation Failure) 14M->10M(15M) 0.526ms
[17509.045s][info][gc] GC(7981) Pause Young (Allocation Failure) 14M->10M(15M) 0.370ms
[17511.043s][info][gc] GC(7982) Pause Young (Allocation Failure) 14M->10M(15M) 0.339ms
[17513.136s][info][gc] GC(7983) Pause Young (Allocation Failure) 14M->10M(15M) 0.281ms
[17515.139s][info][gc] GC(7984) Pause Young (Allocation Failure) 14M->10M(15M) 0.284ms
[17517.141s][info][gc] GC(7985) Pause Young (Allocation Failure) 14M->10M(15M) 0.294ms
[17519.143s][info][gc] GC(7986) Pause Young (Allocation Failure) 14M->10M(15M) 0.337ms
[17521.045s][info][gc] GC(7987) Pause Young (Allocation Failure) 14M->10M(15M) 0.533ms
[17522.944s][info][gc] GC(7988) Pause Young (Allocation Failure) 14M->10M(15M) 0.434ms
[17524.844s][info][gc] GC(7989) Pause Young (Allocation Failure) 14M->10M(15M) 0.508ms
[17526.744s][info][gc] GC(7990) Pause Young (Allocation Failure) 14M->10M(15M) 0.387ms
[17528.645s][info][gc] GC(7991) Pause Young (Allocation Failure) 14M->10M(15M) 0.433ms
[17530.545s][info][gc] GC(7992) Pause Young (Allocation Failure) 14M->10M(15M) 0.349ms
[17532.543s][info][gc] GC(7993) Pause Young (Allocation Failure) 14M->10M(15M) 0.261ms
[17534.444s][info][gc] GC(7994) Pause Young (Allocation Failure) 14M->10M(15M) 0.337ms
[17536.344s][info][gc] GC(7995) Pause Young (Allocation Failure) 14M->10M(15M) 0.284ms
[17538.245s][info][gc] GC(7996) Pause Young (Allocation Failure) 14M->10M(15M) 0.312ms
[17540.144s][info][gc] GC(7997) Pause Young (Allocation Failure) 14M->10M(15M) 0.330ms
[17542.144s][info][gc] GC(7998) Pause Young (Allocation Failure) 14M->10M(15M) 0.306ms
[17544.044s][info][gc] GC(7999) Pause Young (Allocation Failure) 14M->10M(15M) 0.274ms
[17545.945s][info][gc] GC(8000) Pause Young (Allocation Failure) 14M->10M(15M) 0.308ms
[17547.845s][info][gc] GC(8001) Pause Young (Allocation Failure) 14M->10M(15M) 0.330ms
[17549.744s][info][gc] GC(8002) Pause Young (Allocation Failure) 14M->10M(15M) 0.303ms
[17551.744s][info][gc] GC(8003) Pause Young (Allocation Failure) 14M->10M(15M) 0.316ms
[17553.844s][info][gc] GC(8004) Pause Young (Allocation Failure) 14M->10M(15M) 0.301ms
[17555.844s][info][gc] GC(8005) Pause Young (Allocation Failure) 14M->10M(15M) 0.295ms
[17557.844s][info][gc] GC(8006) Pause Young (Allocation Failure) 14M->10M(15M) 0.299ms
[17559.845s][info][gc] GC(8007) Pause Young (Allocation Failure) 14M->10M(15M) 0.312ms
[17561.844s][info][gc] GC(8008) Pause Young (Allocation Failure) 14M->10M(15M) 0.313ms
[17563.845s][info][gc] GC(8009) Pause Young (Allocation Failure) 14M->10M(15M) 0.324ms
[17565.943s][info][gc] GC(8010) Pause Young (Allocation Failure) 14M->10M(15M) 0.283ms
[17567.944s][info][gc] GC(8011) Pause Young (Allocation Failure) 14M->10M(15M) 0.326ms
[17569.945s][info][gc] GC(8012) Pause Young (Allocation Failure) 14M->10M(15M) 0.292ms
[17571.944s][info][gc] GC(8013) Pause Young (Allocation Failure) 14M->10M(15M) 0.315ms
[17573.944s][info][gc] GC(8014) Pause Young (Allocation Failure) 14M->10M(15M) 0.318ms
[17575.944s][info][gc] GC(8015) Pause Young (Allocation Failure) 14M->10M(15M) 0.320ms
[17578.043s][info][gc] GC(8016) Pause Young (Allocation Failure) 14M->10M(15M) 0.267ms
[17580.044s][info][gc] GC(8017) Pause Young (Allocation Failure) 14M->10M(15M) 0.271ms
[17582.044s][info][gc] GC(8018) Pause Young (Allocation Failure) 14M->10M(15M) 0.290ms
[17584.044s][info][gc] GC(8019) Pause Young (Allocation Failure) 14M->10M(15M) 0.299ms
[17586.044s][info][gc] GC(8020) Pause Young (Allocation Failure) 14M->10M(15M) 0.317ms
[17588.044s][info][gc] GC(8021) Pause Young (Allocation Failure) 14M->10M(15M) 0.322ms
[17590.044s][info][gc] GC(8022) Pause Young (Allocation Failure) 14M->10M(15M) 0.460ms
[17592.144s][info][gc] GC(8023) Pause Young (Allocation Failure) 14M->10M(15M) 0.274ms
[17594.144s][info][gc] GC(8024) Pause Young (Allocation Failure) 14M->10M(15M) 0.289ms
[17596.144s][info][gc] GC(8025) Pause Young (Allocation Failure) 14M->10M(15M) 0.300ms
[17598.144s][info][gc] GC(8026) Pause Young (Allocation Failure) 14M->10M(15M) 0.310ms
[17600.144s][info][gc] GC(8027) Pause Young (Allocation Failure) 14M->10M(15M) 0.287ms
[17602.144s][info][gc] GC(8028) Pause Young (Allocation Failure) 14M->10M(15M) 0.327ms
[17604.207s][info][gc] GC(8029) Pause Young (Allocation Failure) 14M->10M(15M) 0.272ms
[17606.208s][info][gc] GC(8030) Pause Young (Allocation Failure) 14M->10M(15M) 0.364ms
[17608.209s][info][gc] GC(8031) Pause Young (Allocation Failure) 14M->10M(15M) 0.304ms
[17610.243s][info][gc] GC(8032) Pause Young (Allocation Failure) 14M->10M(15M) 0.301ms
[17612.345s][info][gc] GC(8033) Pause Young (Allocation Failure) 14M->10M(15M) 0.295ms
[17614.544s][info][gc] GC(8034) Pause Young (Allocation Failure) 14M->10M(15M) 0.264ms
[17616.644s][info][gc] GC(8035) Pause Young (Allocation Failure) 14M->10M(15M) 0.276ms
[17618.743s][info][gc] GC(8036) Pause Young (Allocation Failure) 14M->10M(15M) 0.268ms
[17620.944s][info][gc] GC(8037) Pause Young (Allocation Failure) 14M->10M(15M) 0.277ms
[17623.043s][info][gc] GC(8038) Pause Young (Allocation Failure) 14M->10M(15M) 0.255ms
[17625.144s][info][gc] GC(8039) Pause Young (Allocation Failure) 14M->10M(15M) 0.290ms
[17627.243s][info][gc] GC(8040) Pause Young (Allocation Failure) 14M->10M(15M) 0.298ms
[17629.345s][info][gc] GC(8041) Pause Young (Allocation Failure) 14M->10M(15M) 0.381ms
[17631.543s][info][gc] GC(8042) Pause Young (Allocation Failure) 14M->10M(15M) 0.301ms
[17633.644s][info][gc] GC(8043) Pause Young (Allocation Failure) 14M->10M(15M) 0.291ms
[17635.744s][info][gc] GC(8044) Pause Young (Allocation Failure) 14M->10M(15M) 0.291ms
[17637.943s][info][gc] GC(8045) Pause Young (Allocation Failure) 14M->10M(15M) 0.245ms
[17640.044s][info][gc] GC(8046) Pause Young (Allocation Failure) 14M->10M(15M) 0.259ms
[17642.144s][info][gc] GC(8047) Pause Young (Allocation Failure) 14M->10M(15M) 0.298ms
[17644.244s][info][gc] GC(8048) Pause Young (Allocation Failure) 14M->10M(15M) 0.330ms
[17646.343s][info][gc] GC(8049) Pause Young (Allocation Failure) 14M->10M(15M) 0.294ms
[17648.543s][info][gc] GC(8050) Pause Young (Allocation Failure) 14M->10M(15M) 0.283ms
[17650.445s][info][gc] GC(8051) Pause Young (Allocation Failure) 14M->10M(15M) 0.315ms
[17652.344s][info][gc] GC(8052) Pause Young (Allocation Failure) 14M->10M(15M) 0.319ms
[17654.245s][info][gc] GC(8053) Pause Young (Allocation Failure) 14M->10M(15M) 0.339ms
[17656.145s][info][gc] GC(8054) Pause Young (Allocation Failure) 14M->10M(15M) 0.406ms
[17658.044s][info][gc] GC(8055) Pause Young (Allocation Failure) 14M->10M(15M) 0.332ms
[17659.944s][info][gc] GC(8056) Pause Young (Allocation Failure) 14M->10M(15M) 0.316ms
[17661.844s][info][gc] GC(8057) Pause Young (Allocation Failure) 14M->10M(15M) 0.341ms
[17663.748s][info][gc] GC(8058) Pause Young (Allocation Failure) 14M->10M(15M) 0.251ms
[17665.743s][info][gc] GC(8059) Pause Young (Allocation Failure) 14M->10M(15M) 0.295ms
[17667.644s][info][gc] GC(8060) Pause Young (Allocation Failure) 14M->10M(15M) 0.313ms
[17669.544s][info][gc] GC(8061) Pause Young (Allocation Failure) 14M->10M(15M) 0.308ms
[17671.444s][info][gc] GC(8062) Pause Young (Allocation Failure) 14M->10M(15M) 0.309ms
[17673.344s][info][gc] GC(8063) Pause Young (Allocation Failure) 14M->10M(15M) 0.329ms
[17675.265s][info][gc] GC(8064) Pause Young (Allocation Failure) 14M->10M(15M) 0.267ms
[17677.245s][info][gc] GC(8065) Pause Young (Allocation Failure) 14M->10M(15M) 0.314ms
[17679.143s][info][gc] GC(8066) Pause Young (Allocation Failure) 14M->10M(15M) 0.313ms
[17681.044s][info][gc] GC(8067) Pause Young (Allocation Failure) 14M->10M(15M) 0.267ms
[17682.944s][info][gc] GC(8068) Pause Young (Allocation Failure) 14M->10M(15M) 0.304ms
[17684.844s][info][gc] GC(8069) Pause Young (Allocation Failure) 14M->10M(15M) 0.310ms
[17686.944s][info][gc] GC(8070) Pause Young (Allocation Failure) 14M->10M(15M) 0.270ms
[17688.944s][info][gc] GC(8071) Pause Young (Allocation Failure) 14M->10M(15M) 0.256ms
[17690.944s][info][gc] GC(8072) Pause Young (Allocation Failure) 14M->10M(15M) 0.299ms
[17692.944s][info][gc] GC(8073) Pause Young (Allocation Failure) 14M->10M(15M) 0.333ms
[17694.944s][info][gc] GC(8074) Pause Young (Allocation Failure) 14M->10M(15M) 0.325ms
[17696.944s][info][gc] GC(8075) Pause Young (Allocation Failure) 14M->10M(15M) 0.327ms
[17699.043s][info][gc] GC(8076) Pause Young (Allocation Failure) 14M->10M(15M) 0.258ms
[17701.044s][info][gc] GC(8077) Pause Young (Allocation Failure) 14M->10M(15M) 0.279ms
[17703.044s][info][gc] GC(8078) Pause Young (Allocation Failure) 14M->10M(15M) 0.294ms
[17705.044s][info][gc] GC(8079) Pause Young (Allocation Failure) 14M->10M(15M) 0.293ms
[17707.045s][info][gc] GC(8080) Pause Young (Allocation Failure) 14M->10M(15M) 0.307ms
[17709.044s][info][gc] GC(8081) Pause Young (Allocation Failure) 14M->10M(15M) 0.321ms
[17711.143s][info][gc] GC(8082) Pause Young (Allocation Failure) 14M->10M(15M) 0.278ms
[17713.143s][info][gc] GC(8083) Pause Young (Allocation Failure) 14M->10M(15M) 0.316ms
[17715.144s][info][gc] GC(8084) Pause Young (Allocation Failure) 14M->10M(15M) 0.291ms
[17717.144s][info][gc] GC(8085) Pause Young (Allocation Failure) 14M->10M(15M) 0.310ms
[17719.143s][info][gc] GC(8086) Pause Young (Allocation Failure) 14M->10M(15M) 0.313ms
[17721.144s][info][gc] GC(8087) Pause Young (Allocation Failure) 14M->10M(15M) 0.309ms
[17723.244s][info][gc] GC(8088) Pause Young (Allocation Failure) 14M->10M(15M) 0.251ms
[17725.244s][info][gc] GC(8089) Pause Young (Allocation Failure) 14M->10M(15M) 0.276ms
[17727.244s][info][gc] GC(8090) Pause Young (Allocation Failure) 14M->10M(15M) 0.305ms
[17729.245s][info][gc] GC(8091) Pause Young (Allocation Failure) 14M->10M(15M) 0.344ms
[17731.244s][info][gc] GC(8092) Pause Young (Allocation Failure) 14M->10M(15M) 0.319ms
[17733.245s][info][gc] GC(8093) Pause Young (Allocation Failure) 14M->10M(15M) 0.314ms
[17735.318s][info][gc] GC(8094) Pause Young (Allocation Failure) 14M->10M(15M) 0.273ms
[17737.321s][info][gc] GC(8095) Pause Young (Allocation Failure) 14M->10M(15M) 0.279ms
[17739.323s][info][gc] GC(8096) Pause Young (Allocation Failure) 14M->10M(15M) 0.291ms
[17741.343s][info][gc] GC(8097) Pause Young (Allocation Failure) 14M->10M(15M) 0.259ms
[17743.344s][info][gc] GC(8098) Pause Young (Allocation Failure) 14M->10M(15M) 0.324ms
[17745.344s][info][gc] GC(8099) Pause Young (Allocation Failure) 14M->10M(15M) 0.295ms
[17747.543s][info][gc] GC(8100) Pause Young (Allocation Failure) 14M->10M(15M) 0.251ms
[17749.644s][info][gc] GC(8101) Pause Young (Allocation Failure) 14M->10M(15M) 0.285ms
[17751.745s][info][gc] GC(8102) Pause Young (Allocation Failure) 14M->10M(15M) 0.292ms
[17753.944s][info][gc] GC(8103) Pause Young (Allocation Failure) 14M->10M(15M) 0.270ms
[17756.043s][info][gc] GC(8104) Pause Young (Allocation Failure) 14M->10M(15M) 0.273ms
[17758.145s][info][gc] GC(8105) Pause Young (Allocation Failure) 14M->10M(15M) 0.467ms
[17760.245s][info][gc] GC(8106) Pause Young (Allocation Failure) 14M->10M(15M) 0.279ms
[17762.344s][info][gc] GC(8107) Pause Young (Allocation Failure) 14M->10M(15M) 0.368ms
[17764.543s][info][gc] GC(8108) Pause Young (Allocation Failure) 14M->10M(15M) 0.253ms
[17766.643s][info][gc] GC(8109) Pause Young (Allocation Failure) 14M->10M(15M) 0.297ms
[17768.746s][info][gc] GC(8110) Pause Young (Allocation Failure) 14M->10M(15M) 0.486ms
[17770.943s][info][gc] GC(8111) Pause Young (Allocation Failure) 14M->10M(15M) 0.255ms
[17772.944s][info][gc] GC(8112) Pause Young (Allocation Failure) 14M->10M(15M) 0.279ms
[17774.798s][info][gc] GC(8113) Pause Young (Allocation Failure) 14M->10M(15M) 0.299ms
[17776.744s][info][gc] GC(8114) Pause Young (Allocation Failure) 14M->10M(15M) 0.283ms
[17778.644s][info][gc] GC(8115) Pause Young (Allocation Failure) 14M->10M(15M) 0.306ms
[17780.544s][info][gc] GC(8116) Pause Young (Allocation Failure) 14M->10M(15M) 0.325ms
[17782.445s][info][gc] GC(8117) Pause Young (Allocation Failure) 14M->10M(15M) 0.310ms
[17784.356s][info][gc] GC(8118) Pause Young (Allocation Failure) 14M->10M(15M) 0.254ms
[17786.344s][info][gc] GC(8119) Pause Young (Allocation Failure) 14M->10M(15M) 0.314ms
[17788.244s][info][gc] GC(8120) Pause Young (Allocation Failure) 14M->10M(15M) 0.446ms
[17790.146s][info][gc] GC(8121) Pause Young (Allocation Failure) 14M->10M(15M) 0.389ms
[17792.146s][info][gc] GC(8122) Pause Young (Allocation Failure) 14M->10M(15M) 0.657ms
[17794.244s][info][gc] GC(8123) Pause Young (Allocation Failure) 14M->10M(15M) 0.338ms
[17796.245s][info][gc] GC(8124) Pause Young (Allocation Failure) 14M->10M(15M) 0.331ms
[17798.244s][info][gc] GC(8125) Pause Young (Allocation Failure) 14M->10M(15M) 0.356ms
[17800.244s][info][gc] GC(8126) Pause Young (Allocation Failure) 14M->10M(15M) 0.331ms
[17802.244s][info][gc] GC(8127) Pause Young (Allocation Failure) 14M->10M(15M) 0.336ms
[17804.244s][info][gc] GC(8128) Pause Young (Allocation Failure) 14M->10M(15M) 0.340ms
[17806.343s][info][gc] GC(8129) Pause Young (Allocation Failure) 14M->10M(15M) 0.279ms
[17808.344s][info][gc] GC(8130) Pause Young (Allocation Failure) 14M->10M(15M) 0.288ms
[17810.344s][info][gc] GC(8131) Pause Young (Allocation Failure) 14M->10M(15M) 0.335ms
[17812.344s][info][gc] GC(8132) Pause Young (Allocation Failure) 14M->10M(15M) 0.328ms
[17814.344s][info][gc] GC(8133) Pause Young (Allocation Failure) 14M->10M(15M) 0.317ms
[17816.344s][info][gc] GC(8134) Pause Young (Allocation Failure) 14M->10M(15M) 0.335ms
[17818.377s][info][gc] GC(8135) Pause Young (Allocation Failure) 14M->10M(15M) 0.275ms
[17820.378s][info][gc] GC(8136) Pause Young (Allocation Failure) 14M->10M(15M) 0.277ms
[17822.381s][info][gc] GC(8137) Pause Young (Allocation Failure) 14M->10M(15M) 0.291ms
[17824.444s][info][gc] GC(8138) Pause Young (Allocation Failure) 14M->10M(15M) 0.305ms
[17826.444s][info][gc] GC(8139) Pause Young (Allocation Failure) 14M->10M(15M) 0.286ms
[17828.444s][info][gc] GC(8140) Pause Young (Allocation Failure) 14M->10M(15M) 0.273ms
[17830.444s][info][gc] GC(8141) Pause Young (Allocation Failure) 14M->10M(15M) 0.282ms
[17832.444s][info][gc] GC(8142) Pause Young (Allocation Failure) 14M->10M(15M) 0.321ms
[17834.444s][info][gc] GC(8143) Pause Young (Allocation Failure) 14M->10M(15M) 0.324ms
[17836.544s][info][gc] GC(8144) Pause Young (Allocation Failure) 14M->10M(15M) 0.257ms
[17838.544s][info][gc] GC(8145) Pause Young (Allocation Failure) 14M->10M(15M) 0.308ms
[17840.544s][info][gc] GC(8146) Pause Young (Allocation Failure) 14M->10M(15M) 0.281ms
[17842.544s][info][gc] GC(8147) Pause Young (Allocation Failure) 14M->10M(15M) 0.320ms
[17844.544s][info][gc] GC(8148) Pause Young (Allocation Failure) 14M->10M(15M) 0.319ms
[17846.545s][info][gc] GC(8149) Pause Young (Allocation Failure) 14M->10M(15M) 0.329ms
[17848.643s][info][gc] GC(8150) Pause Young (Allocation Failure) 14M->10M(15M) 0.265ms
[17850.645s][info][gc] GC(8151) Pause Young (Allocation Failure) 14M->10M(15M) 0.305ms
[17852.844s][info][gc] GC(8152) Pause Young (Allocation Failure) 14M->10M(15M) 0.251ms
[17854.944s][info][gc] GC(8153) Pause Young (Allocation Failure) 14M->10M(15M) 0.284ms
[17857.043s][info][gc] GC(8154) Pause Young (Allocation Failure) 14M->10M(15M) 0.293ms
[17859.243s][info][gc] GC(8155) Pause Young (Allocation Failure) 14M->10M(15M) 0.238ms
[17861.344s][info][gc] GC(8156) Pause Young (Allocation Failure) 14M->10M(15M) 0.284ms
[17863.444s][info][gc] GC(8157) Pause Young (Allocation Failure) 14M->10M(15M) 0.270ms
[17865.544s][info][gc] GC(8158) Pause Young (Allocation Failure) 14M->10M(15M) 0.278ms
[17867.743s][info][gc] GC(8159) Pause Young (Allocation Failure) 14M->10M(15M) 0.254ms
[17869.851s][info][gc] GC(8160) Pause Young (Allocation Failure) 14M->10M(15M) 0.310ms
[17871.644s][info][gc] GC(8161) Pause Young (Allocation Failure) 14M->10M(15M) 0.337ms
[17873.544s][info][gc] GC(8162) Pause Young (Allocation Failure) 14M->10M(15M) 0.339ms
[17875.443s][info][gc] GC(8163) Pause Young (Allocation Failure) 14M->10M(15M) 0.315ms
[17877.425s][info][gc] GC(8164) Pause Young (Allocation Failure) 14M->10M(15M) 0.301ms
[17879.344s][info][gc] GC(8165) Pause Young (Allocation Failure) 14M->10M(15M) 0.284ms
[17881.244s][info][gc] GC(8166) Pause Young (Allocation Failure) 14M->10M(15M) 0.294ms
[17883.144s][info][gc] GC(8167) Pause Young (Allocation Failure) 14M->10M(15M) 0.317ms
[17885.044s][info][gc] GC(8168) Pause Young (Allocation Failure) 14M->10M(15M) 0.313ms
[17886.944s][info][gc] GC(8169) Pause Young (Allocation Failure) 14M->10M(15M) 0.301ms
[17888.844s][info][gc] GC(8170) Pause Young (Allocation Failure) 14M->10M(15M) 0.342ms
[17890.844s][info][gc] GC(8171) Pause Young (Allocation Failure) 14M->10M(15M) 0.296ms
[17892.743s][info][gc] GC(8172) Pause Young (Allocation Failure) 14M->10M(15M) 0.353ms
[17894.644s][info][gc] GC(8173) Pause Young (Allocation Failure) 14M->10M(15M) 0.321ms
[17896.644s][info][gc] GC(8174) Pause Young (Allocation Failure) 14M->10M(15M) 0.310ms
[17898.644s][info][gc] GC(8175) Pause Young (Allocation Failure) 14M->10M(15M) 0.342ms
[17900.645s][info][gc] GC(8176) Pause Young (Allocation Failure) 14M->10M(15M) 0.349ms
[17902.644s][info][gc] GC(8177) Pause Young (Allocation Failure) 14M->10M(15M) 0.335ms
[17904.644s][info][gc] GC(8178) Pause Young (Allocation Failure) 14M->10M(15M) 0.346ms
[17906.544s][info][gc] GC(8179) Pause Young (Allocation Failure) 14M->10M(15M) 0.322ms
[17908.444s][info][gc] GC(8180) Pause Young (Allocation Failure) 14M->10M(15M) 0.316ms
[17910.344s][info][gc] GC(8181) Pause Young (Allocation Failure) 14M->10M(15M) 0.295ms
[17912.244s][info][gc] GC(8182) Pause Young (Allocation Failure) 14M->10M(15M) 0.314ms
[17914.145s][info][gc] GC(8183) Pause Young (Allocation Failure) 14M->10M(15M) 0.325ms
[17916.045s][info][gc] GC(8184) Pause Young (Allocation Failure) 14M->10M(15M) 0.335ms
[17918.043s][info][gc] GC(8185) Pause Young (Allocation Failure) 14M->10M(15M) 0.273ms
[17919.944s][info][gc] GC(8186) Pause Young (Allocation Failure) 14M->10M(15M) 0.335ms
[17921.844s][info][gc] GC(8187) Pause Young (Allocation Failure) 14M->10M(15M) 0.326ms
[17923.744s][info][gc] GC(8188) Pause Young (Allocation Failure) 14M->10M(15M) 0.292ms
[17925.644s][info][gc] GC(8189) Pause Young (Allocation Failure) 14M->10M(15M) 0.316ms
[17927.544s][info][gc] GC(8190) Pause Young (Allocation Failure) 14M->10M(15M) 0.298ms
[17929.465s][info][gc] GC(8191) Pause Young (Allocation Failure) 14M->10M(15M) 0.282ms
[17931.444s][info][gc] GC(8192) Pause Young (Allocation Failure) 14M->10M(15M) 0.282ms
[17933.344s][info][gc] GC(8193) Pause Young (Allocation Failure) 14M->10M(15M) 0.305ms
[17935.244s][info][gc] GC(8194) Pause Young (Allocation Failure) 14M->10M(15M) 0.304ms
[17937.145s][info][gc] GC(8195) Pause Young (Allocation Failure) 14M->10M(15M) 0.313ms
[17939.044s][info][gc] GC(8196) Pause Young (Allocation Failure) 14M->10M(15M) 0.307ms
[17941.044s][info][gc] GC(8197) Pause Young (Allocation Failure) 14M->10M(15M) 0.297ms
[17943.044s][info][gc] GC(8198) Pause Young (Allocation Failure) 14M->10M(15M) 0.331ms
[17945.044s][info][gc] GC(8199) Pause Young (Allocation Failure) 14M->10M(15M) 0.322ms
[17947.143s][info][gc] GC(8200) Pause Young (Allocation Failure) 14M->10M(15M) 0.267ms
[17949.144s][info][gc] GC(8201) Pause Young (Allocation Failure) 14M->10M(15M) 0.276ms
[17951.143s][info][gc] GC(8202) Pause Young (Allocation Failure) 14M->10M(15M) 0.281ms
[17953.145s][info][gc] GC(8203) Pause Young (Allocation Failure) 14M->10M(15M) 0.306ms
[17955.144s][info][gc] GC(8204) Pause Young (Allocation Failure) 14M->10M(15M) 0.347ms
[17957.144s][info][gc] GC(8205) Pause Young (Allocation Failure) 14M->10M(15M) 0.337ms
[17959.244s][info][gc] GC(8206) Pause Young (Allocation Failure) 14M->10M(15M) 0.294ms
[17961.244s][info][gc] GC(8207) Pause Young (Allocation Failure) 14M->10M(15M) 0.276ms
[17963.244s][info][gc] GC(8208) Pause Young (Allocation Failure) 14M->10M(15M) 0.310ms
[17965.244s][info][gc] GC(8209) Pause Young (Allocation Failure) 14M->10M(15M) 0.317ms
[17967.244s][info][gc] GC(8210) Pause Young (Allocation Failure) 14M->10M(15M) 0.334ms
[17969.244s][info][gc] GC(8211) Pause Young (Allocation Failure) 14M->10M(15M) 0.309ms
[17971.344s][info][gc] GC(8212) Pause Young (Allocation Failure) 14M->10M(15M) 0.273ms
[17973.344s][info][gc] GC(8213) Pause Young (Allocation Failure) 14M->10M(15M) 0.285ms
[17975.343s][info][gc] GC(8214) Pause Young (Allocation Failure) 14M->10M(15M) 0.311ms
[17977.344s][info][gc] GC(8215) Pause Young (Allocation Failure) 14M->10M(15M) 0.291ms
[17979.343s][info][gc] GC(8216) Pause Young (Allocation Failure) 14M->10M(15M) 0.322ms
[17981.344s][info][gc] GC(8217) Pause Young (Allocation Failure) 14M->10M(15M) 0.326ms
[17983.345s][info][gc] GC(8218) Pause Young (Allocation Failure) 14M->10M(15M) 0.310ms
[17985.444s][info][gc] GC(8219) Pause Young (Allocation Failure) 14M->10M(15M) 0.280ms
[17987.443s][info][gc] GC(8220) Pause Young (Allocation Failure) 14M->10M(15M) 0.277ms
[17989.445s][info][gc] GC(8221) Pause Young (Allocation Failure) 14M->10M(15M) 0.305ms
[17991.445s][info][gc] GC(8222) Pause Young (Allocation Failure) 14M->10M(15M) 0.320ms
[17993.444s][info][gc] GC(8223) Pause Young (Allocation Failure) 14M->10M(15M) 0.311ms
[17995.444s][info][gc] GC(8224) Pause Young (Allocation Failure) 14M->10M(15M) 0.345ms
[17997.518s][info][gc] GC(8225) Pause Young (Allocation Failure) 14M->10M(15M) 0.276ms
[17999.519s][info][gc] GC(8226) Pause Young (Allocation Failure) 14M->10M(15M) 0.264ms
[18001.644s][info][gc] GC(8227) Pause Young (Allocation Failure) 14M->10M(15M) 0.293ms
[18003.744s][info][gc] GC(8228) Pause Young (Allocation Failure) 14M->10M(15M) 0.283ms
[18005.845s][info][gc] GC(8229) Pause Young (Allocation Failure) 14M->10M(15M) 0.296ms
[18008.044s][info][gc] GC(8230) Pause Young (Allocation Failure) 14M->10M(15M) 0.260ms
[18010.144s][info][gc] GC(8231) Pause Young (Allocation Failure) 14M->10M(15M) 0.267ms
[18012.244s][info][gc] GC(8232) Pause Young (Allocation Failure) 14M->10M(15M) 0.305ms
[18014.443s][info][gc] GC(8233) Pause Young (Allocation Failure) 14M->10M(15M) 0.252ms
[18016.532s][info][gc] GC(8234) Pause Young (Allocation Failure) 14M->10M(15M) 0.276ms
[18018.644s][info][gc] GC(8235) Pause Young (Allocation Failure) 14M->10M(15M) 0.402ms
[18020.743s][info][gc] GC(8236) Pause Young (Allocation Failure) 14M->10M(15M) 0.307ms
[18022.844s][info][gc] GC(8237) Pause Young (Allocation Failure) 14M->10M(15M) 0.340ms
[18025.044s][info][gc] GC(8238) Pause Young (Allocation Failure) 14M->10M(15M) 0.255ms
[18027.145s][info][gc] GC(8239) Pause Young (Allocation Failure) 14M->10M(15M) 0.555ms
[18029.243s][info][gc] GC(8240) Pause Young (Allocation Failure) 14M->10M(15M) 0.312ms
[18031.444s][info][gc] GC(8241) Pause Young (Allocation Failure) 14M->10M(15M) 0.266ms
[18033.344s][info][gc] GC(8242) Pause Young (Allocation Failure) 14M->10M(15M) 0.364ms
[18035.245s][info][gc] GC(8243) Pause Young (Allocation Failure) 14M->10M(15M) 0.369ms
[18037.144s][info][gc] GC(8244) Pause Young (Allocation Failure) 14M->10M(15M) 0.321ms
[18039.044s][info][gc] GC(8245) Pause Young (Allocation Failure) 14M->10M(15M) 0.364ms
[18040.944s][info][gc] GC(8246) Pause Young (Allocation Failure) 14M->10M(15M) 0.347ms
[18042.898s][info][gc] GC(8247) Pause Young (Allocation Failure) 14M->10M(15M) 0.329ms
[18044.844s][info][gc] GC(8248) Pause Young (Allocation Failure) 14M->10M(15M) 0.299ms
[18046.744s][info][gc] GC(8249) Pause Young (Allocation Failure) 14M->10M(15M) 0.306ms
[18048.644s][info][gc] GC(8250) Pause Young (Allocation Failure) 14M->10M(15M) 0.306ms
[18050.545s][info][gc] GC(8251) Pause Young (Allocation Failure) 14M->10M(15M) 0.347ms
[18052.444s][info][gc] GC(8252) Pause Young (Allocation Failure) 14M->10M(15M) 0.337ms
[18054.443s][info][gc] GC(8253) Pause Young (Allocation Failure) 14M->10M(15M) 0.509ms
[18056.344s][info][gc] GC(8254) Pause Young (Allocation Failure) 14M->10M(15M) 0.306ms
[18058.145s][info][gc] GC(8255) Pause Young (Allocation Failure) 14M->10M(15M) 0.357ms
[18060.045s][info][gc] GC(8256) Pause Young (Allocation Failure) 14M->10M(15M) 0.362ms
[18061.944s][info][gc] GC(8257) Pause Young (Allocation Failure) 14M->10M(15M) 0.425ms
[18063.845s][info][gc] GC(8258) Pause Young (Allocation Failure) 14M->10M(15M) 0.320ms
[18065.745s][info][gc] GC(8259) Pause Young (Allocation Failure) 14M->10M(15M) 0.670ms
[18067.645s][info][gc] GC(8260) Pause Young (Allocation Failure) 14M->10M(15M) 0.623ms
[18069.578s][info][gc] GC(8261) Pause Young (Allocation Failure) 14M->10M(15M) 0.425ms
[18071.544s][info][gc] GC(8262) Pause Young (Allocation Failure) 14M->10M(15M) 0.301ms
[18073.443s][info][gc] GC(8263) Pause Young (Allocation Failure) 14M->10M(15M) 0.458ms
[18075.346s][info][gc] GC(8264) Pause Young (Allocation Failure) 14M->10M(15M) 0.598ms
[18077.244s][info][gc] GC(8265) Pause Young (Allocation Failure) 14M->10M(15M) 0.565ms
[18079.144s][info][gc] GC(8266) Pause Young (Allocation Failure) 14M->10M(15M) 0.480ms
[18081.044s][info][gc] GC(8267) Pause Young (Allocation Failure) 14M->10M(15M) 0.455ms
[18082.957s][info][gc] GC(8268) Pause Young (Allocation Failure) 14M->10M(15M) 0.233ms
[18084.944s][info][gc] GC(8269) Pause Young (Allocation Failure) 14M->10M(15M) 0.259ms
[18086.844s][info][gc] GC(8270) Pause Young (Allocation Failure) 14M->10M(15M) 0.288ms
[18088.744s][info][gc] GC(8271) Pause Young (Allocation Failure) 14M->10M(15M) 0.302ms
[18090.744s][info][gc] GC(8272) Pause Young (Allocation Failure) 14M->10M(15M) 0.320ms
[18092.744s][info][gc] GC(8273) Pause Young (Allocation Failure) 14M->10M(15M) 0.301ms
[18094.744s][info][gc] GC(8274) Pause Young (Allocation Failure) 14M->10M(15M) 0.325ms
[18096.744s][info][gc] GC(8275) Pause Young (Allocation Failure) 14M->10M(15M) 0.505ms
[18098.745s][info][gc] GC(8276) Pause Young (Allocation Failure) 14M->10M(15M) 0.315ms
[18100.843s][info][gc] GC(8277) Pause Young (Allocation Failure) 14M->10M(15M) 0.289ms
[18102.843s][info][gc] GC(8278) Pause Young (Allocation Failure) 14M->10M(15M) 0.340ms
[18104.844s][info][gc] GC(8279) Pause Young (Allocation Failure) 14M->10M(15M) 0.304ms
[18106.843s][info][gc] GC(8280) Pause Young (Allocation Failure) 14M->10M(15M) 0.332ms
[18108.845s][info][gc] GC(8281) Pause Young (Allocation Failure) 14M->10M(15M) 0.300ms
[18110.844s][info][gc] GC(8282) Pause Young (Allocation Failure) 14M->10M(15M) 0.332ms
[18112.944s][info][gc] GC(8283) Pause Young (Allocation Failure) 14M->10M(15M) 0.295ms
[18114.945s][info][gc] GC(8284) Pause Young (Allocation Failure) 14M->10M(15M) 0.307ms
[18116.945s][info][gc] GC(8285) Pause Young (Allocation Failure) 14M->10M(15M) 0.286ms
[18118.944s][info][gc] GC(8286) Pause Young (Allocation Failure) 14M->10M(15M) 0.317ms
[18120.945s][info][gc] GC(8287) Pause Young (Allocation Failure) 14M->10M(15M) 0.329ms
[18122.943s][info][gc] GC(8288) Pause Young (Allocation Failure) 14M->10M(15M) 0.332ms
[18124.980s][info][gc] GC(8289) Pause Young (Allocation Failure) 14M->10M(15M) 0.268ms
[18127.044s][info][gc] GC(8290) Pause Young (Allocation Failure) 14M->10M(15M) 0.271ms
[18129.043s][info][gc] GC(8291) Pause Young (Allocation Failure) 14M->10M(15M) 0.289ms
[18131.044s][info][gc] GC(8292) Pause Young (Allocation Failure) 14M->10M(15M) 0.278ms
[18133.044s][info][gc] GC(8293) Pause Young (Allocation Failure) 14M->10M(15M) 0.306ms
[18135.044s][info][gc] GC(8294) Pause Young (Allocation Failure) 14M->10M(15M) 0.336ms
[18137.044s][info][gc] GC(8295) Pause Young (Allocation Failure) 14M->10M(15M) 0.339ms
[18139.143s][info][gc] GC(8296) Pause Young (Allocation Failure) 14M->10M(15M) 0.264ms
[18141.144s][info][gc] GC(8297) Pause Young (Allocation Failure) 14M->10M(15M) 0.271ms
[18143.144s][info][gc] GC(8298) Pause Young (Allocation Failure) 14M->10M(15M) 0.295ms
[18145.145s][info][gc] GC(8299) Pause Young (Allocation Failure) 14M->10M(15M) 0.323ms
[18147.145s][info][gc] GC(8300) Pause Young (Allocation Failure) 14M->10M(15M) 0.327ms
[18149.144s][info][gc] GC(8301) Pause Young (Allocation Failure) 14M->10M(15M) 0.315ms
[18151.343s][info][gc] GC(8302) Pause Young (Allocation Failure) 14M->10M(15M) 0.253ms
[18153.444s][info][gc] GC(8303) Pause Young (Allocation Failure) 14M->10M(15M) 0.280ms
[18155.545s][info][gc] GC(8304) Pause Young (Allocation Failure) 14M->10M(15M) 0.309ms
[18157.644s][info][gc] GC(8305) Pause Young (Allocation Failure) 14M->10M(15M) 0.279ms
[18159.745s][info][gc] GC(8306) Pause Young (Allocation Failure) 14M->10M(15M) 0.310ms
[18161.844s][info][gc] GC(8307) Pause Young (Allocation Failure) 14M->10M(15M) 0.359ms
[18163.744s][info][gc] GC(8308) Pause Young (Allocation Failure) 14M->10M(15M) 0.337ms
[18165.645s][info][gc] GC(8309) Pause Young (Allocation Failure) 14M->10M(15M) 0.360ms
[18167.545s][info][gc] GC(8310) Pause Young (Allocation Failure) 14M->10M(15M) 0.363ms
[18169.444s][info][gc] GC(8311) Pause Young (Allocation Failure) 14M->10M(15M) 0.361ms
[18171.344s][info][gc] GC(8312) Pause Young (Allocation Failure) 14M->10M(15M) 0.351ms
[18173.245s][info][gc] GC(8313) Pause Young (Allocation Failure) 14M->10M(15M) 0.356ms
[18175.145s][info][gc] GC(8314) Pause Young (Allocation Failure) 14M->10M(15M) 0.364ms
[18177.143s][info][gc] GC(8315) Pause Young (Allocation Failure) 14M->10M(15M) 0.294ms
[18179.044s][info][gc] GC(8316) Pause Young (Allocation Failure) 14M->10M(15M) 0.291ms
[18180.944s][info][gc] GC(8317) Pause Young (Allocation Failure) 14M->10M(15M) 0.316ms
[18182.844s][info][gc] GC(8318) Pause Young (Allocation Failure) 14M->10M(15M) 0.342ms
[18184.744s][info][gc] GC(8319) Pause Young (Allocation Failure) 14M->10M(15M) 0.336ms
[18186.665s][info][gc] GC(8320) Pause Young (Allocation Failure) 14M->10M(15M) 0.289ms
[18188.644s][info][gc] GC(8321) Pause Young (Allocation Failure) 14M->10M(15M) 0.304ms
[18190.544s][info][gc] GC(8322) Pause Young (Allocation Failure) 14M->10M(15M) 0.323ms
[18192.444s][info][gc] GC(8323) Pause Young (Allocation Failure) 14M->10M(15M) 0.306ms
[18194.345s][info][gc] GC(8324) Pause Young (Allocation Failure) 14M->10M(15M) 0.340ms
[18196.345s][info][gc] GC(8325) Pause Young (Allocation Failure) 14M->10M(15M) 0.613ms
[18198.345s][info][gc] GC(8326) Pause Young (Allocation Failure) 14M->10M(15M) 0.379ms
[18200.444s][info][gc] GC(8327) Pause Young (Allocation Failure) 14M->10M(15M) 0.569ms
[18202.444s][info][gc] GC(8328) Pause Young (Allocation Failure) 14M->10M(15M) 0.304ms
[18204.445s][info][gc] GC(8329) Pause Young (Allocation Failure) 14M->10M(15M) 0.874ms
[18206.445s][info][gc] GC(8330) Pause Young (Allocation Failure) 14M->10M(15M) 0.475ms
[18208.446s][info][gc] GC(8331) Pause Young (Allocation Failure) 14M->10M(15M) 0.356ms
[18210.445s][info][gc] GC(8332) Pause Young (Allocation Failure) 14M->10M(15M) 0.656ms
[18212.446s][info][gc] GC(8333) Pause Young (Allocation Failure) 14M->10M(15M) 0.780ms
[18214.544s][info][gc] GC(8334) Pause Young (Allocation Failure) 14M->10M(15M) 0.273ms
[18216.545s][info][gc] GC(8335) Pause Young (Allocation Failure) 14M->10M(15M) 0.500ms
[18218.545s][info][gc] GC(8336) Pause Young (Allocation Failure) 14M->10M(15M) 0.559ms
[18220.545s][info][gc] GC(8337) Pause Young (Allocation Failure) 14M->10M(15M) 0.716ms
[18222.545s][info][gc] GC(8338) Pause Young (Allocation Failure) 14M->10M(15M) 0.505ms
[18224.545s][info][gc] GC(8339) Pause Young (Allocation Failure) 14M->10M(15M) 0.504ms
[18226.644s][info][gc] GC(8340) Pause Young (Allocation Failure) 14M->10M(15M) 0.319ms
[18228.644s][info][gc] GC(8341) Pause Young (Allocation Failure) 14M->10M(15M) 0.342ms
[18230.644s][info][gc] GC(8342) Pause Young (Allocation Failure) 14M->10M(15M) 0.318ms
[18232.644s][info][gc] GC(8343) Pause Young (Allocation Failure) 14M->10M(15M) 0.333ms
[18234.645s][info][gc] GC(8344) Pause Young (Allocation Failure) 14M->10M(15M) 0.327ms
[18236.645s][info][gc] GC(8345) Pause Young (Allocation Failure) 14M->10M(15M) 0.351ms
[18238.708s][info][gc] GC(8346) Pause Young (Allocation Failure) 14M->10M(15M) 0.265ms
[18240.712s][info][gc] GC(8347) Pause Young (Allocation Failure) 14M->10M(15M) 0.291ms
[18242.715s][info][gc] GC(8348) Pause Young (Allocation Failure) 14M->10M(15M) 0.689ms
[18244.743s][info][gc] GC(8349) Pause Young (Allocation Failure) 14M->10M(15M) 0.273ms
[18246.744s][info][gc] GC(8350) Pause Young (Allocation Failure) 14M->10M(15M) 0.287ms
[18248.744s][info][gc] GC(8351) Pause Young (Allocation Failure) 14M->10M(15M) 0.306ms
[18250.744s][info][gc] GC(8352) Pause Young (Allocation Failure) 14M->10M(15M) 0.303ms
[18252.644s][info][gc] GC(8353) Pause Young (Allocation Failure) 14M->10M(15M) 0.350ms
[18254.544s][info][gc] GC(8354) Pause Young (Allocation Failure) 14M->10M(15M) 0.333ms
[18256.445s][info][gc] GC(8355) Pause Young (Allocation Failure) 14M->10M(15M) 0.309ms
[18258.344s][info][gc] GC(8356) Pause Young (Allocation Failure) 14M->10M(15M) 0.342ms
[18260.244s][info][gc] GC(8357) Pause Young (Allocation Failure) 14M->10M(15M) 0.342ms
[18262.144s][info][gc] GC(8358) Pause Young (Allocation Failure) 14M->10M(15M) 0.335ms
[18264.052s][info][gc] GC(8359) Pause Young (Allocation Failure) 14M->10M(15M) 0.281ms
[18266.044s][info][gc] GC(8360) Pause Young (Allocation Failure) 14M->10M(15M) 0.282ms
[18267.944s][info][gc] GC(8361) Pause Young (Allocation Failure) 14M->10M(15M) 0.301ms
[18269.844s][info][gc] GC(8362) Pause Young (Allocation Failure) 14M->10M(15M) 0.320ms
[18271.844s][info][gc] GC(8363) Pause Young (Allocation Failure) 14M->10M(15M) 0.346ms
[18273.844s][info][gc] GC(8364) Pause Young (Allocation Failure) 14M->10M(15M) 0.367ms
[18275.745s][info][gc] GC(8365) Pause Young (Allocation Failure) 14M->10M(15M) 0.338ms
[18277.743s][info][gc] GC(8366) Pause Young (Allocation Failure) 14M->10M(15M) 0.288ms
[18279.544s][info][gc] GC(8367) Pause Young (Allocation Failure) 14M->10M(15M) 0.330ms
[18281.543s][info][gc] GC(8368) Pause Young (Allocation Failure) 14M->10M(15M) 0.299ms
[18283.443s][info][gc] GC(8369) Pause Young (Allocation Failure) 14M->10M(15M) 0.292ms
[18285.344s][info][gc] GC(8370) Pause Young (Allocation Failure) 14M->10M(15M) 0.294ms
[18287.244s][info][gc] GC(8371) Pause Young (Allocation Failure) 14M->10M(15M) 0.298ms
[18289.144s][info][gc] GC(8372) Pause Young (Allocation Failure) 14M->10M(15M) 0.352ms
[18291.045s][info][gc] GC(8373) Pause Young (Allocation Failure) 14M->10M(15M) 0.308ms
[18292.945s][info][gc] GC(8374) Pause Young (Allocation Failure) 14M->10M(15M) 0.316ms
[18294.844s][info][gc] GC(8375) Pause Young (Allocation Failure) 14M->10M(15M) 0.335ms
[18296.843s][info][gc] GC(8376) Pause Young (Allocation Failure) 14M->10M(15M) 0.280ms
[18298.744s][info][gc] GC(8377) Pause Young (Allocation Failure) 14M->10M(15M) 0.310ms
[18300.744s][info][gc] GC(8378) Pause Young (Allocation Failure) 14M->10M(15M) 0.292ms
[18302.744s][info][gc] GC(8379) Pause Young (Allocation Failure) 14M->10M(15M) 0.317ms
[18304.743s][info][gc] GC(8380) Pause Young (Allocation Failure) 14M->10M(15M) 0.328ms
[18306.744s][info][gc] GC(8381) Pause Young (Allocation Failure) 14M->10M(15M) 0.312ms
[18308.744s][info][gc] GC(8382) Pause Young (Allocation Failure) 14M->10M(15M) 0.356ms
[18310.744s][info][gc] GC(8383) Pause Young (Allocation Failure) 14M->10M(15M) 0.345ms
[18312.771s][info][gc] GC(8384) Pause Young (Allocation Failure) 14M->10M(15M) 0.287ms
[18314.775s][info][gc] GC(8385) Pause Young (Allocation Failure) 14M->10M(15M) 0.307ms
[18316.843s][info][gc] GC(8386) Pause Young (Allocation Failure) 14M->10M(15M) 0.294ms
[18318.843s][info][gc] GC(8387) Pause Young (Allocation Failure) 14M->10M(15M) 0.309ms
[18320.844s][info][gc] GC(8388) Pause Young (Allocation Failure) 14M->10M(15M) 0.295ms
[18322.843s][info][gc] GC(8389) Pause Young (Allocation Failure) 14M->10M(15M) 0.312ms
[18324.844s][info][gc] GC(8390) Pause Young (Allocation Failure) 14M->10M(15M) 0.330ms
[18326.845s][info][gc] GC(8391) Pause Young (Allocation Failure) 14M->10M(15M) 0.337ms
[18328.844s][info][gc] GC(8392) Pause Young (Allocation Failure) 14M->10M(15M) 0.360ms
[18330.944s][info][gc] GC(8393) Pause Young (Allocation Failure) 14M->10M(15M) 0.282ms
[18332.944s][info][gc] GC(8394) Pause Young (Allocation Failure) 14M->10M(15M) 0.296ms
[18334.944s][info][gc] GC(8395) Pause Young (Allocation Failure) 14M->10M(15M) 0.318ms
[18336.944s][info][gc] GC(8396) Pause Young (Allocation Failure) 14M->10M(15M) 0.337ms
[18338.944s][info][gc] GC(8397) Pause Young (Allocation Failure) 14M->10M(15M) 0.343ms
[18340.945s][info][gc] GC(8398) Pause Young (Allocation Failure) 14M->10M(15M) 0.342ms
[18343.044s][info][gc] GC(8399) Pause Young (Allocation Failure) 14M->10M(15M) 0.282ms
[18345.045s][info][gc] GC(8400) Pause Young (Allocation Failure) 14M->10M(15M) 0.278ms
[18347.045s][info][gc] GC(8401) Pause Young (Allocation Failure) 14M->10M(15M) 0.644ms
[18349.045s][info][gc] GC(8402) Pause Young (Allocation Failure) 14M->10M(15M) 0.428ms
[18351.045s][info][gc] GC(8403) Pause Young (Allocation Failure) 14M->10M(15M) 0.834ms
[18353.044s][info][gc] GC(8404) Pause Young (Allocation Failure) 14M->10M(15M) 0.535ms
[18355.045s][info][gc] GC(8405) Pause Young (Allocation Failure) 14M->10M(15M) 0.796ms
[18357.144s][info][gc] GC(8406) Pause Young (Allocation Failure) 14M->10M(15M) 0.415ms
[18359.102s][info][gc] GC(8407) Pause Young (Allocation Failure) 14M->10M(15M) 0.261ms
[18361.245s][info][gc] GC(8408) Pause Young (Allocation Failure) 14M->10M(15M) 0.490ms
[18363.344s][info][gc] GC(8409) Pause Young (Allocation Failure) 14M->10M(15M) 0.509ms
[18365.445s][info][gc] GC(8410) Pause Young (Allocation Failure) 14M->10M(15M) 0.552ms
[18367.644s][info][gc] GC(8411) Pause Young (Allocation Failure) 14M->10M(15M) 0.278ms
[18369.744s][info][gc] GC(8412) Pause Young (Allocation Failure) 14M->10M(15M) 0.309ms
[18371.843s][info][gc] GC(8413) Pause Young (Allocation Failure) 14M->10M(15M) 0.307ms
[18373.944s][info][gc] GC(8414) Pause Young (Allocation Failure) 14M->10M(15M) 0.328ms
[18376.143s][info][gc] GC(8415) Pause Young (Allocation Failure) 14M->10M(15M) 0.231ms
[18378.245s][info][gc] GC(8416) Pause Young (Allocation Failure) 14M->10M(15M) 0.271ms
[18380.344s][info][gc] GC(8417) Pause Young (Allocation Failure) 14M->10M(15M) 0.286ms
[18382.444s][info][gc] GC(8418) Pause Young (Allocation Failure) 14M->10M(15M) 0.314ms
[18384.645s][info][gc] GC(8419) Pause Young (Allocation Failure) 14M->10M(15M) 0.273ms
[18386.744s][info][gc] GC(8420) Pause Young (Allocation Failure) 14M->10M(15M) 0.278ms
[18388.844s][info][gc] GC(8421) Pause Young (Allocation Failure) 14M->10M(15M) 0.307ms
[18390.944s][info][gc] GC(8422) Pause Young (Allocation Failure) 14M->10M(15M) 0.298ms
[18392.844s][info][gc] GC(8423) Pause Young (Allocation Failure) 14M->10M(15M) 0.280ms
[18394.744s][info][gc] GC(8424) Pause Young (Allocation Failure) 14M->10M(15M) 0.306ms
[18396.645s][info][gc] GC(8425) Pause Young (Allocation Failure) 14M->10M(15M) 0.307ms
[18398.543s][info][gc] GC(8426) Pause Young (Allocation Failure) 14M->10M(15M) 0.298ms
[18400.445s][info][gc] GC(8427) Pause Young (Allocation Failure) 14M->10M(15M) 0.283ms
[18402.344s][info][gc] GC(8428) Pause Young (Allocation Failure) 14M->10M(15M) 0.303ms
[18404.244s][info][gc] GC(8429) Pause Young (Allocation Failure) 14M->10M(15M) 0.290ms
[18406.144s][info][gc] GC(8430) Pause Young (Allocation Failure) 14M->10M(15M) 0.312ms
[18408.044s][info][gc] GC(8431) Pause Young (Allocation Failure) 14M->10M(15M) 0.339ms
[18409.944s][info][gc] GC(8432) Pause Young (Allocation Failure) 14M->10M(15M) 0.351ms
[18411.863s][info][gc] GC(8433) Pause Young (Allocation Failure) 14M->10M(15M) 0.277ms
[18413.844s][info][gc] GC(8434) Pause Young (Allocation Failure) 14M->10M(15M) 0.312ms
[18415.744s][info][gc] GC(8435) Pause Young (Allocation Failure) 14M->10M(15M) 0.329ms
[18417.644s][info][gc] GC(8436) Pause Young (Allocation Failure) 14M->10M(15M) 0.336ms
[18419.544s][info][gc] GC(8437) Pause Young (Allocation Failure) 14M->10M(15M) 0.331ms
[18421.544s][info][gc] GC(8438) Pause Young (Allocation Failure) 14M->10M(15M) 0.335ms
[18423.644s][info][gc] GC(8439) Pause Young (Allocation Failure) 14M->10M(15M) 0.298ms
[18425.643s][info][gc] GC(8440) Pause Young (Allocation Failure) 14M->10M(15M) 0.303ms
[18427.644s][info][gc] GC(8441) Pause Young (Allocation Failure) 14M->10M(15M) 0.290ms
[18429.644s][info][gc] GC(8442) Pause Young (Allocation Failure) 14M->10M(15M) 0.322ms
[18431.644s][info][gc] GC(8443) Pause Young (Allocation Failure) 14M->10M(15M) 0.313ms
[18433.644s][info][gc] GC(8444) Pause Young (Allocation Failure) 14M->10M(15M) 0.332ms
[18435.744s][info][gc] GC(8445) Pause Young (Allocation Failure) 14M->10M(15M) 0.286ms
[18437.744s][info][gc] GC(8446) Pause Young (Allocation Failure) 14M->10M(15M) 0.298ms
[18439.644s][info][gc] GC(8447) Pause Young (Allocation Failure) 14M->10M(15M) 0.358ms
[18441.543s][info][gc] GC(8448) Pause Young (Allocation Failure) 14M->10M(15M) 0.306ms
[18443.443s][info][gc] GC(8449) Pause Young (Allocation Failure) 14M->10M(15M) 0.310ms
[18445.344s][info][gc] GC(8450) Pause Young (Allocation Failure) 14M->10M(15M) 0.291ms
[18447.244s][info][gc] GC(8451) Pause Young (Allocation Failure) 14M->10M(15M) 0.305ms
[18449.144s][info][gc] GC(8452) Pause Young (Allocation Failure) 14M->10M(15M) 0.311ms
[18451.044s][info][gc] GC(8453) Pause Young (Allocation Failure) 14M->10M(15M) 0.321ms
[18452.944s][info][gc] GC(8454) Pause Young (Allocation Failure) 14M->10M(15M) 0.344ms
[18454.903s][info][gc] GC(8455) Pause Young (Allocation Failure) 14M->10M(15M) 0.296ms
[18456.844s][info][gc] GC(8456) Pause Young (Allocation Failure) 14M->10M(15M) 0.283ms
[18458.743s][info][gc] GC(8457) Pause Young (Allocation Failure) 14M->10M(15M) 0.320ms
[18460.644s][info][gc] GC(8458) Pause Young (Allocation Failure) 14M->10M(15M) 0.323ms
[18462.544s][info][gc] GC(8459) Pause Young (Allocation Failure) 14M->10M(15M) 0.328ms
[18464.445s][info][gc] GC(8460) Pause Young (Allocation Failure) 14M->10M(15M) 0.353ms
[18466.445s][info][gc] GC(8461) Pause Young (Allocation Failure) 14M->10M(15M) 0.346ms
[18468.544s][info][gc] GC(8462) Pause Young (Allocation Failure) 14M->10M(15M) 0.320ms
[18470.543s][info][gc] GC(8463) Pause Young (Allocation Failure) 14M->10M(15M) 0.268ms
[18472.544s][info][gc] GC(8464) Pause Young (Allocation Failure) 14M->10M(15M) 0.304ms
[18474.544s][info][gc] GC(8465) Pause Young (Allocation Failure) 14M->10M(15M) 0.309ms
[18476.544s][info][gc] GC(8466) Pause Young (Allocation Failure) 14M->10M(15M) 0.314ms
[18478.544s][info][gc] GC(8467) Pause Young (Allocation Failure) 14M->10M(15M) 0.363ms
[18480.644s][info][gc] GC(8468) Pause Young (Allocation Failure) 14M->10M(15M) 0.477ms
[18482.644s][info][gc] GC(8469) Pause Young (Allocation Failure) 14M->10M(15M) 0.289ms
[18484.644s][info][gc] GC(8470) Pause Young (Allocation Failure) 14M->10M(15M) 0.319ms
[18486.644s][info][gc] GC(8471) Pause Young (Allocation Failure) 14M->10M(15M) 0.618ms
[18488.645s][info][gc] GC(8472) Pause Young (Allocation Failure) 14M->10M(15M) 0.336ms
[18490.645s][info][gc] GC(8473) Pause Young (Allocation Failure) 14M->10M(15M) 0.360ms
[18492.744s][info][gc] GC(8474) Pause Young (Allocation Failure) 14M->10M(15M) 0.580ms
[18494.744s][info][gc] GC(8475) Pause Young (Allocation Failure) 14M->10M(15M) 0.377ms
[18496.745s][info][gc] GC(8476) Pause Young (Allocation Failure) 14M->10M(15M) 0.709ms
[18498.745s][info][gc] GC(8477) Pause Young (Allocation Failure) 14M->10M(15M) 0.590ms
[18500.744s][info][gc] GC(8478) Pause Young (Allocation Failure) 14M->10M(15M) 0.354ms
[18502.746s][info][gc] GC(8479) Pause Young (Allocation Failure) 14M->10M(15M) 0.664ms
[18504.843s][info][gc] GC(8480) Pause Young (Allocation Failure) 14M->10M(15M) 0.289ms
[18506.646s][info][gc] GC(8481) Pause Young (Allocation Failure) 14M->10M(15M) 0.515ms
[18508.544s][info][gc] GC(8482) Pause Young (Allocation Failure) 14M->10M(15M) 0.475ms
[18510.444s][info][gc] GC(8483) Pause Young (Allocation Failure) 14M->10M(15M) 0.341ms
[18512.345s][info][gc] GC(8484) Pause Young (Allocation Failure) 14M->10M(15M) 0.631ms
[18514.246s][info][gc] GC(8485) Pause Young (Allocation Failure) 14M->10M(15M) 0.622ms
[18516.243s][info][gc] GC(8486) Pause Young (Allocation Failure) 14M->10M(15M) 0.278ms
[18518.144s][info][gc] GC(8487) Pause Young (Allocation Failure) 14M->10M(15M) 0.327ms
[18520.044s][info][gc] GC(8488) Pause Young (Allocation Failure) 14M->10M(15M) 0.319ms
[18521.944s][info][gc] GC(8489) Pause Young (Allocation Failure) 14M->10M(15M) 0.355ms
[18523.844s][info][gc] GC(8490) Pause Young (Allocation Failure) 14M->10M(15M) 0.339ms
[18525.844s][info][gc] GC(8491) Pause Young (Allocation Failure) 14M->10M(15M) 0.282ms
[18527.743s][info][gc] GC(8492) Pause Young (Allocation Failure) 14M->10M(15M) 0.279ms
[18529.644s][info][gc] GC(8493) Pause Young (Allocation Failure) 14M->10M(15M) 0.288ms
[18531.544s][info][gc] GC(8494) Pause Young (Allocation Failure) 14M->10M(15M) 0.319ms
[18533.444s][info][gc] GC(8495) Pause Young (Allocation Failure) 14M->10M(15M) 0.320ms
[18535.344s][info][gc] GC(8496) Pause Young (Allocation Failure) 14M->10M(15M) 0.333ms
[18537.244s][info][gc] GC(8497) Pause Young (Allocation Failure) 14M->10M(15M) 0.325ms
[18539.145s][info][gc] GC(8498) Pause Young (Allocation Failure) 14M->10M(15M) 0.337ms
[18541.201s][info][gc] GC(8499) Pause Young (Allocation Failure) 14M->10M(15M) 0.266ms
[18543.244s][info][gc] GC(8500) Pause Young (Allocation Failure) 14M->10M(15M) 0.261ms
[18545.244s][info][gc] GC(8501) Pause Young (Allocation Failure) 14M->10M(15M) 0.297ms
[18547.244s][info][gc] GC(8502) Pause Young (Allocation Failure) 14M->10M(15M) 0.322ms
[18549.245s][info][gc] GC(8503) Pause Young (Allocation Failure) 14M->10M(15M) 0.333ms
[18551.244s][info][gc] GC(8504) Pause Young (Allocation Failure) 14M->10M(15M) 0.328ms
[18553.245s][info][gc] GC(8505) Pause Young (Allocation Failure) 14M->10M(15M) 0.344ms
[18555.344s][info][gc] GC(8506) Pause Young (Allocation Failure) 14M->10M(15M) 0.284ms
[18557.344s][info][gc] GC(8507) Pause Young (Allocation Failure) 14M->10M(15M) 0.295ms
[18559.345s][info][gc] GC(8508) Pause Young (Allocation Failure) 14M->10M(15M) 0.288ms
[18561.344s][info][gc] GC(8509) Pause Young (Allocation Failure) 14M->10M(15M) 0.326ms
[18563.344s][info][gc] GC(8510) Pause Young (Allocation Failure) 14M->10M(15M) 0.329ms
[18565.345s][info][gc] GC(8511) Pause Young (Allocation Failure) 14M->10M(15M) 0.329ms
[18567.444s][info][gc] GC(8512) Pause Young (Allocation Failure) 14M->10M(15M) 0.275ms
[18569.444s][info][gc] GC(8513) Pause Young (Allocation Failure) 14M->10M(15M) 0.299ms
[18571.444s][info][gc] GC(8514) Pause Young (Allocation Failure) 14M->10M(15M) 0.305ms
[18573.444s][info][gc] GC(8515) Pause Young (Allocation Failure) 14M->10M(15M) 0.327ms
[18575.444s][info][gc] GC(8516) Pause Young (Allocation Failure) 14M->10M(15M) 0.336ms
[18577.445s][info][gc] GC(8517) Pause Young (Allocation Failure) 14M->10M(15M) 0.329ms
[18579.544s][info][gc] GC(8518) Pause Young (Allocation Failure) 14M->10M(15M) 0.284ms
[18581.544s][info][gc] GC(8519) Pause Young (Allocation Failure) 14M->10M(15M) 0.283ms
[18583.544s][info][gc] GC(8520) Pause Young (Allocation Failure) 14M->10M(15M) 0.275ms
[18585.544s][info][gc] GC(8521) Pause Young (Allocation Failure) 14M->10M(15M) 0.299ms
[18587.544s][info][gc] GC(8522) Pause Young (Allocation Failure) 14M->10M(15M) 0.329ms
[18589.544s][info][gc] GC(8523) Pause Young (Allocation Failure) 14M->10M(15M) 0.320ms
[18591.544s][info][gc] GC(8524) Pause Young (Allocation Failure) 14M->10M(15M) 0.320ms
[18593.644s][info][gc] GC(8525) Pause Young (Allocation Failure) 14M->10M(15M) 0.284ms
[18595.644s][info][gc] GC(8526) Pause Young (Allocation Failure) 14M->10M(15M) 0.301ms
[18597.644s][info][gc] GC(8527) Pause Young (Allocation Failure) 14M->10M(15M) 0.323ms
[18599.644s][info][gc] GC(8528) Pause Young (Allocation Failure) 14M->10M(15M) 0.328ms
[18601.843s][info][gc] GC(8529) Pause Young (Allocation Failure) 14M->10M(15M) 0.247ms
[18603.944s][info][gc] GC(8530) Pause Young (Allocation Failure) 14M->10M(15M) 0.267ms
[18606.044s][info][gc] GC(8531) Pause Young (Allocation Failure) 14M->10M(15M) 0.284ms
[18608.144s][info][gc] GC(8532) Pause Young (Allocation Failure) 14M->10M(15M) 0.320ms
[18610.245s][info][gc] GC(8533) Pause Young (Allocation Failure) 14M->10M(15M) 0.292ms
[18612.444s][info][gc] GC(8534) Pause Young (Allocation Failure) 14M->10M(15M) 0.276ms
[18614.544s][info][gc] GC(8535) Pause Young (Allocation Failure) 14M->10M(15M) 0.289ms
[18616.644s][info][gc] GC(8536) Pause Young (Allocation Failure) 14M->10M(15M) 0.320ms
[18618.844s][info][gc] GC(8537) Pause Young (Allocation Failure) 14M->10M(15M) 0.673ms
[18620.844s][info][gc] GC(8538) Pause Young (Allocation Failure) 14M->10M(15M) 0.304ms
[18622.645s][info][gc] GC(8539) Pause Young (Allocation Failure) 14M->10M(15M) 0.379ms
[18624.544s][info][gc] GC(8540) Pause Young (Allocation Failure) 14M->10M(15M) 0.392ms
[18626.445s][info][gc] GC(8541) Pause Young (Allocation Failure) 14M->10M(15M) 0.389ms
[18628.346s][info][gc] GC(8542) Pause Young (Allocation Failure) 14M->10M(15M) 0.748ms
[18630.246s][info][gc] GC(8543) Pause Young (Allocation Failure) 14M->10M(15M) 0.809ms
[18632.245s][info][gc] GC(8544) Pause Young (Allocation Failure) 14M->10M(15M) 0.539ms
[18634.145s][info][gc] GC(8545) Pause Young (Allocation Failure) 14M->10M(15M) 0.533ms
[18636.046s][info][gc] GC(8546) Pause Young (Allocation Failure) 14M->10M(15M) 0.634ms
[18637.946s][info][gc] GC(8547) Pause Young (Allocation Failure) 14M->10M(15M) 0.778ms
[18639.944s][info][gc] GC(8548) Pause Young (Allocation Failure) 14M->10M(15M) 0.346ms
[18641.846s][info][gc] GC(8549) Pause Young (Allocation Failure) 14M->10M(15M) 0.436ms
[18643.744s][info][gc] GC(8550) Pause Young (Allocation Failure) 14M->10M(15M) 0.309ms
[18645.643s][info][gc] GC(8551) Pause Young (Allocation Failure) 14M->10M(15M) 0.297ms
[18647.445s][info][gc] GC(8552) Pause Young (Allocation Failure) 14M->10M(15M) 0.700ms
[18649.344s][info][gc] GC(8553) Pause Young (Allocation Failure) 14M->10M(15M) 0.342ms
[18651.244s][info][gc] GC(8554) Pause Young (Allocation Failure) 14M->10M(15M) 0.337ms
[18653.144s][info][gc] GC(8555) Pause Young (Allocation Failure) 14M->10M(15M) 0.349ms
[18655.069s][info][gc] GC(8556) Pause Young (Allocation Failure) 14M->10M(15M) 0.269ms
[18657.044s][info][gc] GC(8557) Pause Young (Allocation Failure) 14M->10M(15M) 0.285ms
[18658.944s][info][gc] GC(8558) Pause Young (Allocation Failure) 14M->10M(15M) 0.302ms
[18660.845s][info][gc] GC(8559) Pause Young (Allocation Failure) 14M->10M(15M) 0.293ms
[18662.744s][info][gc] GC(8560) Pause Young (Allocation Failure) 14M->10M(15M) 0.285ms
[18664.644s][info][gc] GC(8561) Pause Young (Allocation Failure) 14M->10M(15M) 0.298ms
[18666.544s][info][gc] GC(8562) Pause Young (Allocation Failure) 14M->10M(15M) 0.425ms
[18668.444s][info][gc] GC(8563) Pause Young (Allocation Failure) 14M->10M(15M) 0.337ms
[18670.344s][info][gc] GC(8564) Pause Young (Allocation Failure) 14M->10M(15M) 0.339ms
[18672.251s][info][gc] GC(8565) Pause Young (Allocation Failure) 14M->10M(15M) 0.273ms
[18674.144s][info][gc] GC(8566) Pause Young (Allocation Failure) 14M->10M(15M) 0.359ms
[18676.243s][info][gc] GC(8567) Pause Young (Allocation Failure) 14M->10M(15M) 0.275ms
[18678.244s][info][gc] GC(8568) Pause Young (Allocation Failure) 14M->10M(15M) 0.294ms
[18680.243s][info][gc] GC(8569) Pause Young (Allocation Failure) 14M->10M(15M) 0.300ms
[18682.244s][info][gc] GC(8570) Pause Young (Allocation Failure) 14M->10M(15M) 0.308ms
[18684.244s][info][gc] GC(8571) Pause Young (Allocation Failure) 14M->10M(15M) 0.331ms
[18686.245s][info][gc] GC(8572) Pause Young (Allocation Failure) 14M->10M(15M) 0.422ms
[18688.260s][info][gc] GC(8573) Pause Young (Allocation Failure) 14M->10M(15M) 0.263ms
[18690.343s][info][gc] GC(8574) Pause Young (Allocation Failure) 14M->10M(15M) 0.263ms
[18692.344s][info][gc] GC(8575) Pause Young (Allocation Failure) 14M->10M(15M) 0.297ms
[18694.344s][info][gc] GC(8576) Pause Young (Allocation Failure) 14M->10M(15M) 0.292ms
[18696.344s][info][gc] GC(8577) Pause Young (Allocation Failure) 14M->10M(15M) 0.307ms
[18698.344s][info][gc] GC(8578) Pause Young (Allocation Failure) 14M->10M(15M) 0.327ms
[18700.344s][info][gc] GC(8579) Pause Young (Allocation Failure) 14M->10M(15M) 0.334ms
[18702.344s][info][gc] GC(8580) Pause Young (Allocation Failure) 14M->10M(15M) 0.334ms
[18704.444s][info][gc] GC(8581) Pause Young (Allocation Failure) 14M->10M(15M) 0.265ms
[18706.444s][info][gc] GC(8582) Pause Young (Allocation Failure) 14M->10M(15M) 0.298ms
[18708.444s][info][gc] GC(8583) Pause Young (Allocation Failure) 14M->10M(15M) 0.294ms
[18710.444s][info][gc] GC(8584) Pause Young (Allocation Failure) 14M->10M(15M) 0.303ms
[18712.444s][info][gc] GC(8585) Pause Young (Allocation Failure) 14M->10M(15M) 0.315ms
[18714.444s][info][gc] GC(8586) Pause Young (Allocation Failure) 14M->10M(15M) 0.312ms
[18716.543s][info][gc] GC(8587) Pause Young (Allocation Failure) 14M->10M(15M) 0.322ms
[18718.544s][info][gc] GC(8588) Pause Young (Allocation Failure) 14M->10M(15M) 0.290ms
[18720.544s][info][gc] GC(8589) Pause Young (Allocation Failure) 14M->10M(15M) 0.300ms
[18722.544s][info][gc] GC(8590) Pause Young (Allocation Failure) 14M->10M(15M) 0.308ms
[18724.543s][info][gc] GC(8591) Pause Young (Allocation Failure) 14M->10M(15M) 0.306ms
[18726.544s][info][gc] GC(8592) Pause Young (Allocation Failure) 14M->10M(15M) 0.323ms
[18728.643s][info][gc] GC(8593) Pause Young (Allocation Failure) 14M->10M(15M) 0.274ms
[18730.643s][info][gc] GC(8594) Pause Young (Allocation Failure) 14M->10M(15M) 0.299ms
[18732.645s][info][gc] GC(8595) Pause Young (Allocation Failure) 14M->10M(15M) 0.302ms
[18734.643s][info][gc] GC(8596) Pause Young (Allocation Failure) 14M->10M(15M) 0.306ms
[18736.744s][info][gc] GC(8597) Pause Young (Allocation Failure) 14M->10M(15M) 0.307ms
[18738.943s][info][gc] GC(8598) Pause Young (Allocation Failure) 14M->10M(15M) 0.250ms
[18740.944s][info][gc] GC(8599) Pause Young (Allocation Failure) 14M->10M(15M) 0.329ms
[18742.843s][info][gc] GC(8600) Pause Young (Allocation Failure) 14M->10M(15M) 0.305ms
[18744.744s][info][gc] GC(8601) Pause Young (Allocation Failure) 14M->10M(15M) 0.312ms
[18746.644s][info][gc] GC(8602) Pause Young (Allocation Failure) 14M->10M(15M) 0.313ms
[18748.544s][info][gc] GC(8603) Pause Young (Allocation Failure) 14M->10M(15M) 0.301ms
[18750.444s][info][gc] GC(8604) Pause Young (Allocation Failure) 14M->10M(15M) 0.313ms
[18752.344s][info][gc] GC(8605) Pause Young (Allocation Failure) 14M->10M(15M) 0.322ms
[18754.244s][info][gc] GC(8606) Pause Young (Allocation Failure) 14M->10M(15M) 0.391ms
[18756.153s][info][gc] GC(8607) Pause Young (Allocation Failure) 14M->10M(15M) 0.275ms
[18758.144s][info][gc] GC(8608) Pause Young (Allocation Failure) 14M->10M(15M) 0.290ms
[18760.044s][info][gc] GC(8609) Pause Young (Allocation Failure) 14M->10M(15M) 0.320ms
[18761.944s][info][gc] GC(8610) Pause Young (Allocation Failure) 14M->10M(15M) 0.306ms
[18763.844s][info][gc] GC(8611) Pause Young (Allocation Failure) 14M->10M(15M) 0.323ms
[18765.844s][info][gc] GC(8612) Pause Young (Allocation Failure) 14M->10M(15M) 0.362ms
[18767.844s][info][gc] GC(8613) Pause Young (Allocation Failure) 14M->10M(15M) 0.359ms
[18769.844s][info][gc] GC(8614) Pause Young (Allocation Failure) 14M->10M(15M) 0.341ms
[18771.844s][info][gc] GC(8615) Pause Young (Allocation Failure) 14M->10M(15M) 0.284ms
[18773.845s][info][gc] GC(8616) Pause Young (Allocation Failure) 14M->10M(15M) 0.317ms
[18775.943s][info][gc] GC(8617) Pause Young (Allocation Failure) 14M->10M(15M) 0.326ms
[18777.944s][info][gc] GC(8618) Pause Young (Allocation Failure) 14M->10M(15M) 0.255ms
[18779.944s][info][gc] GC(8619) Pause Young (Allocation Failure) 14M->10M(15M) 0.289ms
[18781.945s][info][gc] GC(8620) Pause Young (Allocation Failure) 14M->10M(15M) 0.496ms
[18783.945s][info][gc] GC(8621) Pause Young (Allocation Failure) 14M->10M(15M) 0.497ms
[18785.946s][info][gc] GC(8622) Pause Young (Allocation Failure) 14M->10M(15M) 0.471ms
[18788.044s][info][gc] GC(8623) Pause Young (Allocation Failure) 14M->10M(15M) 0.509ms
[18790.044s][info][gc] GC(8624) Pause Young (Allocation Failure) 14M->10M(15M) 0.493ms
[18792.045s][info][gc] GC(8625) Pause Young (Allocation Failure) 14M->10M(15M) 0.689ms
[18794.045s][info][gc] GC(8626) Pause Young (Allocation Failure) 14M->10M(15M) 0.773ms
[18796.044s][info][gc] GC(8627) Pause Young (Allocation Failure) 14M->10M(15M) 0.339ms
[18798.044s][info][gc] GC(8628) Pause Young (Allocation Failure) 14M->10M(15M) 0.305ms
[18800.045s][info][gc] GC(8629) Pause Young (Allocation Failure) 14M->10M(15M) 0.491ms
[18802.143s][info][gc] GC(8630) Pause Young (Allocation Failure) 14M->10M(15M) 0.272ms
[18804.143s][info][gc] GC(8631) Pause Young (Allocation Failure) 14M->10M(15M) 0.290ms
[18806.144s][info][gc] GC(8632) Pause Young (Allocation Failure) 14M->10M(15M) 0.305ms
[18808.144s][info][gc] GC(8633) Pause Young (Allocation Failure) 14M->10M(15M) 0.320ms
[18810.144s][info][gc] GC(8634) Pause Young (Allocation Failure) 14M->10M(15M) 0.290ms
[18812.143s][info][gc] GC(8635) Pause Young (Allocation Failure) 14M->10M(15M) 0.335ms
[18814.198s][info][gc] GC(8636) Pause Young (Allocation Failure) 14M->10M(15M) 0.311ms
[18816.202s][info][gc] GC(8637) Pause Young (Allocation Failure) 14M->10M(15M) 0.281ms
[18818.205s][info][gc] GC(8638) Pause Young (Allocation Failure) 14M->10M(15M) 0.342ms
[18820.243s][info][gc] GC(8639) Pause Young (Allocation Failure) 14M->10M(15M) 0.255ms
[18822.244s][info][gc] GC(8640) Pause Young (Allocation Failure) 14M->10M(15M) 0.318ms
[18824.243s][info][gc] GC(8641) Pause Young (Allocation Failure) 14M->10M(15M) 0.281ms
[18826.344s][info][gc] GC(8642) Pause Young (Allocation Failure) 14M->10M(15M) 0.281ms
[18828.444s][info][gc] GC(8643) Pause Young (Allocation Failure) 14M->10M(15M) 0.287ms
[18830.644s][info][gc] GC(8644) Pause Young (Allocation Failure) 14M->10M(15M) 0.260ms
[18832.744s][info][gc] GC(8645) Pause Young (Allocation Failure) 14M->10M(15M) 0.285ms
[18834.844s][info][gc] GC(8646) Pause Young (Allocation Failure) 14M->10M(15M) 0.314ms
[18837.044s][info][gc] GC(8647) Pause Young (Allocation Failure) 14M->10M(15M) 0.253ms
[18839.143s][info][gc] GC(8648) Pause Young (Allocation Failure) 14M->10M(15M) 0.278ms
[18841.244s][info][gc] GC(8649) Pause Young (Allocation Failure) 14M->10M(15M) 0.309ms
[18843.344s][info][gc] GC(8650) Pause Young (Allocation Failure) 14M->10M(15M) 0.294ms
[18845.445s][info][gc] GC(8651) Pause Young (Allocation Failure) 14M->10M(15M) 0.303ms
[18847.644s][info][gc] GC(8652) Pause Young (Allocation Failure) 14M->10M(15M) 0.237ms
[18849.744s][info][gc] GC(8653) Pause Young (Allocation Failure) 14M->10M(15M) 0.274ms
[18851.843s][info][gc] GC(8654) Pause Young (Allocation Failure) 14M->10M(15M) 0.282ms
[18854.043s][info][gc] GC(8655) Pause Young (Allocation Failure) 14M->10M(15M) 0.244ms
[18856.144s][info][gc] GC(8656) Pause Young (Allocation Failure) 14M->10M(15M) 0.275ms
[18858.044s][info][gc] GC(8657) Pause Young (Allocation Failure) 14M->10M(15M) 0.314ms
[18859.943s][info][gc] GC(8658) Pause Young (Allocation Failure) 14M->10M(15M) 0.295ms
[18861.844s][info][gc] GC(8659) Pause Young (Allocation Failure) 14M->10M(15M) 0.291ms
[18863.743s][info][gc] GC(8660) Pause Young (Allocation Failure) 14M->10M(15M) 0.279ms
[18865.643s][info][gc] GC(8661) Pause Young (Allocation Failure) 14M->10M(15M) 0.327ms
[18867.444s][info][gc] GC(8662) Pause Young (Allocation Failure) 14M->10M(15M) 0.388ms
[18869.348s][info][gc] GC(8663) Pause Young (Allocation Failure) 14M->10M(15M) 0.282ms
[18871.344s][info][gc] GC(8664) Pause Young (Allocation Failure) 14M->10M(15M) 0.336ms
[18873.245s][info][gc] GC(8665) Pause Young (Allocation Failure) 14M->10M(15M) 0.509ms
[18875.144s][info][gc] GC(8666) Pause Young (Allocation Failure) 14M->10M(15M) 0.351ms
[18877.046s][info][gc] GC(8667) Pause Young (Allocation Failure) 14M->10M(15M) 0.579ms
[18878.945s][info][gc] GC(8668) Pause Young (Allocation Failure) 14M->10M(15M) 0.331ms
[18880.943s][info][gc] GC(8669) Pause Young (Allocation Failure) 14M->10M(15M) 0.300ms
[18882.844s][info][gc] GC(8670) Pause Young (Allocation Failure) 14M->10M(15M) 0.330ms
[18884.743s][info][gc] GC(8671) Pause Young (Allocation Failure) 14M->10M(15M) 0.363ms
[18886.745s][info][gc] GC(8672) Pause Young (Allocation Failure) 14M->10M(15M) 0.329ms
[18888.744s][info][gc] GC(8673) Pause Young (Allocation Failure) 14M->10M(15M) 0.304ms
[18890.744s][info][gc] GC(8674) Pause Young (Allocation Failure) 14M->10M(15M) 0.342ms
[18892.745s][info][gc] GC(8675) Pause Young (Allocation Failure) 14M->10M(15M) 0.375ms
[18894.844s][info][gc] GC(8676) Pause Young (Allocation Failure) 14M->10M(15M) 0.324ms
[18896.844s][info][gc] GC(8677) Pause Young (Allocation Failure) 14M->10M(15M) 0.287ms
[18898.844s][info][gc] GC(8678) Pause Young (Allocation Failure) 14M->10M(15M) 0.283ms
[18900.844s][info][gc] GC(8679) Pause Young (Allocation Failure) 14M->10M(15M) 0.292ms
[18902.845s][info][gc] GC(8680) Pause Young (Allocation Failure) 14M->10M(15M) 0.321ms
[18904.844s][info][gc] GC(8681) Pause Young (Allocation Failure) 14M->10M(15M) 0.326ms
[18906.844s][info][gc] GC(8682) Pause Young (Allocation Failure) 14M->10M(15M) 0.307ms
[18908.945s][info][gc] GC(8683) Pause Young (Allocation Failure) 14M->10M(15M) 0.339ms
[18910.944s][info][gc] GC(8684) Pause Young (Allocation Failure) 14M->10M(15M) 0.302ms
[18912.945s][info][gc] GC(8685) Pause Young (Allocation Failure) 14M->10M(15M) 0.482ms
[18914.943s][info][gc] GC(8686) Pause Young (Allocation Failure) 14M->10M(15M) 0.308ms
[18916.944s][info][gc] GC(8687) Pause Young (Allocation Failure) 14M->10M(15M) 0.293ms
[18918.945s][info][gc] GC(8688) Pause Young (Allocation Failure) 14M->10M(15M) 0.536ms
[18920.944s][info][gc] GC(8689) Pause Young (Allocation Failure) 14M->10M(15M) 0.334ms
[18923.043s][info][gc] GC(8690) Pause Young (Allocation Failure) 14M->10M(15M) 0.535ms
[18925.044s][info][gc] GC(8691) Pause Young (Allocation Failure) 14M->10M(15M) 0.338ms
[18927.044s][info][gc] GC(8692) Pause Young (Allocation Failure) 14M->10M(15M) 0.294ms
[18929.044s][info][gc] GC(8693) Pause Young (Allocation Failure) 14M->10M(15M) 0.307ms
[18931.045s][info][gc] GC(8694) Pause Young (Allocation Failure) 14M->10M(15M) 0.588ms
[18933.044s][info][gc] GC(8695) Pause Young (Allocation Failure) 14M->10M(15M) 0.422ms
[18935.045s][info][gc] GC(8696) Pause Young (Allocation Failure) 14M->10M(15M) 0.427ms
[18937.143s][info][gc] GC(8697) Pause Young (Allocation Failure) 14M->10M(15M) 0.347ms
[18939.144s][info][gc] GC(8698) Pause Young (Allocation Failure) 14M->10M(15M) 0.349ms
[18941.144s][info][gc] GC(8699) Pause Young (Allocation Failure) 14M->10M(15M) 0.312ms
[18943.144s][info][gc] GC(8700) Pause Young (Allocation Failure) 14M->10M(15M) 0.320ms
[18945.244s][info][gc] GC(8701) Pause Young (Allocation Failure) 14M->10M(15M) 0.319ms
[18947.313s][info][gc] GC(8702) Pause Young (Allocation Failure) 14M->10M(15M) 0.282ms
[18949.443s][info][gc] GC(8703) Pause Young (Allocation Failure) 14M->10M(15M) 0.251ms
[18951.544s][info][gc] GC(8704) Pause Young (Allocation Failure) 14M->10M(15M) 0.270ms
[18953.644s][info][gc] GC(8705) Pause Young (Allocation Failure) 14M->10M(15M) 0.279ms
[18955.843s][info][gc] GC(8706) Pause Young (Allocation Failure) 14M->10M(15M) 0.236ms
[18957.943s][info][gc] GC(8707) Pause Young (Allocation Failure) 14M->10M(15M) 0.340ms
[18960.044s][info][gc] GC(8708) Pause Young (Allocation Failure) 14M->10M(15M) 0.290ms
[18962.144s][info][gc] GC(8709) Pause Young (Allocation Failure) 14M->10M(15M) 0.295ms
[18964.328s][info][gc] GC(8710) Pause Young (Allocation Failure) 14M->10M(15M) 0.256ms
[18966.444s][info][gc] GC(8711) Pause Young (Allocation Failure) 14M->10M(15M) 0.254ms
[18968.544s][info][gc] GC(8712) Pause Young (Allocation Failure) 14M->10M(15M) 0.278ms
[18970.645s][info][gc] GC(8713) Pause Young (Allocation Failure) 14M->10M(15M) 0.364ms
[18972.744s][info][gc] GC(8714) Pause Young (Allocation Failure) 14M->10M(15M) 0.323ms
[18974.944s][info][gc] GC(8715) Pause Young (Allocation Failure) 14M->10M(15M) 0.312ms
[18977.044s][info][gc] GC(8716) Pause Young (Allocation Failure) 14M->10M(15M) 0.300ms
[18979.144s][info][gc] GC(8717) Pause Young (Allocation Failure) 14M->10M(15M) 0.287ms
[18981.341s][info][gc] GC(8718) Pause Young (Allocation Failure) 14M->10M(15M) 0.340ms
[18983.356s][info][gc] GC(8719) Pause Young (Allocation Failure) 14M->10M(15M) 0.333ms
[18985.343s][info][gc] GC(8720) Pause Young (Allocation Failure) 14M->10M(15M) 0.438ms
[18987.145s][info][gc] GC(8721) Pause Young (Allocation Failure) 14M->10M(15M) 0.453ms
[18989.045s][info][gc] GC(8722) Pause Young (Allocation Failure) 14M->10M(15M) 0.344ms
[18990.945s][info][gc] GC(8723) Pause Young (Allocation Failure) 14M->10M(15M) 0.342ms
[18992.845s][info][gc] GC(8724) Pause Young (Allocation Failure) 14M->10M(15M) 0.321ms
[18994.843s][info][gc] GC(8725) Pause Young (Allocation Failure) 14M->10M(15M) 0.432ms
[18996.745s][info][gc] GC(8726) Pause Young (Allocation Failure) 14M->10M(15M) 0.318ms
[18998.644s][info][gc] GC(8727) Pause Young (Allocation Failure) 14M->10M(15M) 0.369ms
[19000.544s][info][gc] GC(8728) Pause Young (Allocation Failure) 14M->10M(15M) 0.329ms
[19002.444s][info][gc] GC(8729) Pause Young (Allocation Failure) 14M->10M(15M) 0.423ms
[19004.345s][info][gc] GC(8730) Pause Young (Allocation Failure) 14M->10M(15M) 0.337ms
[19006.366s][info][gc] GC(8731) Pause Young (Allocation Failure) 14M->10M(15M) 0.295ms
[19008.368s][info][gc] GC(8732) Pause Young (Allocation Failure) 14M->10M(15M) 0.296ms
[19010.417s][info][gc] GC(8733) Pause Young (Allocation Failure) 14M->10M(15M) 0.285ms
[19012.443s][info][gc] GC(8734) Pause Young (Allocation Failure) 14M->10M(15M) 0.283ms
[19014.444s][info][gc] GC(8735) Pause Young (Allocation Failure) 14M->10M(15M) 0.325ms
[19016.444s][info][gc] GC(8736) Pause Young (Allocation Failure) 14M->10M(15M) 0.320ms
[19018.444s][info][gc] GC(8737) Pause Young (Allocation Failure) 14M->10M(15M) 0.363ms
[19020.444s][info][gc] GC(8738) Pause Young (Allocation Failure) 14M->10M(15M) 0.369ms
[19022.444s][info][gc] GC(8739) Pause Young (Allocation Failure) 14M->10M(15M) 0.322ms
[19024.444s][info][gc] GC(8740) Pause Young (Allocation Failure) 14M->10M(15M) 0.328ms
[19026.544s][info][gc] GC(8741) Pause Young (Allocation Failure) 14M->10M(15M) 0.270ms
[19028.545s][info][gc] GC(8742) Pause Young (Allocation Failure) 14M->10M(15M) 0.319ms
[19030.545s][info][gc] GC(8743) Pause Young (Allocation Failure) 14M->10M(15M) 0.290ms
[19032.543s][info][gc] GC(8744) Pause Young (Allocation Failure) 14M->10M(15M) 0.323ms
[19034.544s][info][gc] GC(8745) Pause Young (Allocation Failure) 14M->10M(15M) 0.291ms
[19036.544s][info][gc] GC(8746) Pause Young (Allocation Failure) 14M->10M(15M) 0.329ms
[19038.644s][info][gc] GC(8747) Pause Young (Allocation Failure) 14M->10M(15M) 0.298ms
[19040.644s][info][gc] GC(8748) Pause Young (Allocation Failure) 14M->10M(15M) 0.333ms
[19042.644s][info][gc] GC(8749) Pause Young (Allocation Failure) 14M->10M(15M) 0.294ms
[19044.643s][info][gc] GC(8750) Pause Young (Allocation Failure) 14M->10M(15M) 0.296ms
[19046.643s][info][gc] GC(8751) Pause Young (Allocation Failure) 14M->10M(15M) 0.324ms
[19048.645s][info][gc] GC(8752) Pause Young (Allocation Failure) 14M->10M(15M) 0.327ms
[19050.645s][info][gc] GC(8753) Pause Young (Allocation Failure) 14M->10M(15M) 0.405ms
[19052.745s][info][gc] GC(8754) Pause Young (Allocation Failure) 14M->10M(15M) 0.322ms
[19054.745s][info][gc] GC(8755) Pause Young (Allocation Failure) 14M->10M(15M) 0.314ms
[19056.744s][info][gc] GC(8756) Pause Young (Allocation Failure) 14M->10M(15M) 0.317ms
[19058.744s][info][gc] GC(8757) Pause Young (Allocation Failure) 14M->10M(15M) 0.511ms
[19060.744s][info][gc] GC(8758) Pause Young (Allocation Failure) 14M->10M(15M) 0.303ms
[19062.744s][info][gc] GC(8759) Pause Young (Allocation Failure) 14M->10M(15M) 0.321ms
[19064.844s][info][gc] GC(8760) Pause Young (Allocation Failure) 14M->10M(15M) 0.332ms
[19066.945s][info][gc] GC(8761) Pause Young (Allocation Failure) 14M->10M(15M) 0.289ms
[19068.945s][info][gc] GC(8762) Pause Young (Allocation Failure) 14M->10M(15M) 0.701ms
[19070.845s][info][gc] GC(8763) Pause Young (Allocation Failure) 14M->10M(15M) 0.846ms
[19072.744s][info][gc] GC(8764) Pause Young (Allocation Failure) 14M->10M(15M) 0.326ms
[19074.645s][info][gc] GC(8765) Pause Young (Allocation Failure) 14M->10M(15M) 0.585ms
[19076.544s][info][gc] GC(8766) Pause Young (Allocation Failure) 14M->10M(15M) 0.328ms
[19078.444s][info][gc] GC(8767) Pause Young (Allocation Failure) 14M->10M(15M) 0.381ms
[19080.345s][info][gc] GC(8768) Pause Young (Allocation Failure) 14M->10M(15M) 0.435ms
[19082.344s][info][gc] GC(8769) Pause Young (Allocation Failure) 14M->10M(15M) 0.381ms
[19084.244s][info][gc] GC(8770) Pause Young (Allocation Failure) 14M->10M(15M) 0.387ms
[19086.145s][info][gc] GC(8771) Pause Young (Allocation Failure) 14M->10M(15M) 0.536ms
[19088.043s][info][gc] GC(8772) Pause Young (Allocation Failure) 14M->10M(15M) 0.316ms
[19089.944s][info][gc] GC(8773) Pause Young (Allocation Failure) 14M->10M(15M) 0.506ms
[19091.844s][info][gc] GC(8774) Pause Young (Allocation Failure) 14M->10M(15M) 0.280ms
[19093.644s][info][gc] GC(8775) Pause Young (Allocation Failure) 14M->10M(15M) 0.343ms
[19095.544s][info][gc] GC(8776) Pause Young (Allocation Failure) 14M->10M(15M) 0.343ms
[19097.449s][info][gc] GC(8777) Pause Young (Allocation Failure) 14M->10M(15M) 0.291ms
[19099.444s][info][gc] GC(8778) Pause Young (Allocation Failure) 14M->10M(15M) 0.287ms
[19101.343s][info][gc] GC(8779) Pause Young (Allocation Failure) 14M->10M(15M) 0.292ms
[19103.243s][info][gc] GC(8780) Pause Young (Allocation Failure) 14M->10M(15M) 0.306ms
[19105.144s][info][gc] GC(8781) Pause Young (Allocation Failure) 14M->10M(15M) 0.292ms
[19107.044s][info][gc] GC(8782) Pause Young (Allocation Failure) 14M->10M(15M) 0.312ms
[19108.944s][info][gc] GC(8783) Pause Young (Allocation Failure) 14M->10M(15M) 0.316ms
[19110.945s][info][gc] GC(8784) Pause Young (Allocation Failure) 14M->10M(15M) 0.329ms
[19112.944s][info][gc] GC(8785) Pause Young (Allocation Failure) 14M->10M(15M) 0.321ms
[19114.945s][info][gc] GC(8786) Pause Young (Allocation Failure) 14M->10M(15M) 0.344ms
[19117.043s][info][gc] GC(8787) Pause Young (Allocation Failure) 14M->10M(15M) 0.298ms
[19119.044s][info][gc] GC(8788) Pause Young (Allocation Failure) 14M->10M(15M) 0.289ms
[19121.044s][info][gc] GC(8789) Pause Young (Allocation Failure) 14M->10M(15M) 0.297ms
[19123.044s][info][gc] GC(8790) Pause Young (Allocation Failure) 14M->10M(15M) 0.313ms
[19125.045s][info][gc] GC(8791) Pause Young (Allocation Failure) 14M->10M(15M) 0.277ms
[19126.943s][info][gc] GC(8792) Pause Young (Allocation Failure) 14M->10M(15M) 0.368ms
[19128.844s][info][gc] GC(8793) Pause Young (Allocation Failure) 14M->10M(15M) 0.314ms
[19130.745s][info][gc] GC(8794) Pause Young (Allocation Failure) 14M->10M(15M) 0.293ms
[19132.644s][info][gc] GC(8795) Pause Young (Allocation Failure) 14M->10M(15M) 0.314ms
[19134.545s][info][gc] GC(8796) Pause Young (Allocation Failure) 14M->10M(15M) 0.311ms
[19136.481s][info][gc] GC(8797) Pause Young (Allocation Failure) 14M->10M(15M) 0.264ms
[19138.443s][info][gc] GC(8798) Pause Young (Allocation Failure) 14M->10M(15M) 0.279ms
[19140.244s][info][gc] GC(8799) Pause Young (Allocation Failure) 14M->10M(15M) 0.332ms
[19142.144s][info][gc] GC(8800) Pause Young (Allocation Failure) 14M->10M(15M) 0.391ms
[19144.143s][info][gc] GC(8801) Pause Young (Allocation Failure) 14M->10M(15M) 0.264ms
[19146.045s][info][gc] GC(8802) Pause Young (Allocation Failure) 14M->10M(15M) 0.521ms
[19147.944s][info][gc] GC(8803) Pause Young (Allocation Failure) 14M->10M(15M) 0.296ms
[19149.844s][info][gc] GC(8804) Pause Young (Allocation Failure) 14M->10M(15M) 0.345ms
[19151.745s][info][gc] GC(8805) Pause Young (Allocation Failure) 14M->10M(15M) 0.287ms
[19153.644s][info][gc] GC(8806) Pause Young (Allocation Failure) 14M->10M(15M) 0.328ms
[19155.644s][info][gc] GC(8807) Pause Young (Allocation Failure) 14M->10M(15M) 0.353ms
[19157.644s][info][gc] GC(8808) Pause Young (Allocation Failure) 14M->10M(15M) 0.288ms
[19159.644s][info][gc] GC(8809) Pause Young (Allocation Failure) 14M->10M(15M) 0.303ms
[19161.643s][info][gc] GC(8810) Pause Young (Allocation Failure) 14M->10M(15M) 0.322ms
[19163.645s][info][gc] GC(8811) Pause Young (Allocation Failure) 14M->10M(15M) 0.384ms
[19165.645s][info][gc] GC(8812) Pause Young (Allocation Failure) 14M->10M(15M) 0.313ms
[19167.744s][info][gc] GC(8813) Pause Young (Allocation Failure) 14M->10M(15M) 0.313ms
[19169.744s][info][gc] GC(8814) Pause Young (Allocation Failure) 14M->10M(15M) 0.281ms
[19171.744s][info][gc] GC(8815) Pause Young (Allocation Failure) 14M->10M(15M) 0.295ms
[19173.744s][info][gc] GC(8816) Pause Young (Allocation Failure) 14M->10M(15M) 0.317ms
[19175.744s][info][gc] GC(8817) Pause Young (Allocation Failure) 14M->10M(15M) 0.312ms
[19177.745s][info][gc] GC(8818) Pause Young (Allocation Failure) 14M->10M(15M) 0.336ms
[19179.745s][info][gc] GC(8819) Pause Young (Allocation Failure) 14M->10M(15M) 0.327ms
[19181.844s][info][gc] GC(8820) Pause Young (Allocation Failure) 14M->10M(15M) 0.264ms
[19183.844s][info][gc] GC(8821) Pause Young (Allocation Failure) 14M->10M(15M) 0.358ms
[19185.844s][info][gc] GC(8822) Pause Young (Allocation Failure) 14M->10M(15M) 0.302ms
[19187.845s][info][gc] GC(8823) Pause Young (Allocation Failure) 14M->10M(15M) 0.304ms
[19189.844s][info][gc] GC(8824) Pause Young (Allocation Failure) 14M->10M(15M) 0.282ms
[19191.844s][info][gc] GC(8825) Pause Young (Allocation Failure) 14M->10M(15M) 0.341ms
[19193.944s][info][gc] GC(8826) Pause Young (Allocation Failure) 14M->10M(15M) 0.482ms
[19195.945s][info][gc] GC(8827) Pause Young (Allocation Failure) 14M->10M(15M) 0.581ms
[19197.944s][info][gc] GC(8828) Pause Young (Allocation Failure) 14M->10M(15M) 0.284ms
[19199.944s][info][gc] GC(8829) Pause Young (Allocation Failure) 14M->10M(15M) 0.314ms
[19201.945s][info][gc] GC(8830) Pause Young (Allocation Failure) 14M->10M(15M) 0.732ms
[19203.944s][info][gc] GC(8831) Pause Young (Allocation Failure) 14M->10M(15M) 0.324ms
[19205.944s][info][gc] GC(8832) Pause Young (Allocation Failure) 14M->10M(15M) 0.325ms
[19208.043s][info][gc] GC(8833) Pause Young (Allocation Failure) 14M->10M(15M) 0.307ms
[19209.944s][info][gc] GC(8834) Pause Young (Allocation Failure) 14M->10M(15M) 0.347ms
[19211.745s][info][gc] GC(8835) Pause Young (Allocation Failure) 14M->10M(15M) 0.317ms
[19213.744s][info][gc] GC(8836) Pause Young (Allocation Failure) 14M->10M(15M) 0.291ms
[19215.644s][info][gc] GC(8837) Pause Young (Allocation Failure) 14M->10M(15M) 0.351ms
[19217.544s][info][gc] GC(8838) Pause Young (Allocation Failure) 14M->10M(15M) 0.317ms
[19219.445s][info][gc] GC(8839) Pause Young (Allocation Failure) 14M->10M(15M) 0.405ms
[19221.344s][info][gc] GC(8840) Pause Young (Allocation Failure) 14M->10M(15M) 0.447ms
[19223.343s][info][gc] GC(8841) Pause Young (Allocation Failure) 14M->10M(15M) 0.279ms
[19225.244s][info][gc] GC(8842) Pause Young (Allocation Failure) 14M->10M(15M) 0.288ms
[19227.143s][info][gc] GC(8843) Pause Young (Allocation Failure) 14M->10M(15M) 0.282ms
[19229.044s][info][gc] GC(8844) Pause Young (Allocation Failure) 14M->10M(15M) 0.318ms
[19231.044s][info][gc] GC(8845) Pause Young (Allocation Failure) 14M->10M(15M) 0.346ms
[19233.044s][info][gc] GC(8846) Pause Young (Allocation Failure) 14M->10M(15M) 0.285ms
[19235.044s][info][gc] GC(8847) Pause Young (Allocation Failure) 14M->10M(15M) 0.302ms
[19237.045s][info][gc] GC(8848) Pause Young (Allocation Failure) 14M->10M(15M) 0.326ms
[19239.045s][info][gc] GC(8849) Pause Young (Allocation Failure) 14M->10M(15M) 0.329ms
[19241.044s][info][gc] GC(8850) Pause Young (Allocation Failure) 14M->10M(15M) 0.311ms
[19243.143s][info][gc] GC(8851) Pause Young (Allocation Failure) 14M->10M(15M) 0.278ms
[19245.143s][info][gc] GC(8852) Pause Young (Allocation Failure) 14M->10M(15M) 0.253ms
[19247.144s][info][gc] GC(8853) Pause Young (Allocation Failure) 14M->10M(15M) 0.289ms
[19249.144s][info][gc] GC(8854) Pause Young (Allocation Failure) 14M->10M(15M) 0.314ms
[19251.144s][info][gc] GC(8855) Pause Young (Allocation Failure) 14M->10M(15M) 0.312ms
[19253.144s][info][gc] GC(8856) Pause Young (Allocation Failure) 14M->10M(15M) 0.324ms
[19255.144s][info][gc] GC(8857) Pause Young (Allocation Failure) 14M->10M(15M) 0.307ms
[19257.243s][info][gc] GC(8858) Pause Young (Allocation Failure) 14M->10M(15M) 0.326ms
[19259.244s][info][gc] GC(8859) Pause Young (Allocation Failure) 14M->10M(15M) 0.298ms
[19261.244s][info][gc] GC(8860) Pause Young (Allocation Failure) 14M->10M(15M) 0.278ms
[19263.144s][info][gc] GC(8861) Pause Young (Allocation Failure) 14M->10M(15M) 0.335ms
[19265.043s][info][gc] GC(8862) Pause Young (Allocation Failure) 14M->10M(15M) 0.296ms
[19266.944s][info][gc] GC(8863) Pause Young (Allocation Failure) 14M->10M(15M) 0.294ms
[19268.844s][info][gc] GC(8864) Pause Young (Allocation Failure) 14M->10M(15M) 0.349ms
[19270.743s][info][gc] GC(8865) Pause Young (Allocation Failure) 14M->10M(15M) 0.339ms
[19272.643s][info][gc] GC(8866) Pause Young (Allocation Failure) 14M->10M(15M) 0.332ms
[19274.544s][info][gc] GC(8867) Pause Young (Allocation Failure) 14M->10M(15M) 0.329ms
[19276.444s][info][gc] GC(8868) Pause Young (Allocation Failure) 14M->10M(15M) 0.368ms
[19278.344s][info][gc] GC(8869) Pause Young (Allocation Failure) 14M->10M(15M) 0.341ms
[19280.245s][info][gc] GC(8870) Pause Young (Allocation Failure) 14M->10M(15M) 0.341ms
[19282.244s][info][gc] GC(8871) Pause Young (Allocation Failure) 14M->10M(15M) 0.257ms
[19284.144s][info][gc] GC(8872) Pause Young (Allocation Failure) 14M->10M(15M) 0.286ms
[19286.044s][info][gc] GC(8873) Pause Young (Allocation Failure) 14M->10M(15M) 0.311ms
[19287.944s][info][gc] GC(8874) Pause Young (Allocation Failure) 14M->10M(15M) 0.317ms
[19289.844s][info][gc] GC(8875) Pause Young (Allocation Failure) 14M->10M(15M) 0.338ms
[19291.845s][info][gc] GC(8876) Pause Young (Allocation Failure) 14M->10M(15M) 0.331ms
[19293.845s][info][gc] GC(8877) Pause Young (Allocation Failure) 14M->10M(15M) 0.325ms
[19295.943s][info][gc] GC(8878) Pause Young (Allocation Failure) 14M->10M(15M) 0.307ms
[19297.943s][info][gc] GC(8879) Pause Young (Allocation Failure) 14M->10M(15M) 0.270ms
[19299.944s][info][gc] GC(8880) Pause Young (Allocation Failure) 14M->10M(15M) 0.299ms
[19301.944s][info][gc] GC(8881) Pause Young (Allocation Failure) 14M->10M(15M) 0.379ms
[19303.845s][info][gc] GC(8882) Pause Young (Allocation Failure) 14M->10M(15M) 0.344ms
[19305.745s][info][gc] GC(8883) Pause Young (Allocation Failure) 14M->10M(15M) 0.343ms
[19307.645s][info][gc] GC(8884) Pause Young (Allocation Failure) 14M->10M(15M) 0.330ms
[19309.625s][info][gc] GC(8885) Pause Young (Allocation Failure) 14M->10M(15M) 0.295ms
[19311.544s][info][gc] GC(8886) Pause Young (Allocation Failure) 14M->10M(15M) 0.321ms
[19313.443s][info][gc] GC(8887) Pause Young (Allocation Failure) 14M->10M(15M) 0.326ms
[19315.345s][info][gc] GC(8888) Pause Young (Allocation Failure) 14M->10M(15M) 0.514ms
[19317.244s][info][gc] GC(8889) Pause Young (Allocation Failure) 14M->10M(15M) 0.342ms
[19319.145s][info][gc] GC(8890) Pause Young (Allocation Failure) 14M->10M(15M) 0.333ms
[19321.145s][info][gc] GC(8891) Pause Young (Allocation Failure) 14M->10M(15M) 0.346ms
[19323.144s][info][gc] GC(8892) Pause Young (Allocation Failure) 14M->10M(15M) 0.339ms
[19325.243s][info][gc] GC(8893) Pause Young (Allocation Failure) 14M->10M(15M) 0.295ms
[19327.143s][info][gc] GC(8894) Pause Young (Allocation Failure) 14M->10M(15M) 0.293ms
[19328.945s][info][gc] GC(8895) Pause Young (Allocation Failure) 14M->10M(15M) 0.347ms
[19330.845s][info][gc] GC(8896) Pause Young (Allocation Failure) 14M->10M(15M) 0.326ms
[19332.744s][info][gc] GC(8897) Pause Young (Allocation Failure) 14M->10M(15M) 0.344ms
[19334.647s][info][gc] GC(8898) Pause Young (Allocation Failure) 14M->10M(15M) 0.230ms
[19336.644s][info][gc] GC(8899) Pause Young (Allocation Failure) 14M->10M(15M) 0.273ms
[19338.544s][info][gc] GC(8900) Pause Young (Allocation Failure) 14M->10M(15M) 0.298ms
[19340.444s][info][gc] GC(8901) Pause Young (Allocation Failure) 14M->10M(15M) 0.334ms
[19342.344s][info][gc] GC(8902) Pause Young (Allocation Failure) 14M->10M(15M) 0.298ms
[19344.244s][info][gc] GC(8903) Pause Young (Allocation Failure) 14M->10M(15M) 0.340ms
[19346.144s][info][gc] GC(8904) Pause Young (Allocation Failure) 14M->10M(15M) 0.325ms
[19348.045s][info][gc] GC(8905) Pause Young (Allocation Failure) 14M->10M(15M) 0.333ms
[19350.044s][info][gc] GC(8906) Pause Young (Allocation Failure) 14M->10M(15M) 0.422ms
[19352.045s][info][gc] GC(8907) Pause Young (Allocation Failure) 14M->10M(15M) 0.284ms
[19354.044s][info][gc] GC(8908) Pause Young (Allocation Failure) 14M->10M(15M) 0.322ms
[19356.043s][info][gc] GC(8909) Pause Young (Allocation Failure) 14M->10M(15M) 0.304ms
[19358.045s][info][gc] GC(8910) Pause Young (Allocation Failure) 14M->10M(15M) 0.387ms
[19360.045s][info][gc] GC(8911) Pause Young (Allocation Failure) 14M->10M(15M) 0.579ms
[19362.144s][info][gc] GC(8912) Pause Young (Allocation Failure) 14M->10M(15M) 0.302ms
[19364.144s][info][gc] GC(8913) Pause Young (Allocation Failure) 14M->10M(15M) 0.315ms
[19366.144s][info][gc] GC(8914) Pause Young (Allocation Failure) 14M->10M(15M) 0.416ms
[19368.145s][info][gc] GC(8915) Pause Young (Allocation Failure) 14M->10M(15M) 0.371ms
[19370.144s][info][gc] GC(8916) Pause Young (Allocation Failure) 14M->10M(15M) 0.333ms
[19372.145s][info][gc] GC(8917) Pause Young (Allocation Failure) 14M->10M(15M) 0.317ms
[19374.244s][info][gc] GC(8918) Pause Young (Allocation Failure) 14M->10M(15M) 0.296ms
[19376.244s][info][gc] GC(8919) Pause Young (Allocation Failure) 14M->10M(15M) 0.290ms
[19378.244s][info][gc] GC(8920) Pause Young (Allocation Failure) 14M->10M(15M) 0.284ms
[19380.244s][info][gc] GC(8921) Pause Young (Allocation Failure) 14M->10M(15M) 0.313ms
[19382.245s][info][gc] GC(8922) Pause Young (Allocation Failure) 14M->10M(15M) 0.298ms
[19384.244s][info][gc] GC(8923) Pause Young (Allocation Failure) 14M->10M(15M) 0.327ms
[19386.343s][info][gc] GC(8924) Pause Young (Allocation Failure) 14M->10M(15M) 0.278ms
[19388.343s][info][gc] GC(8925) Pause Young (Allocation Failure) 14M->10M(15M) 0.261ms
[19390.343s][info][gc] GC(8926) Pause Young (Allocation Failure) 14M->10M(15M) 0.270ms
[19392.344s][info][gc] GC(8927) Pause Young (Allocation Failure) 14M->10M(15M) 0.300ms
[19394.343s][info][gc] GC(8928) Pause Young (Allocation Failure) 14M->10M(15M) 0.349ms
[19396.344s][info][gc] GC(8929) Pause Young (Allocation Failure) 14M->10M(15M) 0.328ms
[19398.443s][info][gc] GC(8930) Pause Young (Allocation Failure) 14M->10M(15M) 0.233ms
[19400.444s][info][gc] GC(8931) Pause Young (Allocation Failure) 14M->10M(15M) 0.249ms
[19402.444s][info][gc] GC(8932) Pause Young (Allocation Failure) 14M->10M(15M) 0.344ms
[19404.444s][info][gc] GC(8933) Pause Young (Allocation Failure) 14M->10M(15M) 0.306ms
[19406.444s][info][gc] GC(8934) Pause Young (Allocation Failure) 14M->10M(15M) 0.321ms
[19408.444s][info][gc] GC(8935) Pause Young (Allocation Failure) 14M->10M(15M) 0.291ms
[19410.545s][info][gc] GC(8936) Pause Young (Allocation Failure) 14M->10M(15M) 0.440ms
[19412.644s][info][gc] GC(8937) Pause Young (Allocation Failure) 14M->10M(15M) 0.298ms
[19414.743s][info][gc] GC(8938) Pause Young (Allocation Failure) 14M->10M(15M) 0.329ms
[19416.843s][info][gc] GC(8939) Pause Young (Allocation Failure) 14M->10M(15M) 0.293ms
[19419.045s][info][gc] GC(8940) Pause Young (Allocation Failure) 14M->10M(15M) 0.262ms
[19421.144s][info][gc] GC(8941) Pause Young (Allocation Failure) 14M->10M(15M) 0.316ms
[19423.244s][info][gc] GC(8942) Pause Young (Allocation Failure) 14M->10M(15M) 0.342ms
[19425.444s][info][gc] GC(8943) Pause Young (Allocation Failure) 14M->10M(15M) 0.318ms
[19427.543s][info][gc] GC(8944) Pause Young (Allocation Failure) 14M->10M(15M) 0.281ms
[19429.644s][info][gc] GC(8945) Pause Young (Allocation Failure) 14M->10M(15M) 0.300ms
[19431.744s][info][gc] GC(8946) Pause Young (Allocation Failure) 14M->10M(15M) 0.298ms
[19433.845s][info][gc] GC(8947) Pause Young (Allocation Failure) 14M->10M(15M) 0.470ms
[19436.044s][info][gc] GC(8948) Pause Young (Allocation Failure) 14M->10M(15M) 0.357ms
[19438.144s][info][gc] GC(8949) Pause Young (Allocation Failure) 14M->10M(15M) 0.546ms
[19440.244s][info][gc] GC(8950) Pause Young (Allocation Failure) 14M->10M(15M) 0.300ms
[19442.443s][info][gc] GC(8951) Pause Young (Allocation Failure) 14M->10M(15M) 0.270ms
[19444.544s][info][gc] GC(8952) Pause Young (Allocation Failure) 14M->10M(15M) 0.263ms
[19446.644s][info][gc] GC(8953) Pause Young (Allocation Failure) 14M->10M(15M) 0.278ms
[19448.744s][info][gc] GC(8954) Pause Young (Allocation Failure) 14M->10M(15M) 0.466ms
[19450.844s][info][gc] GC(8955) Pause Young (Allocation Failure) 14M->10M(15M) 0.339ms
[19452.945s][info][gc] GC(8956) Pause Young (Allocation Failure) 14M->10M(15M) 0.574ms
[19454.745s][info][gc] GC(8957) Pause Young (Allocation Failure) 14M->10M(15M) 0.573ms
[19456.744s][info][gc] GC(8958) Pause Young (Allocation Failure) 14M->10M(15M) 0.280ms
[19458.545s][info][gc] GC(8959) Pause Young (Allocation Failure) 14M->10M(15M) 0.366ms
[19460.444s][info][gc] GC(8960) Pause Young (Allocation Failure) 14M->10M(15M) 0.318ms
[19462.344s][info][gc] GC(8961) Pause Young (Allocation Failure) 14M->10M(15M) 0.348ms
[19464.245s][info][gc] GC(8962) Pause Young (Allocation Failure) 14M->10M(15M) 0.347ms
[19466.243s][info][gc] GC(8963) Pause Young (Allocation Failure) 14M->10M(15M) 0.299ms
[19468.144s][info][gc] GC(8964) Pause Young (Allocation Failure) 14M->10M(15M) 0.455ms
[19470.044s][info][gc] GC(8965) Pause Young (Allocation Failure) 14M->10M(15M) 0.310ms
[19471.945s][info][gc] GC(8966) Pause Young (Allocation Failure) 14M->10M(15M) 0.311ms
[19473.845s][info][gc] GC(8967) Pause Young (Allocation Failure) 14M->10M(15M) 0.358ms
[19475.764s][info][gc] GC(8968) Pause Young (Allocation Failure) 14M->10M(15M) 0.278ms
[19477.744s][info][gc] GC(8969) Pause Young (Allocation Failure) 14M->10M(15M) 0.365ms
[19479.644s][info][gc] GC(8970) Pause Young (Allocation Failure) 14M->10M(15M) 0.587ms
[19481.544s][info][gc] GC(8971) Pause Young (Allocation Failure) 14M->10M(15M) 0.318ms
[19483.444s][info][gc] GC(8972) Pause Young (Allocation Failure) 14M->10M(15M) 0.393ms
[19485.445s][info][gc] GC(8973) Pause Young (Allocation Failure) 14M->10M(15M) 0.398ms
[19487.444s][info][gc] GC(8974) Pause Young (Allocation Failure) 14M->10M(15M) 0.300ms
[19489.444s][info][gc] GC(8975) Pause Young (Allocation Failure) 14M->10M(15M) 0.337ms
[19491.444s][info][gc] GC(8976) Pause Young (Allocation Failure) 14M->10M(15M) 0.560ms
[19493.445s][info][gc] GC(8977) Pause Young (Allocation Failure) 14M->10M(15M) 0.349ms
[19495.544s][info][gc] GC(8978) Pause Young (Allocation Failure) 14M->10M(15M) 0.393ms
[19497.544s][info][gc] GC(8979) Pause Young (Allocation Failure) 14M->10M(15M) 0.285ms
[19499.544s][info][gc] GC(8980) Pause Young (Allocation Failure) 14M->10M(15M) 0.301ms
[19501.545s][info][gc] GC(8981) Pause Young (Allocation Failure) 14M->10M(15M) 0.534ms
[19503.545s][info][gc] GC(8982) Pause Young (Allocation Failure) 14M->10M(15M) 0.320ms
[19505.545s][info][gc] GC(8983) Pause Young (Allocation Failure) 14M->10M(15M) 0.739ms
[19507.546s][info][gc] GC(8984) Pause Young (Allocation Failure) 14M->10M(15M) 0.768ms
[19509.644s][info][gc] GC(8985) Pause Young (Allocation Failure) 14M->10M(15M) 0.291ms
[19511.644s][info][gc] GC(8986) Pause Young (Allocation Failure) 14M->10M(15M) 0.468ms
[19513.645s][info][gc] GC(8987) Pause Young (Allocation Failure) 14M->10M(15M) 0.551ms
[19515.644s][info][gc] GC(8988) Pause Young (Allocation Failure) 14M->10M(15M) 0.323ms
[19517.644s][info][gc] GC(8989) Pause Young (Allocation Failure) 14M->10M(15M) 0.316ms
[19519.645s][info][gc] GC(8990) Pause Young (Allocation Failure) 14M->10M(15M) 0.467ms
[19521.673s][info][gc] GC(8991) Pause Young (Allocation Failure) 14M->10M(15M) 0.266ms
[19523.744s][info][gc] GC(8992) Pause Young (Allocation Failure) 14M->10M(15M) 0.461ms
[19525.744s][info][gc] GC(8993) Pause Young (Allocation Failure) 14M->10M(15M) 0.290ms
[19527.744s][info][gc] GC(8994) Pause Young (Allocation Failure) 14M->10M(15M) 0.359ms
[19529.744s][info][gc] GC(8995) Pause Young (Allocation Failure) 14M->10M(15M) 0.418ms
[19531.745s][info][gc] GC(8996) Pause Young (Allocation Failure) 14M->10M(15M) 0.342ms
[19533.745s][info][gc] GC(8997) Pause Young (Allocation Failure) 14M->10M(15M) 0.508ms
[19535.811s][info][gc] GC(8998) Pause Young (Allocation Failure) 14M->10M(15M) 0.519ms
[19537.812s][info][gc] GC(8999) Pause Young (Allocation Failure) 14M->10M(15M) 0.407ms
[19539.813s][info][gc] GC(9000) Pause Young (Allocation Failure) 14M->10M(15M) 0.298ms
[19541.844s][info][gc] GC(9001) Pause Young (Allocation Failure) 14M->10M(15M) 0.299ms
[19543.843s][info][gc] GC(9002) Pause Young (Allocation Failure) 14M->10M(15M) 0.305ms
[19545.943s][info][gc] GC(9003) Pause Young (Allocation Failure) 14M->10M(15M) 0.270ms
[19548.044s][info][gc] GC(9004) Pause Young (Allocation Failure) 14M->10M(15M) 0.345ms
[19550.144s][info][gc] GC(9005) Pause Young (Allocation Failure) 14M->10M(15M) 0.304ms
[19552.344s][info][gc] GC(9006) Pause Young (Allocation Failure) 14M->10M(15M) 0.252ms
[19554.443s][info][gc] GC(9007) Pause Young (Allocation Failure) 14M->10M(15M) 0.287ms
[19556.544s][info][gc] GC(9008) Pause Young (Allocation Failure) 14M->10M(15M) 0.321ms
[19558.696s][info][gc] GC(9009) Pause Young (Allocation Failure) 14M->10M(15M) 0.267ms
[19560.831s][info][gc] GC(9010) Pause Young (Allocation Failure) 14M->10M(15M) 0.455ms
[19562.943s][info][gc] GC(9011) Pause Young (Allocation Failure) 14M->10M(15M) 0.267ms
[19565.044s][info][gc] GC(9012) Pause Young (Allocation Failure) 14M->10M(15M) 0.290ms
[19567.144s][info][gc] GC(9013) Pause Young (Allocation Failure) 14M->10M(15M) 0.287ms
[19569.344s][info][gc] GC(9014) Pause Young (Allocation Failure) 14M->10M(15M) 0.253ms
[19571.443s][info][gc] GC(9015) Pause Young (Allocation Failure) 14M->10M(15M) 0.315ms
[19573.344s][info][gc] GC(9016) Pause Young (Allocation Failure) 14M->10M(15M) 0.352ms
[19575.244s][info][gc] GC(9017) Pause Young (Allocation Failure) 14M->10M(15M) 0.310ms
[19577.144s][info][gc] GC(9018) Pause Young (Allocation Failure) 14M->10M(15M) 0.302ms
[19578.944s][info][gc] GC(9019) Pause Young (Allocation Failure) 14M->10M(15M) 0.353ms
[19580.849s][info][gc] GC(9020) Pause Young (Allocation Failure) 14M->10M(15M) 0.295ms
[19582.844s][info][gc] GC(9021) Pause Young (Allocation Failure) 14M->10M(15M) 0.356ms
[19584.744s][info][gc] GC(9022) Pause Young (Allocation Failure) 14M->10M(15M) 0.331ms
[19586.644s][info][gc] GC(9023) Pause Young (Allocation Failure) 14M->10M(15M) 0.337ms
[19588.544s][info][gc] GC(9024) Pause Young (Allocation Failure) 14M->10M(15M) 0.344ms
[19590.444s][info][gc] GC(9025) Pause Young (Allocation Failure) 14M->10M(15M) 0.348ms
[19592.344s][info][gc] GC(9026) Pause Young (Allocation Failure) 14M->10M(15M) 0.362ms
[19594.344s][info][gc] GC(9027) Pause Young (Allocation Failure) 14M->10M(15M) 0.280ms
[19596.244s][info][gc] GC(9028) Pause Young (Allocation Failure) 14M->10M(15M) 0.303ms
[19598.144s][info][gc] GC(9029) Pause Young (Allocation Failure) 14M->10M(15M) 0.314ms
[19600.044s][info][gc] GC(9030) Pause Young (Allocation Failure) 14M->10M(15M) 0.327ms
[19601.944s][info][gc] GC(9031) Pause Young (Allocation Failure) 14M->10M(15M) 0.350ms
[19603.868s][info][gc] GC(9032) Pause Young (Allocation Failure) 14M->10M(15M) 0.239ms
[19605.845s][info][gc] GC(9033) Pause Young (Allocation Failure) 14M->10M(15M) 0.821ms
[19607.847s][info][gc] GC(9034) Pause Young (Allocation Failure) 14M->10M(15M) 1.304ms
[19609.872s][info][gc] GC(9035) Pause Young (Allocation Failure) 14M->10M(15M) 0.335ms
[19611.874s][info][gc] GC(9036) Pause Young (Allocation Failure) 14M->10M(15M) 0.448ms
[19613.876s][info][gc] GC(9037) Pause Young (Allocation Failure) 14M->10M(15M) 0.917ms
[19615.945s][info][gc] GC(9038) Pause Young (Allocation Failure) 14M->10M(15M) 0.290ms
[19617.945s][info][gc] GC(9039) Pause Young (Allocation Failure) 14M->10M(15M) 0.546ms
[19619.944s][info][gc] GC(9040) Pause Young (Allocation Failure) 14M->10M(15M) 0.307ms
[19621.946s][info][gc] GC(9041) Pause Young (Allocation Failure) 14M->10M(15M) 0.471ms
[19623.945s][info][gc] GC(9042) Pause Young (Allocation Failure) 14M->10M(15M) 0.346ms
[19625.945s][info][gc] GC(9043) Pause Young (Allocation Failure) 14M->10M(15M) 0.524ms
[19628.044s][info][gc] GC(9044) Pause Young (Allocation Failure) 14M->10M(15M) 0.694ms
[19630.045s][info][gc] GC(9045) Pause Young (Allocation Failure) 14M->10M(15M) 0.498ms
[19632.045s][info][gc] GC(9046) Pause Young (Allocation Failure) 14M->10M(15M) 0.680ms
[19634.045s][info][gc] GC(9047) Pause Young (Allocation Failure) 14M->10M(15M) 0.620ms
[19636.045s][info][gc] GC(9048) Pause Young (Allocation Failure) 14M->10M(15M) 0.724ms
[19638.045s][info][gc] GC(9049) Pause Young (Allocation Failure) 14M->10M(15M) 0.726ms
[19640.046s][info][gc] GC(9050) Pause Young (Allocation Failure) 14M->10M(15M) 0.664ms
[19642.144s][info][gc] GC(9051) Pause Young (Allocation Failure) 14M->10M(15M) 0.749ms
[19644.145s][info][gc] GC(9052) Pause Young (Allocation Failure) 14M->10M(15M) 0.964ms
[19646.145s][info][gc] GC(9053) Pause Young (Allocation Failure) 14M->10M(15M) 0.893ms
[19648.145s][info][gc] GC(9054) Pause Young (Allocation Failure) 14M->10M(15M) 0.891ms
[19650.044s][info][gc] GC(9055) Pause Young (Allocation Failure) 14M->10M(15M) 0.381ms
[19651.944s][info][gc] GC(9056) Pause Young (Allocation Failure) 14M->10M(15M) 0.330ms
[19653.843s][info][gc] GC(9057) Pause Young (Allocation Failure) 14M->10M(15M) 0.368ms
[19655.744s][info][gc] GC(9058) Pause Young (Allocation Failure) 14M->10M(15M) 0.320ms
[19657.644s][info][gc] GC(9059) Pause Young (Allocation Failure) 14M->10M(15M) 0.423ms
[19659.644s][info][gc] GC(9060) Pause Young (Allocation Failure) 14M->10M(15M) 0.372ms
[19661.543s][info][gc] GC(9061) Pause Young (Allocation Failure) 14M->10M(15M) 0.268ms
[19663.443s][info][gc] GC(9062) Pause Young (Allocation Failure) 14M->10M(15M) 0.291ms
[19665.343s][info][gc] GC(9063) Pause Young (Allocation Failure) 14M->10M(15M) 0.351ms
[19667.244s][info][gc] GC(9064) Pause Young (Allocation Failure) 14M->10M(15M) 0.316ms
[19669.144s][info][gc] GC(9065) Pause Young (Allocation Failure) 14M->10M(15M) 0.478ms
[19671.044s][info][gc] GC(9066) Pause Young (Allocation Failure) 14M->10M(15M) 0.345ms
[19672.944s][info][gc] GC(9067) Pause Young (Allocation Failure) 14M->10M(15M) 0.326ms
[19674.927s][info][gc] GC(9068) Pause Young (Allocation Failure) 14M->10M(15M) 0.302ms
[19676.844s][info][gc] GC(9069) Pause Young (Allocation Failure) 14M->10M(15M) 0.330ms
[19678.744s][info][gc] GC(9070) Pause Young (Allocation Failure) 14M->10M(15M) 0.354ms
[19680.744s][info][gc] GC(9071) Pause Young (Allocation Failure) 14M->10M(15M) 0.318ms
[19682.744s][info][gc] GC(9072) Pause Young (Allocation Failure) 14M->10M(15M) 0.443ms
[19684.744s][info][gc] GC(9073) Pause Young (Allocation Failure) 14M->10M(15M) 0.331ms
[19686.744s][info][gc] GC(9074) Pause Young (Allocation Failure) 14M->10M(15M) 0.353ms
[19688.745s][info][gc] GC(9075) Pause Young (Allocation Failure) 14M->10M(15M) 0.694ms
[19690.765s][info][gc] GC(9076) Pause Young (Allocation Failure) 14M->10M(15M) 0.366ms
[19692.844s][info][gc] GC(9077) Pause Young (Allocation Failure) 14M->10M(15M) 0.261ms
[19694.844s][info][gc] GC(9078) Pause Young (Allocation Failure) 14M->10M(15M) 0.301ms
[19696.844s][info][gc] GC(9079) Pause Young (Allocation Failure) 14M->10M(15M) 0.424ms
[19698.744s][info][gc] GC(9080) Pause Young (Allocation Failure) 14M->10M(15M) 0.354ms
[19700.644s][info][gc] GC(9081) Pause Young (Allocation Failure) 14M->10M(15M) 0.344ms
[19702.543s][info][gc] GC(9082) Pause Young (Allocation Failure) 14M->10M(15M) 0.423ms
[19704.444s][info][gc] GC(9083) Pause Young (Allocation Failure) 14M->10M(15M) 0.371ms
[19706.343s][info][gc] GC(9084) Pause Young (Allocation Failure) 14M->10M(15M) 0.292ms
[19708.244s][info][gc] GC(9085) Pause Young (Allocation Failure) 14M->10M(15M) 0.477ms
[19710.144s][info][gc] GC(9086) Pause Young (Allocation Failure) 14M->10M(15M) 0.382ms
[19712.044s][info][gc] GC(9087) Pause Young (Allocation Failure) 14M->10M(15M) 0.340ms
[19713.957s][info][gc] GC(9088) Pause Young (Allocation Failure) 14M->10M(15M) 0.270ms
[19715.944s][info][gc] GC(9089) Pause Young (Allocation Failure) 14M->10M(15M) 0.312ms
[19717.845s][info][gc] GC(9090) Pause Young (Allocation Failure) 14M->10M(15M) 0.416ms
[19719.744s][info][gc] GC(9091) Pause Young (Allocation Failure) 14M->10M(15M) 0.377ms
[19721.644s][info][gc] GC(9092) Pause Young (Allocation Failure) 14M->10M(15M) 0.366ms
[19723.544s][info][gc] GC(9093) Pause Young (Allocation Failure) 14M->10M(15M) 0.375ms
[19725.545s][info][gc] GC(9094) Pause Young (Allocation Failure) 14M->10M(15M) 0.462ms
[19727.543s][info][gc] GC(9095) Pause Young (Allocation Failure) 14M->10M(15M) 0.411ms
[19729.545s][info][gc] GC(9096) Pause Young (Allocation Failure) 14M->10M(15M) 0.692ms
[19731.543s][info][gc] GC(9097) Pause Young (Allocation Failure) 14M->10M(15M) 0.335ms
[19733.544s][info][gc] GC(9098) Pause Young (Allocation Failure) 14M->10M(15M) 0.348ms
[19735.643s][info][gc] GC(9099) Pause Young (Allocation Failure) 14M->10M(15M) 0.292ms
[19737.645s][info][gc] GC(9100) Pause Young (Allocation Failure) 14M->10M(15M) 0.642ms
[19739.644s][info][gc] GC(9101) Pause Young (Allocation Failure) 14M->10M(15M) 0.375ms
[19741.644s][info][gc] GC(9102) Pause Young (Allocation Failure) 14M->10M(15M) 0.340ms
[19743.645s][info][gc] GC(9103) Pause Young (Allocation Failure) 14M->10M(15M) 0.337ms
[19745.645s][info][gc] GC(9104) Pause Young (Allocation Failure) 14M->10M(15M) 0.335ms
[19747.743s][info][gc] GC(9105) Pause Young (Allocation Failure) 14M->10M(15M) 0.430ms
[19749.744s][info][gc] GC(9106) Pause Young (Allocation Failure) 14M->10M(15M) 0.345ms
[19751.744s][info][gc] GC(9107) Pause Young (Allocation Failure) 14M->10M(15M) 0.313ms
[19753.744s][info][gc] GC(9108) Pause Young (Allocation Failure) 14M->10M(15M) 0.469ms
[19755.744s][info][gc] GC(9109) Pause Young (Allocation Failure) 14M->10M(15M) 0.328ms
[19757.745s][info][gc] GC(9110) Pause Young (Allocation Failure) 14M->10M(15M) 0.459ms
[19759.744s][info][gc] GC(9111) Pause Young (Allocation Failure) 14M->10M(15M) 0.342ms
[19761.800s][info][gc] GC(9112) Pause Young (Allocation Failure) 14M->10M(15M) 0.284ms
[19763.844s][info][gc] GC(9113) Pause Young (Allocation Failure) 14M->10M(15M) 0.272ms
[19765.844s][info][gc] GC(9114) Pause Young (Allocation Failure) 14M->10M(15M) 0.424ms
[19767.844s][info][gc] GC(9115) Pause Young (Allocation Failure) 14M->10M(15M) 0.304ms
[19769.844s][info][gc] GC(9116) Pause Young (Allocation Failure) 14M->10M(15M) 0.349ms
[19771.845s][info][gc] GC(9117) Pause Young (Allocation Failure) 14M->10M(15M) 0.366ms
[19773.845s][info][gc] GC(9118) Pause Young (Allocation Failure) 14M->10M(15M) 0.761ms
[19775.943s][info][gc] GC(9119) Pause Young (Allocation Failure) 14M->10M(15M) 0.315ms
[19777.866s][info][gc] GC(9120) Pause Young (Allocation Failure) 14M->10M(15M) 0.815ms
[19779.744s][info][gc] GC(9121) Pause Young (Allocation Failure) 14M->10M(15M) 0.504ms
[19781.644s][info][gc] GC(9122) Pause Young (Allocation Failure) 14M->10M(15M) 0.456ms
[19783.544s][info][gc] GC(9123) Pause Young (Allocation Failure) 14M->10M(15M) 0.310ms
[19785.444s][info][gc] GC(9124) Pause Young (Allocation Failure) 14M->10M(15M) 0.441ms
[19787.345s][info][gc] GC(9125) Pause Young (Allocation Failure) 14M->10M(15M) 0.353ms
[19789.244s][info][gc] GC(9126) Pause Young (Allocation Failure) 14M->10M(15M) 0.346ms
[19791.144s][info][gc] GC(9127) Pause Young (Allocation Failure) 14M->10M(15M) 0.362ms
[19793.044s][info][gc] GC(9128) Pause Young (Allocation Failure) 14M->10M(15M) 0.353ms
[19795.043s][info][gc] GC(9129) Pause Young (Allocation Failure) 14M->10M(15M) 0.282ms
[19796.944s][info][gc] GC(9130) Pause Young (Allocation Failure) 14M->10M(15M) 0.308ms
[19798.844s][info][gc] GC(9131) Pause Young (Allocation Failure) 14M->10M(15M) 0.340ms
[19800.843s][info][gc] GC(9132) Pause Young (Allocation Failure) 14M->10M(15M) 0.291ms
[19802.844s][info][gc] GC(9133) Pause Young (Allocation Failure) 14M->10M(15M) 0.318ms
[19804.843s][info][gc] GC(9134) Pause Young (Allocation Failure) 14M->10M(15M) 0.324ms
[19806.843s][info][gc] GC(9135) Pause Young (Allocation Failure) 14M->10M(15M) 0.310ms
[19808.844s][info][gc] GC(9136) Pause Young (Allocation Failure) 14M->10M(15M) 0.325ms
[19810.843s][info][gc] GC(9137) Pause Young (Allocation Failure) 14M->10M(15M) 0.373ms
[19812.943s][info][gc] GC(9138) Pause Young (Allocation Failure) 14M->10M(15M) 0.269ms
[19814.944s][info][gc] GC(9139) Pause Young (Allocation Failure) 14M->10M(15M) 0.310ms
[19816.944s][info][gc] GC(9140) Pause Young (Allocation Failure) 14M->10M(15M) 0.307ms
[19818.944s][info][gc] GC(9141) Pause Young (Allocation Failure) 14M->10M(15M) 0.303ms
[19820.944s][info][gc] GC(9142) Pause Young (Allocation Failure) 14M->10M(15M) 0.319ms
[19822.944s][info][gc] GC(9143) Pause Young (Allocation Failure) 14M->10M(15M) 0.343ms
[19825.030s][info][gc] GC(9144) Pause Young (Allocation Failure) 14M->10M(15M) 0.248ms
[19827.031s][info][gc] GC(9145) Pause Young (Allocation Failure) 14M->10M(15M) 0.364ms
[19829.034s][info][gc] GC(9146) Pause Young (Allocation Failure) 14M->10M(15M) 0.301ms
[19831.043s][info][gc] GC(9147) Pause Young (Allocation Failure) 14M->10M(15M) 0.435ms
[19833.043s][info][gc] GC(9148) Pause Young (Allocation Failure) 14M->10M(15M) 0.300ms
[19835.044s][info][gc] GC(9149) Pause Young (Allocation Failure) 14M->10M(15M) 0.503ms
[19837.043s][info][gc] GC(9150) Pause Young (Allocation Failure) 14M->10M(15M) 0.315ms
[19839.044s][info][gc] GC(9151) Pause Young (Allocation Failure) 14M->10M(15M) 0.312ms
[19841.044s][info][gc] GC(9152) Pause Young (Allocation Failure) 14M->10M(15M) 0.319ms
[19843.043s][info][gc] GC(9153) Pause Young (Allocation Failure) 14M->10M(15M) 0.301ms
[19844.845s][info][gc] GC(9154) Pause Young (Allocation Failure) 14M->10M(15M) 0.333ms
[19846.842s][info][gc] GC(9155) Pause Young (Allocation Failure) 14M->10M(15M) 0.281ms
[19848.743s][info][gc] GC(9156) Pause Young (Allocation Failure) 14M->10M(15M) 0.300ms
[19850.543s][info][gc] GC(9157) Pause Young (Allocation Failure) 14M->10M(15M) 0.346ms
[19852.444s][info][gc] GC(9158) Pause Young (Allocation Failure) 14M->10M(15M) 0.339ms
[19854.344s][info][gc] GC(9159) Pause Young (Allocation Failure) 14M->10M(15M) 0.336ms
[19856.243s][info][gc] GC(9160) Pause Young (Allocation Failure) 14M->10M(15M) 0.324ms
[19858.144s][info][gc] GC(9161) Pause Young (Allocation Failure) 14M->10M(15M) 0.342ms
[19860.044s][info][gc] GC(9162) Pause Young (Allocation Failure) 14M->10M(15M) 0.324ms
[19861.944s][info][gc] GC(9163) Pause Young (Allocation Failure) 14M->10M(15M) 0.340ms
[19863.944s][info][gc] GC(9164) Pause Young (Allocation Failure) 14M->10M(15M) 0.300ms
[19865.844s][info][gc] GC(9165) Pause Young (Allocation Failure) 14M->10M(15M) 0.307ms
[19867.744s][info][gc] GC(9166) Pause Young (Allocation Failure) 14M->10M(15M) 0.299ms
[19869.643s][info][gc] GC(9167) Pause Young (Allocation Failure) 14M->10M(15M) 0.306ms
[19871.543s][info][gc] GC(9168) Pause Young (Allocation Failure) 14M->10M(15M) 0.329ms
[19873.444s][info][gc] GC(9169) Pause Young (Allocation Failure) 14M->10M(15M) 0.513ms
[19875.444s][info][gc] GC(9170) Pause Young (Allocation Failure) 14M->10M(15M) 0.279ms
[19877.444s][info][gc] GC(9171) Pause Young (Allocation Failure) 14M->10M(15M) 0.295ms
[19879.444s][info][gc] GC(9172) Pause Young (Allocation Failure) 14M->10M(15M) 0.334ms
[19881.444s][info][gc] GC(9173) Pause Young (Allocation Failure) 14M->10M(15M) 0.313ms
[19883.444s][info][gc] GC(9174) Pause Young (Allocation Failure) 14M->10M(15M) 0.334ms
[19885.444s][info][gc] GC(9175) Pause Young (Allocation Failure) 14M->10M(15M) 0.340ms
[19887.543s][info][gc] GC(9176) Pause Young (Allocation Failure) 14M->10M(15M) 0.274ms
[19889.544s][info][gc] GC(9177) Pause Young (Allocation Failure) 14M->10M(15M) 0.358ms
[19891.543s][info][gc] GC(9178) Pause Young (Allocation Failure) 14M->10M(15M) 0.318ms
[19893.544s][info][gc] GC(9179) Pause Young (Allocation Failure) 14M->10M(15M) 0.350ms
[19895.544s][info][gc] GC(9180) Pause Young (Allocation Failure) 14M->10M(15M) 0.349ms
[19897.544s][info][gc] GC(9181) Pause Young (Allocation Failure) 14M->10M(15M) 0.335ms
[19899.644s][info][gc] GC(9182) Pause Young (Allocation Failure) 14M->10M(15M) 0.449ms
[19901.644s][info][gc] GC(9183) Pause Young (Allocation Failure) 14M->10M(15M) 0.276ms
[19903.645s][info][gc] GC(9184) Pause Young (Allocation Failure) 14M->10M(15M) 0.542ms
[19905.644s][info][gc] GC(9185) Pause Young (Allocation Failure) 14M->10M(15M) 0.346ms
[19907.645s][info][gc] GC(9186) Pause Young (Allocation Failure) 14M->10M(15M) 0.351ms
[19909.644s][info][gc] GC(9187) Pause Young (Allocation Failure) 14M->10M(15M) 0.332ms
[19911.644s][info][gc] GC(9188) Pause Young (Allocation Failure) 14M->10M(15M) 0.362ms
[19913.744s][info][gc] GC(9189) Pause Young (Allocation Failure) 14M->10M(15M) 0.399ms
[19915.744s][info][gc] GC(9190) Pause Young (Allocation Failure) 14M->10M(15M) 0.511ms
[19917.744s][info][gc] GC(9191) Pause Young (Allocation Failure) 14M->10M(15M) 0.400ms
[19919.743s][info][gc] GC(9192) Pause Young (Allocation Failure) 14M->10M(15M) 0.415ms
[19921.745s][info][gc] GC(9193) Pause Young (Allocation Failure) 14M->10M(15M) 0.642ms
[19923.744s][info][gc] GC(9194) Pause Young (Allocation Failure) 14M->10M(15M) 0.522ms
[19925.745s][info][gc] GC(9195) Pause Young (Allocation Failure) 14M->10M(15M) 0.680ms
[19927.843s][info][gc] GC(9196) Pause Young (Allocation Failure) 14M->10M(15M) 0.268ms
[19929.844s][info][gc] GC(9197) Pause Young (Allocation Failure) 14M->10M(15M) 0.306ms
[19931.844s][info][gc] GC(9198) Pause Young (Allocation Failure) 14M->10M(15M) 0.332ms
[19933.844s][info][gc] GC(9199) Pause Young (Allocation Failure) 14M->10M(15M) 0.315ms
[19935.944s][info][gc] GC(9200) Pause Young (Allocation Failure) 14M->10M(15M) 0.320ms
[19938.044s][info][gc] GC(9201) Pause Young (Allocation Failure) 14M->10M(15M) 0.289ms
[19940.143s][info][gc] GC(9202) Pause Young (Allocation Failure) 14M->10M(15M) 0.320ms
[19942.245s][info][gc] GC(9203) Pause Young (Allocation Failure) 14M->10M(15M) 0.328ms
[19944.444s][info][gc] GC(9204) Pause Young (Allocation Failure) 14M->10M(15M) 0.260ms
[19946.544s][info][gc] GC(9205) Pause Young (Allocation Failure) 14M->10M(15M) 0.317ms
[19948.645s][info][gc] GC(9206) Pause Young (Allocation Failure) 14M->10M(15M) 0.310ms
[19950.843s][info][gc] GC(9207) Pause Young (Allocation Failure) 14M->10M(15M) 0.262ms
[19952.944s][info][gc] GC(9208) Pause Young (Allocation Failure) 14M->10M(15M) 0.275ms
[19955.044s][info][gc] GC(9209) Pause Young (Allocation Failure) 14M->10M(15M) 0.328ms
[19957.144s][info][gc] GC(9210) Pause Young (Allocation Failure) 14M->10M(15M) 0.290ms
[19959.244s][info][gc] GC(9211) Pause Young (Allocation Failure) 14M->10M(15M) 0.313ms
[19961.243s][info][gc] GC(9212) Pause Young (Allocation Failure) 14M->10M(15M) 0.324ms
[19963.144s][info][gc] GC(9213) Pause Young (Allocation Failure) 14M->10M(15M) 0.422ms
[19965.044s][info][gc] GC(9214) Pause Young (Allocation Failure) 14M->10M(15M) 0.319ms
[19966.944s][info][gc] GC(9215) Pause Young (Allocation Failure) 14M->10M(15M) 0.321ms
[19968.844s][info][gc] GC(9216) Pause Young (Allocation Failure) 14M->10M(15M) 0.346ms
[19970.744s][info][gc] GC(9217) Pause Young (Allocation Failure) 14M->10M(15M) 0.336ms
[19972.645s][info][gc] GC(9218) Pause Young (Allocation Failure) 14M->10M(15M) 0.360ms
[19974.544s][info][gc] GC(9219) Pause Young (Allocation Failure) 14M->10M(15M) 0.365ms
[19976.544s][info][gc] GC(9220) Pause Young (Allocation Failure) 14M->10M(15M) 0.270ms
[19978.444s][info][gc] GC(9221) Pause Young (Allocation Failure) 14M->10M(15M) 0.355ms
[19980.344s][info][gc] GC(9222) Pause Young (Allocation Failure) 14M->10M(15M) 0.331ms
[19982.344s][info][gc] GC(9223) Pause Young (Allocation Failure) 14M->10M(15M) 0.340ms
[19984.443s][info][gc] GC(9224) Pause Young (Allocation Failure) 14M->10M(15M) 0.273ms
[19986.443s][info][gc] GC(9225) Pause Young (Allocation Failure) 14M->10M(15M) 0.321ms
[19988.444s][info][gc] GC(9226) Pause Young (Allocation Failure) 14M->10M(15M) 0.333ms
[19990.444s][info][gc] GC(9227) Pause Young (Allocation Failure) 14M->10M(15M) 0.319ms
[19992.444s][info][gc] GC(9228) Pause Young (Allocation Failure) 14M->10M(15M) 0.330ms
[19994.444s][info][gc] GC(9229) Pause Young (Allocation Failure) 14M->10M(15M) 0.318ms
[19996.444s][info][gc] GC(9230) Pause Young (Allocation Failure) 14M->10M(15M) 0.335ms
[19998.543s][info][gc] GC(9231) Pause Young (Allocation Failure) 14M->10M(15M) 0.252ms
[20000.544s][info][gc] GC(9232) Pause Young (Allocation Failure) 14M->10M(15M) 0.319ms
[20002.544s][info][gc] GC(9233) Pause Young (Allocation Failure) 14M->10M(15M) 0.297ms
[20004.544s][info][gc] GC(9234) Pause Young (Allocation Failure) 14M->10M(15M) 0.299ms
[20006.545s][info][gc] GC(9235) Pause Young (Allocation Failure) 14M->10M(15M) 0.346ms
[20008.544s][info][gc] GC(9236) Pause Young (Allocation Failure) 14M->10M(15M) 0.333ms
[20010.545s][info][gc] GC(9237) Pause Young (Allocation Failure) 14M->10M(15M) 0.330ms
[20012.644s][info][gc] GC(9238) Pause Young (Allocation Failure) 14M->10M(15M) 0.258ms
[20014.643s][info][gc] GC(9239) Pause Young (Allocation Failure) 14M->10M(15M) 0.315ms
[20016.644s][info][gc] GC(9240) Pause Young (Allocation Failure) 14M->10M(15M) 0.303ms
[20018.643s][info][gc] GC(9241) Pause Young (Allocation Failure) 14M->10M(15M) 0.333ms
[20020.644s][info][gc] GC(9242) Pause Young (Allocation Failure) 14M->10M(15M) 0.323ms
[20022.645s][info][gc] GC(9243) Pause Young (Allocation Failure) 14M->10M(15M) 0.311ms
[20024.644s][info][gc] GC(9244) Pause Young (Allocation Failure) 14M->10M(15M) 0.333ms
[20026.744s][info][gc] GC(9245) Pause Young (Allocation Failure) 14M->10M(15M) 0.353ms
[20028.745s][info][gc] GC(9246) Pause Young (Allocation Failure) 14M->10M(15M) 0.291ms
[20030.744s][info][gc] GC(9247) Pause Young (Allocation Failure) 14M->10M(15M) 0.305ms
[20032.745s][info][gc] GC(9248) Pause Young (Allocation Failure) 14M->10M(15M) 0.311ms
[20034.744s][info][gc] GC(9249) Pause Young (Allocation Failure) 14M->10M(15M) 0.384ms
[20036.644s][info][gc] GC(9250) Pause Young (Allocation Failure) 14M->10M(15M) 0.297ms
[20038.445s][info][gc] GC(9251) Pause Young (Allocation Failure) 14M->10M(15M) 0.357ms
[20040.344s][info][gc] GC(9252) Pause Young (Allocation Failure) 14M->10M(15M) 0.368ms
[20042.245s][info][gc] GC(9253) Pause Young (Allocation Failure) 14M->10M(15M) 0.324ms
[20044.214s][info][gc] GC(9254) Pause Young (Allocation Failure) 14M->10M(15M) 0.317ms
[20046.144s][info][gc] GC(9255) Pause Young (Allocation Failure) 14M->10M(15M) 0.350ms
[20048.044s][info][gc] GC(9256) Pause Young (Allocation Failure) 14M->10M(15M) 0.405ms
[20049.945s][info][gc] GC(9257) Pause Young (Allocation Failure) 14M->10M(15M) 0.338ms
[20051.845s][info][gc] GC(9258) Pause Young (Allocation Failure) 14M->10M(15M) 0.667ms
[20053.843s][info][gc] GC(9259) Pause Young (Allocation Failure) 14M->10M(15M) 0.356ms
[20055.745s][info][gc] GC(9260) Pause Young (Allocation Failure) 14M->10M(15M) 0.647ms
[20057.745s][info][gc] GC(9261) Pause Young (Allocation Failure) 14M->10M(15M) 0.775ms
[20059.843s][info][gc] GC(9262) Pause Young (Allocation Failure) 14M->10M(15M) 0.309ms
[20061.843s][info][gc] GC(9263) Pause Young (Allocation Failure) 14M->10M(15M) 0.395ms
[20063.845s][info][gc] GC(9264) Pause Young (Allocation Failure) 14M->10M(15M) 0.323ms
[20065.844s][info][gc] GC(9265) Pause Young (Allocation Failure) 14M->10M(15M) 0.584ms
[20067.844s][info][gc] GC(9266) Pause Young (Allocation Failure) 14M->10M(15M) 0.362ms
[20069.845s][info][gc] GC(9267) Pause Young (Allocation Failure) 14M->10M(15M) 0.563ms
[20071.844s][info][gc] GC(9268) Pause Young (Allocation Failure) 14M->10M(15M) 0.346ms
[20073.943s][info][gc] GC(9269) Pause Young (Allocation Failure) 14M->10M(15M) 0.285ms
[20075.943s][info][gc] GC(9270) Pause Young (Allocation Failure) 14M->10M(15M) 0.307ms
[20077.944s][info][gc] GC(9271) Pause Young (Allocation Failure) 14M->10M(15M) 0.307ms
[20079.944s][info][gc] GC(9272) Pause Young (Allocation Failure) 14M->10M(15M) 0.307ms
[20081.944s][info][gc] GC(9273) Pause Young (Allocation Failure) 14M->10M(15M) 0.309ms
[20083.944s][info][gc] GC(9274) Pause Young (Allocation Failure) 14M->10M(15M) 0.305ms
[20085.945s][info][gc] GC(9275) Pause Young (Allocation Failure) 14M->10M(15M) 0.337ms
[20088.043s][info][gc] GC(9276) Pause Young (Allocation Failure) 14M->10M(15M) 0.260ms
[20089.844s][info][gc] GC(9277) Pause Young (Allocation Failure) 14M->10M(15M) 0.346ms
[20091.744s][info][gc] GC(9278) Pause Young (Allocation Failure) 14M->10M(15M) 0.334ms
[20093.644s][info][gc] GC(9279) Pause Young (Allocation Failure) 14M->10M(15M) 0.328ms
[20095.544s][info][gc] GC(9280) Pause Young (Allocation Failure) 14M->10M(15M) 0.347ms
[20097.444s][info][gc] GC(9281) Pause Young (Allocation Failure) 14M->10M(15M) 0.339ms
[20099.344s][info][gc] GC(9282) Pause Young (Allocation Failure) 14M->10M(15M) 0.332ms
[20101.253s][info][gc] GC(9283) Pause Young (Allocation Failure) 14M->10M(15M) 0.286ms
[20103.244s][info][gc] GC(9284) Pause Young (Allocation Failure) 14M->10M(15M) 0.327ms
[20105.144s][info][gc] GC(9285) Pause Young (Allocation Failure) 14M->10M(15M) 0.300ms
[20107.044s][info][gc] GC(9286) Pause Young (Allocation Failure) 14M->10M(15M) 0.316ms
[20108.944s][info][gc] GC(9287) Pause Young (Allocation Failure) 14M->10M(15M) 0.338ms
[20110.845s][info][gc] GC(9288) Pause Young (Allocation Failure) 14M->10M(15M) 0.354ms
[20112.744s][info][gc] GC(9289) Pause Young (Allocation Failure) 14M->10M(15M) 0.345ms
[20114.744s][info][gc] GC(9290) Pause Young (Allocation Failure) 14M->10M(15M) 0.335ms
[20116.744s][info][gc] GC(9291) Pause Young (Allocation Failure) 14M->10M(15M) 0.303ms
[20118.744s][info][gc] GC(9292) Pause Young (Allocation Failure) 14M->10M(15M) 0.367ms
[20120.744s][info][gc] GC(9293) Pause Young (Allocation Failure) 14M->10M(15M) 0.316ms
[20122.744s][info][gc] GC(9294) Pause Young (Allocation Failure) 14M->10M(15M) 0.319ms
[20124.744s][info][gc] GC(9295) Pause Young (Allocation Failure) 14M->10M(15M) 0.336ms
[20126.745s][info][gc] GC(9296) Pause Young (Allocation Failure) 14M->10M(15M) 0.335ms
[20128.844s][info][gc] GC(9297) Pause Young (Allocation Failure) 14M->10M(15M) 0.287ms
[20130.844s][info][gc] GC(9298) Pause Young (Allocation Failure) 14M->10M(15M) 0.283ms
[20132.844s][info][gc] GC(9299) Pause Young (Allocation Failure) 14M->10M(15M) 0.338ms
[20134.844s][info][gc] GC(9300) Pause Young (Allocation Failure) 14M->10M(15M) 0.325ms
[20136.844s][info][gc] GC(9301) Pause Young (Allocation Failure) 14M->10M(15M) 0.331ms
[20138.844s][info][gc] GC(9302) Pause Young (Allocation Failure) 14M->10M(15M) 0.335ms
[20140.943s][info][gc] GC(9303) Pause Young (Allocation Failure) 14M->10M(15M) 0.284ms
[20142.907s][info][gc] GC(9304) Pause Young (Allocation Failure) 14M->10M(15M) 0.256ms
[20144.944s][info][gc] GC(9305) Pause Young (Allocation Failure) 14M->10M(15M) 0.314ms
[20146.944s][info][gc] GC(9306) Pause Young (Allocation Failure) 14M->10M(15M) 0.272ms
[20148.944s][info][gc] GC(9307) Pause Young (Allocation Failure) 14M->10M(15M) 0.341ms
[20150.944s][info][gc] GC(9308) Pause Young (Allocation Failure) 14M->10M(15M) 0.344ms
[20152.945s][info][gc] GC(9309) Pause Young (Allocation Failure) 14M->10M(15M) 0.329ms
[20154.944s][info][gc] GC(9310) Pause Young (Allocation Failure) 14M->10M(15M) 0.336ms
[20156.944s][info][gc] GC(9311) Pause Young (Allocation Failure) 14M->10M(15M) 0.338ms
[20159.043s][info][gc] GC(9312) Pause Young (Allocation Failure) 14M->10M(15M) 0.295ms
[20161.044s][info][gc] GC(9313) Pause Young (Allocation Failure) 14M->10M(15M) 0.283ms
[20163.044s][info][gc] GC(9314) Pause Young (Allocation Failure) 14M->10M(15M) 0.355ms
[20165.044s][info][gc] GC(9315) Pause Young (Allocation Failure) 14M->10M(15M) 0.309ms
[20167.044s][info][gc] GC(9316) Pause Young (Allocation Failure) 14M->10M(15M) 0.326ms
[20169.044s][info][gc] GC(9317) Pause Young (Allocation Failure) 14M->10M(15M) 0.338ms
[20171.045s][info][gc] GC(9318) Pause Young (Allocation Failure) 14M->10M(15M) 0.330ms
[20173.144s][info][gc] GC(9319) Pause Young (Allocation Failure) 14M->10M(15M) 0.261ms
[20175.144s][info][gc] GC(9320) Pause Young (Allocation Failure) 14M->10M(15M) 0.355ms
[20177.244s][info][gc] GC(9321) Pause Young (Allocation Failure) 14M->10M(15M) 0.290ms
[20179.345s][info][gc] GC(9322) Pause Young (Allocation Failure) 14M->10M(15M) 0.298ms
[20181.542s][info][gc] GC(9323) Pause Young (Allocation Failure) 14M->10M(15M) 0.268ms
[20183.644s][info][gc] GC(9324) Pause Young (Allocation Failure) 14M->10M(15M) 0.314ms
[20185.744s][info][gc] GC(9325) Pause Young (Allocation Failure) 14M->10M(15M) 0.299ms
[20187.944s][info][gc] GC(9326) Pause Young (Allocation Failure) 14M->10M(15M) 0.262ms
[20190.044s][info][gc] GC(9327) Pause Young (Allocation Failure) 14M->10M(15M) 0.308ms
[20192.145s][info][gc] GC(9328) Pause Young (Allocation Failure) 14M->10M(15M) 0.294ms
[20194.245s][info][gc] GC(9329) Pause Young (Allocation Failure) 14M->10M(15M) 0.358ms
[20196.344s][info][gc] GC(9330) Pause Young (Allocation Failure) 14M->10M(15M) 0.283ms
[20198.544s][info][gc] GC(9331) Pause Young (Allocation Failure) 14M->10M(15M) 0.245ms
[20200.644s][info][gc] GC(9332) Pause Young (Allocation Failure) 14M->10M(15M) 0.277ms
[20202.745s][info][gc] GC(9333) Pause Young (Allocation Failure) 14M->10M(15M) 0.303ms
[20204.844s][info][gc] GC(9334) Pause Young (Allocation Failure) 14M->10M(15M) 0.307ms
[20207.043s][info][gc] GC(9335) Pause Young (Allocation Failure) 14M->10M(15M) 0.253ms
[20209.144s][info][gc] GC(9336) Pause Young (Allocation Failure) 14M->10M(15M) 0.284ms
[20211.244s][info][gc] GC(9337) Pause Young (Allocation Failure) 14M->10M(15M) 0.300ms
[20213.345s][info][gc] GC(9338) Pause Young (Allocation Failure) 14M->10M(15M) 0.301ms
[20215.444s][info][gc] GC(9339) Pause Young (Allocation Failure) 14M->10M(15M) 0.317ms
[20217.644s][info][gc] GC(9340) Pause Young (Allocation Failure) 14M->10M(15M) 0.262ms
[20219.744s][info][gc] GC(9341) Pause Young (Allocation Failure) 14M->10M(15M) 0.281ms
[20221.844s][info][gc] GC(9342) Pause Young (Allocation Failure) 14M->10M(15M) 0.303ms
[20223.844s][info][gc] GC(9343) Pause Young (Allocation Failure) 14M->10M(15M) 0.336ms
[20225.644s][info][gc] GC(9344) Pause Young (Allocation Failure) 14M->10M(15M) 0.339ms
[20227.544s][info][gc] GC(9345) Pause Young (Allocation Failure) 14M->10M(15M) 0.350ms
[20229.445s][info][gc] GC(9346) Pause Young (Allocation Failure) 14M->10M(15M) 0.340ms
[20231.443s][info][gc] GC(9347) Pause Young (Allocation Failure) 14M->10M(15M) 0.293ms
[20233.344s][info][gc] GC(9348) Pause Young (Allocation Failure) 14M->10M(15M) 0.309ms
[20235.244s][info][gc] GC(9349) Pause Young (Allocation Failure) 14M->10M(15M) 0.349ms
[20237.144s][info][gc] GC(9350) Pause Young (Allocation Failure) 14M->10M(15M) 0.338ms
[20239.045s][info][gc] GC(9351) Pause Young (Allocation Failure) 14M->10M(15M) 0.338ms
[20241.034s][info][gc] GC(9352) Pause Young (Allocation Failure) 14M->10M(15M) 0.361ms
[20242.943s][info][gc] GC(9353) Pause Young (Allocation Failure) 14M->10M(15M) 0.350ms
[20244.844s][info][gc] GC(9354) Pause Young (Allocation Failure) 14M->10M(15M) 0.290ms
[20246.743s][info][gc] GC(9355) Pause Young (Allocation Failure) 14M->10M(15M) 0.311ms
[20248.644s][info][gc] GC(9356) Pause Young (Allocation Failure) 14M->10M(15M) 0.322ms
[20250.644s][info][gc] GC(9357) Pause Young (Allocation Failure) 14M->10M(15M) 0.343ms
[20252.644s][info][gc] GC(9358) Pause Young (Allocation Failure) 14M->10M(15M) 0.363ms
[20254.644s][info][gc] GC(9359) Pause Young (Allocation Failure) 14M->10M(15M) 0.296ms
[20256.644s][info][gc] GC(9360) Pause Young (Allocation Failure) 14M->10M(15M) 0.317ms
[20258.644s][info][gc] GC(9361) Pause Young (Allocation Failure) 14M->10M(15M) 0.333ms
[20260.645s][info][gc] GC(9362) Pause Young (Allocation Failure) 14M->10M(15M) 0.328ms
[20262.544s][info][gc] GC(9363) Pause Young (Allocation Failure) 14M->10M(15M) 0.331ms
[20264.444s][info][gc] GC(9364) Pause Young (Allocation Failure) 14M->10M(15M) 0.332ms
[20266.375s][info][gc] GC(9365) Pause Young (Allocation Failure) 14M->10M(15M) 0.293ms
[20268.344s][info][gc] GC(9366) Pause Young (Allocation Failure) 14M->10M(15M) 0.307ms
[20270.244s][info][gc] GC(9367) Pause Young (Allocation Failure) 14M->10M(15M) 0.292ms
[20272.144s][info][gc] GC(9368) Pause Young (Allocation Failure) 14M->10M(15M) 0.310ms
[20274.045s][info][gc] GC(9369) Pause Young (Allocation Failure) 14M->10M(15M) 0.334ms
[20275.944s][info][gc] GC(9370) Pause Young (Allocation Failure) 14M->10M(15M) 0.342ms
[20277.845s][info][gc] GC(9371) Pause Young (Allocation Failure) 14M->10M(15M) 0.342ms
[20279.844s][info][gc] GC(9372) Pause Young (Allocation Failure) 14M->10M(15M) 0.369ms
[20281.844s][info][gc] GC(9373) Pause Young (Allocation Failure) 14M->10M(15M) 0.303ms
[20283.844s][info][gc] GC(9374) Pause Young (Allocation Failure) 14M->10M(15M) 0.338ms
[20285.844s][info][gc] GC(9375) Pause Young (Allocation Failure) 14M->10M(15M) 0.333ms
[20287.845s][info][gc] GC(9376) Pause Young (Allocation Failure) 14M->10M(15M) 0.329ms
[20289.844s][info][gc] GC(9377) Pause Young (Allocation Failure) 14M->10M(15M) 0.329ms
[20291.943s][info][gc] GC(9378) Pause Young (Allocation Failure) 14M->10M(15M) 0.299ms
[20293.944s][info][gc] GC(9379) Pause Young (Allocation Failure) 14M->10M(15M) 0.279ms
[20295.944s][info][gc] GC(9380) Pause Young (Allocation Failure) 14M->10M(15M) 0.288ms
[20297.944s][info][gc] GC(9381) Pause Young (Allocation Failure) 14M->10M(15M) 0.310ms
[20299.944s][info][gc] GC(9382) Pause Young (Allocation Failure) 14M->10M(15M) 0.333ms
[20301.944s][info][gc] GC(9383) Pause Young (Allocation Failure) 14M->10M(15M) 0.318ms
[20303.944s][info][gc] GC(9384) Pause Young (Allocation Failure) 14M->10M(15M) 0.334ms
[20306.044s][info][gc] GC(9385) Pause Young (Allocation Failure) 14M->10M(15M) 0.306ms
[20308.044s][info][gc] GC(9386) Pause Young (Allocation Failure) 14M->10M(15M) 0.311ms
[20310.044s][info][gc] GC(9387) Pause Young (Allocation Failure) 14M->10M(15M) 0.294ms
[20312.044s][info][gc] GC(9388) Pause Young (Allocation Failure) 14M->10M(15M) 0.296ms
[20314.044s][info][gc] GC(9389) Pause Young (Allocation Failure) 14M->10M(15M) 0.315ms
[20316.044s][info][gc] GC(9390) Pause Young (Allocation Failure) 14M->10M(15M) 0.324ms
[20318.073s][info][gc] GC(9391) Pause Young (Allocation Failure) 14M->10M(15M) 0.297ms
[20320.143s][info][gc] GC(9392) Pause Young (Allocation Failure) 14M->10M(15M) 0.310ms
[20322.144s][info][gc] GC(9393) Pause Young (Allocation Failure) 14M->10M(15M) 0.316ms
[20324.144s][info][gc] GC(9394) Pause Young (Allocation Failure) 14M->10M(15M) 0.299ms
[20326.144s][info][gc] GC(9395) Pause Young (Allocation Failure) 14M->10M(15M) 0.291ms
[20328.144s][info][gc] GC(9396) Pause Young (Allocation Failure) 14M->10M(15M) 0.304ms
[20330.145s][info][gc] GC(9397) Pause Young (Allocation Failure) 14M->10M(15M) 0.342ms
[20332.144s][info][gc] GC(9398) Pause Young (Allocation Failure) 14M->10M(15M) 0.330ms
[20334.244s][info][gc] GC(9399) Pause Young (Allocation Failure) 14M->10M(15M) 0.266ms
[20336.244s][info][gc] GC(9400) Pause Young (Allocation Failure) 14M->10M(15M) 0.304ms
[20338.243s][info][gc] GC(9401) Pause Young (Allocation Failure) 14M->10M(15M) 0.317ms
[20340.343s][info][gc] GC(9402) Pause Young (Allocation Failure) 14M->10M(15M) 0.453ms
[20342.437s][info][gc] GC(9403) Pause Young (Allocation Failure) 14M->10M(15M) 0.274ms
[20344.544s][info][gc] GC(9404) Pause Young (Allocation Failure) 14M->10M(15M) 0.572ms
[20346.645s][info][gc] GC(9405) Pause Young (Allocation Failure) 14M->10M(15M) 0.297ms
[20348.643s][info][gc] GC(9406) Pause Young (Allocation Failure) 14M->10M(15M) 0.284ms
[20350.446s][info][gc] GC(9407) Pause Young (Allocation Failure) 14M->10M(15M) 0.249ms
[20352.444s][info][gc] GC(9408) Pause Young (Allocation Failure) 14M->10M(15M) 0.314ms
[20354.245s][info][gc] GC(9409) Pause Young (Allocation Failure) 14M->10M(15M) 0.336ms
[20356.244s][info][gc] GC(9410) Pause Young (Allocation Failure) 14M->10M(15M) 0.365ms
[20358.144s][info][gc] GC(9411) Pause Young (Allocation Failure) 14M->10M(15M) 0.344ms
[20360.044s][info][gc] GC(9412) Pause Young (Allocation Failure) 14M->10M(15M) 0.332ms
[20361.944s][info][gc] GC(9413) Pause Young (Allocation Failure) 14M->10M(15M) 0.301ms
[20363.844s][info][gc] GC(9414) Pause Young (Allocation Failure) 14M->10M(15M) 0.337ms
[20365.744s][info][gc] GC(9415) Pause Young (Allocation Failure) 14M->10M(15M) 0.344ms
[20367.645s][info][gc] GC(9416) Pause Young (Allocation Failure) 14M->10M(15M) 0.335ms
[20369.643s][info][gc] GC(9417) Pause Young (Allocation Failure) 14M->10M(15M) 0.290ms
[20371.644s][info][gc] GC(9418) Pause Young (Allocation Failure) 14M->10M(15M) 0.331ms
[20373.644s][info][gc] GC(9419) Pause Young (Allocation Failure) 14M->10M(15M) 0.335ms
[20375.644s][info][gc] GC(9420) Pause Young (Allocation Failure) 14M->10M(15M) 0.327ms
[20377.644s][info][gc] GC(9421) Pause Young (Allocation Failure) 14M->10M(15M) 0.353ms
[20379.644s][info][gc] GC(9422) Pause Young (Allocation Failure) 14M->10M(15M) 0.327ms
[20381.644s][info][gc] GC(9423) Pause Young (Allocation Failure) 14M->10M(15M) 0.329ms
[20383.743s][info][gc] GC(9424) Pause Young (Allocation Failure) 14M->10M(15M) 0.286ms
[20385.744s][info][gc] GC(9425) Pause Young (Allocation Failure) 14M->10M(15M) 0.320ms
[20387.744s][info][gc] GC(9426) Pause Young (Allocation Failure) 14M->10M(15M) 0.307ms
[20389.744s][info][gc] GC(9427) Pause Young (Allocation Failure) 14M->10M(15M) 0.301ms
[20391.744s][info][gc] GC(9428) Pause Young (Allocation Failure) 14M->10M(15M) 0.331ms
[20393.744s][info][gc] GC(9429) Pause Young (Allocation Failure) 14M->10M(15M) 0.326ms
[20395.744s][info][gc] GC(9430) Pause Young (Allocation Failure) 14M->10M(15M) 0.326ms
[20397.844s][info][gc] GC(9431) Pause Young (Allocation Failure) 14M->10M(15M) 0.262ms
[20399.844s][info][gc] GC(9432) Pause Young (Allocation Failure) 14M->10M(15M) 0.297ms
[20401.844s][info][gc] GC(9433) Pause Young (Allocation Failure) 14M->10M(15M) 0.301ms
[20403.843s][info][gc] GC(9434) Pause Young (Allocation Failure) 14M->10M(15M) 0.296ms
[20405.844s][info][gc] GC(9435) Pause Young (Allocation Failure) 14M->10M(15M) 0.309ms
[20407.845s][info][gc] GC(9436) Pause Young (Allocation Failure) 14M->10M(15M) 0.326ms
[20409.943s][info][gc] GC(9437) Pause Young (Allocation Failure) 14M->10M(15M) 0.268ms
[20411.944s][info][gc] GC(9438) Pause Young (Allocation Failure) 14M->10M(15M) 0.272ms
[20413.943s][info][gc] GC(9439) Pause Young (Allocation Failure) 14M->10M(15M) 0.298ms
[20415.944s][info][gc] GC(9440) Pause Young (Allocation Failure) 14M->10M(15M) 0.309ms
[20417.944s][info][gc] GC(9441) Pause Young (Allocation Failure) 14M->10M(15M) 0.321ms
[20419.944s][info][gc] GC(9442) Pause Young (Allocation Failure) 14M->10M(15M) 0.320ms
[20421.944s][info][gc] GC(9443) Pause Young (Allocation Failure) 14M->10M(15M) 0.330ms
[20424.043s][info][gc] GC(9444) Pause Young (Allocation Failure) 14M->10M(15M) 0.273ms
[20426.044s][info][gc] GC(9445) Pause Young (Allocation Failure) 14M->10M(15M) 0.281ms
[20428.044s][info][gc] GC(9446) Pause Young (Allocation Failure) 14M->10M(15M) 0.278ms
[20430.044s][info][gc] GC(9447) Pause Young (Allocation Failure) 14M->10M(15M) 0.320ms
[20432.244s][info][gc] GC(9448) Pause Young (Allocation Failure) 14M->10M(15M) 0.285ms
[20434.344s][info][gc] GC(9449) Pause Young (Allocation Failure) 14M->10M(15M) 0.308ms
[20436.445s][info][gc] GC(9450) Pause Young (Allocation Failure) 14M->10M(15M) 0.307ms
[20438.544s][info][gc] GC(9451) Pause Young (Allocation Failure) 14M->10M(15M) 0.294ms
[20440.645s][info][gc] GC(9452) Pause Young (Allocation Failure) 14M->10M(15M) 0.306ms
[20442.844s][info][gc] GC(9453) Pause Young (Allocation Failure) 14M->10M(15M) 0.264ms
[20444.944s][info][gc] GC(9454) Pause Young (Allocation Failure) 14M->10M(15M) 0.484ms
[20447.044s][info][gc] GC(9455) Pause Young (Allocation Failure) 14M->10M(15M) 0.302ms
[20449.144s][info][gc] GC(9456) Pause Young (Allocation Failure) 14M->10M(15M) 0.299ms
[20451.344s][info][gc] GC(9457) Pause Young (Allocation Failure) 14M->10M(15M) 0.304ms
[20453.444s][info][gc] GC(9458) Pause Young (Allocation Failure) 14M->10M(15M) 0.291ms
[20455.544s][info][gc] GC(9459) Pause Young (Allocation Failure) 14M->10M(15M) 0.290ms
[20457.644s][info][gc] GC(9460) Pause Young (Allocation Failure) 14M->10M(15M) 0.314ms
[20459.844s][info][gc] GC(9461) Pause Young (Allocation Failure) 14M->10M(15M) 0.243ms
[20461.944s][info][gc] GC(9462) Pause Young (Allocation Failure) 14M->10M(15M) 0.276ms
[20464.044s][info][gc] GC(9463) Pause Young (Allocation Failure) 14M->10M(15M) 0.293ms
[20466.044s][info][gc] GC(9464) Pause Young (Allocation Failure) 14M->10M(15M) 0.315ms
[20467.944s][info][gc] GC(9465) Pause Young (Allocation Failure) 14M->10M(15M) 0.309ms
[20469.844s][info][gc] GC(9466) Pause Young (Allocation Failure) 14M->10M(15M) 0.292ms
[20471.744s][info][gc] GC(9467) Pause Young (Allocation Failure) 14M->10M(15M) 0.310ms
[20473.645s][info][gc] GC(9468) Pause Young (Allocation Failure) 14M->10M(15M) 0.303ms
[20475.544s][info][gc] GC(9469) Pause Young (Allocation Failure) 14M->10M(15M) 0.299ms
[20477.444s][info][gc] GC(9470) Pause Young (Allocation Failure) 14M->10M(15M) 0.347ms
[20479.344s][info][gc] GC(9471) Pause Young (Allocation Failure) 14M->10M(15M) 0.307ms
[20481.243s][info][gc] GC(9472) Pause Young (Allocation Failure) 14M->10M(15M) 0.287ms
[20483.144s][info][gc] GC(9473) Pause Young (Allocation Failure) 14M->10M(15M) 0.315ms
[20485.044s][info][gc] GC(9474) Pause Young (Allocation Failure) 14M->10M(15M) 0.447ms
[20486.944s][info][gc] GC(9475) Pause Young (Allocation Failure) 14M->10M(15M) 0.298ms
[20488.845s][info][gc] GC(9476) Pause Young (Allocation Failure) 14M->10M(15M) 0.341ms
[20490.744s][info][gc] GC(9477) Pause Young (Allocation Failure) 14M->10M(15M) 0.327ms
[20492.644s][info][gc] GC(9478) Pause Young (Allocation Failure) 14M->10M(15M) 0.346ms
[20494.561s][info][gc] GC(9479) Pause Young (Allocation Failure) 14M->10M(15M) 0.839ms
[20496.543s][info][gc] GC(9480) Pause Young (Allocation Failure) 14M->10M(15M) 0.323ms
[20498.444s][info][gc] GC(9481) Pause Young (Allocation Failure) 14M->10M(15M) 0.305ms
[20500.345s][info][gc] GC(9482) Pause Young (Allocation Failure) 14M->10M(15M) 0.307ms
[20502.244s][info][gc] GC(9483) Pause Young (Allocation Failure) 14M->10M(15M) 0.327ms
[20504.144s][info][gc] GC(9484) Pause Young (Allocation Failure) 14M->10M(15M) 0.324ms
[20506.145s][info][gc] GC(9485) Pause Young (Allocation Failure) 14M->10M(15M) 0.346ms
[20508.243s][info][gc] GC(9486) Pause Young (Allocation Failure) 14M->10M(15M) 0.274ms
[20510.244s][info][gc] GC(9487) Pause Young (Allocation Failure) 14M->10M(15M) 0.276ms
[20512.246s][info][gc] GC(9488) Pause Young (Allocation Failure) 14M->10M(15M) 0.903ms
[20514.244s][info][gc] GC(9489) Pause Young (Allocation Failure) 14M->10M(15M) 0.305ms
[20516.243s][info][gc] GC(9490) Pause Young (Allocation Failure) 14M->10M(15M) 0.352ms
[20518.245s][info][gc] GC(9491) Pause Young (Allocation Failure) 14M->10M(15M) 0.328ms
[20520.245s][info][gc] GC(9492) Pause Young (Allocation Failure) 14M->10M(15M) 0.327ms
[20522.344s][info][gc] GC(9493) Pause Young (Allocation Failure) 14M->10M(15M) 0.282ms
[20524.343s][info][gc] GC(9494) Pause Young (Allocation Failure) 14M->10M(15M) 0.338ms
[20526.344s][info][gc] GC(9495) Pause Young (Allocation Failure) 14M->10M(15M) 0.294ms
[20528.344s][info][gc] GC(9496) Pause Young (Allocation Failure) 14M->10M(15M) 0.305ms
[20530.344s][info][gc] GC(9497) Pause Young (Allocation Failure) 14M->10M(15M) 0.298ms
[20532.345s][info][gc] GC(9498) Pause Young (Allocation Failure) 14M->10M(15M) 0.320ms
[20534.345s][info][gc] GC(9499) Pause Young (Allocation Failure) 14M->10M(15M) 0.333ms
[20536.444s][info][gc] GC(9500) Pause Young (Allocation Failure) 14M->10M(15M) 0.279ms
[20538.444s][info][gc] GC(9501) Pause Young (Allocation Failure) 14M->10M(15M) 0.314ms
[20540.443s][info][gc] GC(9502) Pause Young (Allocation Failure) 14M->10M(15M) 0.303ms
[20542.443s][info][gc] GC(9503) Pause Young (Allocation Failure) 14M->10M(15M) 0.317ms
[20544.444s][info][gc] GC(9504) Pause Young (Allocation Failure) 14M->10M(15M) 0.324ms
[20546.444s][info][gc] GC(9505) Pause Young (Allocation Failure) 14M->10M(15M) 0.337ms
[20548.543s][info][gc] GC(9506) Pause Young (Allocation Failure) 14M->10M(15M) 0.289ms
[20550.544s][info][gc] GC(9507) Pause Young (Allocation Failure) 14M->10M(15M) 0.269ms
[20552.544s][info][gc] GC(9508) Pause Young (Allocation Failure) 14M->10M(15M) 0.280ms
[20554.544s][info][gc] GC(9509) Pause Young (Allocation Failure) 14M->10M(15M) 0.319ms
[20556.544s][info][gc] GC(9510) Pause Young (Allocation Failure) 14M->10M(15M) 0.320ms
[20558.544s][info][gc] GC(9511) Pause Young (Allocation Failure) 14M->10M(15M) 0.330ms
[20560.545s][info][gc] GC(9512) Pause Young (Allocation Failure) 14M->10M(15M) 0.325ms
[20562.611s][info][gc] GC(9513) Pause Young (Allocation Failure) 14M->10M(15M) 0.305ms
[20564.612s][info][gc] GC(9514) Pause Young (Allocation Failure) 14M->10M(15M) 0.329ms
[20566.744s][info][gc] GC(9515) Pause Young (Allocation Failure) 14M->10M(15M) 0.302ms
[20568.844s][info][gc] GC(9516) Pause Young (Allocation Failure) 14M->10M(15M) 0.278ms
[20570.944s][info][gc] GC(9517) Pause Young (Allocation Failure) 14M->10M(15M) 0.297ms
[20573.143s][info][gc] GC(9518) Pause Young (Allocation Failure) 14M->10M(15M) 0.243ms
[20575.244s][info][gc] GC(9519) Pause Young (Allocation Failure) 14M->10M(15M) 0.293ms
[20577.344s][info][gc] GC(9520) Pause Young (Allocation Failure) 14M->10M(15M) 0.299ms
[20579.445s][info][gc] GC(9521) Pause Young (Allocation Failure) 14M->10M(15M) 0.286ms
[20581.623s][info][gc] GC(9522) Pause Young (Allocation Failure) 14M->10M(15M) 0.248ms
[20583.743s][info][gc] GC(9523) Pause Young (Allocation Failure) 14M->10M(15M) 0.295ms
[20585.844s][info][gc] GC(9524) Pause Young (Allocation Failure) 14M->10M(15M) 0.306ms
[20587.944s][info][gc] GC(9525) Pause Young (Allocation Failure) 14M->10M(15M) 0.302ms
[20590.143s][info][gc] GC(9526) Pause Young (Allocation Failure) 14M->10M(15M) 0.298ms
[20592.244s][info][gc] GC(9527) Pause Young (Allocation Failure) 14M->10M(15M) 0.269ms
[20594.344s][info][gc] GC(9528) Pause Young (Allocation Failure) 14M->10M(15M) 0.294ms
[20596.445s][info][gc] GC(9529) Pause Young (Allocation Failure) 14M->10M(15M) 0.305ms
[20598.640s][info][gc] GC(9530) Pause Young (Allocation Failure) 14M->10M(15M) 0.262ms
[20600.744s][info][gc] GC(9531) Pause Young (Allocation Failure) 14M->10M(15M) 0.243ms
[20602.843s][info][gc] GC(9532) Pause Young (Allocation Failure) 14M->10M(15M) 0.277ms
[20604.744s][info][gc] GC(9533) Pause Young (Allocation Failure) 14M->10M(15M) 0.353ms
[20606.645s][info][gc] GC(9534) Pause Young (Allocation Failure) 14M->10M(15M) 0.369ms
[20608.545s][info][gc] GC(9535) Pause Young (Allocation Failure) 15M->10M(15M) 0.636ms
[20610.445s][info][gc] GC(9536) Pause Young (Allocation Failure) 14M->10M(15M) 0.345ms
[20612.345s][info][gc] GC(9537) Pause Young (Allocation Failure) 14M->10M(15M) 0.342ms
[20614.244s][info][gc] GC(9538) Pause Young (Allocation Failure) 14M->10M(15M) 0.348ms
[20616.244s][info][gc] GC(9539) Pause Young (Allocation Failure) 14M->10M(15M) 0.307ms
[20618.144s][info][gc] GC(9540) Pause Young (Allocation Failure) 14M->10M(15M) 0.304ms
[20620.044s][info][gc] GC(9541) Pause Young (Allocation Failure) 14M->10M(15M) 0.335ms
[20621.944s][info][gc] GC(9542) Pause Young (Allocation Failure) 14M->10M(15M) 0.314ms
[20623.844s][info][gc] GC(9543) Pause Young (Allocation Failure) 14M->10M(15M) 0.382ms
[20625.845s][info][gc] GC(9544) Pause Young (Allocation Failure) 14M->10M(15M) 0.344ms
[20627.844s][info][gc] GC(9545) Pause Young (Allocation Failure) 14M->10M(15M) 0.330ms
[20629.844s][info][gc] GC(9546) Pause Young (Allocation Failure) 14M->10M(15M) 0.335ms
[20631.844s][info][gc] GC(9547) Pause Young (Allocation Failure) 14M->10M(15M) 0.343ms
[20633.845s][info][gc] GC(9548) Pause Young (Allocation Failure) 14M->10M(15M) 0.326ms
[20635.944s][info][gc] GC(9549) Pause Young (Allocation Failure) 14M->10M(15M) 0.277ms
[20637.944s][info][gc] GC(9550) Pause Young (Allocation Failure) 14M->10M(15M) 0.289ms
[20639.944s][info][gc] GC(9551) Pause Young (Allocation Failure) 14M->10M(15M) 0.369ms
[20641.944s][info][gc] GC(9552) Pause Young (Allocation Failure) 14M->10M(15M) 0.324ms
[20643.943s][info][gc] GC(9553) Pause Young (Allocation Failure) 14M->10M(15M) 0.290ms
[20645.945s][info][gc] GC(9554) Pause Young (Allocation Failure) 14M->10M(15M) 0.418ms
[20647.945s][info][gc] GC(9555) Pause Young (Allocation Failure) 14M->10M(15M) 0.493ms
[20650.044s][info][gc] GC(9556) Pause Young (Allocation Failure) 14M->10M(15M) 0.306ms
[20652.044s][info][gc] GC(9557) Pause Young (Allocation Failure) 14M->10M(15M) 0.286ms
[20654.043s][info][gc] GC(9558) Pause Young (Allocation Failure) 14M->10M(15M) 0.296ms
[20656.044s][info][gc] GC(9559) Pause Young (Allocation Failure) 14M->10M(15M) 0.313ms
[20658.044s][info][gc] GC(9560) Pause Young (Allocation Failure) 14M->10M(15M) 0.301ms
[20660.045s][info][gc] GC(9561) Pause Young (Allocation Failure) 14M->10M(15M) 0.327ms
[20662.044s][info][gc] GC(9562) Pause Young (Allocation Failure) 14M->10M(15M) 0.330ms
[20664.144s][info][gc] GC(9563) Pause Young (Allocation Failure) 14M->10M(15M) 0.320ms
[20666.144s][info][gc] GC(9564) Pause Young (Allocation Failure) 14M->10M(15M) 0.340ms
[20668.144s][info][gc] GC(9565) Pause Young (Allocation Failure) 14M->10M(15M) 0.305ms
[20670.144s][info][gc] GC(9566) Pause Young (Allocation Failure) 14M->10M(15M) 0.314ms
[20672.144s][info][gc] GC(9567) Pause Young (Allocation Failure) 14M->10M(15M) 0.305ms
[20674.144s][info][gc] GC(9568) Pause Young (Allocation Failure) 14M->10M(15M) 0.319ms
[20676.241s][info][gc] GC(9569) Pause Young (Allocation Failure) 14M->10M(15M) 0.261ms
[20678.243s][info][gc] GC(9570) Pause Young (Allocation Failure) 14M->10M(15M) 0.257ms
[20680.044s][info][gc] GC(9571) Pause Young (Allocation Failure) 14M->10M(15M) 0.300ms
[20681.943s][info][gc] GC(9572) Pause Young (Allocation Failure) 14M->10M(15M) 0.316ms
[20683.844s][info][gc] GC(9573) Pause Young (Allocation Failure) 14M->10M(15M) 0.282ms
[20685.743s][info][gc] GC(9574) Pause Young (Allocation Failure) 14M->10M(15M) 0.301ms
[20687.645s][info][gc] GC(9575) Pause Young (Allocation Failure) 14M->10M(15M) 0.320ms
[20689.544s][info][gc] GC(9576) Pause Young (Allocation Failure) 14M->10M(15M) 0.314ms
[20691.445s][info][gc] GC(9577) Pause Young (Allocation Failure) 14M->10M(15M) 0.322ms
[20693.345s][info][gc] GC(9578) Pause Young (Allocation Failure) 14M->10M(15M) 0.327ms
[20695.244s][info][gc] GC(9579) Pause Young (Allocation Failure) 14M->10M(15M) 0.341ms
[20697.244s][info][gc] GC(9580) Pause Young (Allocation Failure) 14M->10M(15M) 0.299ms
[20699.144s][info][gc] GC(9581) Pause Young (Allocation Failure) 14M->10M(15M) 0.320ms
[20701.045s][info][gc] GC(9582) Pause Young (Allocation Failure) 14M->10M(15M) 0.325ms
[20703.144s][info][gc] GC(9583) Pause Young (Allocation Failure) 14M->10M(15M) 0.280ms
[20705.144s][info][gc] GC(9584) Pause Young (Allocation Failure) 14M->10M(15M) 0.296ms
[20707.144s][info][gc] GC(9585) Pause Young (Allocation Failure) 14M->10M(15M) 0.288ms
[20709.143s][info][gc] GC(9586) Pause Young (Allocation Failure) 14M->10M(15M) 0.357ms
[20711.144s][info][gc] GC(9587) Pause Young (Allocation Failure) 14M->10M(15M) 0.329ms
[20713.144s][info][gc] GC(9588) Pause Young (Allocation Failure) 14M->10M(15M) 0.320ms
[20715.243s][info][gc] GC(9589) Pause Young (Allocation Failure) 14M->10M(15M) 0.281ms
[20717.244s][info][gc] GC(9590) Pause Young (Allocation Failure) 14M->10M(15M) 0.278ms
[20719.245s][info][gc] GC(9591) Pause Young (Allocation Failure) 14M->10M(15M) 0.299ms
[20721.245s][info][gc] GC(9592) Pause Young (Allocation Failure) 14M->10M(15M) 0.316ms
[20723.244s][info][gc] GC(9593) Pause Young (Allocation Failure) 14M->10M(15M) 0.307ms
[20725.245s][info][gc] GC(9594) Pause Young (Allocation Failure) 14M->10M(15M) 0.327ms
[20727.145s][info][gc] GC(9595) Pause Young (Allocation Failure) 14M->10M(15M) 0.317ms
[20729.044s][info][gc] GC(9596) Pause Young (Allocation Failure) 14M->10M(15M) 0.302ms
[20730.944s][info][gc] GC(9597) Pause Young (Allocation Failure) 14M->10M(15M) 0.331ms
[20732.844s][info][gc] GC(9598) Pause Young (Allocation Failure) 14M->10M(15M) 0.306ms
[20734.743s][info][gc] GC(9599) Pause Young (Allocation Failure) 14M->10M(15M) 0.310ms
[20736.743s][info][gc] GC(9600) Pause Young (Allocation Failure) 14M->10M(15M) 0.256ms
[20738.644s][info][gc] GC(9601) Pause Young (Allocation Failure) 14M->10M(15M) 0.275ms
[20740.544s][info][gc] GC(9602) Pause Young (Allocation Failure) 14M->10M(15M) 0.286ms
[20742.445s][info][gc] GC(9603) Pause Young (Allocation Failure) 14M->10M(15M) 0.321ms
[20744.344s][info][gc] GC(9604) Pause Young (Allocation Failure) 14M->10M(15M) 0.304ms
[20746.244s][info][gc] GC(9605) Pause Young (Allocation Failure) 14M->10M(15M) 0.318ms
[20748.144s][info][gc] GC(9606) Pause Young (Allocation Failure) 14M->10M(15M) 0.290ms
[20750.044s][info][gc] GC(9607) Pause Young (Allocation Failure) 14M->10M(15M) 0.330ms
[20751.945s][info][gc] GC(9608) Pause Young (Allocation Failure) 14M->10M(15M) 0.334ms
[20753.943s][info][gc] GC(9609) Pause Young (Allocation Failure) 14M->10M(15M) 0.250ms
[20755.844s][info][gc] GC(9610) Pause Young (Allocation Failure) 14M->10M(15M) 0.327ms
[20757.744s][info][gc] GC(9611) Pause Young (Allocation Failure) 14M->10M(15M) 0.389ms
[20759.644s][info][gc] GC(9612) Pause Young (Allocation Failure) 14M->10M(15M) 0.404ms
[20761.644s][info][gc] GC(9613) Pause Young (Allocation Failure) 14M->10M(15M) 0.338ms
[20763.743s][info][gc] GC(9614) Pause Young (Allocation Failure) 14M->10M(15M) 0.319ms
[20765.743s][info][gc] GC(9615) Pause Young (Allocation Failure) 14M->10M(15M) 0.455ms
[20767.744s][info][gc] GC(9616) Pause Young (Allocation Failure) 14M->10M(15M) 0.293ms
[20769.744s][info][gc] GC(9617) Pause Young (Allocation Failure) 14M->10M(15M) 0.315ms
[20771.743s][info][gc] GC(9618) Pause Young (Allocation Failure) 14M->10M(15M) 0.398ms
[20773.744s][info][gc] GC(9619) Pause Young (Allocation Failure) 14M->10M(15M) 0.350ms
[20775.744s][info][gc] GC(9620) Pause Young (Allocation Failure) 14M->10M(15M) 0.410ms
[20777.789s][info][gc] GC(9621) Pause Young (Allocation Failure) 14M->10M(15M) 0.274ms
[20779.791s][info][gc] GC(9622) Pause Young (Allocation Failure) 14M->10M(15M) 0.289ms
[20781.793s][info][gc] GC(9623) Pause Young (Allocation Failure) 14M->10M(15M) 0.330ms
[20783.844s][info][gc] GC(9624) Pause Young (Allocation Failure) 14M->10M(15M) 0.285ms
[20785.843s][info][gc] GC(9625) Pause Young (Allocation Failure) 14M->10M(15M) 0.288ms
[20787.844s][info][gc] GC(9626) Pause Young (Allocation Failure) 14M->10M(15M) 0.314ms
[20789.844s][info][gc] GC(9627) Pause Young (Allocation Failure) 14M->10M(15M) 0.304ms
[20791.843s][info][gc] GC(9628) Pause Young (Allocation Failure) 14M->10M(15M) 0.330ms
[20793.844s][info][gc] GC(9629) Pause Young (Allocation Failure) 14M->10M(15M) 0.326ms
[20795.945s][info][gc] GC(9630) Pause Young (Allocation Failure) 14M->10M(15M) 0.331ms
[20797.944s][info][gc] GC(9631) Pause Young (Allocation Failure) 14M->10M(15M) 0.313ms
[20799.943s][info][gc] GC(9632) Pause Young (Allocation Failure) 14M->10M(15M) 0.305ms
[20801.944s][info][gc] GC(9633) Pause Young (Allocation Failure) 14M->10M(15M) 0.308ms
[20803.943s][info][gc] GC(9634) Pause Young (Allocation Failure) 14M->10M(15M) 0.329ms
[20805.944s][info][gc] GC(9635) Pause Young (Allocation Failure) 14M->10M(15M) 0.326ms
[20807.945s][info][gc] GC(9636) Pause Young (Allocation Failure) 14M->10M(15M) 0.305ms
[20810.043s][info][gc] GC(9637) Pause Young (Allocation Failure) 14M->10M(15M) 0.275ms
[20812.044s][info][gc] GC(9638) Pause Young (Allocation Failure) 14M->10M(15M) 0.273ms
[20814.044s][info][gc] GC(9639) Pause Young (Allocation Failure) 14M->10M(15M) 0.295ms
[20816.044s][info][gc] GC(9640) Pause Young (Allocation Failure) 14M->10M(15M) 0.343ms
[20818.044s][info][gc] GC(9641) Pause Young (Allocation Failure) 14M->10M(15M) 0.309ms
[20820.144s][info][gc] GC(9642) Pause Young (Allocation Failure) 14M->10M(15M) 0.309ms
[20822.244s][info][gc] GC(9643) Pause Young (Allocation Failure) 14M->10M(15M) 0.256ms
[20824.345s][info][gc] GC(9644) Pause Young (Allocation Failure) 14M->10M(15M) 0.302ms
[20826.445s][info][gc] GC(9645) Pause Young (Allocation Failure) 14M->10M(15M) 0.298ms
[20828.643s][info][gc] GC(9646) Pause Young (Allocation Failure) 14M->10M(15M) 0.267ms
[20830.744s][info][gc] GC(9647) Pause Young (Allocation Failure) 14M->10M(15M) 0.279ms
[20832.843s][info][gc] GC(9648) Pause Young (Allocation Failure) 14M->10M(15M) 0.250ms
[20834.943s][info][gc] GC(9649) Pause Young (Allocation Failure) 14M->10M(15M) 0.292ms
[20836.844s][info][gc] GC(9650) Pause Young (Allocation Failure) 14M->10M(15M) 0.288ms
[20838.644s][info][gc] GC(9651) Pause Young (Allocation Failure) 14M->10M(15M) 0.347ms
[20840.544s][info][gc] GC(9652) Pause Young (Allocation Failure) 15M->10M(15M) 0.322ms
[20842.445s][info][gc] GC(9653) Pause Young (Allocation Failure) 15M->10M(15M) 0.344ms
[20844.344s][info][gc] GC(9654) Pause Young (Allocation Failure) 15M->10M(15M) 0.339ms
[20846.324s][info][gc] GC(9655) Pause Young (Allocation Failure) 15M->10M(15M) 0.280ms
[20848.244s][info][gc] GC(9656) Pause Young (Allocation Failure) 14M->10M(15M) 0.303ms
[20850.145s][info][gc] GC(9657) Pause Young (Allocation Failure) 14M->10M(15M) 0.343ms
[20852.044s][info][gc] GC(9658) Pause Young (Allocation Failure) 14M->10M(15M) 0.326ms
[20853.944s][info][gc] GC(9659) Pause Young (Allocation Failure) 14M->10M(15M) 0.315ms
[20855.857s][info][gc] GC(9660) Pause Young (Allocation Failure) 14M->10M(15M) 0.281ms
[20857.844s][info][gc] GC(9661) Pause Young (Allocation Failure) 14M->10M(15M) 0.334ms
[20859.744s][info][gc] GC(9662) Pause Young (Allocation Failure) 14M->10M(15M) 0.307ms
[20861.644s][info][gc] GC(9663) Pause Young (Allocation Failure) 14M->10M(15M) 0.358ms
[20863.544s][info][gc] GC(9664) Pause Young (Allocation Failure) 14M->10M(15M) 0.315ms
[20865.543s][info][gc] GC(9665) Pause Young (Allocation Failure) 14M->10M(15M) 0.295ms
[20867.544s][info][gc] GC(9666) Pause Young (Allocation Failure) 14M->10M(15M) 0.284ms
[20869.544s][info][gc] GC(9667) Pause Young (Allocation Failure) 14M->10M(15M) 0.309ms
[20871.544s][info][gc] GC(9668) Pause Young (Allocation Failure) 14M->10M(15M) 0.309ms
[20873.544s][info][gc] GC(9669) Pause Young (Allocation Failure) 14M->10M(15M) 0.302ms
[20875.544s][info][gc] GC(9670) Pause Young (Allocation Failure) 14M->10M(15M) 0.340ms
[20877.544s][info][gc] GC(9671) Pause Young (Allocation Failure) 15M->10M(15M) 0.333ms
[20879.644s][info][gc] GC(9672) Pause Young (Allocation Failure) 15M->10M(15M) 0.271ms
[20881.643s][info][gc] GC(9673) Pause Young (Allocation Failure) 14M->10M(15M) 0.284ms
[20883.645s][info][gc] GC(9674) Pause Young (Allocation Failure) 14M->10M(15M) 0.305ms
[20885.644s][info][gc] GC(9675) Pause Young (Allocation Failure) 14M->10M(15M) 0.294ms
[20887.544s][info][gc] GC(9676) Pause Young (Allocation Failure) 14M->10M(15M) 0.351ms
[20889.444s][info][gc] GC(9677) Pause Young (Allocation Failure) 15M->10M(15M) 0.334ms
[20891.344s][info][gc] GC(9678) Pause Young (Allocation Failure) 15M->10M(15M) 0.348ms
[20893.144s][info][gc] GC(9679) Pause Young (Allocation Failure) 15M->10M(15M) 0.335ms
[20895.044s][info][gc] GC(9680) Pause Young (Allocation Failure) 15M->10M(15M) 0.320ms
[20896.944s][info][gc] GC(9681) Pause Young (Allocation Failure) 15M->10M(15M) 0.339ms
[20898.893s][info][gc] GC(9682) Pause Young (Allocation Failure) 15M->10M(15M) 0.333ms
[20900.843s][info][gc] GC(9683) Pause Young (Allocation Failure) 14M->10M(15M) 0.278ms
[20902.744s][info][gc] GC(9684) Pause Young (Allocation Failure) 14M->10M(15M) 0.331ms
[20904.644s][info][gc] GC(9685) Pause Young (Allocation Failure) 14M->10M(15M) 0.314ms
[20906.544s][info][gc] GC(9686) Pause Young (Allocation Failure) 14M->10M(15M) 0.310ms
[20908.444s][info][gc] GC(9687) Pause Young (Allocation Failure) 15M->10M(15M) 0.323ms
[20910.345s][info][gc] GC(9688) Pause Young (Allocation Failure) 15M->10M(15M) 0.349ms
[20912.244s][info][gc] GC(9689) Pause Young (Allocation Failure) 15M->10M(15M) 0.345ms
[20914.244s][info][gc] GC(9690) Pause Young (Allocation Failure) 15M->10M(15M) 0.560ms
[20916.144s][info][gc] GC(9691) Pause Young (Allocation Failure) 14M->10M(15M) 0.282ms
[20918.044s][info][gc] GC(9692) Pause Young (Allocation Failure) 14M->10M(15M) 0.555ms
[20919.945s][info][gc] GC(9693) Pause Young (Allocation Failure) 14M->10M(15M) 0.302ms
[20921.844s][info][gc] GC(9694) Pause Young (Allocation Failure) 14M->10M(15M) 0.305ms
[20923.843s][info][gc] GC(9695) Pause Young (Allocation Failure) 15M->10M(15M) 0.271ms
[20925.744s][info][gc] GC(9696) Pause Young (Allocation Failure) 14M->10M(15M) 0.348ms
[20927.744s][info][gc] GC(9697) Pause Young (Allocation Failure) 15M->10M(15M) 0.327ms
[20929.843s][info][gc] GC(9698) Pause Young (Allocation Failure) 15M->10M(15M) 0.279ms
[20931.844s][info][gc] GC(9699) Pause Young (Allocation Failure) 14M->10M(15M) 0.265ms
[20933.845s][info][gc] GC(9700) Pause Young (Allocation Failure) 14M->10M(15M) 0.303ms
[20935.843s][info][gc] GC(9701) Pause Young (Allocation Failure) 14M->10M(15M) 0.297ms
[20937.845s][info][gc] GC(9702) Pause Young (Allocation Failure) 15M->10M(15M) 0.340ms
[20939.844s][info][gc] GC(9703) Pause Young (Allocation Failure) 15M->10M(15M) 0.337ms
[20941.844s][info][gc] GC(9704) Pause Young (Allocation Failure) 15M->10M(15M) 0.405ms
[20943.929s][info][gc] GC(9705) Pause Young (Allocation Failure) 15M->10M(15M) 0.281ms
[20945.932s][info][gc] GC(9706) Pause Young (Allocation Failure) 14M->10M(15M) 0.289ms
[20947.933s][info][gc] GC(9707) Pause Young (Allocation Failure) 14M->10M(15M) 0.295ms
[20949.944s][info][gc] GC(9708) Pause Young (Allocation Failure) 14M->10M(15M) 0.344ms
[20951.944s][info][gc] GC(9709) Pause Young (Allocation Failure) 14M->10M(15M) 0.358ms
[20953.944s][info][gc] GC(9710) Pause Young (Allocation Failure) 14M->10M(15M) 0.368ms
[20955.944s][info][gc] GC(9711) Pause Young (Allocation Failure) 14M->10M(15M) 0.381ms
[20957.943s][info][gc] GC(9712) Pause Young (Allocation Failure) 15M->10M(15M) 0.320ms
[20959.944s][info][gc] GC(9713) Pause Young (Allocation Failure) 15M->10M(15M) 0.400ms
[20961.943s][info][gc] GC(9714) Pause Young (Allocation Failure) 15M->10M(15M) 0.392ms
[20963.954s][info][gc] GC(9715) Pause Young (Allocation Failure) 15M->10M(15M) 0.379ms
[20965.844s][info][gc] GC(9716) Pause Young (Allocation Failure) 15M->10M(15M) 0.334ms
[20967.743s][info][gc] GC(9717) Pause Young (Allocation Failure) 15M->10M(15M) 0.376ms
[20969.644s][info][gc] GC(9718) Pause Young (Allocation Failure) 15M->10M(15M) 0.329ms
[20971.545s][info][gc] GC(9719) Pause Young (Allocation Failure) 15M->10M(15M) 0.322ms
[20973.444s][info][gc] GC(9720) Pause Young (Allocation Failure) 15M->10M(15M) 0.341ms
[20975.344s][info][gc] GC(9721) Pause Young (Allocation Failure) 15M->10M(15M) 0.332ms
[20977.344s][info][gc] GC(9722) Pause Young (Allocation Failure) 15M->10M(15M) 0.287ms
[20979.243s][info][gc] GC(9723) Pause Young (Allocation Failure) 14M->10M(15M) 0.455ms
[20981.144s][info][gc] GC(9724) Pause Young (Allocation Failure) 14M->10M(15M) 0.395ms
[20983.044s][info][gc] GC(9725) Pause Young (Allocation Failure) 14M->10M(15M) 0.554ms
[20984.945s][info][gc] GC(9726) Pause Young (Allocation Failure) 15M->10M(15M) 0.353ms
[20986.960s][info][gc] GC(9727) Pause Young (Allocation Failure) 15M->10M(15M) 0.291ms
[20988.961s][info][gc] GC(9728) Pause Young (Allocation Failure) 14M->10M(15M) 0.344ms
[20990.963s][info][gc] GC(9729) Pause Young (Allocation Failure) 14M->10M(15M) 0.347ms
[20993.044s][info][gc] GC(9730) Pause Young (Allocation Failure) 14M->10M(15M) 0.377ms
[20995.044s][info][gc] GC(9731) Pause Young (Allocation Failure) 14M->10M(15M) 0.291ms
[20997.045s][info][gc] GC(9732) Pause Young (Allocation Failure) 14M->10M(15M) 0.375ms
[20999.044s][info][gc] GC(9733) Pause Young (Allocation Failure) 15M->10M(15M) 0.359ms
[21001.044s][info][gc] GC(9734) Pause Young (Allocation Failure) 15M->10M(15M) 0.324ms
[21003.044s][info][gc] GC(9735) Pause Young (Allocation Failure) 15M->10M(15M) 0.331ms
[21005.143s][info][gc] GC(9736) Pause Young (Allocation Failure) 15M->10M(15M) 0.294ms
[21007.144s][info][gc] GC(9737) Pause Young (Allocation Failure) 14M->10M(15M) 0.317ms
[21009.144s][info][gc] GC(9738) Pause Young (Allocation Failure) 14M->10M(15M) 0.372ms
[21011.144s][info][gc] GC(9739) Pause Young (Allocation Failure) 15M->10M(15M) 0.343ms
[21013.144s][info][gc] GC(9740) Pause Young (Allocation Failure) 15M->10M(15M) 0.326ms
[21015.145s][info][gc] GC(9741) Pause Young (Allocation Failure) 15M->10M(15M) 0.325ms
[21017.145s][info][gc] GC(9742) Pause Young (Allocation Failure) 15M->10M(15M) 0.340ms
[21019.244s][info][gc] GC(9743) Pause Young (Allocation Failure) 15M->10M(15M) 0.333ms
[21021.244s][info][gc] GC(9744) Pause Young (Allocation Failure) 14M->10M(15M) 0.299ms
[21023.244s][info][gc] GC(9745) Pause Young (Allocation Failure) 14M->10M(15M) 0.356ms
[21025.244s][info][gc] GC(9746) Pause Young (Allocation Failure) 15M->10M(15M) 0.380ms
[21027.245s][info][gc] GC(9747) Pause Young (Allocation Failure) 15M->10M(15M) 0.324ms
[21029.245s][info][gc] GC(9748) Pause Young (Allocation Failure) 15M->10M(15M) 0.325ms
[21031.244s][info][gc] GC(9749) Pause Young (Allocation Failure) 15M->10M(15M) 0.335ms
[21033.344s][info][gc] GC(9750) Pause Young (Allocation Failure) 15M->10M(15M) 0.272ms
[21035.344s][info][gc] GC(9751) Pause Young (Allocation Failure) 14M->10M(15M) 0.272ms
[21037.344s][info][gc] GC(9752) Pause Young (Allocation Failure) 14M->10M(15M) 0.318ms
[21039.344s][info][gc] GC(9753) Pause Young (Allocation Failure) 15M->10M(15M) 0.378ms
[21041.344s][info][gc] GC(9754) Pause Young (Allocation Failure) 15M->10M(15M) 0.311ms
[21043.345s][info][gc] GC(9755) Pause Young (Allocation Failure) 15M->10M(15M) 0.341ms
[21045.444s][info][gc] GC(9756) Pause Young (Allocation Failure) 15M->10M(15M) 0.338ms
[21047.544s][info][gc] GC(9757) Pause Young (Allocation Failure) 14M->10M(15M) 0.310ms
[21049.645s][info][gc] GC(9758) Pause Young (Allocation Failure) 15M->10M(15M) 0.309ms
[21051.844s][info][gc] GC(9759) Pause Young (Allocation Failure) 15M->10M(15M) 0.264ms
[21053.944s][info][gc] GC(9760) Pause Young (Allocation Failure) 14M->10M(15M) 0.297ms
[21056.044s][info][gc] GC(9761) Pause Young (Allocation Failure) 15M->10M(15M) 0.555ms
[21057.945s][info][gc] GC(9762) Pause Young (Allocation Failure) 15M->10M(15M) 0.378ms
[21059.845s][info][gc] GC(9763) Pause Young (Allocation Failure) 15M->10M(15M) 0.519ms
[21061.744s][info][gc] GC(9764) Pause Young (Allocation Failure) 15M->10M(15M) 0.492ms
[21063.645s][info][gc] GC(9765) Pause Young (Allocation Failure) 15M->10M(15M) 0.605ms
[21065.545s][info][gc] GC(9766) Pause Young (Allocation Failure) 15M->10M(15M) 0.342ms
[21067.445s][info][gc] GC(9767) Pause Young (Allocation Failure) 15M->10M(15M) 0.547ms
[21069.443s][info][gc] GC(9768) Pause Young (Allocation Failure) 15M->10M(15M) 0.300ms
[21071.343s][info][gc] GC(9769) Pause Young (Allocation Failure) 14M->10M(15M) 0.326ms
[21073.144s][info][gc] GC(9770) Pause Young (Allocation Failure) 14M->10M(15M) 0.360ms
[21075.045s][info][gc] GC(9771) Pause Young (Allocation Failure) 15M->10M(15M) 0.399ms
[21076.944s][info][gc] GC(9772) Pause Young (Allocation Failure) 14M->10M(15M) 0.336ms
[21078.845s][info][gc] GC(9773) Pause Young (Allocation Failure) 15M->10M(15M) 0.353ms
[21080.744s][info][gc] GC(9774) Pause Young (Allocation Failure) 15M->10M(15M) 0.351ms
[21082.644s][info][gc] GC(9775) Pause Young (Allocation Failure) 15M->10M(15M) 0.353ms
[21084.643s][info][gc] GC(9776) Pause Young (Allocation Failure) 15M->10M(15M) 0.310ms
[21086.544s][info][gc] GC(9777) Pause Young (Allocation Failure) 14M->10M(15M) 0.389ms
[21088.444s][info][gc] GC(9778) Pause Young (Allocation Failure) 15M->15M(15M) 0.034ms
[21088.469s][info][gc] GC(9779) Pause Full (Allocation Failure) 15M->6M(15M) 25.474ms
[21090.345s][info][gc] GC(9780) Pause Young (Allocation Failure) 10M->6M(15M) 0.598ms
[21092.244s][info][gc] GC(9781) Pause Young (Allocation Failure) 10M->6M(15M) 0.352ms
[21094.144s][info][gc] GC(9782) Pause Young (Allocation Failure) 10M->6M(15M) 0.356ms
[21096.060s][info][gc] GC(9783) Pause Young (Allocation Failure) 10M->6M(15M) 0.358ms
[21098.044s][info][gc] GC(9784) Pause Young (Allocation Failure) 10M->6M(15M) 0.333ms
[21099.944s][info][gc] GC(9785) Pause Young (Allocation Failure) 10M->6M(15M) 0.370ms
[21101.844s][info][gc] GC(9786) Pause Young (Allocation Failure) 10M->6M(15M) 0.340ms
[21103.744s][info][gc] GC(9787) Pause Young (Allocation Failure) 10M->6M(15M) 0.361ms
[21105.745s][info][gc] GC(9788) Pause Young (Allocation Failure) 10M->6M(15M) 0.358ms
[21107.744s][info][gc] GC(9789) Pause Young (Allocation Failure) 10M->6M(15M) 0.362ms
[21109.744s][info][gc] GC(9790) Pause Young (Allocation Failure) 10M->6M(15M) 0.373ms
[21111.745s][info][gc] GC(9791) Pause Young (Allocation Failure) 10M->6M(15M) 0.361ms
[21113.745s][info][gc] GC(9792) Pause Young (Allocation Failure) 10M->6M(15M) 0.434ms
[21115.844s][info][gc] GC(9793) Pause Young (Allocation Failure) 10M->6M(15M) 0.296ms
[21117.844s][info][gc] GC(9794) Pause Young (Allocation Failure) 10M->6M(15M) 0.374ms
[21119.845s][info][gc] GC(9795) Pause Young (Allocation Failure) 10M->6M(15M) 0.362ms
[21121.844s][info][gc] GC(9796) Pause Young (Allocation Failure) 10M->6M(15M) 0.306ms
[21123.844s][info][gc] GC(9797) Pause Young (Allocation Failure) 10M->6M(15M) 0.321ms
[21125.844s][info][gc] GC(9798) Pause Young (Allocation Failure) 10M->6M(15M) 0.317ms
[21127.844s][info][gc] GC(9799) Pause Young (Allocation Failure) 10M->6M(15M) 0.309ms
[21129.944s][info][gc] GC(9800) Pause Young (Allocation Failure) 10M->6M(15M) 0.340ms
[21131.944s][info][gc] GC(9801) Pause Young (Allocation Failure) 10M->6M(15M) 0.267ms
[21133.945s][info][gc] GC(9802) Pause Young (Allocation Failure) 10M->6M(15M) 0.558ms
[21135.944s][info][gc] GC(9803) Pause Young (Allocation Failure) 10M->6M(15M) 0.311ms
[21137.944s][info][gc] GC(9804) Pause Young (Allocation Failure) 10M->6M(15M) 0.324ms
[21139.944s][info][gc] GC(9805) Pause Young (Allocation Failure) 10M->6M(15M) 0.319ms
[21141.944s][info][gc] GC(9806) Pause Young (Allocation Failure) 10M->6M(15M) 0.327ms
[21144.044s][info][gc] GC(9807) Pause Young (Allocation Failure) 10M->6M(15M) 0.325ms
[21146.044s][info][gc] GC(9808) Pause Young (Allocation Failure) 10M->6M(15M) 0.283ms
[21148.044s][info][gc] GC(9809) Pause Young (Allocation Failure) 10M->6M(15M) 0.340ms
[21150.044s][info][gc] GC(9810) Pause Young (Allocation Failure) 10M->6M(15M) 0.313ms
[21152.044s][info][gc] GC(9811) Pause Young (Allocation Failure) 10M->6M(15M) 0.352ms
[21154.044s][info][gc] GC(9812) Pause Young (Allocation Failure) 10M->6M(15M) 0.321ms
[21156.105s][info][gc] GC(9813) Pause Young (Allocation Failure) 10M->6M(15M) 0.406ms
[21158.107s][info][gc] GC(9814) Pause Young (Allocation Failure) 10M->6M(15M) 0.345ms
[21160.111s][info][gc] GC(9815) Pause Young (Allocation Failure) 10M->6M(15M) 0.309ms
[21162.112s][info][gc] GC(9816) Pause Young (Allocation Failure) 10M->6M(15M) 0.301ms
[21164.144s][info][gc] GC(9817) Pause Young (Allocation Failure) 10M->6M(15M) 0.335ms
[21166.244s][info][gc] GC(9818) Pause Young (Allocation Failure) 10M->6M(15M) 0.370ms
[21168.345s][info][gc] GC(9819) Pause Young (Allocation Failure) 10M->6M(15M) 0.492ms
[21170.444s][info][gc] GC(9820) Pause Young (Allocation Failure) 10M->6M(15M) 0.297ms
[21172.644s][info][gc] GC(9821) Pause Young (Allocation Failure) 10M->6M(15M) 0.272ms
[21174.743s][info][gc] GC(9822) Pause Young (Allocation Failure) 10M->6M(15M) 0.356ms
[21176.844s][info][gc] GC(9823) Pause Young (Allocation Failure) 10M->6M(15M) 0.299ms
[21179.044s][info][gc] GC(9824) Pause Young (Allocation Failure) 10M->6M(15M) 0.250ms
[21181.123s][info][gc] GC(9825) Pause Young (Allocation Failure) 10M->6M(15M) 0.264ms
[21183.244s][info][gc] GC(9826) Pause Young (Allocation Failure) 10M->6M(15M) 0.298ms
[21185.344s][info][gc] GC(9827) Pause Young (Allocation Failure) 10M->6M(15M) 0.337ms
[21187.445s][info][gc] GC(9828) Pause Young (Allocation Failure) 10M->6M(15M) 0.303ms
[21189.644s][info][gc] GC(9829) Pause Young (Allocation Failure) 10M->6M(15M) 0.304ms
[21191.744s][info][gc] GC(9830) Pause Young (Allocation Failure) 10M->6M(15M) 0.467ms
[21193.845s][info][gc] GC(9831) Pause Young (Allocation Failure) 10M->6M(15M) 0.299ms
[21195.945s][info][gc] GC(9832) Pause Young (Allocation Failure) 10M->6M(15M) 0.404ms
[21198.138s][info][gc] GC(9833) Pause Young (Allocation Failure) 10M->6M(15M) 0.254ms
[21200.245s][info][gc] GC(9834) Pause Young (Allocation Failure) 10M->6M(15M) 0.250ms
[21202.345s][info][gc] GC(9835) Pause Young (Allocation Failure) 10M->6M(15M) 0.326ms
[21204.445s][info][gc] GC(9836) Pause Young (Allocation Failure) 10M->6M(15M) 0.300ms
[21206.544s][info][gc] GC(9837) Pause Young (Allocation Failure) 10M->6M(15M) 0.296ms
[21208.345s][info][gc] GC(9838) Pause Young (Allocation Failure) 10M->6M(15M) 0.536ms
[21210.244s][info][gc] GC(9839) Pause Young (Allocation Failure) 10M->6M(15M) 0.380ms
[21212.147s][info][gc] GC(9840) Pause Young (Allocation Failure) 10M->6M(15M) 0.519ms
[21214.144s][info][gc] GC(9841) Pause Young (Allocation Failure) 10M->6M(15M) 0.368ms
[21216.044s][info][gc] GC(9842) Pause Young (Allocation Failure) 10M->6M(15M) 0.290ms
[21217.944s][info][gc] GC(9843) Pause Young (Allocation Failure) 10M->6M(15M) 0.474ms
[21219.844s][info][gc] GC(9844) Pause Young (Allocation Failure) 10M->6M(15M) 0.316ms
[21221.744s][info][gc] GC(9845) Pause Young (Allocation Failure) 10M->6M(15M) 0.401ms
[21223.645s][info][gc] GC(9846) Pause Young (Allocation Failure) 10M->6M(15M) 0.370ms
[21225.544s][info][gc] GC(9847) Pause Young (Allocation Failure) 10M->6M(15M) 0.381ms
[21227.445s][info][gc] GC(9848) Pause Young (Allocation Failure) 10M->6M(15M) 0.357ms
[21229.443s][info][gc] GC(9849) Pause Young (Allocation Failure) 10M->6M(15M) 0.295ms
[21231.344s][info][gc] GC(9850) Pause Young (Allocation Failure) 10M->6M(15M) 0.340ms
[21233.244s][info][gc] GC(9851) Pause Young (Allocation Failure) 10M->6M(15M) 0.278ms
[21235.144s][info][gc] GC(9852) Pause Young (Allocation Failure) 10M->6M(15M) 0.334ms
[21237.045s][info][gc] GC(9853) Pause Young (Allocation Failure) 10M->6M(15M) 0.329ms
[21239.043s][info][gc] GC(9854) Pause Young (Allocation Failure) 10M->6M(15M) 0.250ms
[21240.944s][info][gc] GC(9855) Pause Young (Allocation Failure) 10M->6M(15M) 0.334ms
[21242.945s][info][gc] GC(9856) Pause Young (Allocation Failure) 10M->6M(15M) 0.329ms
[21245.042s][info][gc] GC(9857) Pause Young (Allocation Failure) 10M->6M(15M) 0.331ms
[21247.043s][info][gc] GC(9858) Pause Young (Allocation Failure) 10M->6M(15M) 0.287ms
[21249.044s][info][gc] GC(9859) Pause Young (Allocation Failure) 10M->6M(15M) 0.302ms
[21251.044s][info][gc] GC(9860) Pause Young (Allocation Failure) 10M->6M(15M) 0.347ms
[21252.944s][info][gc] GC(9861) Pause Young (Allocation Failure) 10M->6M(15M) 0.310ms
[21254.844s][info][gc] GC(9862) Pause Young (Allocation Failure) 10M->6M(15M) 0.331ms
[21256.744s][info][gc] GC(9863) Pause Young (Allocation Failure) 10M->6M(15M) 0.349ms
[21258.644s][info][gc] GC(9864) Pause Young (Allocation Failure) 10M->6M(15M) 0.289ms
[21260.544s][info][gc] GC(9865) Pause Young (Allocation Failure) 10M->6M(15M) 0.376ms
[21262.444s][info][gc] GC(9866) Pause Young (Allocation Failure) 10M->6M(15M) 0.297ms
[21264.344s][info][gc] GC(9867) Pause Young (Allocation Failure) 10M->6M(15M) 0.355ms
[21266.244s][info][gc] GC(9868) Pause Young (Allocation Failure) 10M->6M(15M) 0.386ms
[21268.145s][info][gc] GC(9869) Pause Young (Allocation Failure) 10M->6M(15M) 0.457ms
[21270.045s][info][gc] GC(9870) Pause Young (Allocation Failure) 10M->6M(15M) 0.332ms
[21271.944s][info][gc] GC(9871) Pause Young (Allocation Failure) 10M->6M(15M) 0.332ms
[21273.845s][info][gc] GC(9872) Pause Young (Allocation Failure) 10M->6M(15M) 0.338ms
[21275.843s][info][gc] GC(9873) Pause Young (Allocation Failure) 10M->6M(15M) 0.269ms
[21277.744s][info][gc] GC(9874) Pause Young (Allocation Failure) 10M->6M(15M) 0.317ms
[21279.645s][info][gc] GC(9875) Pause Young (Allocation Failure) 10M->6M(15M) 0.295ms
[21281.544s][info][gc] GC(9876) Pause Young (Allocation Failure) 10M->6M(15M) 0.400ms
[21283.444s][info][gc] GC(9877) Pause Young (Allocation Failure) 10M->6M(15M) 0.311ms
[21285.444s][info][gc] GC(9878) Pause Young (Allocation Failure) 10M->6M(15M) 0.324ms
[21287.445s][info][gc] GC(9879) Pause Young (Allocation Failure) 10M->6M(15M) 0.300ms
[21289.444s][info][gc] GC(9880) Pause Young (Allocation Failure) 10M->6M(15M) 0.354ms
[21291.444s][info][gc] GC(9881) Pause Young (Allocation Failure) 10M->6M(15M) 0.321ms
[21293.445s][info][gc] GC(9882) Pause Young (Allocation Failure) 10M->6M(15M) 0.324ms
[21295.445s][info][gc] GC(9883) Pause Young (Allocation Failure) 10M->6M(15M) 0.335ms
[21297.543s][info][gc] GC(9884) Pause Young (Allocation Failure) 10M->6M(15M) 0.340ms
[21299.544s][info][gc] GC(9885) Pause Young (Allocation Failure) 10M->6M(15M) 0.394ms
[21301.544s][info][gc] GC(9886) Pause Young (Allocation Failure) 10M->6M(15M) 0.337ms
[21303.544s][info][gc] GC(9887) Pause Young (Allocation Failure) 10M->6M(15M) 0.351ms
[21305.544s][info][gc] GC(9888) Pause Young (Allocation Failure) 10M->6M(15M) 0.322ms
[21307.544s][info][gc] GC(9889) Pause Young (Allocation Failure) 10M->6M(15M) 0.333ms
[21309.573s][info][gc] GC(9890) Pause Young (Allocation Failure) 10M->6M(15M) 0.356ms
[21311.644s][info][gc] GC(9891) Pause Young (Allocation Failure) 10M->6M(15M) 0.286ms
[21313.644s][info][gc] GC(9892) Pause Young (Allocation Failure) 10M->6M(15M) 0.354ms
[21315.644s][info][gc] GC(9893) Pause Young (Allocation Failure) 10M->6M(15M) 0.373ms
[21317.644s][info][gc] GC(9894) Pause Young (Allocation Failure) 10M->6M(15M) 0.303ms
[21319.644s][info][gc] GC(9895) Pause Young (Allocation Failure) 10M->6M(15M) 0.344ms
[21321.645s][info][gc] GC(9896) Pause Young (Allocation Failure) 10M->6M(15M) 0.316ms
[21323.644s][info][gc] GC(9897) Pause Young (Allocation Failure) 10M->6M(15M) 0.326ms
[21325.743s][info][gc] GC(9898) Pause Young (Allocation Failure) 10M->6M(15M) 0.287ms
[21327.645s][info][gc] GC(9899) Pause Young (Allocation Failure) 10M->6M(15M) 0.456ms
[21329.544s][info][gc] GC(9900) Pause Young (Allocation Failure) 10M->6M(15M) 0.383ms
[21331.444s][info][gc] GC(9901) Pause Young (Allocation Failure) 10M->6M(15M) 0.300ms
[21333.345s][info][gc] GC(9902) Pause Young (Allocation Failure) 10M->6M(15M) 0.330ms
[21335.250s][info][gc] GC(9903) Pause Young (Allocation Failure) 10M->6M(15M) 0.256ms
[21337.244s][info][gc] GC(9904) Pause Young (Allocation Failure) 10M->6M(15M) 0.466ms
[21339.144s][info][gc] GC(9905) Pause Young (Allocation Failure) 10M->6M(15M) 0.292ms
[21341.044s][info][gc] GC(9906) Pause Young (Allocation Failure) 10M->6M(15M) 0.346ms
[21342.945s][info][gc] GC(9907) Pause Young (Allocation Failure) 10M->6M(15M) 0.506ms
[21344.844s][info][gc] GC(9908) Pause Young (Allocation Failure) 10M->6M(15M) 0.369ms
[21346.744s][info][gc] GC(9909) Pause Young (Allocation Failure) 10M->6M(15M) 0.325ms
[21348.645s][info][gc] GC(9910) Pause Young (Allocation Failure) 10M->6M(15M) 0.507ms
[21350.544s][info][gc] GC(9911) Pause Young (Allocation Failure) 10M->6M(15M) 0.355ms
[21352.445s][info][gc] GC(9912) Pause Young (Allocation Failure) 11M->6M(15M) 0.588ms
[21354.344s][info][gc] GC(9913) Pause Young (Allocation Failure) 11M->6M(15M) 0.347ms
[21356.266s][info][gc] GC(9914) Pause Young (Allocation Failure) 11M->6M(15M) 0.361ms
[21358.244s][info][gc] GC(9915) Pause Young (Allocation Failure) 10M->6M(15M) 0.402ms
[21360.144s][info][gc] GC(9916) Pause Young (Allocation Failure) 10M->6M(15M) 0.378ms
[21362.146s][info][gc] GC(9917) Pause Young (Allocation Failure) 11M->6M(15M) 0.461ms
[21364.244s][info][gc] GC(9918) Pause Young (Allocation Failure) 11M->6M(15M) 0.316ms
[21366.244s][info][gc] GC(9919) Pause Young (Allocation Failure) 10M->6M(15M) 0.371ms
[21368.244s][info][gc] GC(9920) Pause Young (Allocation Failure) 10M->6M(15M) 0.346ms
[21370.244s][info][gc] GC(9921) Pause Young (Allocation Failure) 10M->6M(15M) 0.385ms
[21372.244s][info][gc] GC(9922) Pause Young (Allocation Failure) 10M->6M(15M) 0.372ms
[21374.244s][info][gc] GC(9923) Pause Young (Allocation Failure) 10M->6M(15M) 0.347ms
[21376.244s][info][gc] GC(9924) Pause Young (Allocation Failure) 11M->6M(15M) 0.327ms
[21378.284s][info][gc] GC(9925) Pause Young (Allocation Failure) 11M->6M(15M) 0.273ms
[21380.285s][info][gc] GC(9926) Pause Young (Allocation Failure) 10M->6M(15M) 0.288ms
[21382.286s][info][gc] GC(9927) Pause Young (Allocation Failure) 10M->6M(15M) 0.360ms
[21384.344s][info][gc] GC(9928) Pause Young (Allocation Failure) 10M->6M(15M) 0.336ms
[21386.344s][info][gc] GC(9929) Pause Young (Allocation Failure) 10M->6M(15M) 0.304ms
[21388.344s][info][gc] GC(9930) Pause Young (Allocation Failure) 10M->6M(15M) 0.349ms
[21390.344s][info][gc] GC(9931) Pause Young (Allocation Failure) 10M->6M(15M) 0.323ms
[21392.344s][info][gc] GC(9932) Pause Young (Allocation Failure) 10M->6M(15M) 0.327ms
[21394.344s][info][gc] GC(9933) Pause Young (Allocation Failure) 10M->6M(15M) 0.330ms
[21396.443s][info][gc] GC(9934) Pause Young (Allocation Failure) 11M->6M(15M) 0.278ms
[21398.444s][info][gc] GC(9935) Pause Young (Allocation Failure) 10M->6M(15M) 0.329ms
[21400.445s][info][gc] GC(9936) Pause Young (Allocation Failure) 10M->6M(15M) 0.527ms
[21402.444s][info][gc] GC(9937) Pause Young (Allocation Failure) 10M->6M(15M) 0.372ms
[21404.445s][info][gc] GC(9938) Pause Young (Allocation Failure) 10M->6M(15M) 0.311ms
[21406.444s][info][gc] GC(9939) Pause Young (Allocation Failure) 10M->6M(15M) 0.317ms
[21408.445s][info][gc] GC(9940) Pause Young (Allocation Failure) 11M->6M(15M) 0.328ms
[21410.543s][info][gc] GC(9941) Pause Young (Allocation Failure) 11M->6M(15M) 0.344ms
[21412.544s][info][gc] GC(9942) Pause Young (Allocation Failure) 10M->6M(15M) 0.376ms
[21414.544s][info][gc] GC(9943) Pause Young (Allocation Failure) 10M->6M(15M) 0.314ms
[21416.544s][info][gc] GC(9944) Pause Young (Allocation Failure) 10M->6M(15M) 0.351ms
[21418.544s][info][gc] GC(9945) Pause Young (Allocation Failure) 10M->6M(15M) 0.313ms
[21420.644s][info][gc] GC(9946) Pause Young (Allocation Failure) 10M->6M(15M) 0.280ms
[21422.745s][info][gc] GC(9947) Pause Young (Allocation Failure) 10M->6M(15M) 0.537ms
[21424.845s][info][gc] GC(9948) Pause Young (Allocation Failure) 10M->6M(15M) 0.303ms
[21427.044s][info][gc] GC(9949) Pause Young (Allocation Failure) 11M->6M(15M) 0.292ms
[21429.144s][info][gc] GC(9950) Pause Young (Allocation Failure) 10M->6M(15M) 0.290ms
[21431.244s][info][gc] GC(9951) Pause Young (Allocation Failure) 10M->6M(15M) 0.295ms
[21433.344s][info][gc] GC(9952) Pause Young (Allocation Failure) 11M->6M(15M) 0.284ms
[21435.544s][info][gc] GC(9953) Pause Young (Allocation Failure) 10M->6M(15M) 0.250ms
[21437.445s][info][gc] GC(9954) Pause Young (Allocation Failure) 10M->6M(15M) 0.375ms
[21439.345s][info][gc] GC(9955) Pause Young (Allocation Failure) 11M->6M(15M) 0.395ms
[21441.333s][info][gc] GC(9956) Pause Young (Allocation Failure) 11M->6M(15M) 0.295ms
[21443.242s][info][gc] GC(9957) Pause Young (Allocation Failure) 10M->6M(15M) 0.265ms
[21445.144s][info][gc] GC(9958) Pause Young (Allocation Failure) 10M->6M(15M) 0.282ms
[21447.043s][info][gc] GC(9959) Pause Young (Allocation Failure) 10M->6M(15M) 0.293ms
[21448.944s][info][gc] GC(9960) Pause Young (Allocation Failure) 10M->6M(15M) 0.299ms
[21450.843s][info][gc] GC(9961) Pause Young (Allocation Failure) 10M->6M(15M) 0.311ms
[21452.644s][info][gc] GC(9962) Pause Young (Allocation Failure) 10M->6M(15M) 0.347ms
[21454.544s][info][gc] GC(9963) Pause Young (Allocation Failure) 11M->6M(15M) 0.344ms
[21456.444s][info][gc] GC(9964) Pause Young (Allocation Failure) 11M->6M(15M) 0.314ms
[21458.344s][info][gc] GC(9965) Pause Young (Allocation Failure) 11M->6M(15M) 0.335ms
[21460.245s][info][gc] GC(9966) Pause Young (Allocation Failure) 11M->6M(15M) 0.342ms
[21462.145s][info][gc] GC(9967) Pause Young (Allocation Failure) 11M->6M(15M) 0.341ms
[21464.045s][info][gc] GC(9968) Pause Young (Allocation Failure) 11M->6M(15M) 0.338ms
[21466.043s][info][gc] GC(9969) Pause Young (Allocation Failure) 11M->6M(15M) 0.255ms
[21467.944s][info][gc] GC(9970) Pause Young (Allocation Failure) 10M->6M(15M) 0.261ms
[21469.844s][info][gc] GC(9971) Pause Young (Allocation Failure) 10M->6M(15M) 0.261ms
[21471.744s][info][gc] GC(9972) Pause Young (Allocation Failure) 10M->6M(15M) 0.279ms
[21473.643s][info][gc] GC(9973) Pause Young (Allocation Failure) 10M->6M(15M) 0.298ms
[21475.544s][info][gc] GC(9974) Pause Young (Allocation Failure) 11M->6M(15M) 0.292ms
[21477.444s][info][gc] GC(9975) Pause Young (Allocation Failure) 11M->6M(15M) 0.304ms
[21479.362s][info][gc] GC(9976) Pause Young (Allocation Failure) 11M->6M(15M) 0.282ms
[21481.363s][info][gc] GC(9977) Pause Young (Allocation Failure) 10M->6M(15M) 0.278ms
[21483.443s][info][gc] GC(9978) Pause Young (Allocation Failure) 10M->6M(15M) 0.277ms
[21485.444s][info][gc] GC(9979) Pause Young (Allocation Failure) 10M->6M(15M) 0.283ms
[21487.443s][info][gc] GC(9980) Pause Young (Allocation Failure) 10M->6M(15M) 0.297ms
[21489.444s][info][gc] GC(9981) Pause Young (Allocation Failure) 10M->6M(15M) 0.316ms
[21491.445s][info][gc] GC(9982) Pause Young (Allocation Failure) 11M->6M(15M) 0.328ms
[21493.444s][info][gc] GC(9983) Pause Young (Allocation Failure) 11M->6M(15M) 0.300ms
[21495.444s][info][gc] GC(9984) Pause Young (Allocation Failure) 11M->6M(15M) 0.320ms
[21497.544s][info][gc] GC(9985) Pause Young (Allocation Failure) 11M->6M(15M) 0.249ms
[21499.543s][info][gc] GC(9986) Pause Young (Allocation Failure) 10M->6M(15M) 0.281ms
[21501.544s][info][gc] GC(9987) Pause Young (Allocation Failure) 10M->6M(15M) 0.285ms
[21503.544s][info][gc] GC(9988) Pause Young (Allocation Failure) 10M->6M(15M) 0.306ms
[21505.544s][info][gc] GC(9989) Pause Young (Allocation Failure) 11M->6M(15M) 0.324ms
[21507.544s][info][gc] GC(9990) Pause Young (Allocation Failure) 11M->6M(15M) 0.304ms
[21509.544s][info][gc] GC(9991) Pause Young (Allocation Failure) 11M->6M(15M) 0.323ms
[21511.643s][info][gc] GC(9992) Pause Young (Allocation Failure) 11M->6M(15M) 0.304ms
[21513.643s][info][gc] GC(9993) Pause Young (Allocation Failure) 10M->6M(15M) 0.251ms
[21515.644s][info][gc] GC(9994) Pause Young (Allocation Failure) 10M->6M(15M) 0.345ms
[21517.644s][info][gc] GC(9995) Pause Young (Allocation Failure) 10M->6M(15M) 0.310ms
[21519.644s][info][gc] GC(9996) Pause Young (Allocation Failure) 11M->6M(15M) 0.282ms
[21521.644s][info][gc] GC(9997) Pause Young (Allocation Failure) 11M->6M(15M) 0.317ms
[21523.645s][info][gc] GC(9998) Pause Young (Allocation Failure) 11M->6M(15M) 0.333ms
[21525.685s][info][gc] GC(9999) Pause Young (Allocation Failure) 11M->6M(15M) 0.261ms
[21527.744s][info][gc] GC(10000) Pause Young (Allocation Failure) 10M->6M(15M) 0.303ms
[21529.744s][info][gc] GC(10001) Pause Young (Allocation Failure) 10M->6M(15M) 0.269ms
[21531.744s][info][gc] GC(10002) Pause Young (Allocation Failure) 10M->6M(15M) 0.303ms
[21533.744s][info][gc] GC(10003) Pause Young (Allocation Failure) 10M->6M(15M) 0.314ms
[21535.744s][info][gc] GC(10004) Pause Young (Allocation Failure) 11M->6M(15M) 0.320ms
[21537.744s][info][gc] GC(10005) Pause Young (Allocation Failure) 11M->6M(15M) 0.323ms
[21539.844s][info][gc] GC(10006) Pause Young (Allocation Failure) 11M->6M(15M) 0.289ms
[21541.944s][info][gc] GC(10007) Pause Young (Allocation Failure) 10M->6M(15M) 0.258ms
[21544.044s][info][gc] GC(10008) Pause Young (Allocation Failure) 10M->6M(15M) 0.294ms
[21546.245s][info][gc] GC(10009) Pause Young (Allocation Failure) 11M->6M(15M) 0.241ms
[21548.344s][info][gc] GC(10010) Pause Young (Allocation Failure) 10M->6M(15M) 0.251ms
[21550.444s][info][gc] GC(10011) Pause Young (Allocation Failure) 10M->6M(15M) 0.307ms
[21552.544s][info][gc] GC(10012) Pause Young (Allocation Failure) 10M->6M(15M) 0.271ms
[21554.644s][info][gc] GC(10013) Pause Young (Allocation Failure) 11M->6M(15M) 0.296ms
[21556.844s][info][gc] GC(10014) Pause Young (Allocation Failure) 11M->6M(15M) 0.236ms
[21558.944s][info][gc] GC(10015) Pause Young (Allocation Failure) 10M->6M(15M) 0.278ms
[21561.044s][info][gc] GC(10016) Pause Young (Allocation Failure) 10M->6M(15M) 0.283ms
[21563.243s][info][gc] GC(10017) Pause Young (Allocation Failure) 11M->6M(15M) 0.249ms
[21565.344s][info][gc] GC(10018) Pause Young (Allocation Failure) 10M->6M(15M) 0.268ms
[21567.443s][info][gc] GC(10019) Pause Young (Allocation Failure) 10M->6M(15M) 0.270ms
[21569.445s][info][gc] GC(10020) Pause Young (Allocation Failure) 10M->6M(15M) 0.298ms
[21571.244s][info][gc] GC(10021) Pause Young (Allocation Failure) 10M->6M(15M) 0.323ms
[21573.145s][info][gc] GC(10022) Pause Young (Allocation Failure) 11M->6M(15M) 0.333ms
[21575.044s][info][gc] GC(10023) Pause Young (Allocation Failure) 11M->6M(15M) 0.333ms
[21577.043s][info][gc] GC(10024) Pause Young (Allocation Failure) 11M->6M(15M) 0.279ms
[21578.943s][info][gc] GC(10025) Pause Young (Allocation Failure) 10M->6M(15M) 0.280ms
[21580.844s][info][gc] GC(10026) Pause Young (Allocation Failure) 10M->6M(15M) 0.289ms
[21582.745s][info][gc] GC(10027) Pause Young (Allocation Failure) 10M->6M(15M) 0.339ms
[21584.644s][info][gc] GC(10028) Pause Young (Allocation Failure) 11M->6M(15M) 0.313ms
[21586.544s][info][gc] GC(10029) Pause Young (Allocation Failure) 11M->6M(15M) 0.311ms
[21588.461s][info][gc] GC(10030) Pause Young (Allocation Failure) 11M->6M(15M) 0.317ms
[21590.444s][info][gc] GC(10031) Pause Young (Allocation Failure) 10M->6M(15M) 0.292ms
[21592.344s][info][gc] GC(10032) Pause Young (Allocation Failure) 10M->6M(15M) 0.284ms
[21594.243s][info][gc] GC(10033) Pause Young (Allocation Failure) 11M->6M(15M) 0.282ms
[21596.144s][info][gc] GC(10034) Pause Young (Allocation Failure) 11M->6M(15M) 0.309ms
[21598.044s][info][gc] GC(10035) Pause Young (Allocation Failure) 11M->6M(15M) 0.313ms
[21599.944s][info][gc] GC(10036) Pause Young (Allocation Failure) 11M->6M(15M) 0.324ms
[21601.945s][info][gc] GC(10037) Pause Young (Allocation Failure) 11M->6M(15M) 0.356ms
[21604.044s][info][gc] GC(10038) Pause Young (Allocation Failure) 11M->6M(15M) 0.274ms
[21606.043s][info][gc] GC(10039) Pause Young (Allocation Failure) 10M->6M(15M) 0.371ms
[21608.044s][info][gc] GC(10040) Pause Young (Allocation Failure) 10M->6M(15M) 0.272ms
[21610.044s][info][gc] GC(10041) Pause Young (Allocation Failure) 11M->6M(15M) 0.287ms
[21612.044s][info][gc] GC(10042) Pause Young (Allocation Failure) 11M->6M(15M) 0.321ms
[21614.044s][info][gc] GC(10043) Pause Young (Allocation Failure) 11M->6M(15M) 0.315ms
[21616.143s][info][gc] GC(10044) Pause Young (Allocation Failure) 11M->6M(15M) 0.284ms
[21618.144s][info][gc] GC(10045) Pause Young (Allocation Failure) 10M->6M(15M) 0.274ms
[21620.144s][info][gc] GC(10046) Pause Young (Allocation Failure) 10M->6M(15M) 0.371ms
[21622.144s][info][gc] GC(10047) Pause Young (Allocation Failure) 11M->6M(15M) 0.307ms
[21624.144s][info][gc] GC(10048) Pause Young (Allocation Failure) 11M->6M(15M) 0.313ms
[21626.144s][info][gc] GC(10049) Pause Young (Allocation Failure) 11M->6M(15M) 0.356ms
[21628.144s][info][gc] GC(10050) Pause Young (Allocation Failure) 11M->6M(15M) 0.329ms
[21630.243s][info][gc] GC(10051) Pause Young (Allocation Failure) 11M->6M(15M) 0.276ms
[21632.245s][info][gc] GC(10052) Pause Young (Allocation Failure) 10M->6M(15M) 0.267ms
[21634.244s][info][gc] GC(10053) Pause Young (Allocation Failure) 10M->6M(15M) 0.334ms
[21636.244s][info][gc] GC(10054) Pause Young (Allocation Failure) 11M->6M(15M) 0.304ms
[21638.244s][info][gc] GC(10055) Pause Young (Allocation Failure) 11M->6M(15M) 0.299ms
[21640.243s][info][gc] GC(10056) Pause Young (Allocation Failure) 11M->6M(15M) 0.314ms
[21642.244s][info][gc] GC(10057) Pause Young (Allocation Failure) 11M->6M(15M) 0.324ms
[21644.144s][info][gc] GC(10058) Pause Young (Allocation Failure) 11M->6M(15M) 0.377ms
[21646.045s][info][gc] GC(10059) Pause Young (Allocation Failure) 11M->6M(15M) 0.380ms
[21647.945s][info][gc] GC(10060) Pause Young (Allocation Failure) 11M->6M(15M) 0.351ms
[21649.844s][info][gc] GC(10061) Pause Young (Allocation Failure) 11M->6M(15M) 0.360ms
[21651.744s][info][gc] GC(10062) Pause Young (Allocation Failure) 11M->6M(15M) 0.312ms
[21653.644s][info][gc] GC(10063) Pause Young (Allocation Failure) 11M->6M(15M) 0.342ms
[21655.545s][info][gc] GC(10064) Pause Young (Allocation Failure) 11M->6M(15M) 0.309ms
[21657.444s][info][gc] GC(10065) Pause Young (Allocation Failure) 11M->6M(15M) 0.339ms
[21659.344s][info][gc] GC(10066) Pause Young (Allocation Failure) 11M->6M(15M) 0.352ms
[21661.343s][info][gc] GC(10067) Pause Young (Allocation Failure) 11M->6M(15M) 0.295ms
[21663.244s][info][gc] GC(10068) Pause Young (Allocation Failure) 10M->6M(15M) 0.292ms
[21665.144s][info][gc] GC(10069) Pause Young (Allocation Failure) 10M->6M(15M) 0.280ms
[21667.044s][info][gc] GC(10070) Pause Young (Allocation Failure) 11M->6M(15M) 0.312ms
[21668.944s][info][gc] GC(10071) Pause Young (Allocation Failure) 11M->6M(15M) 0.328ms
[21670.844s][info][gc] GC(10072) Pause Young (Allocation Failure) 11M->6M(15M) 0.331ms
[21672.744s][info][gc] GC(10073) Pause Young (Allocation Failure) 11M->6M(15M) 0.337ms
[21674.644s][info][gc] GC(10074) Pause Young (Allocation Failure) 11M->6M(15M) 0.327ms
[21676.744s][info][gc] GC(10075) Pause Young (Allocation Failure) 11M->6M(15M) 0.268ms
[21678.645s][info][gc] GC(10076) Pause Young (Allocation Failure) 10M->6M(15M) 0.337ms
[21680.545s][info][gc] GC(10077) Pause Young (Allocation Failure) 11M->6M(15M) 0.370ms
[21682.444s][info][gc] GC(10078) Pause Young (Allocation Failure) 11M->6M(15M) 0.291ms
[21684.344s][info][gc] GC(10079) Pause Young (Allocation Failure) 11M->6M(15M) 0.313ms
[21686.244s][info][gc] GC(10080) Pause Young (Allocation Failure) 11M->6M(15M) 0.357ms
[21688.144s][info][gc] GC(10081) Pause Young (Allocation Failure) 11M->6M(15M) 0.316ms
[21690.044s][info][gc] GC(10082) Pause Young (Allocation Failure) 11M->6M(15M) 0.332ms
[21691.945s][info][gc] GC(10083) Pause Young (Allocation Failure) 11M->6M(15M) 0.315ms
[21693.845s][info][gc] GC(10084) Pause Young (Allocation Failure) 11M->6M(15M) 0.322ms
[21695.768s][info][gc] GC(10085) Pause Young (Allocation Failure) 11M->6M(15M) 0.277ms
[21697.744s][info][gc] GC(10086) Pause Young (Allocation Failure) 11M->6M(15M) 0.315ms
[21699.643s][info][gc] GC(10087) Pause Young (Allocation Failure) 11M->6M(15M) 0.278ms
[21701.544s][info][gc] GC(10088) Pause Young (Allocation Failure) 11M->6M(15M) 0.312ms
[21703.444s][info][gc] GC(10089) Pause Young (Allocation Failure) 11M->6M(15M) 0.333ms
[21705.443s][info][gc] GC(10090) Pause Young (Allocation Failure) 11M->6M(15M) 0.302ms
[21707.443s][info][gc] GC(10091) Pause Young (Allocation Failure) 11M->6M(15M) 0.326ms
[21709.444s][info][gc] GC(10092) Pause Young (Allocation Failure) 11M->6M(15M) 0.303ms
[21711.445s][info][gc] GC(10093) Pause Young (Allocation Failure) 11M->6M(15M) 0.314ms
[21713.444s][info][gc] GC(10094) Pause Young (Allocation Failure) 11M->6M(15M) 0.328ms
[21715.543s][info][gc] GC(10095) Pause Young (Allocation Failure) 11M->6M(15M) 0.262ms
[21717.544s][info][gc] GC(10096) Pause Young (Allocation Failure) 11M->6M(15M) 0.290ms
[21719.545s][info][gc] GC(10097) Pause Young (Allocation Failure) 11M->6M(15M) 0.292ms
[21721.543s][info][gc] GC(10098) Pause Young (Allocation Failure) 11M->6M(15M) 0.398ms
[21723.543s][info][gc] GC(10099) Pause Young (Allocation Failure) 11M->6M(15M) 0.269ms
[21725.545s][info][gc] GC(10100) Pause Young (Allocation Failure) 11M->6M(15M) 0.322ms
[21727.544s][info][gc] GC(10101) Pause Young (Allocation Failure) 11M->6M(15M) 0.329ms
[21729.588s][info][gc] GC(10102) Pause Young (Allocation Failure) 11M->6M(15M) 0.273ms
[21731.589s][info][gc] GC(10103) Pause Young (Allocation Failure) 11M->6M(15M) 0.297ms
[21733.591s][info][gc] GC(10104) Pause Young (Allocation Failure) 11M->6M(15M) 0.294ms
[21735.644s][info][gc] GC(10105) Pause Young (Allocation Failure) 11M->6M(15M) 0.274ms
[21737.644s][info][gc] GC(10106) Pause Young (Allocation Failure) 11M->6M(15M) 0.327ms
[21739.644s][info][gc] GC(10107) Pause Young (Allocation Failure) 11M->6M(15M) 0.309ms
[21741.644s][info][gc] GC(10108) Pause Young (Allocation Failure) 11M->6M(15M) 0.298ms
[21743.645s][info][gc] GC(10109) Pause Young (Allocation Failure) 11M->6M(15M) 0.316ms
[21745.644s][info][gc] GC(10110) Pause Young (Allocation Failure) 11M->6M(15M) 0.315ms
[21747.743s][info][gc] GC(10111) Pause Young (Allocation Failure) 11M->6M(15M) 0.272ms
[21749.744s][info][gc] GC(10112) Pause Young (Allocation Failure) 11M->6M(15M) 0.274ms
[21751.744s][info][gc] GC(10113) Pause Young (Allocation Failure) 11M->6M(15M) 0.323ms
[21753.745s][info][gc] GC(10114) Pause Young (Allocation Failure) 11M->6M(15M) 0.308ms
[21755.745s][info][gc] GC(10115) Pause Young (Allocation Failure) 11M->6M(15M) 0.324ms
[21757.745s][info][gc] GC(10116) Pause Young (Allocation Failure) 11M->6M(15M) 0.297ms
[21759.745s][info][gc] GC(10117) Pause Young (Allocation Failure) 11M->6M(15M) 0.321ms
[21761.798s][info][gc] GC(10118) Pause Young (Allocation Failure) 11M->6M(15M) 0.256ms
[21763.844s][info][gc] GC(10119) Pause Young (Allocation Failure) 11M->6M(15M) 0.258ms
[21765.943s][info][gc] GC(10120) Pause Young (Allocation Failure) 11M->6M(15M) 0.247ms
[21768.044s][info][gc] GC(10121) Pause Young (Allocation Failure) 11M->6M(15M) 0.329ms
[21770.144s][info][gc] GC(10122) Pause Young (Allocation Failure) 11M->6M(15M) 0.307ms
[21772.243s][info][gc] GC(10123) Pause Young (Allocation Failure) 11M->6M(15M) 0.280ms
[21774.444s][info][gc] GC(10124) Pause Young (Allocation Failure) 11M->6M(15M) 0.298ms
[21776.545s][info][gc] GC(10125) Pause Young (Allocation Failure) 11M->6M(15M) 0.282ms
[21778.644s][info][gc] GC(10126) Pause Young (Allocation Failure) 11M->6M(15M) 0.272ms
[21780.745s][info][gc] GC(10127) Pause Young (Allocation Failure) 11M->6M(15M) 0.303ms
[21782.844s][info][gc] GC(10128) Pause Young (Allocation Failure) 11M->6M(15M) 0.295ms
[21785.044s][info][gc] GC(10129) Pause Young (Allocation Failure) 11M->6M(15M) 0.288ms
[21787.144s][info][gc] GC(10130) Pause Young (Allocation Failure) 11M->6M(15M) 0.282ms
[21789.244s][info][gc] GC(10131) Pause Young (Allocation Failure) 11M->6M(15M) 0.279ms
[21791.444s][info][gc] GC(10132) Pause Young (Allocation Failure) 11M->6M(15M) 0.300ms
[21793.544s][info][gc] GC(10133) Pause Young (Allocation Failure) 11M->6M(15M) 0.279ms
[21795.644s][info][gc] GC(10134) Pause Young (Allocation Failure) 11M->6M(15M) 0.269ms
[21797.643s][info][gc] GC(10135) Pause Young (Allocation Failure) 11M->6M(15M) 0.290ms
[21799.544s][info][gc] GC(10136) Pause Young (Allocation Failure) 11M->6M(15M) 0.294ms
[21801.345s][info][gc] GC(10137) Pause Young (Allocation Failure) 11M->6M(15M) 0.344ms
[21803.245s][info][gc] GC(10138) Pause Young (Allocation Failure) 11M->6M(15M) 0.332ms
[21805.145s][info][gc] GC(10139) Pause Young (Allocation Failure) 11M->6M(15M) 0.333ms
[21807.043s][info][gc] GC(10140) Pause Young (Allocation Failure) 11M->6M(15M) 0.348ms
[21808.945s][info][gc] GC(10141) Pause Young (Allocation Failure) 11M->6M(15M) 0.328ms
[21810.844s][info][gc] GC(10142) Pause Young (Allocation Failure) 11M->6M(15M) 0.339ms
[21812.825s][info][gc] GC(10143) Pause Young (Allocation Failure) 11M->6M(15M) 0.260ms
[21814.744s][info][gc] GC(10144) Pause Young (Allocation Failure) 11M->6M(15M) 0.284ms
[21816.643s][info][gc] GC(10145) Pause Young (Allocation Failure) 11M->6M(15M) 0.335ms
[21818.544s][info][gc] GC(10146) Pause Young (Allocation Failure) 11M->6M(15M) 0.352ms
[21820.444s][info][gc] GC(10147) Pause Young (Allocation Failure) 11M->6M(15M) 0.336ms
[21822.344s][info][gc] GC(10148) Pause Young (Allocation Failure) 11M->6M(15M) 0.338ms
[21824.329s][info][gc] GC(10149) Pause Young (Allocation Failure) 11M->6M(15M) 0.277ms
[21826.244s][info][gc] GC(10150) Pause Young (Allocation Failure) 11M->6M(15M) 0.348ms
[21828.344s][info][gc] GC(10151) Pause Young (Allocation Failure) 11M->6M(15M) 0.264ms
[21830.344s][info][gc] GC(10152) Pause Young (Allocation Failure) 11M->6M(15M) 0.285ms
[21832.344s][info][gc] GC(10153) Pause Young (Allocation Failure) 11M->6M(15M) 0.298ms
[21834.344s][info][gc] GC(10154) Pause Young (Allocation Failure) 11M->6M(15M) 0.294ms
[21836.344s][info][gc] GC(10155) Pause Young (Allocation Failure) 11M->6M(15M) 0.305ms
[21838.345s][info][gc] GC(10156) Pause Young (Allocation Failure) 11M->6M(15M) 0.326ms
[21840.443s][info][gc] GC(10157) Pause Young (Allocation Failure) 11M->6M(15M) 0.282ms
[21842.344s][info][gc] GC(10158) Pause Young (Allocation Failure) 11M->6M(15M) 0.294ms
[21844.244s][info][gc] GC(10159) Pause Young (Allocation Failure) 11M->6M(15M) 0.293ms
[21846.144s][info][gc] GC(10160) Pause Young (Allocation Failure) 11M->6M(15M) 0.279ms
[21848.043s][info][gc] GC(10161) Pause Young (Allocation Failure) 11M->6M(15M) 0.259ms
[21849.844s][info][gc] GC(10162) Pause Young (Allocation Failure) 11M->6M(15M) 0.312ms
[21851.744s][info][gc] GC(10163) Pause Young (Allocation Failure) 11M->6M(15M) 0.334ms
[21853.686s][info][gc] GC(10164) Pause Young (Allocation Failure) 11M->6M(15M) 0.319ms
[21855.644s][info][gc] GC(10165) Pause Young (Allocation Failure) 11M->6M(15M) 0.292ms
[21857.544s][info][gc] GC(10166) Pause Young (Allocation Failure) 11M->6M(15M) 0.259ms
[21859.443s][info][gc] GC(10167) Pause Young (Allocation Failure) 11M->6M(15M) 0.286ms
[21861.344s][info][gc] GC(10168) Pause Young (Allocation Failure) 11M->6M(15M) 0.294ms
[21863.244s][info][gc] GC(10169) Pause Young (Allocation Failure) 11M->6M(15M) 0.296ms
[21865.144s][info][gc] GC(10170) Pause Young (Allocation Failure) 11M->6M(15M) 0.304ms
[21867.043s][info][gc] GC(10171) Pause Young (Allocation Failure) 11M->6M(15M) 0.309ms
[21868.944s][info][gc] GC(10172) Pause Young (Allocation Failure) 11M->6M(15M) 0.325ms
[21870.845s][info][gc] GC(10173) Pause Young (Allocation Failure) 11M->6M(15M) 0.309ms
[21872.745s][info][gc] GC(10174) Pause Young (Allocation Failure) 11M->6M(15M) 0.294ms
[21874.743s][info][gc] GC(10175) Pause Young (Allocation Failure) 11M->6M(15M) 0.259ms
[21876.645s][info][gc] GC(10176) Pause Young (Allocation Failure) 11M->6M(15M) 0.346ms
[21878.544s][info][gc] GC(10177) Pause Young (Allocation Failure) 11M->6M(15M) 0.338ms
[21880.445s][info][gc] GC(10178) Pause Young (Allocation Failure) 11M->6M(15M) 0.593ms
[21882.345s][info][gc] GC(10179) Pause Young (Allocation Failure) 11M->6M(15M) 0.385ms
[21884.334s][info][gc] GC(10180) Pause Young (Allocation Failure) 11M->6M(15M) 0.246ms
[21886.246s][info][gc] GC(10181) Pause Young (Allocation Failure) 11M->6M(15M) 0.477ms
[21888.345s][info][gc] GC(10182) Pause Young (Allocation Failure) 11M->6M(15M) 0.441ms
[21890.345s][info][gc] GC(10183) Pause Young (Allocation Failure) 11M->6M(15M) 0.474ms
[21892.345s][info][gc] GC(10184) Pause Young (Allocation Failure) 11M->6M(15M) 0.275ms
[21894.344s][info][gc] GC(10185) Pause Young (Allocation Failure) 11M->6M(15M) 0.293ms
[21896.344s][info][gc] GC(10186) Pause Young (Allocation Failure) 11M->6M(15M) 0.330ms
[21898.345s][info][gc] GC(10187) Pause Young (Allocation Failure) 11M->6M(15M) 0.328ms
[21900.444s][info][gc] GC(10188) Pause Young (Allocation Failure) 11M->6M(15M) 0.291ms
[21902.444s][info][gc] GC(10189) Pause Young (Allocation Failure) 11M->6M(15M) 0.321ms
[21904.444s][info][gc] GC(10190) Pause Young (Allocation Failure) 11M->6M(15M) 0.491ms
[21906.444s][info][gc] GC(10191) Pause Young (Allocation Failure) 11M->6M(15M) 0.316ms
[21908.443s][info][gc] GC(10192) Pause Young (Allocation Failure) 11M->6M(15M) 0.307ms
[21910.444s][info][gc] GC(10193) Pause Young (Allocation Failure) 11M->6M(15M) 0.307ms
[21912.444s][info][gc] GC(10194) Pause Young (Allocation Failure) 11M->6M(15M) 0.296ms
[21914.446s][info][gc] GC(10195) Pause Young (Allocation Failure) 11M->6M(15M) 0.531ms
[21916.544s][info][gc] GC(10196) Pause Young (Allocation Failure) 11M->6M(15M) 0.301ms
[21918.544s][info][gc] GC(10197) Pause Young (Allocation Failure) 11M->6M(15M) 0.273ms
[21920.444s][info][gc] GC(10198) Pause Young (Allocation Failure) 11M->6M(15M) 0.289ms
[21922.343s][info][gc] GC(10199) Pause Young (Allocation Failure) 11M->6M(15M) 0.336ms
[21924.243s][info][gc] GC(10200) Pause Young (Allocation Failure) 11M->6M(15M) 0.290ms
[21926.144s][info][gc] GC(10201) Pause Young (Allocation Failure) 11M->6M(15M) 0.300ms
[21928.044s][info][gc] GC(10202) Pause Young (Allocation Failure) 11M->6M(15M) 0.307ms
[21929.944s][info][gc] GC(10203) Pause Young (Allocation Failure) 11M->6M(15M) 0.335ms
[21931.843s][info][gc] GC(10204) Pause Young (Allocation Failure) 11M->6M(15M) 0.333ms
[21933.758s][info][gc] GC(10205) Pause Young (Allocation Failure) 11M->6M(15M) 0.306ms
[21935.744s][info][gc] GC(10206) Pause Young (Allocation Failure) 11M->6M(15M) 0.301ms
[21937.643s][info][gc] GC(10207) Pause Young (Allocation Failure) 11M->6M(15M) 0.320ms
[21939.545s][info][gc] GC(10208) Pause Young (Allocation Failure) 11M->6M(15M) 0.317ms
[21941.445s][info][gc] GC(10209) Pause Young (Allocation Failure) 11M->6M(15M) 0.330ms
[21943.344s][info][gc] GC(10210) Pause Young (Allocation Failure) 11M->6M(15M) 0.338ms
[21945.245s][info][gc] GC(10211) Pause Young (Allocation Failure) 11M->6M(15M) 0.378ms
[21947.344s][info][gc] GC(10212) Pause Young (Allocation Failure) 11M->6M(15M) 0.325ms
[21949.344s][info][gc] GC(10213) Pause Young (Allocation Failure) 11M->6M(15M) 0.301ms
[21951.344s][info][gc] GC(10214) Pause Young (Allocation Failure) 11M->6M(15M) 0.334ms
[21953.344s][info][gc] GC(10215) Pause Young (Allocation Failure) 11M->6M(15M) 0.334ms
[21955.343s][info][gc] GC(10216) Pause Young (Allocation Failure) 11M->6M(15M) 0.318ms
[21957.345s][info][gc] GC(10217) Pause Young (Allocation Failure) 11M->6M(15M) 0.345ms
[21959.344s][info][gc] GC(10218) Pause Young (Allocation Failure) 11M->6M(15M) 0.332ms
[21961.443s][info][gc] GC(10219) Pause Young (Allocation Failure) 11M->6M(15M) 0.270ms
[21963.444s][info][gc] GC(10220) Pause Young (Allocation Failure) 11M->6M(15M) 0.302ms
[21965.444s][info][gc] GC(10221) Pause Young (Allocation Failure) 11M->6M(15M) 0.319ms
[21967.444s][info][gc] GC(10222) Pause Young (Allocation Failure) 11M->6M(15M) 0.303ms
[21969.444s][info][gc] GC(10223) Pause Young (Allocation Failure) 11M->6M(15M) 0.343ms
[21971.444s][info][gc] GC(10224) Pause Young (Allocation Failure) 11M->6M(15M) 0.345ms
[21973.445s][info][gc] GC(10225) Pause Young (Allocation Failure) 11M->6M(15M) 0.339ms
[21975.545s][info][gc] GC(10226) Pause Young (Allocation Failure) 11M->6M(15M) 0.257ms
[21977.544s][info][gc] GC(10227) Pause Young (Allocation Failure) 11M->6M(15M) 0.282ms
[21979.544s][info][gc] GC(10228) Pause Young (Allocation Failure) 11M->6M(15M) 0.287ms
[21981.544s][info][gc] GC(10229) Pause Young (Allocation Failure) 11M->6M(15M) 0.280ms
[21983.543s][info][gc] GC(10230) Pause Young (Allocation Failure) 11M->6M(15M) 0.318ms
[21985.544s][info][gc] GC(10231) Pause Young (Allocation Failure) 11M->6M(15M) 0.310ms
[21987.643s][info][gc] GC(10232) Pause Young (Allocation Failure) 11M->6M(15M) 0.272ms
[21989.643s][info][gc] GC(10233) Pause Young (Allocation Failure) 11M->6M(15M) 0.284ms
[21991.644s][info][gc] GC(10234) Pause Young (Allocation Failure) 11M->6M(15M) 0.291ms
[21993.643s][info][gc] GC(10235) Pause Young (Allocation Failure) 11M->6M(15M) 0.301ms
[21995.644s][info][gc] GC(10236) Pause Young (Allocation Failure) 11M->6M(15M) 0.291ms
[21997.644s][info][gc] GC(10237) Pause Young (Allocation Failure) 11M->6M(15M) 0.318ms
[21999.645s][info][gc] GC(10238) Pause Young (Allocation Failure) 11M->6M(15M) 0.307ms
[22001.743s][info][gc] GC(10239) Pause Young (Allocation Failure) 11M->6M(15M) 0.251ms
[22003.744s][info][gc] GC(10240) Pause Young (Allocation Failure) 11M->6M(15M) 0.295ms
[22005.815s][info][gc] GC(10241) Pause Young (Allocation Failure) 11M->6M(15M) 0.235ms
[22007.845s][info][gc] GC(10242) Pause Young (Allocation Failure) 11M->6M(15M) 0.276ms
[22010.044s][info][gc] GC(10243) Pause Young (Allocation Failure) 11M->6M(15M) 0.261ms
[22012.144s][info][gc] GC(10244) Pause Young (Allocation Failure) 11M->6M(15M) 0.272ms
[22014.244s][info][gc] GC(10245) Pause Young (Allocation Failure) 11M->6M(15M) 0.286ms
[22016.443s][info][gc] GC(10246) Pause Young (Allocation Failure) 11M->6M(15M) 0.304ms
[22018.545s][info][gc] GC(10247) Pause Young (Allocation Failure) 11M->6M(15M) 0.260ms
[22020.646s][info][gc] GC(10248) Pause Young (Allocation Failure) 11M->6M(15M) 0.291ms
[22022.745s][info][gc] GC(10249) Pause Young (Allocation Failure) 11M->6M(15M) 0.299ms
[22024.845s][info][gc] GC(10250) Pause Young (Allocation Failure) 11M->6M(15M) 0.283ms
[22027.044s][info][gc] GC(10251) Pause Young (Allocation Failure) 11M->6M(15M) 0.266ms
[22029.143s][info][gc] GC(10252) Pause Young (Allocation Failure) 11M->6M(15M) 0.263ms
[22031.244s][info][gc] GC(10253) Pause Young (Allocation Failure) 11M->6M(15M) 0.283ms
[22033.344s][info][gc] GC(10254) Pause Young (Allocation Failure) 11M->6M(15M) 0.299ms
[22035.543s][info][gc] GC(10255) Pause Young (Allocation Failure) 11M->6M(15M) 0.259ms
[22037.544s][info][gc] GC(10256) Pause Young (Allocation Failure) 11M->6M(15M) 0.297ms
[22039.443s][info][gc] GC(10257) Pause Young (Allocation Failure) 11M->6M(15M) 0.284ms
[22041.344s][info][gc] GC(10258) Pause Young (Allocation Failure) 11M->6M(15M) 0.285ms
[22043.244s][info][gc] GC(10259) Pause Young (Allocation Failure) 11M->6M(15M) 0.279ms
[22045.144s][info][gc] GC(10260) Pause Young (Allocation Failure) 11M->6M(15M) 0.289ms
[22047.044s][info][gc] GC(10261) Pause Young (Allocation Failure) 11M->6M(15M) 0.318ms
[22048.945s][info][gc] GC(10262) Pause Young (Allocation Failure) 11M->6M(15M) 0.317ms
[22050.854s][info][gc] GC(10263) Pause Young (Allocation Failure) 11M->6M(15M) 0.294ms
[22052.844s][info][gc] GC(10264) Pause Young (Allocation Failure) 11M->6M(15M) 0.325ms
[22054.744s][info][gc] GC(10265) Pause Young (Allocation Failure) 11M->6M(15M) 0.302ms
[22056.644s][info][gc] GC(10266) Pause Young (Allocation Failure) 11M->6M(15M) 0.313ms
[22058.544s][info][gc] GC(10267) Pause Young (Allocation Failure) 11M->6M(15M) 0.320ms
[22060.444s][info][gc] GC(10268) Pause Young (Allocation Failure) 11M->6M(15M) 0.289ms
[22062.344s][info][gc] GC(10269) Pause Young (Allocation Failure) 11M->6M(15M) 0.292ms
[22064.244s][info][gc] GC(10270) Pause Young (Allocation Failure) 11M->6M(15M) 0.330ms
[22066.144s][info][gc] GC(10271) Pause Young (Allocation Failure) 11M->6M(15M) 0.280ms
[22068.044s][info][gc] GC(10272) Pause Young (Allocation Failure) 11M->6M(15M) 0.313ms
[22069.944s][info][gc] GC(10273) Pause Young (Allocation Failure) 11M->6M(15M) 0.266ms
[22071.869s][info][gc] GC(10274) Pause Young (Allocation Failure) 11M->6M(15M) 0.260ms
[22073.843s][info][gc] GC(10275) Pause Young (Allocation Failure) 11M->6M(15M) 0.317ms
[22075.743s][info][gc] GC(10276) Pause Young (Allocation Failure) 11M->6M(15M) 0.271ms
[22077.644s][info][gc] GC(10277) Pause Young (Allocation Failure) 11M->6M(15M) 0.282ms
[22079.544s][info][gc] GC(10278) Pause Young (Allocation Failure) 11M->6M(15M) 0.285ms
[22081.444s][info][gc] GC(10279) Pause Young (Allocation Failure) 11M->6M(15M) 0.293ms
[22083.344s][info][gc] GC(10280) Pause Young (Allocation Failure) 11M->6M(15M) 0.288ms
[22085.244s][info][gc] GC(10281) Pause Young (Allocation Failure) 11M->6M(15M) 0.295ms
[22087.145s][info][gc] GC(10282) Pause Young (Allocation Failure) 11M->6M(15M) 0.304ms
[22089.143s][info][gc] GC(10283) Pause Young (Allocation Failure) 11M->6M(15M) 0.244ms
[22091.043s][info][gc] GC(10284) Pause Young (Allocation Failure) 11M->6M(15M) 0.244ms
[22092.943s][info][gc] GC(10285) Pause Young (Allocation Failure) 11M->6M(15M) 0.257ms
[22094.844s][info][gc] GC(10286) Pause Young (Allocation Failure) 11M->6M(15M) 0.330ms
[22096.892s][info][gc] GC(10287) Pause Young (Allocation Failure) 11M->6M(15M) 0.261ms
[22098.895s][info][gc] GC(10288) Pause Young (Allocation Failure) 11M->6M(15M) 0.281ms
[22100.896s][info][gc] GC(10289) Pause Young (Allocation Failure) 11M->6M(15M) 0.332ms
[22102.943s][info][gc] GC(10290) Pause Young (Allocation Failure) 11M->6M(15M) 0.258ms
[22104.944s][info][gc] GC(10291) Pause Young (Allocation Failure) 11M->6M(15M) 0.267ms
[22106.943s][info][gc] GC(10292) Pause Young (Allocation Failure) 11M->6M(15M) 0.302ms
[22108.944s][info][gc] GC(10293) Pause Young (Allocation Failure) 11M->6M(15M) 0.307ms
[22110.944s][info][gc] GC(10294) Pause Young (Allocation Failure) 11M->6M(15M) 0.310ms
[22112.945s][info][gc] GC(10295) Pause Young (Allocation Failure) 11M->6M(15M) 0.306ms
[22114.944s][info][gc] GC(10296) Pause Young (Allocation Failure) 11M->6M(15M) 0.327ms
[22117.043s][info][gc] GC(10297) Pause Young (Allocation Failure) 11M->6M(15M) 0.275ms
[22119.043s][info][gc] GC(10298) Pause Young (Allocation Failure) 11M->6M(15M) 0.275ms
[22121.045s][info][gc] GC(10299) Pause Young (Allocation Failure) 11M->6M(15M) 0.362ms
[22123.044s][info][gc] GC(10300) Pause Young (Allocation Failure) 11M->6M(15M) 0.300ms
[22125.044s][info][gc] GC(10301) Pause Young (Allocation Failure) 11M->6M(15M) 0.294ms
[22127.043s][info][gc] GC(10302) Pause Young (Allocation Failure) 11M->6M(15M) 0.335ms
[22129.045s][info][gc] GC(10303) Pause Young (Allocation Failure) 11M->6M(15M) 0.317ms
[22131.143s][info][gc] GC(10304) Pause Young (Allocation Failure) 11M->6M(15M) 0.275ms
[22133.144s][info][gc] GC(10305) Pause Young (Allocation Failure) 11M->6M(15M) 0.307ms
[22135.143s][info][gc] GC(10306) Pause Young (Allocation Failure) 11M->6M(15M) 0.286ms
[22137.145s][info][gc] GC(10307) Pause Young (Allocation Failure) 11M->6M(15M) 0.312ms
[22139.144s][info][gc] GC(10308) Pause Young (Allocation Failure) 11M->6M(15M) 0.330ms
[22141.144s][info][gc] GC(10309) Pause Young (Allocation Failure) 11M->6M(15M) 0.308ms
[22143.144s][info][gc] GC(10310) Pause Young (Allocation Failure) 11M->6M(15M) 0.323ms
[22145.244s][info][gc] GC(10311) Pause Young (Allocation Failure) 11M->6M(15M) 0.480ms
[22147.244s][info][gc] GC(10312) Pause Young (Allocation Failure) 11M->6M(15M) 0.319ms
[22149.244s][info][gc] GC(10313) Pause Young (Allocation Failure) 11M->6M(15M) 0.285ms
[22151.244s][info][gc] GC(10314) Pause Young (Allocation Failure) 11M->6M(15M) 0.347ms
[22153.245s][info][gc] GC(10315) Pause Young (Allocation Failure) 11M->6M(15M) 0.328ms
[22155.344s][info][gc] GC(10316) Pause Young (Allocation Failure) 11M->6M(15M) 0.299ms
[22157.444s][info][gc] GC(10317) Pause Young (Allocation Failure) 11M->6M(15M) 0.297ms
[22159.544s][info][gc] GC(10318) Pause Young (Allocation Failure) 11M->6M(15M) 0.279ms
[22161.446s][info][gc] GC(10319) Pause Young (Allocation Failure) 11M->6M(15M) 1.148ms
[22163.344s][info][gc] GC(10320) Pause Young (Allocation Failure) 11M->6M(15M) 0.327ms
[22165.245s][info][gc] GC(10321) Pause Young (Allocation Failure) 11M->6M(15M) 0.349ms
[22167.146s][info][gc] GC(10322) Pause Young (Allocation Failure) 11M->6M(15M) 0.501ms
[22169.044s][info][gc] GC(10323) Pause Young (Allocation Failure) 11M->6M(15M) 0.639ms
[22170.952s][info][gc] GC(10324) Pause Young (Allocation Failure) 11M->6M(15M) 0.316ms
[22172.946s][info][gc] GC(10325) Pause Young (Allocation Failure) 11M->6M(15M) 0.469ms
[22174.844s][info][gc] GC(10326) Pause Young (Allocation Failure) 11M->6M(15M) 0.538ms
[22176.744s][info][gc] GC(10327) Pause Young (Allocation Failure) 11M->6M(15M) 0.367ms
[22178.645s][info][gc] GC(10328) Pause Young (Allocation Failure) 11M->6M(15M) 0.543ms
[22180.545s][info][gc] GC(10329) Pause Young (Allocation Failure) 11M->6M(15M) 0.830ms
[22182.444s][info][gc] GC(10330) Pause Young (Allocation Failure) 11M->6M(15M) 0.357ms
[22184.345s][info][gc] GC(10331) Pause Young (Allocation Failure) 11M->6M(15M) 0.358ms
[22186.344s][info][gc] GC(10332) Pause Young (Allocation Failure) 11M->6M(15M) 0.346ms
[22188.344s][info][gc] GC(10333) Pause Young (Allocation Failure) 11M->6M(15M) 0.370ms
[22190.444s][info][gc] GC(10334) Pause Young (Allocation Failure) 11M->6M(15M) 0.328ms
[22192.445s][info][gc] GC(10335) Pause Young (Allocation Failure) 11M->6M(15M) 0.389ms
[22194.443s][info][gc] GC(10336) Pause Young (Allocation Failure) 11M->6M(15M) 0.293ms
[22196.444s][info][gc] GC(10337) Pause Young (Allocation Failure) 11M->6M(15M) 0.299ms
[22198.443s][info][gc] GC(10338) Pause Young (Allocation Failure) 11M->6M(15M) 0.319ms
[22200.445s][info][gc] GC(10339) Pause Young (Allocation Failure) 11M->6M(15M) 0.409ms
[22202.445s][info][gc] GC(10340) Pause Young (Allocation Failure) 11M->6M(15M) 0.332ms
[22204.543s][info][gc] GC(10341) Pause Young (Allocation Failure) 11M->6M(15M) 0.258ms
[22206.544s][info][gc] GC(10342) Pause Young (Allocation Failure) 11M->6M(15M) 0.354ms
[22208.544s][info][gc] GC(10343) Pause Young (Allocation Failure) 11M->6M(15M) 0.301ms
[22210.545s][info][gc] GC(10344) Pause Young (Allocation Failure) 11M->6M(15M) 0.306ms
[22212.545s][info][gc] GC(10345) Pause Young (Allocation Failure) 11M->6M(15M) 0.317ms
[22214.544s][info][gc] GC(10346) Pause Young (Allocation Failure) 11M->6M(15M) 0.328ms
[22216.545s][info][gc] GC(10347) Pause Young (Allocation Failure) 11M->6M(15M) 0.323ms
[22218.644s][info][gc] GC(10348) Pause Young (Allocation Failure) 11M->6M(15M) 0.272ms
[22220.644s][info][gc] GC(10349) Pause Young (Allocation Failure) 11M->6M(15M) 0.319ms
[22222.643s][info][gc] GC(10350) Pause Young (Allocation Failure) 11M->6M(15M) 0.275ms
[22224.644s][info][gc] GC(10351) Pause Young (Allocation Failure) 11M->6M(15M) 0.303ms
[22226.644s][info][gc] GC(10352) Pause Young (Allocation Failure) 11M->6M(15M) 0.306ms
[22228.644s][info][gc] GC(10353) Pause Young (Allocation Failure) 11M->6M(15M) 0.319ms
[22230.645s][info][gc] GC(10354) Pause Young (Allocation Failure) 11M->6M(15M) 0.345ms
[22232.743s][info][gc] GC(10355) Pause Young (Allocation Failure) 11M->6M(15M) 0.249ms
[22234.744s][info][gc] GC(10356) Pause Young (Allocation Failure) 11M->6M(15M) 0.292ms
[22236.744s][info][gc] GC(10357) Pause Young (Allocation Failure) 11M->6M(15M) 0.375ms
[22238.744s][info][gc] GC(10358) Pause Young (Allocation Failure) 11M->6M(15M) 0.357ms
[22240.745s][info][gc] GC(10359) Pause Young (Allocation Failure) 11M->6M(15M) 0.305ms
[22242.745s][info][gc] GC(10360) Pause Young (Allocation Failure) 11M->6M(15M) 0.304ms
[22244.744s][info][gc] GC(10361) Pause Young (Allocation Failure) 11M->6M(15M) 0.334ms
[22246.845s][info][gc] GC(10362) Pause Young (Allocation Failure) 11M->6M(15M) 0.329ms
[22249.014s][info][gc] GC(10363) Pause Young (Allocation Failure) 11M->6M(15M) 0.284ms
[22251.045s][info][gc] GC(10364) Pause Young (Allocation Failure) 11M->6M(15M) 0.329ms
[22253.244s][info][gc] GC(10365) Pause Young (Allocation Failure) 11M->6M(15M) 0.283ms
[22255.145s][info][gc] GC(10366) Pause Young (Allocation Failure) 11M->6M(15M) 0.354ms
[22257.044s][info][gc] GC(10367) Pause Young (Allocation Failure) 11M->6M(15M) 0.362ms
[22259.023s][info][gc] GC(10368) Pause Young (Allocation Failure) 11M->6M(15M) 0.299ms
[22260.944s][info][gc] GC(10369) Pause Young (Allocation Failure) 11M->6M(15M) 0.387ms
[22262.845s][info][gc] GC(10370) Pause Young (Allocation Failure) 11M->6M(15M) 0.360ms
[22264.745s][info][gc] GC(10371) Pause Young (Allocation Failure) 11M->6M(15M) 0.314ms
[22266.645s][info][gc] GC(10372) Pause Young (Allocation Failure) 11M->6M(15M) 0.331ms
[22268.544s][info][gc] GC(10373) Pause Young (Allocation Failure) 11M->6M(15M) 0.342ms
[22270.444s][info][gc] GC(10374) Pause Young (Allocation Failure) 11M->6M(15M) 0.336ms
[22272.344s][info][gc] GC(10375) Pause Young (Allocation Failure) 11M->6M(15M) 0.341ms
[22274.244s][info][gc] GC(10376) Pause Young (Allocation Failure) 11M->6M(15M) 0.351ms
[22276.244s][info][gc] GC(10377) Pause Young (Allocation Failure) 11M->6M(15M) 0.286ms
[22278.050s][info][gc] GC(10378) Pause Young (Allocation Failure) 11M->6M(15M) 0.264ms
[22280.045s][info][gc] GC(10379) Pause Young (Allocation Failure) 11M->6M(15M) 0.303ms
[22281.944s][info][gc] GC(10380) Pause Young (Allocation Failure) 11M->6M(15M) 0.287ms
[22283.844s][info][gc] GC(10381) Pause Young (Allocation Failure) 11M->6M(15M) 0.293ms
[22285.744s][info][gc] GC(10382) Pause Young (Allocation Failure) 11M->6M(15M) 0.280ms
[22287.644s][info][gc] GC(10383) Pause Young (Allocation Failure) 11M->6M(15M) 0.345ms
[22289.544s][info][gc] GC(10384) Pause Young (Allocation Failure) 11M->6M(15M) 0.314ms
[22291.444s][info][gc] GC(10385) Pause Young (Allocation Failure) 11M->6M(15M) 0.331ms
[22293.345s][info][gc] GC(10386) Pause Young (Allocation Failure) 11M->6M(15M) 0.310ms
[22295.245s][info][gc] GC(10387) Pause Young (Allocation Failure) 11M->6M(15M) 0.332ms
[22297.144s][info][gc] GC(10388) Pause Young (Allocation Failure) 11M->6M(15M) 0.312ms
[22299.045s][info][gc] GC(10389) Pause Young (Allocation Failure) 11M->6M(15M) 0.378ms
[22301.044s][info][gc] GC(10390) Pause Young (Allocation Failure) 11M->6M(15M) 0.277ms
[22302.943s][info][gc] GC(10391) Pause Young (Allocation Failure) 11M->6M(15M) 0.555ms
[22304.745s][info][gc] GC(10392) Pause Young (Allocation Failure) 11M->6M(15M) 0.325ms
[22306.644s][info][gc] GC(10393) Pause Young (Allocation Failure) 11M->6M(15M) 0.324ms
[22308.544s][info][gc] GC(10394) Pause Young (Allocation Failure) 11M->6M(15M) 0.397ms
[22310.445s][info][gc] GC(10395) Pause Young (Allocation Failure) 11M->6M(15M) 0.366ms
[22312.344s][info][gc] GC(10396) Pause Young (Allocation Failure) 11M->6M(15M) 0.591ms
[22314.245s][info][gc] GC(10397) Pause Young (Allocation Failure) 11M->6M(15M) 0.448ms
[22316.144s][info][gc] GC(10398) Pause Young (Allocation Failure) 11M->6M(15M) 0.664ms
[22318.077s][info][gc] GC(10399) Pause Young (Allocation Failure) 11M->6M(15M) 0.531ms
[22320.044s][info][gc] GC(10400) Pause Young (Allocation Failure) 11M->6M(15M) 0.306ms
[22321.945s][info][gc] GC(10401) Pause Young (Allocation Failure) 11M->6M(15M) 0.521ms
[22323.844s][info][gc] GC(10402) Pause Young (Allocation Failure) 11M->6M(15M) 0.396ms
[22325.744s][info][gc] GC(10403) Pause Young (Allocation Failure) 11M->6M(15M) 0.326ms
[22327.743s][info][gc] GC(10404) Pause Young (Allocation Failure) 11M->6M(15M) 0.253ms
[22329.643s][info][gc] GC(10405) Pause Young (Allocation Failure) 11M->6M(15M) 0.270ms
[22331.544s][info][gc] GC(10406) Pause Young (Allocation Failure) 11M->6M(15M) 0.286ms
[22333.444s][info][gc] GC(10407) Pause Young (Allocation Failure) 11M->6M(15M) 0.292ms
[22335.345s][info][gc] GC(10408) Pause Young (Allocation Failure) 11M->6M(15M) 0.335ms
[22337.443s][info][gc] GC(10409) Pause Young (Allocation Failure) 11M->6M(15M) 0.298ms
[22339.444s][info][gc] GC(10410) Pause Young (Allocation Failure) 11M->6M(15M) 0.284ms
[22341.443s][info][gc] GC(10411) Pause Young (Allocation Failure) 11M->6M(15M) 0.303ms
[22343.444s][info][gc] GC(10412) Pause Young (Allocation Failure) 11M->6M(15M) 0.320ms
[22345.443s][info][gc] GC(10413) Pause Young (Allocation Failure) 11M->6M(15M) 0.317ms
[22347.444s][info][gc] GC(10414) Pause Young (Allocation Failure) 11M->6M(15M) 0.310ms
[22349.444s][info][gc] GC(10415) Pause Young (Allocation Failure) 11M->6M(15M) 0.325ms
[22351.544s][info][gc] GC(10416) Pause Young (Allocation Failure) 11M->6M(15M) 0.281ms
[22353.543s][info][gc] GC(10417) Pause Young (Allocation Failure) 11M->6M(15M) 0.318ms
[22355.544s][info][gc] GC(10418) Pause Young (Allocation Failure) 11M->6M(15M) 0.269ms
[22357.544s][info][gc] GC(10419) Pause Young (Allocation Failure) 11M->6M(15M) 0.292ms
[22359.544s][info][gc] GC(10420) Pause Young (Allocation Failure) 11M->6M(15M) 0.322ms
[22361.545s][info][gc] GC(10421) Pause Young (Allocation Failure) 11M->6M(15M) 0.314ms
[22363.545s][info][gc] GC(10422) Pause Young (Allocation Failure) 11M->6M(15M) 0.327ms
[22365.644s][info][gc] GC(10423) Pause Young (Allocation Failure) 11M->6M(15M) 0.318ms
[22367.643s][info][gc] GC(10424) Pause Young (Allocation Failure) 11M->6M(15M) 0.298ms
[22369.643s][info][gc] GC(10425) Pause Young (Allocation Failure) 11M->6M(15M) 0.303ms
[22371.643s][info][gc] GC(10426) Pause Young (Allocation Failure) 11M->6M(15M) 0.310ms
[22373.644s][info][gc] GC(10427) Pause Young (Allocation Failure) 11M->6M(15M) 0.320ms
[22375.644s][info][gc] GC(10428) Pause Young (Allocation Failure) 11M->6M(15M) 0.306ms
[22377.645s][info][gc] GC(10429) Pause Young (Allocation Failure) 11M->6M(15M) 0.329ms
[22379.744s][info][gc] GC(10430) Pause Young (Allocation Failure) 11M->6M(15M) 0.262ms
[22381.744s][info][gc] GC(10431) Pause Young (Allocation Failure) 11M->6M(15M) 0.286ms
[22383.743s][info][gc] GC(10432) Pause Young (Allocation Failure) 11M->6M(15M) 0.284ms
[22385.743s][info][gc] GC(10433) Pause Young (Allocation Failure) 11M->6M(15M) 0.307ms
[22387.744s][info][gc] GC(10434) Pause Young (Allocation Failure) 11M->6M(15M) 0.319ms
[22389.744s][info][gc] GC(10435) Pause Young (Allocation Failure) 11M->6M(15M) 0.322ms
[22391.843s][info][gc] GC(10436) Pause Young (Allocation Failure) 11M->6M(15M) 0.290ms
[22393.843s][info][gc] GC(10437) Pause Young (Allocation Failure) 11M->6M(15M) 0.270ms
[22395.943s][info][gc] GC(10438) Pause Young (Allocation Failure) 11M->6M(15M) 0.243ms
[22397.745s][info][gc] GC(10439) Pause Young (Allocation Failure) 11M->6M(15M) 0.329ms
[22399.643s][info][gc] GC(10440) Pause Young (Allocation Failure) 11M->6M(15M) 0.308ms
[22401.543s][info][gc] GC(10441) Pause Young (Allocation Failure) 11M->6M(15M) 0.333ms
[22403.444s][info][gc] GC(10442) Pause Young (Allocation Failure) 11M->6M(15M) 0.327ms
[22405.344s][info][gc] GC(10443) Pause Young (Allocation Failure) 11M->6M(15M) 0.403ms
[22407.245s][info][gc] GC(10444) Pause Young (Allocation Failure) 11M->6M(15M) 0.347ms
[22409.158s][info][gc] GC(10445) Pause Young (Allocation Failure) 11M->6M(15M) 0.346ms
[22411.144s][info][gc] GC(10446) Pause Young (Allocation Failure) 11M->6M(15M) 0.353ms
[22413.044s][info][gc] GC(10447) Pause Young (Allocation Failure) 11M->6M(15M) 0.321ms
[22414.944s][info][gc] GC(10448) Pause Young (Allocation Failure) 11M->6M(15M) 0.340ms
[22416.844s][info][gc] GC(10449) Pause Young (Allocation Failure) 11M->6M(15M) 0.348ms
[22418.842s][info][gc] GC(10450) Pause Young (Allocation Failure) 11M->6M(15M) 0.301ms
[22420.744s][info][gc] GC(10451) Pause Young (Allocation Failure) 11M->6M(15M) 0.325ms
[22422.645s][info][gc] GC(10452) Pause Young (Allocation Failure) 11M->6M(15M) 0.291ms
[22424.544s][info][gc] GC(10453) Pause Young (Allocation Failure) 11M->6M(15M) 0.308ms
[22426.544s][info][gc] GC(10454) Pause Young (Allocation Failure) 11M->6M(15M) 0.322ms
[22428.544s][info][gc] GC(10455) Pause Young (Allocation Failure) 11M->6M(15M) 0.296ms
[22430.544s][info][gc] GC(10456) Pause Young (Allocation Failure) 11M->6M(15M) 0.323ms
[22432.544s][info][gc] GC(10457) Pause Young (Allocation Failure) 11M->6M(15M) 0.328ms
[22434.544s][info][gc] GC(10458) Pause Young (Allocation Failure) 11M->6M(15M) 0.329ms
[22436.643s][info][gc] GC(10459) Pause Young (Allocation Failure) 11M->6M(15M) 0.284ms
[22438.644s][info][gc] GC(10460) Pause Young (Allocation Failure) 11M->6M(15M) 0.290ms
[22440.645s][info][gc] GC(10461) Pause Young (Allocation Failure) 11M->6M(15M) 0.291ms
[22442.645s][info][gc] GC(10462) Pause Young (Allocation Failure) 11M->6M(15M) 0.313ms
[22444.644s][info][gc] GC(10463) Pause Young (Allocation Failure) 11M->6M(15M) 0.335ms
[22446.645s][info][gc] GC(10464) Pause Young (Allocation Failure) 11M->6M(15M) 0.333ms
[22448.644s][info][gc] GC(10465) Pause Young (Allocation Failure) 11M->6M(15M) 0.344ms
[22450.744s][info][gc] GC(10466) Pause Young (Allocation Failure) 11M->6M(15M) 0.561ms
[22452.745s][info][gc] GC(10467) Pause Young (Allocation Failure) 11M->6M(15M) 0.292ms
[22454.744s][info][gc] GC(10468) Pause Young (Allocation Failure) 11M->6M(15M) 0.528ms
[22456.744s][info][gc] GC(10469) Pause Young (Allocation Failure) 11M->6M(15M) 0.568ms
[22458.743s][info][gc] GC(10470) Pause Young (Allocation Failure) 11M->6M(15M) 0.340ms
[22460.744s][info][gc] GC(10471) Pause Young (Allocation Failure) 11M->6M(15M) 0.426ms
[22462.546s][info][gc] GC(10472) Pause Young (Allocation Failure) 11M->6M(15M) 0.389ms
[22464.445s][info][gc] GC(10473) Pause Young (Allocation Failure) 11M->6M(15M) 0.375ms
[22466.344s][info][gc] GC(10474) Pause Young (Allocation Failure) 11M->6M(15M) 0.333ms
[22468.244s][info][gc] GC(10475) Pause Young (Allocation Failure) 11M->6M(15M) 0.436ms
[22470.145s][info][gc] GC(10476) Pause Young (Allocation Failure) 11M->6M(15M) 0.343ms
[22472.143s][info][gc] GC(10477) Pause Young (Allocation Failure) 11M->6M(15M) 0.294ms
[22474.043s][info][gc] GC(10478) Pause Young (Allocation Failure) 11M->6M(15M) 0.284ms
[22475.945s][info][gc] GC(10479) Pause Young (Allocation Failure) 11M->6M(15M) 0.291ms
[22477.844s][info][gc] GC(10480) Pause Young (Allocation Failure) 11M->6M(15M) 0.311ms
[22479.744s][info][gc] GC(10481) Pause Young (Allocation Failure) 11M->6M(15M) 0.320ms
[22481.645s][info][gc] GC(10482) Pause Young (Allocation Failure) 11M->6M(15M) 0.360ms
[22483.544s][info][gc] GC(10483) Pause Young (Allocation Failure) 11M->6M(15M) 0.320ms
[22485.445s][info][gc] GC(10484) Pause Young (Allocation Failure) 11M->6M(15M) 0.348ms
[22487.544s][info][gc] GC(10485) Pause Young (Allocation Failure) 11M->6M(15M) 0.292ms
[22489.544s][info][gc] GC(10486) Pause Young (Allocation Failure) 11M->6M(15M) 0.436ms
[22491.543s][info][gc] GC(10487) Pause Young (Allocation Failure) 11M->6M(15M) 0.283ms
[22493.545s][info][gc] GC(10488) Pause Young (Allocation Failure) 11M->6M(15M) 0.310ms
[22495.544s][info][gc] GC(10489) Pause Young (Allocation Failure) 11M->6M(15M) 0.319ms
[22497.544s][info][gc] GC(10490) Pause Young (Allocation Failure) 11M->6M(15M) 0.295ms
[22499.545s][info][gc] GC(10491) Pause Young (Allocation Failure) 11M->6M(15M) 0.327ms
[22501.644s][info][gc] GC(10492) Pause Young (Allocation Failure) 11M->6M(15M) 0.313ms
[22503.644s][info][gc] GC(10493) Pause Young (Allocation Failure) 11M->6M(15M) 0.272ms
[22505.644s][info][gc] GC(10494) Pause Young (Allocation Failure) 11M->6M(15M) 0.299ms
[22507.644s][info][gc] GC(10495) Pause Young (Allocation Failure) 11M->6M(15M) 0.326ms
[22509.644s][info][gc] GC(10496) Pause Young (Allocation Failure) 11M->6M(15M) 0.302ms
[22511.545s][info][gc] GC(10497) Pause Young (Allocation Failure) 11M->6M(15M) 0.341ms
[22513.444s][info][gc] GC(10498) Pause Young (Allocation Failure) 11M->6M(15M) 0.297ms
[22515.345s][info][gc] GC(10499) Pause Young (Allocation Failure) 11M->6M(15M) 0.278ms
[22517.244s][info][gc] GC(10500) Pause Young (Allocation Failure) 11M->6M(15M) 0.320ms
[22519.175s][info][gc] GC(10501) Pause Young (Allocation Failure) 11M->6M(15M) 0.263ms
[22521.144s][info][gc] GC(10502) Pause Young (Allocation Failure) 11M->6M(15M) 0.361ms
[22523.044s][info][gc] GC(10503) Pause Young (Allocation Failure) 11M->6M(15M) 0.275ms
[22524.945s][info][gc] GC(10504) Pause Young (Allocation Failure) 11M->6M(15M) 0.409ms
[22526.844s][info][gc] GC(10505) Pause Young (Allocation Failure) 11M->6M(15M) 0.307ms
[22528.745s][info][gc] GC(10506) Pause Young (Allocation Failure) 11M->6M(15M) 0.321ms
[22530.744s][info][gc] GC(10507) Pause Young (Allocation Failure) 11M->6M(15M) 0.302ms
[22532.744s][info][gc] GC(10508) Pause Young (Allocation Failure) 11M->6M(15M) 0.295ms
[22534.744s][info][gc] GC(10509) Pause Young (Allocation Failure) 11M->6M(15M) 0.316ms
[22536.743s][info][gc] GC(10510) Pause Young (Allocation Failure) 11M->6M(15M) 0.336ms
[22538.744s][info][gc] GC(10511) Pause Young (Allocation Failure) 11M->6M(15M) 0.322ms
[22540.745s][info][gc] GC(10512) Pause Young (Allocation Failure) 11M->6M(15M) 0.333ms
[22542.843s][info][gc] GC(10513) Pause Young (Allocation Failure) 11M->6M(15M) 0.296ms
[22544.745s][info][gc] GC(10514) Pause Young (Allocation Failure) 11M->6M(15M) 0.365ms
[22546.745s][info][gc] GC(10515) Pause Young (Allocation Failure) 11M->6M(15M) 0.361ms
[22548.843s][info][gc] GC(10516) Pause Young (Allocation Failure) 11M->6M(15M) 0.294ms
[22550.844s][info][gc] GC(10517) Pause Young (Allocation Failure) 11M->6M(15M) 0.296ms
[22552.843s][info][gc] GC(10518) Pause Young (Allocation Failure) 11M->6M(15M) 0.326ms
[22554.844s][info][gc] GC(10519) Pause Young (Allocation Failure) 11M->6M(15M) 0.337ms
[22556.844s][info][gc] GC(10520) Pause Young (Allocation Failure) 11M->6M(15M) 0.337ms
[22558.845s][info][gc] GC(10521) Pause Young (Allocation Failure) 11M->6M(15M) 0.338ms
[22560.845s][info][gc] GC(10522) Pause Young (Allocation Failure) 11M->6M(15M) 0.352ms
[22562.944s][info][gc] GC(10523) Pause Young (Allocation Failure) 11M->6M(15M) 0.284ms
[22564.944s][info][gc] GC(10524) Pause Young (Allocation Failure) 11M->6M(15M) 0.347ms
[22566.944s][info][gc] GC(10525) Pause Young (Allocation Failure) 11M->6M(15M) 0.315ms
[22568.944s][info][gc] GC(10526) Pause Young (Allocation Failure) 11M->6M(15M) 0.330ms
[22570.944s][info][gc] GC(10527) Pause Young (Allocation Failure) 11M->6M(15M) 0.325ms
[22572.944s][info][gc] GC(10528) Pause Young (Allocation Failure) 11M->6M(15M) 0.344ms
[22574.945s][info][gc] GC(10529) Pause Young (Allocation Failure) 11M->6M(15M) 0.353ms
[22577.044s][info][gc] GC(10530) Pause Young (Allocation Failure) 11M->6M(15M) 0.250ms
[22579.044s][info][gc] GC(10531) Pause Young (Allocation Failure) 11M->6M(15M) 0.275ms
[22581.044s][info][gc] GC(10532) Pause Young (Allocation Failure) 11M->6M(15M) 0.311ms
[22583.043s][info][gc] GC(10533) Pause Young (Allocation Failure) 11M->6M(15M) 0.280ms
[22585.044s][info][gc] GC(10534) Pause Young (Allocation Failure) 11M->6M(15M) 0.300ms
[22587.044s][info][gc] GC(10535) Pause Young (Allocation Failure) 11M->6M(15M) 0.416ms
[22589.044s][info][gc] GC(10536) Pause Young (Allocation Failure) 11M->6M(15M) 0.328ms
[22591.144s][info][gc] GC(10537) Pause Young (Allocation Failure) 11M->6M(15M) 0.292ms
[22593.305s][info][gc] GC(10538) Pause Young (Allocation Failure) 11M->6M(15M) 0.255ms
[22595.345s][info][gc] GC(10539) Pause Young (Allocation Failure) 11M->6M(15M) 0.300ms
[22597.544s][info][gc] GC(10540) Pause Young (Allocation Failure) 11M->6M(15M) 0.269ms
[22599.645s][info][gc] GC(10541) Pause Young (Allocation Failure) 11M->6M(15M) 0.294ms
[22601.745s][info][gc] GC(10542) Pause Young (Allocation Failure) 11M->6M(15M) 0.483ms
[22603.944s][info][gc] GC(10543) Pause Young (Allocation Failure) 11M->6M(15M) 0.258ms
[22606.044s][info][gc] GC(10544) Pause Young (Allocation Failure) 11M->6M(15M) 0.352ms
[22608.145s][info][gc] GC(10545) Pause Young (Allocation Failure) 11M->6M(15M) 0.289ms
[22610.318s][info][gc] GC(10546) Pause Young (Allocation Failure) 11M->6M(15M) 0.236ms
[22612.344s][info][gc] GC(10547) Pause Young (Allocation Failure) 11M->6M(15M) 0.287ms
[22614.544s][info][gc] GC(10548) Pause Young (Allocation Failure) 11M->6M(15M) 0.245ms
[22616.644s][info][gc] GC(10549) Pause Young (Allocation Failure) 11M->6M(15M) 0.285ms
[22618.744s][info][gc] GC(10550) Pause Young (Allocation Failure) 11M->6M(15M) 0.297ms
[22620.944s][info][gc] GC(10551) Pause Young (Allocation Failure) 11M->6M(15M) 0.254ms
[22623.044s][info][gc] GC(10552) Pause Young (Allocation Failure) 11M->6M(15M) 0.282ms
[22625.144s][info][gc] GC(10553) Pause Young (Allocation Failure) 11M->6M(15M) 0.291ms
[22627.245s][info][gc] GC(10554) Pause Young (Allocation Failure) 11M->6M(15M) 0.307ms
[22629.343s][info][gc] GC(10555) Pause Young (Allocation Failure) 11M->6M(15M) 0.300ms
[22631.544s][info][gc] GC(10556) Pause Young (Allocation Failure) 11M->6M(15M) 0.241ms
[22633.644s][info][gc] GC(10557) Pause Young (Allocation Failure) 11M->6M(15M) 0.274ms
[22635.744s][info][gc] GC(10558) Pause Young (Allocation Failure) 11M->6M(15M) 0.293ms
[22637.644s][info][gc] GC(10559) Pause Young (Allocation Failure) 11M->6M(15M) 0.349ms
[22639.543s][info][gc] GC(10560) Pause Young (Allocation Failure) 11M->6M(15M) 0.362ms
[22641.445s][info][gc] GC(10561) Pause Young (Allocation Failure) 11M->6M(15M) 0.335ms
[22643.348s][info][gc] GC(10562) Pause Young (Allocation Failure) 11M->6M(15M) 0.305ms
[22645.344s][info][gc] GC(10563) Pause Young (Allocation Failure) 11M->6M(15M) 0.286ms
[22647.244s][info][gc] GC(10564) Pause Young (Allocation Failure) 11M->6M(15M) 0.288ms
